5/14/2010 7:48 PM : lookForMedia error: The operation has timed out
5/14/2010 7:48 PM : lookForMedia error: Index was out of range. Must be non-negative and less than the size of the collection.
Parameter name: index
5/14/2010 7:48 PM : lookForMedia error: The operation has timed out
5/14/2010 7:48 PM : lookForMedia error: The operation has timed out
5/14/2010 7:48 PM : lookForMedia error: Index was out of range. Must be non-negative and less than the size of the collection.
Parameter name: index
5/14/2010 7:48 PM : lookForMedia error: The operation has timed out
5/14/2010 7:48 PM : lookForMedia error: The operation has timed out
5/14/2010 7:48 PM : lookForMedia error: Index was out of range. Must be non-negative and less than the size of the collection.
Parameter name: index
5/14/2010 7:48 PM : lookForMedia error: The operation has timed out
5/14/2010 7:48 PM : lookForMedia error: The operation has timed out
5/14/2010 7:48 PM : lookForMedia error: Index was out of range. Must be non-negative and less than the size of the collection.
Parameter name: index
5/14/2010 7:48 PM : lookForMedia error: Index was out of range. Must be non-negative and less than the size of the collection.
Parameter name: index
5/14/2010 7:48 PM : lookForMedia error: The operation has timed out
5/14/2010 7:48 PM : lookForMedia error: The operation has timed out
5/14/2010 7:48 PM : lookForMedia error: The operation has timed out
5/14/2010 7:48 PM : lookForMedia error: The operation has timed out
5/14/2010 7:48 PM : lookForMedia error: The operation has timed out
5/14/2010 7:48 PM : lookForMedia error: Index was out of range. Must be non-negative and less than the size of the collection.
Parameter name: index
5/14/2010 7:48 PM : lookForMedia error: The operation has timed out
5/14/2010 7:48 PM : lookForMedia error: Index was out of range. Must be non-negative and less than the size of the collection.
Parameter name: index
5/14/2010 7:48 PM : lookForMedia error: The operation has timed out
5/14/2010 7:48 PM : lookForMedia error: Index was out of range. Must be non-negative and less than the size of the collection.
Parameter name: index
5/14/2010 7:48 PM : lookForMedia error: The operation has timed out
5/14/2010 7:48 PM : lookForMedia error: Index was out of range. Must be non-negative and less than the size of the collection.
Parameter name: index
5/14/2010 7:48 PM : lookForMedia error: The operation has timed out
5/14/2010 7:48 PM : lookForMedia error: Index was out of range. Must be non-negative and less than the size of the collection.
Parameter name: index
5/14/2010 7:48 PM : lookForMedia error: The operation has timed out
5/14/2010 7:48 PM : lookForMedia error: The operation has timed out
5/14/2010 7:48 PM : lookForMedia error: The operation has timed out
5/14/2010 7:48 PM : lookForMedia error: The operation has timed out
5/14/2010 7:48 PM : lookForMedia error: The operation has timed out
5/14/2010 7:48 PM : lookForMedia error: The operation has timed out
5/14/2010 7:48 PM : lookForMedia error: The operation has timed out
5/14/2010 7:48 PM : lookForMedia error: The operation has timed out
5/14/2010 7:48 PM : lookForMedia error: The operation has timed out
5/14/2010 7:48 PM : lookForMedia error: The operation has timed out
5/14/2010 7:48 PM : lookForMedia error: The operation has timed out
5/14/2010 7:48 PM : lookForMedia error: The operation has timed out
5/14/2010 7:48 PM : lookForMedia error: The operation has timed out
5/14/2010 7:48 PM : lookForMedia error: The operation has timed out
5/14/2010 7:48 PM : lookForMedia error: The operation has timed out
5/14/2010 7:48 PM : lookForMedia error: The operation has timed out
5/14/2010 7:48 PM : lookForMedia error: The operation has timed out
5/14/2010 7:48 PM : lookForMedia error: The operation has timed out
5/14/2010 7:48 PM : lookForMedia error: The operation has timed out
5/14/2010 7:48 PM : lookForMedia error: The operation has timed out
5/14/2010 7:48 PM : lookForMedia error: The operation has timed out
5/14/2010 7:48 PM : lookForMedia error: The operation has timed out
5/14/2010 7:48 PM : lookForMedia error: Index was out of range. Must be non-negative and less than the size of the collection.
Parameter name: index
5/14/2010 7:48 PM : lookForMedia error: The operation has timed out
5/14/2010 7:48 PM : lookForMedia error: The operation has timed out
5/14/2010 7:48 PM : lookForMedia error: The operation has timed out
5/14/2010 7:48 PM : lookForMedia error: The operation has timed out
5/14/2010 7:48 PM : lookForMedia error: Index was out of range. Must be non-negative and less than the size of the collection.
Parameter name: index
5/14/2010 7:48 PM : lookForMedia error: The operation has timed out
5/14/2010 7:48 PM : lookForMedia error: Index was out of range. Must be non-negative and less than the size of the collection.
Parameter name: index
5/14/2010 7:48 PM : lookForMedia error: The operation has timed out
5/14/2010 7:48 PM : lookForMedia error: The operation has timed out
5/14/2010 7:48 PM : lookForMedia error: The operation has timed out
5/14/2010 7:48 PM : lookForMedia error: The operation has timed out
5/14/2010 7:48 PM : lookForMedia error: The operation has timed out
5/14/2010 7:48 PM : lookForMedia error: The operation has timed out
5/14/2010 7:48 PM : lookForMedia error: The operation has timed out
5/14/2010 7:48 PM : lookForMedia error: The operation has timed out
5/14/2010 7:48 PM : lookForMedia error: The operation has timed out
5/14/2010 7:48 PM : lookForMedia error: The operation has timed out
5/14/2010 7:48 PM : lookForMedia error: The operation has timed out
5/14/2010 7:48 PM : lookForMedia error: The operation has timed out
5/14/2010 7:48 PM : lookForMedia error: The operation has timed out
5/14/2010 7:48 PM : lookForMedia error: The operation has timed out
5/14/2010 7:48 PM : lookForMedia error: The operation has timed out
5/14/2010 7:48 PM : lookForMedia error: The operation has timed out
5/14/2010 7:48 PM : lookForMedia error: The operation has timed out
5/14/2010 7:48 PM : lookForMedia error: The operation has timed out
5/14/2010 7:48 PM : lookForMedia error: The operation has timed out
5/14/2010 7:48 PM : lookForMedia error: The operation has timed out
5/14/2010 7:48 PM : lookForMedia error: The operation has timed out
5/14/2010 7:48 PM : lookForMedia error: The operation has timed out
5/14/2010 7:48 PM : lookForMedia error: The operation has timed out
5/14/2010 7:48 PM : lookForMedia error: The operation has timed out
5/14/2010 7:48 PM : lookForMedia error: The operation has timed out
5/14/2010 7:48 PM : lookForMedia error: The operation has timed out
5/14/2010 7:48 PM : lookForMedia error: The operation has timed out
5/14/2010 7:48 PM : lookForMedia error: The operation has timed out
5/14/2010 7:48 PM : lookForMedia error: The operation has timed out
5/14/2010 7:48 PM : lookForMedia error: The operation has timed out
5/14/2010 7:48 PM : lookForMedia error: The operation has timed out
5/14/2010 7:48 PM : lookForMedia error: The operation has timed out
5/14/2010 7:48 PM : lookForMedia error: The operation has timed out
5/14/2010 7:48 PM : lookForMedia error: The operation has timed out
5/14/2010 7:48 PM : lookForMedia error: The operation has timed out
5/14/2010 7:48 PM : lookForMedia error: The operation has timed out
5/14/2010 7:48 PM : lookForMedia error: The operation has timed out
5/14/2010 7:48 PM : lookForMedia error: The operation has timed out
5/14/2010 7:48 PM : lookForMedia error: The operation has timed out
5/14/2010 7:48 PM : lookForMedia error: The operation has timed out
5/14/2010 7:48 PM : lookForMedia error: The operation has timed out
5/14/2010 7:48 PM : lookForMedia error: The operation has timed out
5/14/2010 7:48 PM : lookForMedia error: The operation has timed out
5/14/2010 7:48 PM : lookForMedia error: The operation has timed out
5/14/2010 7:48 PM : lookForMedia error: The operation has timed out
5/14/2010 7:48 PM : lookForMedia error: The operation has timed out
5/14/2010 7:48 PM : lookForMedia error: The operation has timed out
5/14/2010 7:48 PM : lookForMedia error: The operation has timed out
5/14/2010 7:48 PM : lookForMedia error: The operation has timed out
5/14/2010 7:48 PM : lookForMedia error: The operation has timed out
5/14/2010 7:48 PM : lookForMedia error: The operation has timed out
5/14/2010 7:48 PM : lookForMedia error: The operation has timed out
5/14/2010 7:48 PM : lookForMedia error: The operation has timed out
5/14/2010 7:48 PM : lookForMedia error: The operation has timed out
5/14/2010 7:48 PM : lookForMedia error: The operation has timed out
5/14/2010 7:48 PM : lookForMedia error: The operation has timed out
5/14/2010 7:48 PM : lookForMedia error: The operation has timed out
5/14/2010 7:48 PM : lookForMedia error: The operation has timed out
5/14/2010 7:48 PM : lookForMedia error: The operation has timed out
5/14/2010 7:48 PM : lookForMedia error: The operation has timed out
5/14/2010 7:48 PM : lookForMedia error: Index was out of range. Must be non-negative and less than the size of the collection.
Parameter name: index
5/14/2010 7:48 PM : lookForMedia error: The operation has timed out
5/14/2010 7:48 PM : lookForMedia error: The operation has timed out
5/14/2010 7:48 PM : lookForMedia error: The operation has timed out
5/14/2010 7:48 PM : lookForMedia error: The operation has timed out
5/14/2010 7:48 PM : lookForMedia error: Index was out of range. Must be non-negative and less than the size of the collection.
Parameter name: index
5/14/2010 7:48 PM : lookForMedia error: Index was out of range. Must be non-negative and less than the size of the collection.
Parameter name: index
5/14/2010 7:48 PM : lookForMedia error: The operation has timed out
5/14/2010 7:48 PM : lookForMedia error: The operation has timed out
5/14/2010 7:48 PM : lookForMedia error: The operation has timed out
5/14/2010 7:49 PM : lookForMedia error: The operation has timed out
5/14/2010 7:49 PM : lookForMedia error: The operation has timed out
5/14/2010 7:49 PM : lookForMedia error: The operation has timed out
5/14/2010 7:49 PM : lookForMedia error: The operation has timed out
5/14/2010 7:49 PM : lookForMedia error: Index was out of range. Must be non-negative and less than the size of the collection.
Parameter name: index
5/14/2010 7:49 PM : lookForMedia error: The operation has timed out
5/14/2010 7:49 PM : lookForMedia error: The operation has timed out
5/14/2010 7:49 PM : lookForMedia error: The operation has timed out
5/14/2010 7:49 PM : lookForMedia error: The operation has timed out
5/14/2010 7:49 PM : lookForMedia error: The operation has timed out
5/14/2010 7:49 PM : lookForMedia error: The operation has timed out
5/14/2010 7:49 PM : lookForMedia error: The operation has timed out
5/14/2010 7:49 PM : lookForMedia error: The operation has timed out
5/14/2010 7:49 PM : lookForMedia error: The operation has timed out
5/14/2010 7:49 PM : lookForMedia error: The operation has timed out
5/14/2010 7:49 PM : lookForMedia error: The operation has timed out
5/14/2010 7:49 PM : lookForMedia error: The operation has timed out
5/14/2010 7:49 PM : lookForMedia error: The operation has timed out
5/14/2010 7:49 PM : lookForMedia error: The operation has timed out
5/14/2010 7:49 PM : lookForMedia error: The operation has timed out
5/14/2010 7:49 PM : lookForMedia error: The operation has timed out
5/14/2010 7:49 PM : lookForMedia error: The operation has timed out
5/14/2010 7:49 PM : lookForMedia error: The operation has timed out
5/14/2010 7:49 PM : lookForMedia error: Index was out of range. Must be non-negative and less than the size of the collection.
Parameter name: index
5/14/2010 7:49 PM : lookForMedia error: The operation has timed out
5/14/2010 7:49 PM : lookForMedia error: The operation has timed out
5/14/2010 7:49 PM : lookForMedia error: The operation has timed out
5/14/2010 7:49 PM : lookForMedia error: The operation has timed out
5/14/2010 7:49 PM : lookForMedia error: The operation has timed out
5/14/2010 7:49 PM : lookForMedia error: The operation has timed out
5/14/2010 7:49 PM : lookForMedia error: The operation has timed out
5/14/2010 7:49 PM : lookForMedia error: The operation has timed out
5/14/2010 7:49 PM : lookForMedia error: The operation has timed out
5/14/2010 7:49 PM : lookForMedia error: The operation has timed out
5/14/2010 7:49 PM : lookForMedia error: The operation has timed out
5/14/2010 7:49 PM : lookForMedia error: The operation has timed out
5/14/2010 7:49 PM : lookForMedia error: The operation has timed out
5/14/2010 7:49 PM : lookForMedia error: The operation has timed out
5/14/2010 7:49 PM : lookForMedia error: The operation has timed out
5/14/2010 7:49 PM : lookForMedia error: The operation has timed out
5/14/2010 7:49 PM : lookForMedia error: The operation has timed out
5/14/2010 7:49 PM : lookForMedia error: The operation has timed out
5/14/2010 7:49 PM : lookForMedia error: The operation has timed out
5/14/2010 7:49 PM : lookForMedia error: The operation has timed out
5/14/2010 7:49 PM : lookForMedia error: The operation has timed out
5/14/2010 7:49 PM : lookForMedia error: The operation has timed out
5/14/2010 7:49 PM : lookForMedia error: The operation has timed out
5/14/2010 7:49 PM : lookForMedia error: The operation has timed out
5/14/2010 7:49 PM : lookForMedia error: Index was out of range. Must be non-negative and less than the size of the collection.
Parameter name: index
5/14/2010 7:49 PM : lookForMedia error: The operation has timed out
5/14/2010 7:49 PM : lookForMedia error: The operation has timed out
5/14/2010 7:49 PM : lookForMedia error: The operation has timed out
5/14/2010 7:49 PM : lookForMedia error: The operation has timed out
5/14/2010 7:49 PM : lookForMedia error: The operation has timed out
5/14/2010 7:49 PM : lookForMedia error: The operation has timed out
5/14/2010 7:49 PM : lookForMedia error: Index was out of range. Must be non-negative and less than the size of the collection.
Parameter name: index
5/14/2010 7:49 PM : lookForMedia error: The operation has timed out
5/14/2010 7:49 PM : lookForMedia error: The operation has timed out
5/14/2010 7:49 PM : lookForMedia error: The operation has timed out
5/14/2010 7:49 PM : lookForMedia error: The operation has timed out
5/14/2010 7:49 PM : lookForMedia error: The operation has timed out
5/14/2010 7:49 PM : lookForMedia error: The operation has timed out
5/14/2010 7:49 PM : lookForMedia error: The operation has timed out
5/14/2010 7:49 PM : lookForMedia error: The operation has timed out
5/14/2010 7:49 PM : lookForMedia error: The operation has timed out
5/14/2010 7:49 PM : lookForMedia error: The operation has timed out
5/14/2010 7:49 PM : lookForMedia error: The operation has timed out
5/14/2010 7:49 PM : lookForMedia error: The operation has timed out
5/14/2010 7:49 PM : lookForMedia error: The operation has timed out
5/14/2010 7:49 PM : lookForMedia error: The operation has timed out
5/14/2010 7:49 PM : lookForMedia error: The operation has timed out
5/14/2010 7:49 PM : lookForMedia error: The operation has timed out
5/14/2010 7:49 PM : lookForMedia error: The operation has timed out
5/14/2010 7:49 PM : lookForMedia error: The operation has timed out
5/14/2010 7:49 PM : lookForMedia error: The operation has timed out
5/14/2010 7:49 PM : lookForMedia error: The operation has timed out
5/14/2010 7:49 PM : lookForMedia error: The operation has timed out
5/14/2010 7:49 PM : lookForMedia error: The operation has timed out
5/14/2010 7:49 PM : lookForMedia error: The operation has timed out
5/14/2010 7:49 PM : lookForMedia error: The operation has timed out
5/14/2010 7:49 PM : lookForMedia error: The operation has timed out
5/14/2010 7:49 PM : lookForMedia error: The operation has timed out
5/14/2010 7:49 PM : lookForMedia error: The operation has timed out
5/14/2010 7:49 PM : lookForMedia error: The operation has timed out
5/14/2010 7:49 PM : lookForMedia error: The operation has timed out
5/14/2010 7:49 PM : lookForMedia error: The operation has timed out
5/14/2010 7:49 PM : lookForMedia error: The operation has timed out
5/14/2010 7:49 PM : lookForMedia error: The operation has timed out
5/14/2010 7:49 PM : lookForMedia error: The operation has timed out
5/14/2010 7:49 PM : lookForMedia error: The operation has timed out
5/14/2010 7:49 PM : lookForMedia error: The operation has timed out
5/14/2010 7:49 PM : lookForMedia error: The operation has timed out
5/14/2010 7:49 PM : lookForMedia error: The operation has timed out
5/14/2010 7:49 PM : lookForMedia error: The operation has timed out
5/14/2010 7:49 PM : lookForMedia error: The operation has timed out
5/14/2010 7:49 PM : lookForMedia error: The operation has timed out
5/14/2010 7:49 PM : lookForMedia error: The operation has timed out
5/14/2010 7:49 PM : lookForMedia error: The operation has timed out
5/14/2010 7:49 PM : lookForMedia error: The operation has timed out
5/14/2010 7:49 PM : lookForMedia error: The operation has timed out
5/14/2010 7:49 PM : lookForMedia error: The operation has timed out
5/14/2010 7:49 PM : lookForMedia error: The operation has timed out
5/14/2010 7:49 PM : lookForMedia error: The operation has timed out
5/14/2010 7:49 PM : lookForMedia error: The operation has timed out
5/14/2010 7:49 PM : lookForMedia error: The operation has timed out
5/14/2010 7:49 PM : lookForMedia error: The operation has timed out
5/14/2010 7:49 PM : lookForMedia error: The operation has timed out
5/14/2010 7:49 PM : lookForMedia error: The operation has timed out
5/14/2010 7:49 PM : lookForMedia error: The operation has timed out
5/14/2010 7:49 PM : lookForMedia error: The operation has timed out
5/14/2010 7:49 PM : lookForMedia error: The operation has timed out
5/14/2010 7:49 PM : lookForMedia error: The operation has timed out
5/14/2010 7:49 PM : lookForMedia error: The operation has timed out
5/14/2010 7:49 PM : lookForMedia error: The operation has timed out
5/14/2010 7:49 PM : lookForMedia error: Index was out of range. Must be non-negative and less than the size of the collection.
Parameter name: index
5/14/2010 7:49 PM : lookForMedia error: The operation has timed out
5/14/2010 7:49 PM : lookForMedia error: The operation has timed out
5/14/2010 7:49 PM : lookForMedia error: The operation has timed out
5/14/2010 7:49 PM : lookForMedia error: The operation has timed out
5/14/2010 7:49 PM : lookForMedia error: The operation has timed out
5/14/2010 7:49 PM : lookForMedia error: The operation has timed out
5/14/2010 7:49 PM : lookForMedia error: The operation has timed out
5/14/2010 7:49 PM : lookForMedia error: The operation has timed out
5/14/2010 7:49 PM : lookForMedia error: The operation has timed out
5/14/2010 7:49 PM : lookForMedia error: The operation has timed out
5/14/2010 7:49 PM : lookForMedia error: The operation has timed out
5/14/2010 7:49 PM : lookForMedia error: The operation has timed out
5/14/2010 7:49 PM : lookForMedia error: Index was out of range. Must be non-negative and less than the size of the collection.
Parameter name: index
5/14/2010 7:49 PM : lookForMedia error: The operation has timed out
5/14/2010 7:49 PM : lookForMedia error: Index was out of range. Must be non-negative and less than the size of the collection.
Parameter name: index
5/14/2010 7:49 PM : lookForMedia error: The operation has timed out
5/14/2010 7:49 PM : lookForMedia error: The operation has timed out
5/14/2010 7:49 PM : lookForMedia error: The operation has timed out
5/14/2010 7:49 PM : lookForMedia error: The operation has timed out
5/14/2010 7:49 PM : lookForMedia error: The operation has timed out
5/14/2010 7:49 PM : lookForMedia error: The operation has timed out
5/14/2010 7:49 PM : lookForMedia error: The operation has timed out
5/14/2010 7:49 PM : lookForMedia error: The operation has timed out
5/14/2010 7:49 PM : lookForMedia error: The operation has timed out
5/14/2010 7:49 PM : lookForMedia error: The operation has timed out
5/14/2010 7:49 PM : lookForMedia error: Index was out of range. Must be non-negative and less than the size of the collection.
Parameter name: index
5/14/2010 7:49 PM : lookForMedia error: The operation has timed out
5/14/2010 7:49 PM : lookForMedia error: The operation has timed out
5/14/2010 7:49 PM : lookForMedia error: The operation has timed out
5/14/2010 7:49 PM : lookForMedia error: The operation has timed out
5/14/2010 7:49 PM : lookForMedia error: The operation has timed out
5/14/2010 7:49 PM : lookForMedia error: The operation has timed out
5/14/2010 7:49 PM : lookForMedia error: The operation has timed out
5/14/2010 7:49 PM : lookForMedia error: The operation has timed out
5/14/2010 7:49 PM : lookForMedia error: The operation has timed out
5/14/2010 7:49 PM : lookForMedia error: The operation has timed out
5/14/2010 7:49 PM : lookForMedia error: The operation has timed out
5/14/2010 7:49 PM : lookForMedia error: The operation has timed out
5/14/2010 7:49 PM : lookForMedia error: Index was out of range. Must be non-negative and less than the size of the collection.
Parameter name: index
5/14/2010 7:49 PM : lookForMedia error: The operation has timed out
5/14/2010 7:49 PM : lookForMedia error: The operation has timed out
5/14/2010 7:49 PM : lookForMedia error: The operation has timed out
5/14/2010 7:49 PM : lookForMedia error: Index was out of range. Must be non-negative and less than the size of the collection.
Parameter name: index
5/14/2010 7:49 PM : lookForMedia error: The operation has timed out
5/14/2010 7:49 PM : lookForMedia error: The operation has timed out
5/14/2010 7:49 PM : lookForMedia error: The operation has timed out
5/14/2010 7:49 PM : lookForMedia error: The operation has timed out
5/14/2010 7:49 PM : lookForMedia error: The operation has timed out
5/14/2010 7:49 PM : lookForMedia error: The operation has timed out
5/14/2010 7:49 PM : lookForMedia error: The operation has timed out
5/14/2010 7:49 PM : lookForMedia error: The operation has timed out
5/14/2010 7:49 PM : lookForMedia error: The operation has timed out
5/14/2010 7:49 PM : lookForMedia error: The operation has timed out
5/14/2010 7:49 PM : lookForMedia error: The operation has timed out
5/14/2010 7:49 PM : lookForMedia error: The operation has timed out
5/14/2010 7:49 PM : lookForMedia error: The operation has timed out
5/14/2010 7:49 PM : lookForMedia error: The operation has timed out
5/14/2010 7:49 PM : lookForMedia error: The operation has timed out
5/14/2010 7:49 PM : lookForMedia error: The operation has timed out
5/14/2010 7:49 PM : lookForMedia error: The operation has timed out
5/14/2010 7:49 PM : lookForMedia error: The request was aborted: The request was canceled.
5/14/2010 7:49 PM : lookForMedia error: The operation has timed out
5/14/2010 7:49 PM : lookForMedia error: The operation has timed out
5/14/2010 7:49 PM : lookForMedia error: The operation has timed out
5/14/2010 7:49 PM : lookForMedia error: The operation has timed out
5/14/2010 7:49 PM : lookForMedia error: The operation has timed out
5/14/2010 7:49 PM : lookForMedia error: The operation has timed out
5/14/2010 7:49 PM : lookForMedia error: The operation has timed out
5/14/2010 7:49 PM : lookForMedia error: Index was out of range. Must be non-negative and less than the size of the collection.
Parameter name: index
5/14/2010 7:49 PM : lookForMedia error: The operation has timed out
5/14/2010 7:49 PM : lookForMedia error: Index was out of range. Must be non-negative and less than the size of the collection.
Parameter name: index
5/14/2010 7:49 PM : lookForMedia error: Index was out of range. Must be non-negative and less than the size of the collection.
Parameter name: index
5/14/2010 7:49 PM : lookForMedia error: The operation has timed out
5/14/2010 7:49 PM : lookForMedia error: The operation has timed out
5/14/2010 7:49 PM : lookForMedia error: The operation has timed out
5/14/2010 7:49 PM : lookForMedia error: The operation has timed out
5/14/2010 7:49 PM : lookForMedia error: The operation has timed out
5/14/2010 7:49 PM : lookForMedia error: The operation has timed out
5/14/2010 7:49 PM : lookForMedia error: The operation has timed out
5/14/2010 7:49 PM : lookForMedia error: The operation has timed out
5/14/2010 7:49 PM : lookForMedia error: The operation has timed out
5/14/2010 7:49 PM : lookForMedia error: The operation has timed out
5/14/2010 7:49 PM : lookForMedia error: Index was out of range. Must be non-negative and less than the size of the collection.
Parameter name: index
5/14/2010 7:49 PM : lookForMedia error: The operation has timed out
5/14/2010 7:49 PM : lookForMedia error: The operation has timed out
5/14/2010 7:50 PM : lookForMedia error: Index was out of range. Must be non-negative and less than the size of the collection.
Parameter name: index
5/14/2010 7:50 PM : lookForMedia error: The operation has timed out
5/14/2010 7:50 PM : lookForMedia error: The operation has timed out
5/14/2010 7:50 PM : lookForMedia error: Index was out of range. Must be non-negative and less than the size of the collection.
Parameter name: index
5/14/2010 7:50 PM : lookForMedia error: The operation has timed out
5/14/2010 7:50 PM : lookForMedia error: Index was out of range. Must be non-negative and less than the size of the collection.
Parameter name: index
5/14/2010 7:50 PM : lookForMedia error: The operation has timed out
5/14/2010 7:50 PM : lookForMedia error: The operation has timed out
5/14/2010 7:50 PM : lookForMedia error: Index was out of range. Must be non-negative and less than the size of the collection.
Parameter name: index
5/14/2010 7:50 PM : lookForMedia error: The operation has timed out
5/14/2010 7:50 PM : lookForMedia error: The operation has timed out
5/14/2010 7:50 PM : lookForMedia error: The operation has timed out
5/14/2010 7:50 PM : lookForMedia error: The operation has timed out
5/14/2010 7:50 PM : lookForMedia error: Index was out of range. Must be non-negative and less than the size of the collection.
Parameter name: index
5/14/2010 7:50 PM : lookForMedia error: Index was out of range. Must be non-negative and less than the size of the collection.
Parameter name: index
5/14/2010 7:50 PM : lookForMedia error: Index was out of range. Must be non-negative and less than the size of the collection.
Parameter name: index
5/14/2010 7:50 PM : lookForMedia error: The operation has timed out
5/14/2010 7:50 PM : lookForMedia error: The operation has timed out
5/14/2010 7:50 PM : lookForMedia error: Index was out of range. Must be non-negative and less than the size of the collection.
Parameter name: index
5/14/2010 7:50 PM : lookForMedia error: Index was out of range. Must be non-negative and less than the size of the collection.
Parameter name: index
5/14/2010 7:50 PM : lookForMedia error: The operation has timed out
5/14/2010 7:50 PM : lookForMedia error: The operation has timed out
5/14/2010 7:50 PM : lookForMedia error: The operation has timed out
5/14/2010 7:50 PM : lookForMedia error: The operation has timed out
5/14/2010 7:50 PM : lookForMedia error: The operation has timed out
5/14/2010 7:50 PM : lookForMedia error: Index was out of range. Must be non-negative and less than the size of the collection.
Parameter name: index
5/14/2010 7:50 PM : lookForMedia error: The operation has timed out
5/14/2010 7:50 PM : lookForMedia error: Index was out of range. Must be non-negative and less than the size of the collection.
Parameter name: index
5/14/2010 7:50 PM : lookForMedia error: The operation has timed out
5/14/2010 7:50 PM : lookForMedia error: The operation has timed out
5/14/2010 7:50 PM : lookForMedia error: The operation has timed out
5/14/2010 7:50 PM : lookForMedia error: The operation has timed out
5/14/2010 7:50 PM : lookForMedia error: The operation has timed out
5/14/2010 7:50 PM : lookForMedia error: The operation has timed out
5/14/2010 7:50 PM : lookForMedia error: Index was out of range. Must be non-negative and less than the size of the collection.
Parameter name: index
5/14/2010 7:50 PM : lookForMedia error: The operation has timed out
5/14/2010 7:50 PM : lookForMedia error: The operation has timed out
5/14/2010 7:50 PM : lookForMedia error: The operation has timed out
5/14/2010 7:50 PM : lookForMedia error: The operation has timed out
5/14/2010 7:50 PM : lookForMedia error: The operation has timed out
5/14/2010 7:50 PM : lookForMedia error: The operation has timed out
5/14/2010 7:50 PM : lookForMedia error: The operation has timed out
5/14/2010 7:50 PM : lookForMedia error: Index was out of range. Must be non-negative and less than the size of the collection.
Parameter name: index
5/14/2010 7:50 PM : lookForMedia error: The operation has timed out
5/14/2010 7:50 PM : lookForMedia error: Index was out of range. Must be non-negative and less than the size of the collection.
Parameter name: index
5/14/2010 7:50 PM : lookForMedia error: The operation has timed out
5/14/2010 7:50 PM : lookForMedia error: The operation has timed out
5/14/2010 7:50 PM : lookForMedia error: The operation has timed out
5/14/2010 7:50 PM : lookForMedia error: The operation has timed out
5/14/2010 7:50 PM : lookForMedia error: The operation has timed out
5/14/2010 7:50 PM : lookForMedia error: The operation has timed out
5/14/2010 7:50 PM : lookForMedia error: The operation has timed out
5/14/2010 7:50 PM : lookForMedia error: The operation has timed out
5/14/2010 7:50 PM : lookForMedia error: The operation has timed out
5/14/2010 7:50 PM : lookForMedia error: Index was out of range. Must be non-negative and less than the size of the collection.
Parameter name: index
5/14/2010 7:50 PM : lookForMedia error: The operation has timed out
5/14/2010 7:50 PM : lookForMedia error: The operation has timed out
5/14/2010 7:50 PM : lookForMedia error: The operation has timed out
5/14/2010 7:50 PM : lookForMedia error: Index was out of range. Must be non-negative and less than the size of the collection.
Parameter name: index
5/14/2010 7:50 PM : lookForMedia error: The operation has timed out
5/14/2010 7:50 PM : lookForMedia error: The operation has timed out
5/14/2010 7:50 PM : lookForMedia error: The operation has timed out
5/14/2010 7:50 PM : lookForMedia error: The operation has timed out
5/14/2010 7:50 PM : lookForMedia error: The operation has timed out
5/14/2010 7:50 PM : lookForMedia error: The operation has timed out
5/14/2010 7:50 PM : lookForMedia error: The operation has timed out
5/14/2010 7:50 PM : lookForMedia error: The operation has timed out
5/14/2010 7:50 PM : lookForMedia error: The operation has timed out
5/14/2010 7:50 PM : lookForMedia error: Index was out of range. Must be non-negative and less than the size of the collection.
Parameter name: index
5/14/2010 7:50 PM : lookForMedia error: The operation has timed out
5/14/2010 7:50 PM : lookForMedia error: The operation has timed out
5/14/2010 7:50 PM : lookForMedia error: The operation has timed out
5/14/2010 7:50 PM : lookForMedia error: The operation has timed out
5/14/2010 7:50 PM : lookForMedia error: The operation has timed out
5/14/2010 7:50 PM : lookForMedia error: Index was out of range. Must be non-negative and less than the size of the collection.
Parameter name: index
5/14/2010 7:50 PM : lookForMedia error: The operation has timed out
5/14/2010 7:50 PM : lookForMedia error: The operation has timed out
5/14/2010 7:50 PM : lookForMedia error: The operation has timed out
5/14/2010 7:50 PM : lookForMedia error: The operation has timed out
5/14/2010 7:50 PM : lookForMedia error: The operation has timed out
5/14/2010 7:50 PM : lookForMedia error: The operation has timed out
5/14/2010 7:50 PM : lookForMedia error: The operation has timed out
5/14/2010 7:50 PM : lookForMedia error: The operation has timed out
5/14/2010 7:50 PM : lookForMedia error: The operation has timed out
5/14/2010 7:50 PM : lookForMedia error: The operation has timed out
5/14/2010 7:50 PM : lookForMedia error: The operation has timed out
5/14/2010 7:50 PM : lookForMedia error: The operation has timed out
5/14/2010 7:50 PM : lookForMedia error: The operation has timed out
5/14/2010 7:50 PM : lookForMedia error: Index was out of range. Must be non-negative and less than the size of the collection.
Parameter name: index
5/14/2010 7:50 PM : lookForMedia error: The operation has timed out
5/14/2010 7:50 PM : lookForMedia error: The operation has timed out
5/14/2010 7:50 PM : lookForMedia error: The operation has timed out
5/14/2010 7:50 PM : lookForMedia error: Index was out of range. Must be non-negative and less than the size of the collection.
Parameter name: index
5/14/2010 7:50 PM : lookForMedia error: The operation has timed out
5/14/2010 7:50 PM : lookForMedia error: The operation has timed out
5/14/2010 7:50 PM : lookForMedia error: The operation has timed out
5/14/2010 7:50 PM : lookForMedia error: The operation has timed out
5/14/2010 7:50 PM : lookForMedia error: The operation has timed out
5/14/2010 7:50 PM : lookForMedia error: The operation has timed out
5/14/2010 7:50 PM : lookForMedia error: The operation has timed out
5/14/2010 7:50 PM : lookForMedia error: The operation has timed out
5/14/2010 7:50 PM : lookForMedia error: The operation has timed out
5/14/2010 7:50 PM : lookForMedia error: The operation has timed out
5/14/2010 7:50 PM : lookForMedia error: Index was out of range. Must be non-negative and less than the size of the collection.
Parameter name: index
5/14/2010 7:50 PM : lookForMedia error: The operation has timed out
5/14/2010 7:50 PM : lookForMedia error: The operation has timed out
5/14/2010 7:50 PM : lookForMedia error: The operation has timed out
5/14/2010 7:50 PM : lookForMedia error: The operation has timed out
5/14/2010 7:50 PM : lookForMedia error: The operation has timed out
5/14/2010 7:50 PM : lookForMedia error: The operation has timed out
5/14/2010 7:50 PM : lookForMedia error: The operation has timed out
5/14/2010 7:50 PM : lookForMedia error: The operation has timed out
5/14/2010 7:50 PM : lookForMedia error: The operation has timed out
5/14/2010 7:50 PM : lookForMedia error: The operation has timed out
5/14/2010 7:50 PM : lookForMedia error: The operation has timed out
5/14/2010 7:50 PM : lookForMedia error: The operation has timed out
5/14/2010 7:50 PM : lookForMedia error: The operation has timed out
5/14/2010 7:50 PM : lookForMedia error: Index was out of range. Must be non-negative and less than the size of the collection.
Parameter name: index
5/14/2010 7:50 PM : lookForMedia error: The operation has timed out
5/14/2010 7:50 PM : lookForMedia error: The operation has timed out
5/14/2010 7:50 PM : lookForMedia error: The operation has timed out
5/14/2010 7:50 PM : lookForMedia error: The operation has timed out
5/14/2010 7:50 PM : lookForMedia error: The operation has timed out
5/14/2010 7:50 PM : lookForMedia error: The operation has timed out
5/14/2010 7:50 PM : lookForMedia error: The operation has timed out
5/14/2010 7:50 PM : lookForMedia error: The operation has timed out
5/14/2010 7:50 PM : lookForMedia error: The operation has timed out
5/14/2010 7:50 PM : lookForMedia error: The operation has timed out
5/14/2010 7:50 PM : lookForMedia error: The operation has timed out
5/14/2010 7:50 PM : lookForMedia error: The operation has timed out
5/14/2010 7:50 PM : lookForMedia error: The operation has timed out
5/14/2010 7:50 PM : lookForMedia error: The operation has timed out
5/14/2010 7:50 PM : lookForMedia error: The operation has timed out
5/14/2010 7:50 PM : lookForMedia error: The operation has timed out
5/14/2010 7:50 PM : lookForMedia error: The operation has timed out
5/14/2010 7:50 PM : lookForMedia error: The operation has timed out
5/14/2010 7:50 PM : lookForMedia error: The operation has timed out
5/14/2010 7:50 PM : lookForMedia error: The operation has timed out
5/14/2010 7:50 PM : lookForMedia error: The operation has timed out
5/14/2010 7:50 PM : lookForMedia error: The operation has timed out
5/14/2010 7:50 PM : lookForMedia error: The operation has timed out
5/14/2010 7:50 PM : lookForMedia error: The operation has timed out
5/14/2010 7:50 PM : lookForMedia error: The operation has timed out
5/14/2010 7:50 PM : lookForMedia error: The operation has timed out
5/14/2010 7:50 PM : lookForMedia error: The operation has timed out
5/14/2010 7:50 PM : lookForMedia error: The operation has timed out
5/14/2010 7:50 PM : lookForMedia error: The operation has timed out
5/14/2010 7:50 PM : lookForMedia error: The operation has timed out
5/14/2010 7:50 PM : lookForMedia error: The operation has timed out
5/14/2010 7:50 PM : lookForMedia error: The operation has timed out
5/14/2010 7:50 PM : lookForMedia error: Index was out of range. Must be non-negative and less than the size of the collection.
Parameter name: index
5/14/2010 7:50 PM : lookForMedia error: The operation has timed out
5/14/2010 7:50 PM : lookForMedia error: The operation has timed out
5/14/2010 7:50 PM : lookForMedia error: The operation has timed out
5/14/2010 7:50 PM : lookForMedia error: The operation has timed out
5/14/2010 7:50 PM : lookForMedia error: The operation has timed out
5/14/2010 7:50 PM : lookForMedia error: The operation has timed out
5/14/2010 7:50 PM : lookForMedia error: The operation has timed out
5/14/2010 7:50 PM : lookForMedia error: The operation has timed out
5/14/2010 7:50 PM : lookForMedia error: The operation has timed out
5/14/2010 7:50 PM : lookForMedia error: The operation has timed out
5/14/2010 7:50 PM : lookForMedia error: The operation has timed out
5/14/2010 7:50 PM : lookForMedia error: The operation has timed out
5/14/2010 7:50 PM : lookForMedia error: The operation has timed out
5/14/2010 7:50 PM : lookForMedia error: The operation has timed out
5/14/2010 7:50 PM : lookForMedia error: The operation has timed out
5/14/2010 7:50 PM : lookForMedia error: Index was out of range. Must be non-negative and less than the size of the collection.
Parameter name: index
5/14/2010 7:51 PM : lookForMedia error: The operation has timed out
5/14/2010 7:51 PM : lookForMedia error: The operation has timed out
5/14/2010 7:51 PM : lookForMedia error: Index was out of range. Must be non-negative and less than the size of the collection.
Parameter name: index
5/14/2010 7:51 PM : lookForMedia error: The operation has timed out
5/14/2010 7:51 PM : lookForMedia error: Index was out of range. Must be non-negative and less than the size of the collection.
Parameter name: index
5/14/2010 7:51 PM : lookForMedia error: The operation has timed out
5/14/2010 7:51 PM : lookForMedia error: The operation has timed out
5/14/2010 7:51 PM : lookForMedia error: The operation has timed out
5/14/2010 7:51 PM : lookForMedia error: The operation has timed out
5/14/2010 7:51 PM : lookForMedia error: The operation has timed out
5/14/2010 7:51 PM : lookForMedia error: The operation has timed out
5/14/2010 7:51 PM : lookForMedia error: The operation has timed out
5/14/2010 7:51 PM : lookForMedia error: The operation has timed out
5/14/2010 7:51 PM : lookForMedia error: The operation has timed out
5/14/2010 7:51 PM : lookForMedia error: The operation has timed out
5/14/2010 7:51 PM : lookForMedia error: The operation has timed out
5/14/2010 7:51 PM : lookForMedia error: The operation has timed out
5/14/2010 7:51 PM : lookForMedia error: Index was out of range. Must be non-negative and less than the size of the collection.
Parameter name: index
5/14/2010 7:51 PM : lookForMedia error: The operation has timed out
5/14/2010 7:51 PM : lookForMedia error: The operation has timed out
5/14/2010 7:51 PM : lookForMedia error: The operation has timed out
5/14/2010 7:51 PM : lookForMedia error: The operation has timed out
5/14/2010 7:51 PM : lookForMedia error: The operation has timed out
5/14/2010 7:51 PM : lookForMedia error: The operation has timed out
5/14/2010 7:51 PM : lookForMedia error: The operation has timed out
5/14/2010 7:51 PM : lookForMedia error: The operation has timed out
5/14/2010 7:51 PM : lookForMedia error: The operation has timed out
5/14/2010 7:51 PM : lookForMedia error: The operation has timed out
5/14/2010 7:51 PM : lookForMedia error: The operation has timed out
5/14/2010 7:51 PM : lookForMedia error: The operation has timed out
5/14/2010 7:51 PM : lookForMedia error: The operation has timed out
5/14/2010 7:51 PM : lookForMedia error: The operation has timed out
5/14/2010 7:51 PM : lookForMedia error: The operation has timed out
5/14/2010 7:51 PM : lookForMedia error: The operation has timed out
5/14/2010 7:51 PM : lookForMedia error: The operation has timed out
5/14/2010 7:51 PM : lookForMedia error: Index was out of range. Must be non-negative and less than the size of the collection.
Parameter name: index
5/14/2010 7:51 PM : lookForMedia error: The operation has timed out
5/14/2010 7:51 PM : lookForMedia error: The operation has timed out
5/14/2010 7:51 PM : lookForMedia error: The operation has timed out
5/14/2010 7:51 PM : lookForMedia error: The operation has timed out
5/14/2010 7:51 PM : lookForMedia error: Index was out of range. Must be non-negative and less than the size of the collection.
Parameter name: index
5/14/2010 7:51 PM : lookForMedia error: The operation has timed out
5/14/2010 7:51 PM : lookForMedia error: The operation has timed out
5/14/2010 7:51 PM : lookForMedia error: The operation has timed out
5/14/2010 7:51 PM : lookForMedia error: Index was out of range. Must be non-negative and less than the size of the collection.
Parameter name: index
5/14/2010 7:51 PM : lookForMedia error: The operation has timed out
5/14/2010 7:51 PM : lookForMedia error: The operation has timed out
5/14/2010 7:51 PM : lookForMedia error: The operation has timed out
5/14/2010 7:51 PM : lookForMedia error: The operation has timed out
5/14/2010 7:51 PM : lookForMedia error: The operation has timed out
5/14/2010 7:51 PM : lookForMedia error: The operation has timed out
5/14/2010 7:51 PM : lookForMedia error: The operation has timed out
5/14/2010 7:51 PM : lookForMedia error: The operation has timed out
5/14/2010 7:51 PM : lookForMedia error: The operation has timed out
5/14/2010 7:51 PM : lookForMedia error: The operation has timed out
5/14/2010 7:51 PM : lookForMedia error: The operation has timed out
5/14/2010 7:51 PM : lookForMedia error: The operation has timed out
5/14/2010 7:51 PM : lookForMedia error: The operation has timed out
5/14/2010 7:51 PM : lookForMedia error: Index was out of range. Must be non-negative and less than the size of the collection.
Parameter name: index
5/14/2010 7:51 PM : lookForMedia error: The operation has timed out
5/14/2010 7:51 PM : lookForMedia error: The operation has timed out
5/14/2010 7:51 PM : lookForMedia error: The operation has timed out
5/14/2010 7:51 PM : lookForMedia error: The operation has timed out
5/14/2010 7:51 PM : lookForMedia error: The operation has timed out
5/14/2010 7:51 PM : lookForMedia error: The operation has timed out
5/14/2010 7:51 PM : lookForMedia error: The operation has timed out
5/14/2010 7:51 PM : lookForMedia error: The operation has timed out
5/14/2010 7:51 PM : lookForMedia error: The operation has timed out
5/14/2010 7:51 PM : lookForMedia error: The operation has timed out
5/14/2010 7:51 PM : lookForMedia error: The operation has timed out
5/14/2010 7:51 PM : lookForMedia error: The operation has timed out
5/14/2010 7:51 PM : lookForMedia error: The operation has timed out
5/14/2010 7:51 PM : lookForMedia error: The operation has timed out
5/14/2010 7:51 PM : lookForMedia error: The operation has timed out
5/14/2010 7:51 PM : lookForMedia error: The operation has timed out
5/14/2010 7:51 PM : lookForMedia error: The operation has timed out
5/14/2010 7:51 PM : lookForMedia error: The operation has timed out
5/14/2010 7:51 PM : lookForMedia error: The operation has timed out
5/14/2010 7:51 PM : lookForMedia error: Index was out of range. Must be non-negative and less than the size of the collection.
Parameter name: index
5/14/2010 7:51 PM : lookForMedia error: The operation has timed out
5/14/2010 7:51 PM : lookForMedia error: The operation has timed out
5/14/2010 7:51 PM : lookForMedia error: The operation has timed out
5/14/2010 7:51 PM : lookForMedia error: The operation has timed out
5/14/2010 7:51 PM : lookForMedia error: The operation has timed out
5/14/2010 7:51 PM : lookForMedia error: The operation has timed out
5/14/2010 7:51 PM : lookForMedia error: The operation has timed out
5/14/2010 7:51 PM : lookForMedia error: The operation has timed out
5/14/2010 7:51 PM : lookForMedia error: The operation has timed out
5/14/2010 7:51 PM : lookForMedia error: The operation has timed out
5/14/2010 7:51 PM : lookForMedia error: The operation has timed out
5/14/2010 7:51 PM : lookForMedia error: The operation has timed out
5/14/2010 7:51 PM : lookForMedia error: Index was out of range. Must be non-negative and less than the size of the collection.
Parameter name: index
5/14/2010 7:51 PM : lookForMedia error: The operation has timed out
5/14/2010 7:51 PM : lookForMedia error: The operation has timed out
5/14/2010 7:51 PM : lookForMedia error: The operation has timed out
5/14/2010 7:51 PM : lookForMedia error: Index was out of range. Must be non-negative and less than the size of the collection.
Parameter name: index
5/14/2010 7:51 PM : lookForMedia error: The operation has timed out
5/14/2010 7:51 PM : lookForMedia error: The operation has timed out
5/14/2010 7:51 PM : lookForMedia error: The operation has timed out
5/14/2010 7:51 PM : lookForMedia error: The operation has timed out
5/14/2010 7:51 PM : lookForMedia error: The operation has timed out
5/14/2010 7:51 PM : lookForMedia error: The operation has timed out
5/14/2010 7:51 PM : lookForMedia error: The operation has timed out
5/14/2010 7:51 PM : lookForMedia error: The operation has timed out
5/14/2010 7:51 PM : lookForMedia error: Index was out of range. Must be non-negative and less than the size of the collection.
Parameter name: index
5/14/2010 7:51 PM : lookForMedia error: The operation has timed out
5/14/2010 7:51 PM : lookForMedia error: Index was out of range. Must be non-negative and less than the size of the collection.
Parameter name: index
5/14/2010 7:51 PM : lookForMedia error: The operation has timed out
5/14/2010 7:51 PM : lookForMedia error: The operation has timed out
5/14/2010 7:51 PM : lookForMedia error: Index was out of range. Must be non-negative and less than the size of the collection.
Parameter name: index
5/14/2010 7:51 PM : lookForMedia error: The operation has timed out
5/14/2010 7:51 PM : lookForMedia error: The operation has timed out
5/14/2010 7:51 PM : lookForMedia error: The operation has timed out
5/14/2010 7:51 PM : lookForMedia error: The operation has timed out
5/14/2010 7:51 PM : lookForMedia error: The operation has timed out
5/14/2010 7:51 PM : lookForMedia error: The operation has timed out
5/14/2010 7:51 PM : lookForMedia error: The operation has timed out
5/14/2010 7:51 PM : lookForMedia error: The operation has timed out
5/14/2010 7:51 PM : lookForMedia error: The operation has timed out
5/14/2010 7:51 PM : lookForMedia error: The operation has timed out
5/14/2010 7:51 PM : lookForMedia error: The operation has timed out
5/14/2010 7:51 PM : lookForMedia error: The operation has timed out
5/14/2010 7:51 PM : lookForMedia error: The operation has timed out
5/14/2010 7:51 PM : lookForMedia error: The operation has timed out
5/14/2010 7:51 PM : lookForMedia error: The operation has timed out
5/14/2010 7:51 PM : lookForMedia error: The operation has timed out
5/14/2010 7:51 PM : lookForMedia error: The operation has timed out
5/14/2010 7:51 PM : lookForMedia error: The operation has timed out
5/14/2010 7:51 PM : lookForMedia error: The operation has timed out
5/14/2010 7:51 PM : lookForMedia error: Index was out of range. Must be non-negative and less than the size of the collection.
Parameter name: index
5/14/2010 7:51 PM : lookForMedia error: The operation has timed out
5/14/2010 7:51 PM : lookForMedia error: The operation has timed out
5/14/2010 7:51 PM : lookForMedia error: The operation has timed out
5/14/2010 7:51 PM : lookForMedia error: The operation has timed out
5/14/2010 7:51 PM : lookForMedia error: The operation has timed out
5/14/2010 7:51 PM : lookForMedia error: The operation has timed out
5/14/2010 7:51 PM : lookForMedia error: The operation has timed out
5/14/2010 7:51 PM : lookForMedia error: Index was out of range. Must be non-negative and less than the size of the collection.
Parameter name: index
5/14/2010 7:51 PM : lookForMedia error: The operation has timed out
5/14/2010 7:51 PM : lookForMedia error: The operation has timed out
5/14/2010 7:51 PM : lookForMedia error: The operation has timed out
5/14/2010 7:51 PM : lookForMedia error: The operation has timed out
5/14/2010 7:51 PM : lookForMedia error: The operation has timed out
5/14/2010 7:51 PM : lookForMedia error: Index was out of range. Must be non-negative and less than the size of the collection.
Parameter name: index
5/14/2010 7:51 PM : lookForMedia error: The operation has timed out
5/14/2010 7:51 PM : lookForMedia error: The operation has timed out
5/14/2010 7:51 PM : lookForMedia error: The operation has timed out
5/14/2010 7:51 PM : lookForMedia error: The operation has timed out
5/14/2010 7:51 PM : lookForMedia error: The operation has timed out
5/14/2010 7:51 PM : lookForMedia error: The operation has timed out
5/14/2010 7:51 PM : lookForMedia error: The operation has timed out
5/14/2010 7:51 PM : lookForMedia error: The operation has timed out
5/14/2010 7:51 PM : lookForMedia error: The operation has timed out
5/14/2010 7:51 PM : lookForMedia error: The operation has timed out
5/14/2010 7:51 PM : lookForMedia error: The operation has timed out
5/14/2010 7:51 PM : lookForMedia error: The operation has timed out
5/14/2010 7:51 PM : lookForMedia error: The operation has timed out
5/14/2010 7:51 PM : lookForMedia error: The operation has timed out
5/14/2010 7:51 PM : lookForMedia error: Index was out of range. Must be non-negative and less than the size of the collection.
Parameter name: index
5/14/2010 7:51 PM : lookForMedia error: The operation has timed out
5/14/2010 7:51 PM : lookForMedia error: The operation has timed out
5/14/2010 7:51 PM : lookForMedia error: The operation has timed out
5/14/2010 7:51 PM : lookForMedia error: The operation has timed out
5/14/2010 7:51 PM : lookForMedia error: The operation has timed out
5/14/2010 7:51 PM : lookForMedia error: The operation has timed out
5/14/2010 7:51 PM : lookForMedia error: The operation has timed out
5/14/2010 7:51 PM : lookForMedia error: The operation has timed out
5/14/2010 7:51 PM : lookForMedia error: The operation has timed out
5/14/2010 7:51 PM : lookForMedia error: The operation has timed out
5/14/2010 7:51 PM : lookForMedia error: The operation has timed out
5/14/2010 7:51 PM : lookForMedia error: The operation has timed out
5/14/2010 7:51 PM : lookForMedia error: The operation has timed out
5/14/2010 7:51 PM : lookForMedia error: The operation has timed out
5/14/2010 7:51 PM : lookForMedia error: The operation has timed out
5/14/2010 7:51 PM : lookForMedia error: The operation has timed out
5/14/2010 7:51 PM : lookForMedia error: The operation has timed out
5/14/2010 7:51 PM : lookForMedia error: The operation has timed out
5/14/2010 7:51 PM : lookForMedia error: Index was out of range. Must be non-negative and less than the size of the collection.
Parameter name: index
5/14/2010 7:51 PM : lookForMedia error: Index was out of range. Must be non-negative and less than the size of the collection.
Parameter name: index
5/14/2010 7:51 PM : lookForMedia error: The operation has timed out
5/14/2010 7:51 PM : lookForMedia error: The operation has timed out
5/14/2010 7:51 PM : lookForMedia error: The operation has timed out
5/14/2010 7:51 PM : lookForMedia error: The operation has timed out
5/14/2010 7:51 PM : lookForMedia error: The operation has timed out
5/14/2010 7:51 PM : lookForMedia error: The operation has timed out
5/14/2010 7:51 PM : lookForMedia error: The operation has timed out
5/14/2010 7:51 PM : lookForMedia error: The operation has timed out
5/14/2010 7:51 PM : lookForMedia error: The operation has timed out
5/14/2010 7:51 PM : lookForMedia error: The operation has timed out
5/14/2010 7:51 PM : lookForMedia error: Index was out of range. Must be non-negative and less than the size of the collection.
Parameter name: index
5/14/2010 7:51 PM : lookForMedia error: The operation has timed out
5/14/2010 7:51 PM : lookForMedia error: The operation has timed out
5/14/2010 7:51 PM : lookForMedia error: The operation has timed out
5/14/2010 7:51 PM : lookForMedia error: Index was out of range. Must be non-negative and less than the size of the collection.
Parameter name: index
5/14/2010 7:52 PM : lookForMedia error: The operation has timed out
5/14/2010 7:52 PM : lookForMedia error: The operation has timed out
5/14/2010 7:52 PM : lookForMedia error: The operation has timed out
5/14/2010 7:52 PM : lookForMedia error: The operation has timed out
5/14/2010 7:52 PM : lookForMedia error: The operation has timed out
5/14/2010 7:52 PM : lookForMedia error: The operation has timed out
5/14/2010 7:52 PM : lookForMedia error: The operation has timed out
5/14/2010 7:52 PM : lookForMedia error: The operation has timed out
5/14/2010 7:52 PM : lookForMedia error: The operation has timed out
5/14/2010 7:52 PM : lookForMedia error: The operation has timed out
5/14/2010 7:52 PM : lookForMedia error: The operation has timed out
5/14/2010 7:52 PM : lookForMedia error: The operation has timed out
5/14/2010 7:52 PM : lookForMedia error: The operation has timed out
5/14/2010 7:52 PM : lookForMedia error: The operation has timed out
5/14/2010 7:52 PM : lookForMedia error: The operation has timed out
5/14/2010 7:52 PM : lookForMedia error: Index was out of range. Must be non-negative and less than the size of the collection.
Parameter name: index
5/14/2010 7:52 PM : lookForMedia error: Index was out of range. Must be non-negative and less than the size of the collection.
Parameter name: index
5/14/2010 7:52 PM : lookForMedia error: Index was out of range. Must be non-negative and less than the size of the collection.
Parameter name: index
5/14/2010 7:52 PM : lookForMedia error: The operation has timed out
5/14/2010 7:52 PM : lookForMedia error: Index was out of range. Must be non-negative and less than the size of the collection.
Parameter name: index
5/14/2010 7:52 PM : lookForMedia error: The operation has timed out
5/14/2010 7:52 PM : lookForMedia error: Index was out of range. Must be non-negative and less than the size of the collection.
Parameter name: index
5/14/2010 7:52 PM : lookForMedia error: The operation has timed out
5/14/2010 7:52 PM : lookForMedia error: The operation has timed out
5/14/2010 7:52 PM : lookForMedia error: The operation has timed out
5/14/2010 7:52 PM : lookForMedia error: The operation has timed out
5/14/2010 7:52 PM : lookForMedia error: Index was out of range. Must be non-negative and less than the size of the collection.
Parameter name: index
5/14/2010 7:52 PM : lookForMedia error: The operation has timed out
5/14/2010 7:52 PM : lookForMedia error: The operation has timed out
5/14/2010 7:52 PM : lookForMedia error: The operation has timed out
5/14/2010 7:52 PM : lookForMedia error: The operation has timed out
5/14/2010 7:52 PM : lookForMedia error: The operation has timed out
5/14/2010 7:52 PM : lookForMedia error: The operation has timed out
5/14/2010 7:52 PM : lookForMedia error: The operation has timed out
5/14/2010 7:52 PM : lookForMedia error: The operation has timed out
5/14/2010 7:52 PM : lookForMedia error: The operation has timed out
5/14/2010 7:52 PM : lookForMedia error: The operation has timed out
5/14/2010 7:52 PM : lookForMedia error: The operation has timed out
5/14/2010 7:52 PM : lookForMedia error: The operation has timed out
5/14/2010 7:52 PM : lookForMedia error: Index was out of range. Must be non-negative and less than the size of the collection.
Parameter name: index
5/14/2010 7:52 PM : lookForMedia error: The operation has timed out
5/14/2010 7:52 PM : lookForMedia error: The operation has timed out
5/14/2010 7:52 PM : lookForMedia error: The operation has timed out
5/14/2010 7:52 PM : lookForMedia error: The operation has timed out
5/14/2010 7:52 PM : lookForMedia error: The operation has timed out
5/14/2010 7:52 PM : lookForMedia error: The operation has timed out
5/14/2010 7:52 PM : lookForMedia error: The operation has timed out
5/14/2010 7:52 PM : lookForMedia error: The operation has timed out
5/14/2010 7:52 PM : lookForMedia error: The operation has timed out
5/14/2010 7:52 PM : lookForMedia error: The operation has timed out
5/14/2010 7:52 PM : lookForMedia error: The operation has timed out
5/14/2010 7:52 PM : lookForMedia error: The operation has timed out
5/14/2010 7:52 PM : lookForMedia error: The operation has timed out
5/14/2010 7:52 PM : lookForMedia error: The operation has timed out
5/14/2010 7:52 PM : lookForMedia error: The operation has timed out
5/14/2010 7:52 PM : lookForMedia error: The operation has timed out
5/14/2010 7:52 PM : lookForMedia error: The operation has timed out
5/14/2010 7:52 PM : lookForMedia error: The operation has timed out
5/14/2010 7:52 PM : lookForMedia error: The operation has timed out
5/14/2010 7:52 PM : lookForMedia error: Index was out of range. Must be non-negative and less than the size of the collection.
Parameter name: index
5/14/2010 7:52 PM : lookForMedia error: The operation has timed out
5/14/2010 7:52 PM : lookForMedia error: The operation has timed out
5/14/2010 7:52 PM : lookForMedia error: The operation has timed out
5/14/2010 7:52 PM : lookForMedia error: The operation has timed out
5/14/2010 7:52 PM : lookForMedia error: The operation has timed out
5/14/2010 7:52 PM : lookForMedia error: The operation has timed out
5/14/2010 7:52 PM : lookForMedia error: The operation has timed out
5/14/2010 7:52 PM : lookForMedia error: The operation has timed out
5/14/2010 7:52 PM : lookForMedia error: The operation has timed out
5/14/2010 7:52 PM : lookForMedia error: The operation has timed out
5/14/2010 7:52 PM : lookForMedia error: The operation has timed out
5/14/2010 7:52 PM : lookForMedia error: The operation has timed out
5/14/2010 7:52 PM : lookForMedia error: The operation has timed out
5/14/2010 7:52 PM : lookForMedia error: The operation has timed out
5/14/2010 7:52 PM : lookForMedia error: The operation has timed out
5/14/2010 7:52 PM : lookForMedia error: Index was out of range. Must be non-negative and less than the size of the collection.
Parameter name: index
5/14/2010 7:52 PM : lookForMedia error: The operation has timed out
5/14/2010 7:52 PM : lookForMedia error: The operation has timed out
5/14/2010 7:52 PM : lookForMedia error: The operation has timed out
5/14/2010 7:52 PM : lookForMedia error: The operation has timed out
5/14/2010 7:52 PM : lookForMedia error: The operation has timed out
5/14/2010 7:52 PM : lookForMedia error: The operation has timed out
5/14/2010 7:52 PM : lookForMedia error: The operation has timed out
5/14/2010 7:52 PM : lookForMedia error: The operation has timed out
5/14/2010 7:52 PM : lookForMedia error: The operation has timed out
5/14/2010 7:52 PM : lookForMedia error: The operation has timed out
5/14/2010 7:52 PM : lookForMedia error: The operation has timed out
5/14/2010 7:52 PM : lookForMedia error: The operation has timed out
5/14/2010 7:52 PM : lookForMedia error: The operation has timed out
5/14/2010 7:52 PM : lookForMedia error: The operation has timed out
5/14/2010 7:52 PM : lookForMedia error: The operation has timed out
5/14/2010 7:52 PM : lookForMedia error: The operation has timed out
5/14/2010 7:52 PM : lookForMedia error: The operation has timed out
5/14/2010 7:52 PM : lookForMedia error: The operation has timed out
5/14/2010 7:52 PM : lookForMedia error: The operation has timed out
5/14/2010 7:52 PM : lookForMedia error: The operation has timed out
5/14/2010 7:52 PM : lookForMedia error: The operation has timed out
5/14/2010 7:52 PM : lookForMedia error: The operation has timed out
5/14/2010 7:52 PM : lookForMedia error: The operation has timed out
5/14/2010 7:52 PM : lookForMedia error: The operation has timed out
5/14/2010 7:52 PM : lookForMedia error: The operation has timed out
5/14/2010 7:52 PM : lookForMedia error: The operation has timed out
5/14/2010 7:52 PM : lookForMedia error: The operation has timed out
5/14/2010 7:52 PM : lookForMedia error: The operation has timed out
5/14/2010 7:52 PM : lookForMedia error: The operation has timed out
5/14/2010 7:52 PM : lookForMedia error: The operation has timed out
5/14/2010 7:52 PM : lookForMedia error: The operation has timed out
5/14/2010 7:52 PM : lookForMedia error: The operation has timed out
5/14/2010 7:52 PM : lookForMedia error: The operation has timed out
5/14/2010 7:52 PM : lookForMedia error: The operation has timed out
5/14/2010 7:52 PM : lookForMedia error: Index was out of range. Must be non-negative and less than the size of the collection.
Parameter name: index
5/14/2010 7:52 PM : lookForMedia error: The operation has timed out
5/14/2010 7:52 PM : lookForMedia error: The operation has timed out
5/14/2010 7:52 PM : lookForMedia error: The operation has timed out
5/14/2010 7:52 PM : lookForMedia error: The operation has timed out
5/14/2010 7:52 PM : lookForMedia error: The operation has timed out
5/14/2010 7:52 PM : lookForMedia error: The operation has timed out
5/14/2010 7:52 PM : lookForMedia error: The operation has timed out
5/14/2010 7:52 PM : lookForMedia error: The operation has timed out
5/14/2010 7:52 PM : lookForMedia error: The operation has timed out
5/14/2010 7:52 PM : lookForMedia error: The operation has timed out
5/14/2010 7:52 PM : lookForMedia error: The operation has timed out
5/14/2010 7:52 PM : lookForMedia error: The operation has timed out
5/14/2010 7:52 PM : lookForMedia error: The operation has timed out
5/14/2010 7:52 PM : lookForMedia error: The operation has timed out
5/14/2010 7:52 PM : lookForMedia error: The operation has timed out
5/14/2010 7:52 PM : lookForMedia error: The operation has timed out
5/14/2010 7:52 PM : lookForMedia error: The operation has timed out
5/14/2010 7:52 PM : lookForMedia error: The operation has timed out
5/14/2010 7:52 PM : lookForMedia error: Index was out of range. Must be non-negative and less than the size of the collection.
Parameter name: index
5/14/2010 7:52 PM : lookForMedia error: The operation has timed out
5/14/2010 7:52 PM : lookForMedia error: Index was out of range. Must be non-negative and less than the size of the collection.
Parameter name: index
5/14/2010 7:52 PM : lookForMedia error: The operation has timed out
5/14/2010 7:52 PM : lookForMedia error: The operation has timed out
5/14/2010 7:52 PM : lookForMedia error: The operation has timed out
5/14/2010 7:52 PM : lookForMedia error: The operation has timed out
5/14/2010 7:52 PM : lookForMedia error: The operation has timed out
5/14/2010 7:52 PM : lookForMedia error: The operation has timed out
5/14/2010 7:52 PM : lookForMedia error: The operation has timed out
5/14/2010 7:52 PM : lookForMedia error: The operation has timed out
5/14/2010 7:52 PM : lookForMedia error: The operation has timed out
5/14/2010 7:52 PM : lookForMedia error: The operation has timed out
5/14/2010 7:52 PM : lookForMedia error: The operation has timed out
5/14/2010 7:52 PM : lookForMedia error: The operation has timed out
5/14/2010 7:52 PM : lookForMedia error: Index was out of range. Must be non-negative and less than the size of the collection.
Parameter name: index
5/14/2010 7:52 PM : lookForMedia error: The operation has timed out
5/14/2010 7:52 PM : lookForMedia error: The operation has timed out
5/14/2010 7:52 PM : lookForMedia error: The operation has timed out
5/14/2010 7:52 PM : lookForMedia error: Index was out of range. Must be non-negative and less than the size of the collection.
Parameter name: index
5/14/2010 7:52 PM : lookForMedia error: The operation has timed out
5/14/2010 7:52 PM : lookForMedia error: The operation has timed out
5/14/2010 7:52 PM : lookForMedia error: The operation has timed out
5/14/2010 7:52 PM : lookForMedia error: The operation has timed out
5/14/2010 7:52 PM : lookForMedia error: The operation has timed out
5/14/2010 7:52 PM : lookForMedia error: The operation has timed out
5/14/2010 7:52 PM : lookForMedia error: Index was out of range. Must be non-negative and less than the size of the collection.
Parameter name: index
5/14/2010 7:52 PM : lookForMedia error: The operation has timed out
5/14/2010 7:52 PM : lookForMedia error: The operation has timed out
5/14/2010 7:52 PM : lookForMedia error: The operation has timed out
5/14/2010 7:52 PM : lookForMedia error: Index was out of range. Must be non-negative and less than the size of the collection.
Parameter name: index
5/14/2010 7:52 PM : lookForMedia error: The operation has timed out
5/14/2010 7:52 PM : lookForMedia error: The operation has timed out
5/14/2010 7:52 PM : lookForMedia error: The operation has timed out
5/14/2010 7:52 PM : lookForMedia error: Index was out of range. Must be non-negative and less than the size of the collection.
Parameter name: index
5/14/2010 7:52 PM : lookForMedia error: The operation has timed out
5/14/2010 7:52 PM : lookForMedia error: Index was out of range. Must be non-negative and less than the size of the collection.
Parameter name: index
5/14/2010 7:52 PM : lookForMedia error: The operation has timed out
5/14/2010 7:52 PM : lookForMedia error: The operation has timed out
5/14/2010 7:52 PM : lookForMedia error: The operation has timed out
5/14/2010 7:52 PM : lookForMedia error: The operation has timed out
5/14/2010 7:52 PM : lookForMedia error: The operation has timed out
5/14/2010 7:52 PM : lookForMedia error: The operation has timed out
5/14/2010 7:52 PM : lookForMedia error: Index was out of range. Must be non-negative and less than the size of the collection.
Parameter name: index
5/14/2010 7:52 PM : lookForMedia error: The operation has timed out
5/14/2010 7:52 PM : lookForMedia error: The operation has timed out
5/14/2010 7:52 PM : lookForMedia error: The operation has timed out
5/14/2010 7:52 PM : lookForMedia error: The operation has timed out
5/14/2010 7:52 PM : lookForMedia error: The operation has timed out
5/14/2010 7:52 PM : lookForMedia error: The operation has timed out
5/14/2010 7:52 PM : lookForMedia error: The operation has timed out
5/14/2010 7:52 PM : lookForMedia error: The operation has timed out
5/14/2010 7:52 PM : lookForMedia error: The operation has timed out
5/14/2010 7:52 PM : lookForMedia error: The operation has timed out
5/14/2010 7:52 PM : lookForMedia error: The operation has timed out
5/14/2010 7:53 PM : lookForMedia error: The operation has timed out
5/14/2010 7:53 PM : lookForMedia error: The operation has timed out
5/14/2010 7:53 PM : lookForMedia error: The operation has timed out
5/14/2010 7:53 PM : lookForMedia error: The operation has timed out
5/14/2010 7:53 PM : lookForMedia error: The operation has timed out
5/14/2010 7:53 PM : lookForMedia error: The operation has timed out
5/14/2010 7:53 PM : lookForMedia error: The operation has timed out
5/14/2010 7:53 PM : lookForMedia error: The operation has timed out
5/14/2010 7:53 PM : lookForMedia error: The operation has timed out
5/14/2010 7:53 PM : lookForMedia error: The operation has timed out
5/14/2010 7:53 PM : lookForMedia error: The operation has timed out
5/14/2010 7:53 PM : lookForMedia error: The operation has timed out
5/14/2010 7:53 PM : lookForMedia error: The operation has timed out
5/14/2010 7:53 PM : lookForMedia error: The operation has timed out
5/14/2010 7:53 PM : lookForMedia error: Index was out of range. Must be non-negative and less than the size of the collection.
Parameter name: index
5/14/2010 7:53 PM : lookForMedia error: The operation has timed out
5/14/2010 7:53 PM : lookForMedia error: The operation has timed out
5/14/2010 7:53 PM : lookForMedia error: The operation has timed out
5/14/2010 7:53 PM : lookForMedia error: The operation has timed out
5/14/2010 7:53 PM : lookForMedia error: The operation has timed out
5/14/2010 7:53 PM : lookForMedia error: The operation has timed out
5/14/2010 7:53 PM : lookForMedia error: The operation has timed out
5/14/2010 7:53 PM : lookForMedia error: The operation has timed out
5/14/2010 7:53 PM : lookForMedia error: The operation has timed out
5/14/2010 7:53 PM : lookForMedia error: The operation has timed out
5/14/2010 7:53 PM : lookForMedia error: The operation has timed out
5/14/2010 7:53 PM : lookForMedia error: The operation has timed out
5/14/2010 7:53 PM : lookForMedia error: Index was out of range. Must be non-negative and less than the size of the collection.
Parameter name: index
5/14/2010 7:53 PM : lookForMedia error: The operation has timed out
5/14/2010 7:53 PM : lookForMedia error: The operation has timed out
5/14/2010 7:53 PM : lookForMedia error: The operation has timed out
5/14/2010 7:53 PM : lookForMedia error: The operation has timed out
5/14/2010 7:53 PM : lookForMedia error: The operation has timed out
5/14/2010 7:53 PM : lookForMedia error: The operation has timed out
5/14/2010 7:53 PM : lookForMedia error: The operation has timed out
5/14/2010 7:53 PM : lookForMedia error: The operation has timed out
5/14/2010 7:53 PM : lookForMedia error: The operation has timed out
5/14/2010 7:53 PM : lookForMedia error: The operation has timed out
5/14/2010 7:53 PM : lookForMedia error: The operation has timed out
5/14/2010 7:53 PM : lookForMedia error: The operation has timed out
5/14/2010 7:53 PM : lookForMedia error: The operation has timed out
5/14/2010 7:53 PM : lookForMedia error: The operation has timed out
5/14/2010 7:53 PM : lookForMedia error: Index was out of range. Must be non-negative and less than the size of the collection.
Parameter name: index
5/14/2010 7:53 PM : lookForMedia error: The operation has timed out
5/14/2010 7:53 PM : lookForMedia error: The operation has timed out
5/14/2010 7:53 PM : lookForMedia error: The operation has timed out
5/14/2010 7:53 PM : lookForMedia error: The operation has timed out
5/14/2010 7:53 PM : lookForMedia error: The operation has timed out
5/14/2010 7:53 PM : lookForMedia error: The operation has timed out
5/14/2010 7:53 PM : lookForMedia error: The operation has timed out
5/14/2010 7:53 PM : lookForMedia error: The operation has timed out
5/14/2010 7:53 PM : lookForMedia error: The operation has timed out
5/14/2010 7:53 PM : lookForMedia error: The operation has timed out
5/14/2010 7:53 PM : lookForMedia error: The operation has timed out
5/14/2010 7:53 PM : lookForMedia error: The operation has timed out
5/14/2010 7:53 PM : lookForMedia error: The operation has timed out
5/14/2010 7:53 PM : lookForMedia error: The operation has timed out
5/14/2010 7:53 PM : lookForMedia error: The operation has timed out
5/14/2010 7:53 PM : lookForMedia error: The operation has timed out
5/14/2010 7:53 PM : lookForMedia error: The operation has timed out
5/14/2010 7:53 PM : lookForMedia error: The operation has timed out
5/14/2010 7:53 PM : lookForMedia error: The operation has timed out
5/14/2010 7:53 PM : lookForMedia error: The operation has timed out
5/14/2010 7:53 PM : lookForMedia error: The operation has timed out
5/14/2010 7:53 PM : lookForMedia error: Index was out of range. Must be non-negative and less than the size of the collection.
Parameter name: index
5/14/2010 7:53 PM : lookForMedia error: The operation has timed out
5/14/2010 7:53 PM : lookForMedia error: The operation has timed out
5/14/2010 7:53 PM : lookForMedia error: The operation has timed out
5/14/2010 7:53 PM : lookForMedia error: The operation has timed out
5/14/2010 7:53 PM : lookForMedia error: The operation has timed out
5/14/2010 7:53 PM : lookForMedia error: The operation has timed out
5/14/2010 7:53 PM : lookForMedia error: The operation has timed out
5/14/2010 7:53 PM : lookForMedia error: Index was out of range. Must be non-negative and less than the size of the collection.
Parameter name: index
5/14/2010 7:53 PM : lookForMedia error: The operation has timed out
5/14/2010 7:53 PM : lookForMedia error: The operation has timed out
5/14/2010 7:53 PM : lookForMedia error: The operation has timed out
5/14/2010 7:53 PM : lookForMedia error: The operation has timed out
5/14/2010 7:53 PM : lookForMedia error: Index was out of range. Must be non-negative and less than the size of the collection.
Parameter name: index
5/14/2010 7:53 PM : lookForMedia error: The operation has timed out
5/14/2010 7:53 PM : lookForMedia error: The operation has timed out
5/14/2010 7:53 PM : lookForMedia error: The operation has timed out
5/14/2010 7:53 PM : lookForMedia error: The operation has timed out
5/14/2010 7:53 PM : lookForMedia error: The operation has timed out
5/14/2010 7:53 PM : lookForMedia error: Index was out of range. Must be non-negative and less than the size of the collection.
Parameter name: index
5/14/2010 7:53 PM : lookForMedia error: The operation has timed out
5/14/2010 7:53 PM : lookForMedia error: The operation has timed out
5/14/2010 7:53 PM : lookForMedia error: The operation has timed out
5/14/2010 7:53 PM : lookForMedia error: The operation has timed out
5/14/2010 7:53 PM : lookForMedia error: Index was out of range. Must be non-negative and less than the size of the collection.
Parameter name: index
5/14/2010 7:53 PM : lookForMedia error: The operation has timed out
5/14/2010 7:53 PM : lookForMedia error: The operation has timed out
5/14/2010 7:53 PM : lookForMedia error: The operation has timed out
5/14/2010 7:53 PM : lookForMedia error: The operation has timed out
5/14/2010 7:53 PM : lookForMedia error: The operation has timed out
5/14/2010 7:53 PM : lookForMedia error: Index was out of range. Must be non-negative and less than the size of the collection.
Parameter name: index
5/14/2010 7:53 PM : lookForMedia error: The operation has timed out
5/14/2010 7:53 PM : lookForMedia error: The operation has timed out
5/14/2010 7:53 PM : lookForMedia error: The operation has timed out
5/14/2010 7:53 PM : lookForMedia error: The operation has timed out
5/14/2010 7:53 PM : lookForMedia error: The operation has timed out
5/14/2010 7:53 PM : lookForMedia error: The operation has timed out
5/14/2010 7:53 PM : lookForMedia error: The operation has timed out
5/14/2010 7:53 PM : lookForMedia error: The operation has timed out
5/14/2010 7:53 PM : lookForMedia error: The operation has timed out
5/14/2010 7:53 PM : lookForMedia error: The operation has timed out
5/14/2010 7:53 PM : lookForMedia error: The operation has timed out
5/14/2010 7:53 PM : lookForMedia error: The operation has timed out
5/14/2010 7:53 PM : lookForMedia error: The operation has timed out
5/14/2010 7:53 PM : lookForMedia error: The operation has timed out
5/14/2010 7:53 PM : lookForMedia error: Index was out of range. Must be non-negative and less than the size of the collection.
Parameter name: index
5/14/2010 7:53 PM : lookForMedia error: Index was out of range. Must be non-negative and less than the size of the collection.
Parameter name: index
5/14/2010 7:53 PM : lookForMedia error: The operation has timed out
5/14/2010 7:53 PM : lookForMedia error: The operation has timed out
5/14/2010 7:53 PM : lookForMedia error: The operation has timed out
5/14/2010 7:53 PM : lookForMedia error: The operation has timed out
5/14/2010 7:53 PM : lookForMedia error: Index was out of range. Must be non-negative and less than the size of the collection.
Parameter name: index
5/14/2010 7:53 PM : lookForMedia error: The operation has timed out
5/14/2010 7:53 PM : lookForMedia error: The operation has timed out
5/14/2010 7:53 PM : lookForMedia error: The operation has timed out
5/14/2010 7:53 PM : lookForMedia error: The operation has timed out
5/14/2010 7:53 PM : lookForMedia error: The operation has timed out
5/14/2010 7:53 PM : lookForMedia error: The operation has timed out
5/14/2010 7:53 PM : lookForMedia error: The operation has timed out
5/14/2010 7:53 PM : lookForMedia error: The operation has timed out
5/14/2010 7:53 PM : lookForMedia error: The operation has timed out
5/14/2010 7:53 PM : lookForMedia error: The operation has timed out
5/14/2010 7:53 PM : lookForMedia error: The operation has timed out
5/14/2010 7:53 PM : lookForMedia error: Index was out of range. Must be non-negative and less than the size of the collection.
Parameter name: index
5/14/2010 7:53 PM : lookForMedia error: Index was out of range. Must be non-negative and less than the size of the collection.
Parameter name: index
5/14/2010 7:53 PM : lookForMedia error: The operation has timed out
5/14/2010 7:53 PM : lookForMedia error: The operation has timed out
5/14/2010 7:53 PM : lookForMedia error: The operation has timed out
5/14/2010 7:53 PM : lookForMedia error: The operation has timed out
5/14/2010 7:53 PM : lookForMedia error: The operation has timed out
5/14/2010 7:53 PM : lookForMedia error: Index was out of range. Must be non-negative and less than the size of the collection.
Parameter name: index
5/14/2010 7:53 PM : lookForMedia error: The operation has timed out
5/14/2010 7:53 PM : lookForMedia error: The operation has timed out
5/14/2010 7:53 PM : lookForMedia error: Index was out of range. Must be non-negative and less than the size of the collection.
Parameter name: index
5/14/2010 7:53 PM : lookForMedia error: The operation has timed out
5/14/2010 7:53 PM : lookForMedia error: The operation has timed out
5/14/2010 7:53 PM : lookForMedia error: The operation has timed out
5/14/2010 7:53 PM : lookForMedia error: Index was out of range. Must be non-negative and less than the size of the collection.
Parameter name: index
5/14/2010 7:53 PM : lookForMedia error: The operation has timed out
5/14/2010 7:53 PM : lookForMedia error: The operation has timed out
5/14/2010 7:53 PM : lookForMedia error: The operation has timed out
5/14/2010 7:53 PM : lookForMedia error: The operation has timed out
5/14/2010 7:53 PM : lookForMedia error: The operation has timed out
5/14/2010 7:53 PM : lookForMedia error: The operation has timed out
5/14/2010 7:53 PM : lookForMedia error: The operation has timed out
5/14/2010 7:53 PM : lookForMedia error: The operation has timed out
5/14/2010 7:53 PM : lookForMedia error: The operation has timed out
5/14/2010 7:54 PM : lookForMedia error: Index was out of range. Must be non-negative and less than the size of the collection.
Parameter name: index
5/14/2010 7:54 PM : lookForMedia error: The operation has timed out
5/14/2010 7:54 PM : lookForMedia error: The operation has timed out
5/14/2010 7:54 PM : lookForMedia error: Index was out of range. Must be non-negative and less than the size of the collection.
Parameter name: index
5/14/2010 7:54 PM : lookForMedia error: The operation has timed out
5/14/2010 7:54 PM : lookForMedia error: The operation has timed out
5/14/2010 7:54 PM : lookForMedia error: The operation has timed out
5/14/2010 7:54 PM : lookForMedia error: Index was out of range. Must be non-negative and less than the size of the collection.
Parameter name: index
5/14/2010 7:54 PM : lookForMedia error: Index was out of range. Must be non-negative and less than the size of the collection.
Parameter name: index
5/14/2010 7:54 PM : lookForMedia error: The operation has timed out
5/14/2010 7:54 PM : lookForMedia error: The operation has timed out
5/14/2010 7:54 PM : lookForMedia error: Index was out of range. Must be non-negative and less than the size of the collection.
Parameter name: index
5/14/2010 7:54 PM : lookForMedia error: The operation has timed out
5/14/2010 7:54 PM : lookForMedia error: The operation has timed out
5/14/2010 7:54 PM : lookForMedia error: The operation has timed out
5/14/2010 7:54 PM : lookForMedia error: The operation has timed out
5/14/2010 7:54 PM : lookForMedia error: The operation has timed out
5/14/2010 7:54 PM : lookForMedia error: Index was out of range. Must be non-negative and less than the size of the collection.
Parameter name: index
5/14/2010 7:54 PM : lookForMedia error: The operation has timed out
5/14/2010 7:54 PM : lookForMedia error: The operation has timed out
5/14/2010 7:54 PM : lookForMedia error: The operation has timed out
5/14/2010 7:54 PM : lookForMedia error: The operation has timed out
5/14/2010 7:54 PM : lookForMedia error: The operation has timed out
5/14/2010 7:54 PM : lookForMedia error: The operation has timed out
5/14/2010 7:54 PM : lookForMedia error: The operation has timed out
5/14/2010 7:54 PM : lookForMedia error: The operation has timed out
5/14/2010 7:54 PM : lookForMedia error: The operation has timed out
5/14/2010 7:54 PM : lookForMedia error: The operation has timed out
5/14/2010 7:54 PM : lookForMedia error: The operation has timed out
5/14/2010 7:54 PM : lookForMedia error: Index was out of range. Must be non-negative and less than the size of the collection.
Parameter name: index
5/14/2010 7:54 PM : lookForMedia error: The operation has timed out
5/14/2010 7:54 PM : lookForMedia error: The operation has timed out
5/14/2010 7:54 PM : lookForMedia error: The operation has timed out
5/14/2010 7:54 PM : lookForMedia error: The operation has timed out
5/14/2010 7:54 PM : lookForMedia error: The operation has timed out
5/14/2010 7:54 PM : lookForMedia error: The operation has timed out
5/14/2010 7:54 PM : lookForMedia error: The operation has timed out
5/14/2010 7:54 PM : lookForMedia error: The operation has timed out
5/14/2010 7:54 PM : lookForMedia error: The operation has timed out
5/14/2010 7:54 PM : lookForMedia error: The operation has timed out
5/14/2010 7:54 PM : lookForMedia error: The operation has timed out
5/14/2010 7:54 PM : lookForMedia error: The operation has timed out
5/14/2010 7:54 PM : lookForMedia error: The operation has timed out
5/14/2010 7:54 PM : lookForMedia error: The operation has timed out
5/14/2010 7:54 PM : lookForMedia error: The operation has timed out
5/14/2010 7:54 PM : lookForMedia error: The operation has timed out
5/14/2010 7:54 PM : lookForMedia error: The operation has timed out
5/14/2010 7:54 PM : lookForMedia error: The operation has timed out
5/14/2010 7:54 PM : lookForMedia error: The operation has timed out
5/14/2010 7:54 PM : lookForMedia error: The operation has timed out
5/14/2010 7:54 PM : lookForMedia error: The operation has timed out
5/14/2010 7:54 PM : lookForMedia error: The operation has timed out
5/14/2010 7:54 PM : lookForMedia error: The operation has timed out
5/14/2010 7:54 PM : lookForMedia error: The operation has timed out
5/14/2010 7:54 PM : lookForMedia error: The operation has timed out
5/14/2010 7:54 PM : lookForMedia error: The operation has timed out
5/14/2010 7:54 PM : lookForMedia error: The operation has timed out
5/14/2010 7:54 PM : lookForMedia error: The operation has timed out
5/14/2010 7:54 PM : lookForMedia error: Index was out of range. Must be non-negative and less than the size of the collection.
Parameter name: index
5/14/2010 7:54 PM : lookForMedia error: The operation has timed out
5/14/2010 7:54 PM : lookForMedia error: The operation has timed out
5/14/2010 7:54 PM : lookForMedia error: The operation has timed out
5/14/2010 7:54 PM : lookForMedia error: The operation has timed out
5/14/2010 7:54 PM : lookForMedia error: The operation has timed out
5/14/2010 7:54 PM : lookForMedia error: The operation has timed out
5/14/2010 7:54 PM : lookForMedia error: The operation has timed out
5/14/2010 7:54 PM : lookForMedia error: Index was out of range. Must be non-negative and less than the size of the collection.
Parameter name: index
5/14/2010 7:54 PM : lookForMedia error: The operation has timed out
5/14/2010 7:54 PM : lookForMedia error: The operation has timed out
5/14/2010 7:54 PM : lookForMedia error: The operation has timed out
5/14/2010 7:54 PM : lookForMedia error: Index was out of range. Must be non-negative and less than the size of the collection.
Parameter name: index
5/14/2010 7:54 PM : lookForMedia error: The operation has timed out
5/14/2010 7:54 PM : lookForMedia error: The operation has timed out
5/14/2010 7:54 PM : lookForMedia error: The operation has timed out
5/14/2010 7:54 PM : lookForMedia error: The operation has timed out
5/14/2010 7:54 PM : lookForMedia error: The operation has timed out
5/14/2010 7:54 PM : lookForMedia error: The operation has timed out
5/14/2010 7:54 PM : lookForMedia error: The operation has timed out
5/14/2010 7:54 PM : lookForMedia error: The operation has timed out
5/14/2010 7:54 PM : lookForMedia error: The operation has timed out
5/14/2010 7:54 PM : lookForMedia error: The operation has timed out
5/14/2010 7:54 PM : lookForMedia error: The operation has timed out
5/14/2010 7:54 PM : lookForMedia error: The operation has timed out
5/14/2010 7:54 PM : lookForMedia error: The operation has timed out
5/14/2010 7:54 PM : lookForMedia error: The operation has timed out
5/14/2010 7:54 PM : lookForMedia error: The operation has timed out
5/14/2010 7:54 PM : lookForMedia error: The operation has timed out
5/14/2010 7:54 PM : lookForMedia error: The operation has timed out
5/14/2010 7:54 PM : lookForMedia error: The operation has timed out
5/14/2010 7:54 PM : lookForMedia error: The operation has timed out
5/14/2010 7:54 PM : lookForMedia error: The operation has timed out
5/14/2010 7:54 PM : lookForMedia error: The operation has timed out
5/14/2010 7:54 PM : lookForMedia error: The operation has timed out
5/14/2010 7:54 PM : lookForMedia error: The operation has timed out
5/14/2010 7:54 PM : lookForMedia error: The operation has timed out
5/14/2010 7:54 PM : lookForMedia error: The operation has timed out
5/14/2010 7:54 PM : lookForMedia error: The operation has timed out
5/14/2010 7:54 PM : lookForMedia error: Index was out of range. Must be non-negative and less than the size of the collection.
Parameter name: index
5/14/2010 7:54 PM : lookForMedia error: The operation has timed out
5/14/2010 7:54 PM : lookForMedia error: The operation has timed out
5/14/2010 7:54 PM : lookForMedia error: The operation has timed out
5/14/2010 7:54 PM : lookForMedia error: The operation has timed out
5/14/2010 7:54 PM : lookForMedia error: The operation has timed out
5/14/2010 7:54 PM : lookForMedia error: The operation has timed out
5/14/2010 7:54 PM : lookForMedia error: The operation has timed out
5/14/2010 7:54 PM : lookForMedia error: The operation has timed out
5/14/2010 7:54 PM : lookForMedia error: Index was out of range. Must be non-negative and less than the size of the collection.
Parameter name: index
5/14/2010 7:54 PM : lookForMedia error: The operation has timed out
5/14/2010 7:54 PM : lookForMedia error: The operation has timed out
5/14/2010 7:54 PM : lookForMedia error: The operation has timed out
5/14/2010 7:54 PM : lookForMedia error: The operation has timed out
5/14/2010 7:54 PM : lookForMedia error: The operation has timed out
5/14/2010 7:54 PM : lookForMedia error: The operation has timed out
5/14/2010 7:54 PM : lookForMedia error: The operation has timed out
5/14/2010 7:54 PM : lookForMedia error: The operation has timed out
5/14/2010 7:54 PM : lookForMedia error: The operation has timed out
5/14/2010 7:54 PM : lookForMedia error: The operation has timed out
5/14/2010 7:54 PM : lookForMedia error: The operation has timed out
5/14/2010 7:54 PM : lookForMedia error: The operation has timed out
5/14/2010 7:54 PM : lookForMedia error: The operation has timed out
5/14/2010 7:54 PM : lookForMedia error: The operation has timed out
5/14/2010 7:54 PM : lookForMedia error: The operation has timed out
5/14/2010 7:54 PM : lookForMedia error: The operation has timed out
5/14/2010 7:54 PM : lookForMedia error: The operation has timed out
5/14/2010 7:54 PM : lookForMedia error: The operation has timed out
5/14/2010 7:54 PM : lookForMedia error: The operation has timed out
5/14/2010 7:54 PM : lookForMedia error: The operation has timed out
5/14/2010 7:54 PM : lookForMedia error: The operation has timed out
5/14/2010 7:54 PM : lookForMedia error: The operation has timed out
5/14/2010 7:54 PM : lookForMedia error: The operation has timed out
5/14/2010 7:54 PM : lookForMedia error: The operation has timed out
5/14/2010 7:54 PM : lookForMedia error: Index was out of range. Must be non-negative and less than the size of the collection.
Parameter name: index
5/14/2010 7:54 PM : lookForMedia error: Index was out of range. Must be non-negative and less than the size of the collection.
Parameter name: index
5/14/2010 7:54 PM : lookForMedia error: The operation has timed out
5/14/2010 7:54 PM : lookForMedia error: The operation has timed out
5/14/2010 7:54 PM : lookForMedia error: Index was out of range. Must be non-negative and less than the size of the collection.
Parameter name: index
5/14/2010 7:54 PM : lookForMedia error: The operation has timed out
5/14/2010 7:54 PM : lookForMedia error: The operation has timed out
5/14/2010 7:54 PM : lookForMedia error: The operation has timed out
5/14/2010 7:54 PM : lookForMedia error: The operation has timed out
5/14/2010 7:54 PM : lookForMedia error: Index was out of range. Must be non-negative and less than the size of the collection.
Parameter name: index
5/14/2010 7:54 PM : lookForMedia error: The operation has timed out
5/14/2010 7:54 PM : lookForMedia error: The operation has timed out
5/14/2010 7:54 PM : lookForMedia error: The operation has timed out
5/14/2010 7:54 PM : lookForMedia error: The operation has timed out
5/14/2010 7:54 PM : lookForMedia error: The operation has timed out
5/14/2010 7:54 PM : lookForMedia error: The operation has timed out
5/14/2010 7:54 PM : lookForMedia error: The operation has timed out
5/14/2010 7:54 PM : lookForMedia error: The operation has timed out
5/14/2010 7:54 PM : lookForMedia error: The operation has timed out
5/14/2010 7:54 PM : lookForMedia error: Index was out of range. Must be non-negative and less than the size of the collection.
Parameter name: index
5/14/2010 7:54 PM : lookForMedia error: The operation has timed out
5/14/2010 7:54 PM : lookForMedia error: The operation has timed out
5/14/2010 7:54 PM : lookForMedia error: The operation has timed out
5/14/2010 7:54 PM : lookForMedia error: The operation has timed out
5/14/2010 7:54 PM : lookForMedia error: The operation has timed out
5/14/2010 7:54 PM : lookForMedia error: The operation has timed out
5/14/2010 7:54 PM : lookForMedia error: The operation has timed out
5/14/2010 7:54 PM : lookForMedia error: Index was out of range. Must be non-negative and less than the size of the collection.
Parameter name: index
5/14/2010 7:54 PM : lookForMedia error: The remote server returned an error: (503) Server Unavailable.
5/14/2010 7:54 PM : lookForMedia error: Index was out of range. Must be non-negative and less than the size of the collection.
Parameter name: index
5/14/2010 7:54 PM : lookForMedia error: Index was out of range. Must be non-negative and less than the size of the collection.
Parameter name: index
5/14/2010 7:54 PM : lookForMedia error: Index was out of range. Must be non-negative and less than the size of the collection.
Parameter name: index
5/14/2010 7:54 PM : lookForMedia error: Index was out of range. Must be non-negative and less than the size of the collection.
Parameter name: index
5/14/2010 7:54 PM : lookForMedia error: Index was out of range. Must be non-negative and less than the size of the collection.
Parameter name: index
5/14/2010 7:54 PM : lookForMedia error: Index was out of range. Must be non-negative and less than the size of the collection.
Parameter name: index
5/14/2010 7:54 PM : lookForMedia error: Index was out of range. Must be non-negative and less than the size of the collection.
Parameter name: index
5/14/2010 7:54 PM : lookForMedia error: The operation has timed out
5/14/2010 7:54 PM : lookForMedia error: The operation has timed out
5/14/2010 7:54 PM : lookForMedia error: The operation has timed out
5/14/2010 7:54 PM : lookForMedia error: The operation has timed out
5/14/2010 7:54 PM : lookForMedia error: The operation has timed out
5/14/2010 7:54 PM : lookForMedia error: The operation has timed out
5/14/2010 7:54 PM : lookForMedia error: The operation has timed out
5/14/2010 7:54 PM : lookForMedia error: The operation has timed out
5/14/2010 7:54 PM : lookForMedia error: The operation has timed out
5/14/2010 7:54 PM : lookForMedia error: The operation has timed out
5/14/2010 7:54 PM : lookForMedia error: The operation has timed out
5/14/2010 7:55 PM : lookForMedia error: The operation has timed out
5/14/2010 7:55 PM : lookForMedia error: Index was out of range. Must be non-negative and less than the size of the collection.
Parameter name: index
5/14/2010 7:55 PM : lookForMedia error: The operation has timed out
5/14/2010 7:55 PM : lookForMedia error: The operation has timed out
5/14/2010 7:55 PM : lookForMedia error: The operation has timed out
5/14/2010 7:55 PM : lookForMedia error: The operation has timed out
5/14/2010 7:55 PM : lookForMedia error: The operation has timed out
5/14/2010 7:55 PM : lookForMedia error: The operation has timed out
5/14/2010 7:55 PM : lookForMedia error: The operation has timed out
5/14/2010 7:55 PM : lookForMedia error: The operation has timed out
5/14/2010 7:55 PM : lookForMedia error: The operation has timed out
5/14/2010 7:55 PM : lookForMedia error: The operation has timed out
5/14/2010 7:55 PM : lookForMedia error: Index was out of range. Must be non-negative and less than the size of the collection.
Parameter name: index
5/14/2010 7:55 PM : lookForMedia error: Index was out of range. Must be non-negative and less than the size of the collection.
Parameter name: index
5/14/2010 7:55 PM : lookForMedia error: The operation has timed out
5/14/2010 7:55 PM : lookForMedia error: The operation has timed out
5/14/2010 7:55 PM : lookForMedia error: The operation has timed out
5/14/2010 7:55 PM : lookForMedia error: The operation has timed out
5/14/2010 7:55 PM : lookForMedia error: The operation has timed out
5/14/2010 7:55 PM : lookForMedia error: The operation has timed out
5/14/2010 7:55 PM : lookForMedia error: The operation has timed out
5/14/2010 7:55 PM : lookForMedia error: Index was out of range. Must be non-negative and less than the size of the collection.
Parameter name: index
5/14/2010 7:55 PM : lookForMedia error: The operation has timed out
5/14/2010 7:55 PM : lookForMedia error: The operation has timed out
5/14/2010 7:55 PM : lookForMedia error: Index was out of range. Must be non-negative and less than the size of the collection.
Parameter name: index
5/14/2010 7:55 PM : lookForMedia error: The operation has timed out
5/14/2010 7:55 PM : lookForMedia error: The operation has timed out
5/14/2010 7:55 PM : lookForMedia error: Index was out of range. Must be non-negative and less than the size of the collection.
Parameter name: index
5/14/2010 7:55 PM : lookForMedia error: The operation has timed out
5/14/2010 7:55 PM : lookForMedia error: The operation has timed out
5/14/2010 7:55 PM : lookForMedia error: The operation has timed out
5/14/2010 7:55 PM : lookForMedia error: The operation has timed out
5/14/2010 7:55 PM : lookForMedia error: The operation has timed out
5/14/2010 7:55 PM : lookForMedia error: The operation has timed out
5/14/2010 7:55 PM : lookForMedia error: The operation has timed out
5/14/2010 7:55 PM : lookForMedia error: The operation has timed out
5/14/2010 7:55 PM : lookForMedia error: The operation has timed out
5/14/2010 7:55 PM : lookForMedia error: The operation has timed out
5/14/2010 7:55 PM : lookForMedia error: Index was out of range. Must be non-negative and less than the size of the collection.
Parameter name: index
5/14/2010 7:55 PM : lookForMedia error: The operation has timed out
5/14/2010 7:55 PM : lookForMedia error: The operation has timed out
5/14/2010 7:55 PM : lookForMedia error: The operation has timed out
5/14/2010 7:55 PM : lookForMedia error: The operation has timed out
5/14/2010 7:55 PM : lookForMedia error: The operation has timed out
5/14/2010 7:55 PM : lookForMedia error: Index was out of range. Must be non-negative and less than the size of the collection.
Parameter name: index
5/14/2010 7:55 PM : lookForMedia error: Index was out of range. Must be non-negative and less than the size of the collection.
Parameter name: index
5/14/2010 7:55 PM : lookForMedia error: The operation has timed out
5/14/2010 7:55 PM : lookForMedia error: The operation has timed out
5/14/2010 7:55 PM : lookForMedia error: The operation has timed out
5/14/2010 7:55 PM : lookForMedia error: The operation has timed out
5/14/2010 7:55 PM : lookForMedia error: The operation has timed out
5/14/2010 7:55 PM : lookForMedia error: The operation has timed out
5/14/2010 7:55 PM : lookForMedia error: The operation has timed out
5/14/2010 7:55 PM : lookForMedia error: The operation has timed out
5/14/2010 7:55 PM : lookForMedia error: The operation has timed out
5/14/2010 7:55 PM : lookForMedia error: The operation has timed out
5/14/2010 7:55 PM : lookForMedia error: Index was out of range. Must be non-negative and less than the size of the collection.
Parameter name: index
5/14/2010 7:55 PM : lookForMedia error: The operation has timed out
5/14/2010 7:55 PM : lookForMedia error: The operation has timed out
5/14/2010 7:55 PM : lookForMedia error: The operation has timed out
5/14/2010 7:55 PM : lookForMedia error: The operation has timed out
5/14/2010 7:55 PM : lookForMedia error: The operation has timed out
5/14/2010 7:55 PM : lookForMedia error: The operation has timed out
5/14/2010 7:55 PM : lookForMedia error: The operation has timed out
5/14/2010 7:55 PM : lookForMedia error: The operation has timed out
5/14/2010 7:55 PM : lookForMedia error: Index was out of range. Must be non-negative and less than the size of the collection.
Parameter name: index
5/14/2010 7:55 PM : lookForMedia error: The operation has timed out
5/14/2010 7:55 PM : lookForMedia error: The operation has timed out
5/14/2010 7:55 PM : lookForMedia error: The operation has timed out
5/14/2010 7:55 PM : lookForMedia error: Index was out of range. Must be non-negative and less than the size of the collection.
Parameter name: index
5/14/2010 7:55 PM : lookForMedia error: The operation has timed out
5/14/2010 7:55 PM : lookForMedia error: The operation has timed out
5/14/2010 7:55 PM : lookForMedia error: The operation has timed out
5/14/2010 7:55 PM : lookForMedia error: The operation has timed out
5/14/2010 7:55 PM : lookForMedia error: The operation has timed out
5/14/2010 7:55 PM : lookForMedia error: The operation has timed out
5/14/2010 7:55 PM : lookForMedia error: The operation has timed out
5/14/2010 7:55 PM : lookForMedia error: The operation has timed out
5/14/2010 7:55 PM : lookForMedia error: The operation has timed out
5/14/2010 7:55 PM : lookForMedia error: The operation has timed out
5/14/2010 7:55 PM : lookForMedia error: The operation has timed out
5/14/2010 7:55 PM : lookForMedia error: The operation has timed out
5/14/2010 7:55 PM : lookForMedia error: The operation has timed out
5/14/2010 7:55 PM : lookForMedia error: The operation has timed out
5/14/2010 7:55 PM : lookForMedia error: The operation has timed out
5/14/2010 7:55 PM : lookForMedia error: Index was out of range. Must be non-negative and less than the size of the collection.
Parameter name: index
5/14/2010 7:55 PM : lookForMedia error: The operation has timed out
5/14/2010 7:55 PM : lookForMedia error: The operation has timed out
5/14/2010 7:55 PM : lookForMedia error: Index was out of range. Must be non-negative and less than the size of the collection.
Parameter name: index
5/14/2010 7:55 PM : lookForMedia error: Index was out of range. Must be non-negative and less than the size of the collection.
Parameter name: index
5/14/2010 7:55 PM : lookForMedia error: The operation has timed out
5/14/2010 7:55 PM : lookForMedia error: Index was out of range. Must be non-negative and less than the size of the collection.
Parameter name: index
5/14/2010 7:55 PM : lookForMedia error: The operation has timed out
5/14/2010 7:55 PM : lookForMedia error: Index was out of range. Must be non-negative and less than the size of the collection.
Parameter name: index
5/14/2010 7:55 PM : lookForMedia error: The operation has timed out
5/14/2010 7:55 PM : lookForMedia error: The operation has timed out
5/14/2010 7:55 PM : lookForMedia error: The operation has timed out
5/14/2010 7:55 PM : lookForMedia error: The operation has timed out
5/14/2010 7:55 PM : lookForMedia error: The operation has timed out
5/14/2010 7:55 PM : lookForMedia error: The operation has timed out
5/14/2010 7:55 PM : lookForMedia error: The operation has timed out
5/14/2010 7:55 PM : lookForMedia error: The operation has timed out
5/14/2010 7:55 PM : lookForMedia error: The operation has timed out
5/14/2010 7:55 PM : lookForMedia error: The operation has timed out
5/14/2010 7:55 PM : lookForMedia error: Index was out of range. Must be non-negative and less than the size of the collection.
Parameter name: index
5/14/2010 7:55 PM : lookForMedia error: The operation has timed out
5/14/2010 7:55 PM : lookForMedia error: Index was out of range. Must be non-negative and less than the size of the collection.
Parameter name: index
5/14/2010 7:55 PM : lookForMedia error: The operation has timed out
5/14/2010 7:55 PM : lookForMedia error: The operation has timed out
5/14/2010 7:55 PM : lookForMedia error: The operation has timed out
5/14/2010 7:55 PM : lookForMedia error: The operation has timed out
5/14/2010 7:55 PM : lookForMedia error: The operation has timed out
5/14/2010 7:55 PM : lookForMedia error: The operation has timed out
5/14/2010 7:55 PM : lookForMedia error: Index was out of range. Must be non-negative and less than the size of the collection.
Parameter name: index
5/14/2010 7:55 PM : lookForMedia error: The operation has timed out
5/14/2010 7:55 PM : lookForMedia error: The operation has timed out
5/14/2010 7:55 PM : lookForMedia error: The operation has timed out
5/14/2010 7:55 PM : lookForMedia error: The operation has timed out
5/14/2010 7:55 PM : lookForMedia error: Index was out of range. Must be non-negative and less than the size of the collection.
Parameter name: index
5/14/2010 7:55 PM : lookForMedia error: The operation has timed out
5/14/2010 7:55 PM : lookForMedia error: The operation has timed out
5/14/2010 7:55 PM : lookForMedia error: The operation has timed out
5/14/2010 7:55 PM : lookForMedia error: The operation has timed out
5/14/2010 7:55 PM : lookForMedia error: The operation has timed out
5/14/2010 7:55 PM : lookForMedia error: The operation has timed out
5/14/2010 7:55 PM : lookForMedia error: The operation has timed out
5/14/2010 7:55 PM : lookForMedia error: The operation has timed out
5/14/2010 7:55 PM : lookForMedia error: The operation has timed out
5/14/2010 7:55 PM : lookForMedia error: The operation has timed out
5/14/2010 7:55 PM : lookForMedia error: The operation has timed out
5/14/2010 7:55 PM : lookForMedia error: Index was out of range. Must be non-negative and less than the size of the collection.
Parameter name: index
5/14/2010 7:55 PM : lookForMedia error: The operation has timed out
5/14/2010 7:55 PM : lookForMedia error: The operation has timed out
5/14/2010 7:55 PM : lookForMedia error: The operation has timed out
5/14/2010 7:55 PM : lookForMedia error: The operation has timed out
5/14/2010 7:55 PM : lookForMedia error: The operation has timed out
5/14/2010 7:55 PM : lookForMedia error: Index was out of range. Must be non-negative and less than the size of the collection.
Parameter name: index
5/14/2010 7:55 PM : lookForMedia error: The operation has timed out
5/14/2010 7:55 PM : lookForMedia error: Index was out of range. Must be non-negative and less than the size of the collection.
Parameter name: index
5/14/2010 7:55 PM : lookForMedia error: The operation has timed out
5/14/2010 7:55 PM : lookForMedia error: The operation has timed out
5/14/2010 7:55 PM : lookForMedia error: The operation has timed out
5/14/2010 7:55 PM : lookForMedia error: Index was out of range. Must be non-negative and less than the size of the collection.
Parameter name: index
5/14/2010 7:55 PM : lookForMedia error: The operation has timed out
5/14/2010 7:55 PM : lookForMedia error: The operation has timed out
5/14/2010 7:55 PM : lookForMedia error: The operation has timed out
5/14/2010 7:55 PM : lookForMedia error: The operation has timed out
5/14/2010 7:55 PM : lookForMedia error: The operation has timed out
5/14/2010 7:55 PM : lookForMedia error: The operation has timed out
5/14/2010 7:55 PM : lookForMedia error: Index was out of range. Must be non-negative and less than the size of the collection.
Parameter name: index
5/14/2010 7:55 PM : lookForMedia error: The operation has timed out
5/14/2010 7:55 PM : lookForMedia error: The operation has timed out
5/14/2010 7:55 PM : lookForMedia error: The operation has timed out
5/14/2010 7:55 PM : lookForMedia error: The operation has timed out
5/14/2010 7:55 PM : lookForMedia error: Index was out of range. Must be non-negative and less than the size of the collection.
Parameter name: index
5/14/2010 7:55 PM : lookForMedia error: The operation has timed out
5/14/2010 7:55 PM : lookForMedia error: The operation has timed out
5/14/2010 7:55 PM : lookForMedia error: The operation has timed out
5/14/2010 7:55 PM : lookForMedia error: The operation has timed out
5/14/2010 7:55 PM : lookForMedia error: The operation has timed out
5/14/2010 7:55 PM : lookForMedia error: The operation has timed out
5/14/2010 7:55 PM : lookForMedia error: The operation has timed out
5/14/2010 7:55 PM : lookForMedia error: The operation has timed out
5/14/2010 7:55 PM : lookForMedia error: The operation has timed out
5/14/2010 7:55 PM : lookForMedia error: The operation has timed out
5/14/2010 7:55 PM : lookForMedia error: The operation has timed out
5/14/2010 7:55 PM : lookForMedia error: The operation has timed out
5/14/2010 7:55 PM : lookForMedia error: The operation has timed out
5/14/2010 7:55 PM : lookForMedia error: The operation has timed out
5/14/2010 7:55 PM : lookForMedia error: The operation has timed out
5/14/2010 7:55 PM : lookForMedia error: The operation has timed out
5/14/2010 7:55 PM : lookForMedia error: The operation has timed out
5/14/2010 7:55 PM : lookForMedia error: Index was out of range. Must be non-negative and less than the size of the collection.
Parameter name: index
5/14/2010 7:55 PM : lookForMedia error: The operation has timed out
5/14/2010 7:55 PM : lookForMedia error: The operation has timed out
5/14/2010 7:55 PM : lookForMedia error: The operation has timed out
5/14/2010 7:55 PM : lookForMedia error: The operation has timed out
5/14/2010 7:55 PM : lookForMedia error: The operation has timed out
5/14/2010 7:55 PM : lookForMedia error: The operation has timed out
5/14/2010 7:55 PM : lookForMedia error: The operation has timed out
5/14/2010 7:55 PM : lookForMedia error: The operation has timed out
5/14/2010 7:55 PM : lookForMedia error: Index was out of range. Must be non-negative and less than the size of the collection.
Parameter name: index
5/14/2010 7:55 PM : lookForMedia error: The operation has timed out
5/14/2010 7:55 PM : lookForMedia error: The operation has timed out
5/14/2010 7:55 PM : lookForMedia error: The operation has timed out
5/14/2010 7:55 PM : lookForMedia error: The operation has timed out
5/14/2010 7:55 PM : lookForMedia error: The operation has timed out
5/14/2010 7:55 PM : lookForMedia error: Index was out of range. Must be non-negative and less than the size of the collection.
Parameter name: index
5/14/2010 7:55 PM : lookForMedia error: The operation has timed out
5/14/2010 7:56 PM : lookForMedia error: The operation has timed out
5/14/2010 7:56 PM : lookForMedia error: The operation has timed out
5/14/2010 7:56 PM : lookForMedia error: The operation has timed out
5/14/2010 7:56 PM : lookForMedia error: Index was out of range. Must be non-negative and less than the size of the collection.
Parameter name: index
5/14/2010 7:56 PM : lookForMedia error: The operation has timed out
5/14/2010 7:56 PM : lookForMedia error: The operation has timed out
5/14/2010 7:56 PM : lookForMedia error: The operation has timed out
5/14/2010 7:56 PM : lookForMedia error: Index was out of range. Must be non-negative and less than the size of the collection.
Parameter name: index
5/14/2010 7:56 PM : lookForMedia error: The operation has timed out
5/14/2010 7:56 PM : lookForMedia error: The operation has timed out
5/14/2010 7:56 PM : lookForMedia error: The operation has timed out
5/14/2010 7:56 PM : lookForMedia error: The operation has timed out
5/14/2010 7:56 PM : lookForMedia error: The operation has timed out
5/14/2010 7:56 PM : lookForMedia error: The operation has timed out
5/14/2010 7:56 PM : lookForMedia error: The operation has timed out
5/14/2010 7:56 PM : lookForMedia error: The operation has timed out
5/14/2010 7:56 PM : lookForMedia error: The operation has timed out
5/14/2010 7:56 PM : lookForMedia error: The operation has timed out
5/14/2010 7:56 PM : lookForMedia error: The operation has timed out
5/14/2010 7:56 PM : lookForMedia error: The operation has timed out
5/14/2010 7:56 PM : lookForMedia error: The operation has timed out
5/14/2010 7:56 PM : lookForMedia error: The operation has timed out
5/14/2010 7:56 PM : lookForMedia error: The operation has timed out
5/14/2010 7:56 PM : lookForMedia error: The operation has timed out
5/14/2010 7:56 PM : lookForMedia error: The operation has timed out
5/14/2010 7:56 PM : lookForMedia error: The operation has timed out
5/14/2010 7:56 PM : lookForMedia error: The operation has timed out
5/14/2010 7:56 PM : lookForMedia error: The operation has timed out
5/14/2010 7:56 PM : lookForMedia error: Index was out of range. Must be non-negative and less than the size of the collection.
Parameter name: index
5/14/2010 7:56 PM : lookForMedia error: The operation has timed out
5/14/2010 7:56 PM : lookForMedia error: The operation has timed out
5/14/2010 7:56 PM : lookForMedia error: The operation has timed out
5/14/2010 7:56 PM : lookForMedia error: The operation has timed out
5/14/2010 7:56 PM : lookForMedia error: The operation has timed out
5/14/2010 7:56 PM : lookForMedia error: The operation has timed out
5/14/2010 7:56 PM : lookForMedia error: The operation has timed out
5/14/2010 7:56 PM : lookForMedia error: The operation has timed out
5/14/2010 7:56 PM : lookForMedia error: The operation has timed out
5/14/2010 7:56 PM : lookForMedia error: Index was out of range. Must be non-negative and less than the size of the collection.
Parameter name: index
5/14/2010 7:56 PM : lookForMedia error: The operation has timed out
5/14/2010 7:56 PM : lookForMedia error: Index was out of range. Must be non-negative and less than the size of the collection.
Parameter name: index
5/14/2010 7:56 PM : lookForMedia error: The operation has timed out
5/14/2010 7:56 PM : lookForMedia error: Index was out of range. Must be non-negative and less than the size of the collection.
Parameter name: index
5/14/2010 7:56 PM : lookForMedia error: The operation has timed out
5/14/2010 7:56 PM : lookForMedia error: The operation has timed out
5/14/2010 7:56 PM : lookForMedia error: The operation has timed out
5/14/2010 7:56 PM : lookForMedia error: The operation has timed out
5/14/2010 7:56 PM : lookForMedia error: The operation has timed out
5/14/2010 7:56 PM : lookForMedia error: Index was out of range. Must be non-negative and less than the size of the collection.
Parameter name: index
5/14/2010 7:56 PM : lookForMedia error: The operation has timed out
5/14/2010 7:56 PM : lookForMedia error: The operation has timed out
5/14/2010 7:56 PM : lookForMedia error: The operation has timed out
5/14/2010 7:56 PM : lookForMedia error: The operation has timed out
5/14/2010 7:56 PM : lookForMedia error: Index was out of range. Must be non-negative and less than the size of the collection.
Parameter name: index
5/14/2010 7:56 PM : lookForMedia error: The operation has timed out
5/14/2010 7:56 PM : lookForMedia error: Index was out of range. Must be non-negative and less than the size of the collection.
Parameter name: index
5/14/2010 7:56 PM : lookForMedia error: The operation has timed out
5/14/2010 7:56 PM : lookForMedia error: The operation has timed out
5/14/2010 7:56 PM : lookForMedia error: The operation has timed out
5/14/2010 7:56 PM : lookForMedia error: Index was out of range. Must be non-negative and less than the size of the collection.
Parameter name: index
5/14/2010 7:56 PM : lookForMedia error: The operation has timed out
5/14/2010 7:56 PM : lookForMedia error: The operation has timed out
5/14/2010 7:56 PM : lookForMedia error: The operation has timed out
5/14/2010 7:56 PM : lookForMedia error: The operation has timed out
5/14/2010 7:56 PM : lookForMedia error: The operation has timed out
5/14/2010 7:56 PM : lookForMedia error: The operation has timed out
5/14/2010 7:56 PM : lookForMedia error: The operation has timed out
5/14/2010 7:56 PM : lookForMedia error: The operation has timed out
5/14/2010 7:56 PM : lookForMedia error: The operation has timed out
5/14/2010 7:56 PM : lookForMedia error: The operation has timed out
5/14/2010 7:56 PM : lookForMedia error: The operation has timed out
5/14/2010 7:56 PM : lookForMedia error: The operation has timed out
5/14/2010 7:56 PM : lookForMedia error: The operation has timed out
5/14/2010 7:56 PM : lookForMedia error: The operation has timed out
5/14/2010 7:56 PM : lookForMedia error: The operation has timed out
5/14/2010 7:56 PM : lookForMedia error: The operation has timed out
5/14/2010 7:56 PM : lookForMedia error: The operation has timed out
5/14/2010 7:56 PM : lookForMedia error: The operation has timed out
5/14/2010 7:56 PM : lookForMedia error: The operation has timed out
5/14/2010 7:56 PM : lookForMedia error: The operation has timed out
5/14/2010 7:56 PM : lookForMedia error: The operation has timed out
5/14/2010 7:56 PM : lookForMedia error: The operation has timed out
5/14/2010 7:56 PM : lookForMedia error: The operation has timed out
5/14/2010 7:56 PM : lookForMedia error: The operation has timed out
5/14/2010 7:56 PM : lookForMedia error: The operation has timed out
5/14/2010 7:56 PM : lookForMedia error: The operation has timed out
5/14/2010 7:56 PM : lookForMedia error: The operation has timed out
5/14/2010 7:56 PM : lookForMedia error: The operation has timed out
5/14/2010 7:56 PM : lookForMedia error: The operation has timed out
5/14/2010 7:56 PM : lookForMedia error: The operation has timed out
5/14/2010 7:56 PM : lookForMedia error: Index was out of range. Must be non-negative and less than the size of the collection.
Parameter name: index
5/14/2010 7:56 PM : lookForMedia error: The operation has timed out
5/14/2010 7:56 PM : lookForMedia error: The operation has timed out
5/14/2010 7:56 PM : lookForMedia error: The operation has timed out
5/14/2010 7:56 PM : lookForMedia error: Index was out of range. Must be non-negative and less than the size of the collection.
Parameter name: index
5/14/2010 7:56 PM : lookForMedia error: The operation has timed out
5/14/2010 7:56 PM : lookForMedia error: The operation has timed out
5/14/2010 7:56 PM : lookForMedia error: The operation has timed out
5/14/2010 7:56 PM : lookForMedia error: The operation has timed out
5/14/2010 7:56 PM : lookForMedia error: The operation has timed out
5/14/2010 7:56 PM : lookForMedia error: The operation has timed out
5/14/2010 7:56 PM : lookForMedia error: The operation has timed out
5/14/2010 7:56 PM : lookForMedia error: The operation has timed out
5/14/2010 7:56 PM : lookForMedia error: The operation has timed out
5/14/2010 7:56 PM : lookForMedia error: Index was out of range. Must be non-negative and less than the size of the collection.
Parameter name: index
5/14/2010 7:56 PM : lookForMedia error: The operation has timed out
5/14/2010 7:56 PM : lookForMedia error: The operation has timed out
5/14/2010 7:56 PM : lookForMedia error: Index was out of range. Must be non-negative and less than the size of the collection.
Parameter name: index
5/14/2010 7:56 PM : lookForMedia error: Index was out of range. Must be non-negative and less than the size of the collection.
Parameter name: index
5/14/2010 7:56 PM : lookForMedia error: The operation has timed out
5/14/2010 7:56 PM : lookForMedia error: Index was out of range. Must be non-negative and less than the size of the collection.
Parameter name: index
5/14/2010 7:56 PM : lookForMedia error: The operation has timed out
5/14/2010 7:56 PM : lookForMedia error: The operation has timed out
5/14/2010 7:56 PM : lookForMedia error: The operation has timed out
5/14/2010 7:56 PM : lookForMedia error: The operation has timed out
5/14/2010 7:56 PM : lookForMedia error: The operation has timed out
5/14/2010 7:56 PM : lookForMedia error: Index was out of range. Must be non-negative and less than the size of the collection.
Parameter name: index
5/14/2010 7:56 PM : lookForMedia error: The operation has timed out
5/14/2010 7:56 PM : lookForMedia error: The operation has timed out
5/14/2010 7:56 PM : lookForMedia error: The operation has timed out
5/14/2010 7:56 PM : lookForMedia error: The operation has timed out
5/14/2010 7:56 PM : lookForMedia error: The operation has timed out
5/14/2010 7:56 PM : lookForMedia error: The operation has timed out
5/14/2010 7:56 PM : lookForMedia error: The operation has timed out
5/14/2010 7:56 PM : lookForMedia error: The operation has timed out
5/14/2010 7:56 PM : lookForMedia error: The operation has timed out
5/14/2010 7:56 PM : lookForMedia error: The operation has timed out
5/14/2010 7:56 PM : lookForMedia error: The operation has timed out
5/14/2010 7:56 PM : lookForMedia error: The operation has timed out
5/14/2010 7:56 PM : lookForMedia error: The operation has timed out
5/14/2010 7:56 PM : lookForMedia error: The operation has timed out
5/14/2010 7:56 PM : lookForMedia error: The operation has timed out
5/14/2010 7:56 PM : lookForMedia error: The operation has timed out
5/14/2010 7:56 PM : lookForMedia error: The operation has timed out
5/14/2010 7:56 PM : lookForMedia error: Index was out of range. Must be non-negative and less than the size of the collection.
Parameter name: index
5/14/2010 7:56 PM : lookForMedia error: The operation has timed out
5/14/2010 7:56 PM : lookForMedia error: The operation has timed out
5/14/2010 7:56 PM : lookForMedia error: The operation has timed out
5/14/2010 7:56 PM : lookForMedia error: Index was out of range. Must be non-negative and less than the size of the collection.
Parameter name: index
5/14/2010 7:56 PM : lookForMedia error: The operation has timed out
5/14/2010 7:56 PM : lookForMedia error: The operation has timed out
5/14/2010 7:56 PM : lookForMedia error: The operation has timed out
5/14/2010 7:56 PM : lookForMedia error: The operation has timed out
5/14/2010 7:56 PM : lookForMedia error: The operation has timed out
5/14/2010 7:56 PM : lookForMedia error: The operation has timed out
5/14/2010 7:56 PM : lookForMedia error: The operation has timed out
5/14/2010 7:56 PM : lookForMedia error: The operation has timed out
5/14/2010 7:56 PM : lookForMedia error: The operation has timed out
5/14/2010 7:56 PM : lookForMedia error: The operation has timed out
5/14/2010 7:56 PM : lookForMedia error: The operation has timed out
5/14/2010 7:56 PM : lookForMedia error: The operation has timed out
5/14/2010 7:56 PM : lookForMedia error: The operation has timed out
5/14/2010 7:56 PM : lookForMedia error: The operation has timed out
5/14/2010 7:56 PM : lookForMedia error: The operation has timed out
5/14/2010 7:56 PM : lookForMedia error: The operation has timed out
5/14/2010 7:56 PM : lookForMedia error: The operation has timed out
5/14/2010 7:56 PM : lookForMedia error: The operation has timed out
5/14/2010 7:56 PM : lookForMedia error: The operation has timed out
5/14/2010 7:56 PM : lookForMedia error: The operation has timed out
5/14/2010 7:56 PM : lookForMedia error: The operation has timed out
5/14/2010 7:56 PM : lookForMedia error: The operation has timed out
5/14/2010 7:56 PM : lookForMedia error: The operation has timed out
5/14/2010 7:56 PM : lookForMedia error: The operation has timed out
5/14/2010 7:56 PM : lookForMedia error: The operation has timed out
5/14/2010 7:56 PM : lookForMedia error: The operation has timed out
5/14/2010 7:56 PM : lookForMedia error: The operation has timed out
5/14/2010 7:56 PM : lookForMedia error: Index was out of range. Must be non-negative and less than the size of the collection.
Parameter name: index
5/14/2010 7:56 PM : lookForMedia error: Index was out of range. Must be non-negative and less than the size of the collection.
Parameter name: index
5/14/2010 7:56 PM : lookForMedia error: The operation has timed out
5/14/2010 7:56 PM : lookForMedia error: The operation has timed out
5/14/2010 7:56 PM : lookForMedia error: The operation has timed out
5/14/2010 7:56 PM : lookForMedia error: The operation has timed out
5/14/2010 7:56 PM : lookForMedia error: The operation has timed out
5/14/2010 7:56 PM : lookForMedia error: The operation has timed out
5/14/2010 7:56 PM : lookForMedia error: The operation has timed out
5/14/2010 7:56 PM : lookForMedia error: The operation has timed out
5/14/2010 7:56 PM : lookForMedia error: The operation has timed out
5/14/2010 7:56 PM : lookForMedia error: The operation has timed out
5/14/2010 7:56 PM : lookForMedia error: The operation has timed out
5/14/2010 7:56 PM : lookForMedia error: The operation has timed out
5/14/2010 7:56 PM : lookForMedia error: The operation has timed out
5/14/2010 7:56 PM : lookForMedia error: The operation has timed out
5/14/2010 7:56 PM : lookForMedia error: The operation has timed out
5/14/2010 7:56 PM : lookForMedia error: Index was out of range. Must be non-negative and less than the size of the collection.
Parameter name: index
5/14/2010 7:56 PM : lookForMedia error: The operation has timed out
5/14/2010 7:56 PM : lookForMedia error: The operation has timed out
5/14/2010 7:56 PM : lookForMedia error: Index was out of range. Must be non-negative and less than the size of the collection.
Parameter name: index
5/14/2010 7:56 PM : lookForMedia error: The operation has timed out
5/14/2010 7:56 PM : lookForMedia error: The operation has timed out
5/14/2010 7:56 PM : lookForMedia error: Index was out of range. Must be non-negative and less than the size of the collection.
Parameter name: index
5/14/2010 7:56 PM : lookForMedia error: The operation has timed out
5/14/2010 7:57 PM : lookForMedia error: The operation has timed out
5/14/2010 7:57 PM : lookForMedia error: The operation has timed out
5/14/2010 7:57 PM : lookForMedia error: The operation has timed out
5/14/2010 7:57 PM : lookForMedia error: The remote server returned an error: (503) Server Unavailable.
5/14/2010 7:57 PM : lookForMedia error: The operation has timed out
5/14/2010 7:57 PM : lookForMedia error: Index was out of range. Must be non-negative and less than the size of the collection.
Parameter name: index
5/14/2010 7:57 PM : lookForMedia error: The operation has timed out
5/14/2010 7:57 PM : lookForMedia error: The operation has timed out
5/14/2010 7:57 PM : lookForMedia error: The operation has timed out
5/14/2010 7:57 PM : lookForMedia error: The operation has timed out
5/14/2010 7:57 PM : lookForMedia error: The operation has timed out
5/14/2010 7:57 PM : lookForMedia error: Index was out of range. Must be non-negative and less than the size of the collection.
Parameter name: index
5/14/2010 7:57 PM : lookForMedia error: The operation has timed out
5/14/2010 7:57 PM : lookForMedia error: The operation has timed out
5/14/2010 7:57 PM : lookForMedia error: The operation has timed out
5/14/2010 7:57 PM : lookForMedia error: Index was out of range. Must be non-negative and less than the size of the collection.
Parameter name: index
5/14/2010 7:57 PM : lookForMedia error: The operation has timed out
5/14/2010 7:57 PM : lookForMedia error: The operation has timed out
5/14/2010 7:57 PM : lookForMedia error: The operation has timed out
5/14/2010 7:57 PM : lookForMedia error: Index was out of range. Must be non-negative and less than the size of the collection.
Parameter name: index
5/14/2010 7:57 PM : lookForMedia error: The operation has timed out
5/14/2010 7:57 PM : lookForMedia error: The operation has timed out
5/14/2010 7:57 PM : lookForMedia error: The operation has timed out
5/14/2010 7:57 PM : lookForMedia error: The operation has timed out
5/14/2010 7:57 PM : lookForMedia error: The operation has timed out
5/14/2010 7:57 PM : lookForMedia error: The operation has timed out
5/14/2010 7:57 PM : lookForMedia error: Index was out of range. Must be non-negative and less than the size of the collection.
Parameter name: index
5/14/2010 7:57 PM : lookForMedia error: The operation has timed out
5/14/2010 7:57 PM : lookForMedia error: The operation has timed out
5/14/2010 7:57 PM : lookForMedia error: Index was out of range. Must be non-negative and less than the size of the collection.
Parameter name: index
5/14/2010 7:57 PM : lookForMedia error: The operation has timed out
5/14/2010 7:57 PM : lookForMedia error: Index was out of range. Must be non-negative and less than the size of the collection.
Parameter name: index
5/14/2010 7:57 PM : lookForMedia error: Index was out of range. Must be non-negative and less than the size of the collection.
Parameter name: index
5/14/2010 7:57 PM : lookForMedia error: The operation has timed out
5/14/2010 7:57 PM : lookForMedia error: The operation has timed out
5/14/2010 7:57 PM : lookForMedia error: The operation has timed out
5/14/2010 7:57 PM : lookForMedia error: The operation has timed out
5/14/2010 7:57 PM : lookForMedia error: The operation has timed out
5/14/2010 7:57 PM : lookForMedia error: The operation has timed out
5/14/2010 7:57 PM : lookForMedia error: Index was out of range. Must be non-negative and less than the size of the collection.
Parameter name: index
5/14/2010 7:57 PM : lookForMedia error: The operation has timed out
5/14/2010 7:57 PM : lookForMedia error: The operation has timed out
5/14/2010 7:57 PM : lookForMedia error: The operation has timed out
5/14/2010 7:57 PM : lookForMedia error: The operation has timed out
5/14/2010 7:57 PM : lookForMedia error: The operation has timed out
5/14/2010 7:57 PM : lookForMedia error: Index was out of range. Must be non-negative and less than the size of the collection.
Parameter name: index
5/14/2010 7:57 PM : lookForMedia error: The operation has timed out
5/14/2010 7:57 PM : lookForMedia error: The operation has timed out
5/14/2010 7:57 PM : lookForMedia error: The operation has timed out
5/14/2010 7:57 PM : lookForMedia error: The operation has timed out
5/14/2010 7:57 PM : lookForMedia error: The operation has timed out
5/14/2010 7:57 PM : lookForMedia error: Index was out of range. Must be non-negative and less than the size of the collection.
Parameter name: index
5/14/2010 7:57 PM : lookForMedia error: The operation has timed out
5/14/2010 7:57 PM : lookForMedia error: The operation has timed out
5/14/2010 7:57 PM : lookForMedia error: The operation has timed out
5/14/2010 7:57 PM : lookForMedia error: The operation has timed out
5/14/2010 7:57 PM : lookForMedia error: Index was out of range. Must be non-negative and less than the size of the collection.
Parameter name: index
5/14/2010 7:57 PM : lookForMedia error: The operation has timed out
5/14/2010 7:57 PM : lookForMedia error: The operation has timed out
5/14/2010 7:57 PM : lookForMedia error: The operation has timed out
5/14/2010 7:57 PM : lookForMedia error: The operation has timed out
5/14/2010 7:57 PM : lookForMedia error: The operation has timed out
5/14/2010 7:57 PM : lookForMedia error: The operation has timed out
5/14/2010 7:57 PM : lookForMedia error: Index was out of range. Must be non-negative and less than the size of the collection.
Parameter name: index
5/14/2010 7:57 PM : lookForMedia error: The operation has timed out
5/14/2010 7:57 PM : lookForMedia error: The operation has timed out
5/14/2010 7:57 PM : lookForMedia error: The operation has timed out
5/14/2010 7:57 PM : lookForMedia error: The operation has timed out
5/14/2010 7:57 PM : lookForMedia error: The operation has timed out
5/14/2010 7:57 PM : lookForMedia error: The operation has timed out
5/14/2010 7:57 PM : lookForMedia error: The operation has timed out
5/14/2010 7:57 PM : lookForMedia error: The operation has timed out
5/14/2010 7:57 PM : lookForMedia error: Index was out of range. Must be non-negative and less than the size of the collection.
Parameter name: index
5/14/2010 7:57 PM : lookForMedia error: The operation has timed out
5/14/2010 7:57 PM : lookForMedia error: The operation has timed out
5/14/2010 7:57 PM : lookForMedia error: The operation has timed out
5/14/2010 7:57 PM : lookForMedia error: Index was out of range. Must be non-negative and less than the size of the collection.
Parameter name: index
5/14/2010 7:57 PM : lookForMedia error: The operation has timed out
5/14/2010 7:57 PM : lookForMedia error: The operation has timed out
5/14/2010 7:57 PM : lookForMedia error: The operation has timed out
5/14/2010 7:57 PM : lookForMedia error: Index was out of range. Must be non-negative and less than the size of the collection.
Parameter name: index
5/14/2010 7:57 PM : lookForMedia error: The operation has timed out
5/14/2010 7:57 PM : lookForMedia error: The operation has timed out
5/14/2010 7:57 PM : lookForMedia error: The operation has timed out
5/14/2010 7:57 PM : lookForMedia error: The operation has timed out
5/14/2010 7:57 PM : lookForMedia error: The operation has timed out
5/14/2010 7:57 PM : lookForMedia error: Index was out of range. Must be non-negative and less than the size of the collection.
Parameter name: index
5/14/2010 7:57 PM : lookForMedia error: The operation has timed out
5/14/2010 7:57 PM : lookForMedia error: The operation has timed out
5/14/2010 7:57 PM : lookForMedia error: The operation has timed out
5/14/2010 7:57 PM : lookForMedia error: The operation has timed out
5/14/2010 7:57 PM : lookForMedia error: The operation has timed out
5/14/2010 7:57 PM : lookForMedia error: The operation has timed out
5/14/2010 7:57 PM : lookForMedia error: The operation has timed out
5/14/2010 7:57 PM : lookForMedia error: The operation has timed out
5/14/2010 7:57 PM : lookForMedia error: The operation has timed out
5/14/2010 7:57 PM : lookForMedia error: The operation has timed out
5/14/2010 7:57 PM : lookForMedia error: The operation has timed out
5/14/2010 7:57 PM : lookForMedia error: The operation has timed out
5/14/2010 7:57 PM : lookForMedia error: The operation has timed out
5/14/2010 7:57 PM : lookForMedia error: The operation has timed out
5/14/2010 7:57 PM : lookForMedia error: The operation has timed out
5/14/2010 7:57 PM : lookForMedia error: The operation has timed out
5/14/2010 7:57 PM : lookForMedia error: The operation has timed out
5/14/2010 7:57 PM : lookForMedia error: The operation has timed out
5/14/2010 7:57 PM : lookForMedia error: The operation has timed out
5/14/2010 7:57 PM : lookForMedia error: The operation has timed out
5/14/2010 7:57 PM : lookForMedia error: The operation has timed out
5/14/2010 7:57 PM : lookForMedia error: Index was out of range. Must be non-negative and less than the size of the collection.
Parameter name: index
5/14/2010 7:57 PM : lookForMedia error: Index was out of range. Must be non-negative and less than the size of the collection.
Parameter name: index
5/14/2010 7:57 PM : lookForMedia error: The operation has timed out
5/14/2010 7:57 PM : lookForMedia error: The operation has timed out
5/14/2010 7:57 PM : lookForMedia error: The operation has timed out
5/14/2010 7:57 PM : lookForMedia error: The operation has timed out
5/14/2010 7:57 PM : lookForMedia error: The operation has timed out
5/14/2010 7:57 PM : lookForMedia error: The operation has timed out
5/14/2010 7:57 PM : lookForMedia error: The operation has timed out
5/14/2010 7:57 PM : lookForMedia error: Index was out of range. Must be non-negative and less than the size of the collection.
Parameter name: index
5/14/2010 7:57 PM : lookForMedia error: The operation has timed out
5/14/2010 7:57 PM : lookForMedia error: The operation has timed out
5/14/2010 7:57 PM : lookForMedia error: The operation has timed out
5/14/2010 7:57 PM : lookForMedia error: The operation has timed out
5/14/2010 7:57 PM : lookForMedia error: Index was out of range. Must be non-negative and less than the size of the collection.
Parameter name: index
5/14/2010 7:57 PM : lookForMedia error: The operation has timed out
5/14/2010 7:57 PM : lookForMedia error: Index was out of range. Must be non-negative and less than the size of the collection.
Parameter name: index
5/14/2010 7:57 PM : lookForMedia error: The operation has timed out
5/14/2010 7:57 PM : lookForMedia error: The operation has timed out
5/14/2010 7:57 PM : lookForMedia error: The operation has timed out
5/14/2010 7:57 PM : lookForMedia error: The operation has timed out
5/14/2010 7:57 PM : lookForMedia error: The operation has timed out
5/14/2010 7:57 PM : lookForMedia error: The operation has timed out
5/14/2010 7:57 PM : lookForMedia error: The operation has timed out
5/14/2010 7:57 PM : lookForMedia error: The operation has timed out
5/14/2010 7:57 PM : lookForMedia error: The operation has timed out
5/14/2010 7:57 PM : lookForMedia error: The operation has timed out
5/14/2010 7:57 PM : lookForMedia error: The operation has timed out
5/14/2010 7:57 PM : lookForMedia error: The operation has timed out
5/14/2010 7:57 PM : lookForMedia error: The operation has timed out
5/14/2010 7:57 PM : lookForMedia error: The operation has timed out
5/14/2010 7:57 PM : lookForMedia error: The operation has timed out
5/14/2010 7:57 PM : lookForMedia error: The operation has timed out
5/14/2010 7:57 PM : lookForMedia error: The operation has timed out
5/14/2010 7:57 PM : lookForMedia error: The operation has timed out
5/14/2010 7:57 PM : lookForMedia error: The operation has timed out
5/14/2010 7:57 PM : lookForMedia error: Index was out of range. Must be non-negative and less than the size of the collection.
Parameter name: index
5/14/2010 7:57 PM : lookForMedia error: The operation has timed out
5/14/2010 7:57 PM : lookForMedia error: The operation has timed out
5/14/2010 7:57 PM : lookForMedia error: The operation has timed out
5/14/2010 7:57 PM : lookForMedia error: The operation has timed out
5/14/2010 7:57 PM : lookForMedia error: The operation has timed out
5/14/2010 7:57 PM : lookForMedia error: Index was out of range. Must be non-negative and less than the size of the collection.
Parameter name: index
5/14/2010 7:57 PM : lookForMedia error: The operation has timed out
5/14/2010 7:57 PM : lookForMedia error: The operation has timed out
5/14/2010 7:57 PM : lookForMedia error: The operation has timed out
5/14/2010 7:57 PM : lookForMedia error: The operation has timed out
5/14/2010 7:57 PM : lookForMedia error: The operation has timed out
5/14/2010 7:57 PM : lookForMedia error: The operation has timed out
5/14/2010 7:57 PM : lookForMedia error: The operation has timed out
5/14/2010 7:57 PM : lookForMedia error: The operation has timed out
5/14/2010 7:57 PM : lookForMedia error: The operation has timed out
5/14/2010 7:57 PM : lookForMedia error: The operation has timed out
5/14/2010 7:57 PM : lookForMedia error: The operation has timed out
5/14/2010 7:57 PM : lookForMedia error: Index was out of range. Must be non-negative and less than the size of the collection.
Parameter name: index
5/14/2010 7:57 PM : lookForMedia error: The operation has timed out
5/14/2010 7:57 PM : lookForMedia error: The operation has timed out
5/14/2010 7:57 PM : lookForMedia error: The operation has timed out
5/14/2010 7:57 PM : lookForMedia error: Index was out of range. Must be non-negative and less than the size of the collection.
Parameter name: index
5/14/2010 7:57 PM : lookForMedia error: The operation has timed out
5/14/2010 7:58 PM : lookForMedia error: The operation has timed out
5/14/2010 7:58 PM : lookForMedia error: The operation has timed out
5/14/2010 7:58 PM : lookForMedia error: The operation has timed out
5/14/2010 7:58 PM : lookForMedia error: The operation has timed out
5/14/2010 7:58 PM : lookForMedia error: The operation has timed out
5/14/2010 7:58 PM : lookForMedia error: The operation has timed out
5/14/2010 7:58 PM : lookForMedia error: The operation has timed out
5/14/2010 7:58 PM : lookForMedia error: The operation has timed out
5/14/2010 7:58 PM : lookForMedia error: Index was out of range. Must be non-negative and less than the size of the collection.
Parameter name: index
5/14/2010 7:58 PM : lookForMedia error: The operation has timed out
5/14/2010 7:58 PM : lookForMedia error: The operation has timed out
5/14/2010 7:58 PM : lookForMedia error: The operation has timed out
5/14/2010 7:58 PM : lookForMedia error: Index was out of range. Must be non-negative and less than the size of the collection.
Parameter name: index
5/14/2010 7:58 PM : lookForMedia error: The operation has timed out
5/14/2010 7:58 PM : lookForMedia error: The operation has timed out
5/14/2010 7:58 PM : lookForMedia error: Index was out of range. Must be non-negative and less than the size of the collection.
Parameter name: index
5/14/2010 7:58 PM : lookForMedia error: The operation has timed out
5/14/2010 7:58 PM : lookForMedia error: The operation has timed out
5/14/2010 7:58 PM : lookForMedia error: Index was out of range. Must be non-negative and less than the size of the collection.
Parameter name: index
5/14/2010 7:58 PM : lookForMedia error: The operation has timed out
5/14/2010 7:58 PM : lookForMedia error: The operation has timed out
5/14/2010 7:58 PM : lookForMedia error: The operation has timed out
5/14/2010 7:58 PM : lookForMedia error: The operation has timed out
5/14/2010 7:58 PM : lookForMedia error: The operation has timed out
5/14/2010 7:58 PM : lookForMedia error: Index was out of range. Must be non-negative and less than the size of the collection.
Parameter name: index
5/14/2010 7:58 PM : lookForMedia error: The operation has timed out
5/14/2010 7:58 PM : lookForMedia error: The operation has timed out
5/14/2010 7:58 PM : lookForMedia error: Index was out of range. Must be non-negative and less than the size of the collection.
Parameter name: index
5/14/2010 7:58 PM : lookForMedia error: The operation has timed out
5/14/2010 7:58 PM : lookForMedia error: The operation has timed out
5/14/2010 7:58 PM : lookForMedia error: The operation has timed out
5/14/2010 7:58 PM : lookForMedia error: Index was out of range. Must be non-negative and less than the size of the collection.
Parameter name: index
5/14/2010 7:58 PM : lookForMedia error: The operation has timed out
5/14/2010 7:58 PM : lookForMedia error: The operation has timed out
5/14/2010 7:58 PM : lookForMedia error: The operation has timed out
5/14/2010 7:58 PM : lookForMedia error: The operation has timed out
5/14/2010 7:58 PM : lookForMedia error: Index was out of range. Must be non-negative and less than the size of the collection.
Parameter name: index
5/14/2010 7:58 PM : lookForMedia error: The operation has timed out
5/14/2010 7:58 PM : lookForMedia error: The operation has timed out
5/14/2010 7:58 PM : lookForMedia error: The operation has timed out
5/14/2010 7:58 PM : lookForMedia error: The operation has timed out
5/14/2010 7:58 PM : lookForMedia error: The operation has timed out
5/14/2010 7:58 PM : lookForMedia error: Index was out of range. Must be non-negative and less than the size of the collection.
Parameter name: index
5/14/2010 7:58 PM : lookForMedia error: The operation has timed out
5/14/2010 7:58 PM : lookForMedia error: The operation has timed out
5/14/2010 7:58 PM : lookForMedia error: The operation has timed out
5/14/2010 7:58 PM : lookForMedia error: The operation has timed out
5/14/2010 7:58 PM : lookForMedia error: The operation has timed out
5/14/2010 7:58 PM : lookForMedia error: The operation has timed out
5/14/2010 7:58 PM : lookForMedia error: The operation has timed out
5/14/2010 7:58 PM : lookForMedia error: The operation has timed out
5/14/2010 7:58 PM : lookForMedia error: The operation has timed out
5/14/2010 7:58 PM : lookForMedia error: The operation has timed out
5/14/2010 7:58 PM : lookForMedia error: The operation has timed out
5/14/2010 7:58 PM : lookForMedia error: The operation has timed out
5/14/2010 7:58 PM : lookForMedia error: The operation has timed out
5/14/2010 7:58 PM : lookForMedia error: The operation has timed out
5/14/2010 7:58 PM : lookForMedia error: The operation has timed out
5/14/2010 7:58 PM : lookForMedia error: The operation has timed out
5/14/2010 7:58 PM : lookForMedia error: The operation has timed out
5/14/2010 7:58 PM : lookForMedia error: Index was out of range. Must be non-negative and less than the size of the collection.
Parameter name: index
5/14/2010 7:58 PM : lookForMedia error: The operation has timed out
5/14/2010 7:58 PM : lookForMedia error: The operation has timed out
5/14/2010 7:58 PM : lookForMedia error: The operation has timed out
5/14/2010 7:58 PM : lookForMedia error: The operation has timed out
5/14/2010 7:58 PM : lookForMedia error: The operation has timed out
5/14/2010 7:58 PM : lookForMedia error: Index was out of range. Must be non-negative and less than the size of the collection.
Parameter name: index
5/14/2010 7:58 PM : lookForMedia error: The operation has timed out
5/14/2010 7:58 PM : lookForMedia error: The operation has timed out
5/14/2010 7:58 PM : lookForMedia error: The operation has timed out
5/14/2010 7:58 PM : lookForMedia error: The operation has timed out
5/14/2010 7:58 PM : lookForMedia error: Index was out of range. Must be non-negative and less than the size of the collection.
Parameter name: index
5/14/2010 7:58 PM : lookForMedia error: The operation has timed out
5/14/2010 7:58 PM : lookForMedia error: The operation has timed out
5/14/2010 7:58 PM : lookForMedia error: The operation has timed out
5/14/2010 7:58 PM : lookForMedia error: The operation has timed out
5/14/2010 7:58 PM : lookForMedia error: The operation has timed out
5/14/2010 7:58 PM : lookForMedia error: The operation has timed out
5/14/2010 7:58 PM : lookForMedia error: Index was out of range. Must be non-negative and less than the size of the collection.
Parameter name: index
5/14/2010 7:58 PM : lookForMedia error: The operation has timed out
5/14/2010 7:58 PM : lookForMedia error: The operation has timed out
5/14/2010 7:58 PM : lookForMedia error: The operation has timed out
5/14/2010 7:58 PM : lookForMedia error: The operation has timed out
5/14/2010 7:58 PM : lookForMedia error: The operation has timed out
5/14/2010 7:58 PM : lookForMedia error: The operation has timed out
5/14/2010 7:58 PM : lookForMedia error: The operation has timed out
5/14/2010 7:58 PM : lookForMedia error: The operation has timed out
5/14/2010 7:58 PM : lookForMedia error: The operation has timed out
5/14/2010 7:58 PM : lookForMedia error: The operation has timed out
5/14/2010 7:58 PM : lookForMedia error: The operation has timed out
5/14/2010 7:58 PM : lookForMedia error: The operation has timed out
5/14/2010 7:58 PM : lookForMedia error: The operation has timed out
5/14/2010 7:58 PM : lookForMedia error: The operation has timed out
5/14/2010 7:58 PM : lookForMedia error: Index was out of range. Must be non-negative and less than the size of the collection.
Parameter name: index
5/14/2010 7:58 PM : lookForMedia error: The operation has timed out
5/14/2010 7:58 PM : lookForMedia error: The operation has timed out
5/14/2010 7:58 PM : lookForMedia error: The operation has timed out
5/14/2010 7:58 PM : lookForMedia error: The operation has timed out
5/14/2010 7:58 PM : lookForMedia error: The operation has timed out
5/14/2010 7:58 PM : lookForMedia error: The operation has timed out
5/14/2010 7:58 PM : lookForMedia error: The operation has timed out
5/14/2010 7:58 PM : lookForMedia error: The operation has timed out
5/14/2010 7:58 PM : lookForMedia error: The operation has timed out
5/14/2010 7:58 PM : lookForMedia error: The operation has timed out
5/14/2010 7:58 PM : lookForMedia error: The operation has timed out
5/14/2010 7:58 PM : lookForMedia error: The operation has timed out
5/14/2010 7:58 PM : lookForMedia error: The operation has timed out
5/14/2010 7:58 PM : lookForMedia error: Index was out of range. Must be non-negative and less than the size of the collection.
Parameter name: index
5/14/2010 7:58 PM : lookForMedia error: The operation has timed out
5/14/2010 7:58 PM : lookForMedia error: The operation has timed out
5/14/2010 7:58 PM : lookForMedia error: The operation has timed out
5/14/2010 7:58 PM : lookForMedia error: The operation has timed out
5/14/2010 7:58 PM : lookForMedia error: The operation has timed out
5/14/2010 7:58 PM : lookForMedia error: The operation has timed out
5/14/2010 7:58 PM : lookForMedia error: The operation has timed out
5/14/2010 7:58 PM : lookForMedia error: The operation has timed out
5/14/2010 7:58 PM : lookForMedia error: The operation has timed out
5/14/2010 7:58 PM : lookForMedia error: The operation has timed out
5/14/2010 7:58 PM : lookForMedia error: Index was out of range. Must be non-negative and less than the size of the collection.
Parameter name: index
5/14/2010 7:58 PM : lookForMedia error: Index was out of range. Must be non-negative and less than the size of the collection.
Parameter name: index
5/14/2010 7:58 PM : lookForMedia error: The operation has timed out
5/14/2010 7:58 PM : lookForMedia error: The operation has timed out
5/14/2010 7:58 PM : lookForMedia error: The operation has timed out
5/14/2010 7:58 PM : lookForMedia error: The operation has timed out
5/14/2010 7:58 PM : lookForMedia error: The operation has timed out
5/14/2010 7:58 PM : lookForMedia error: The operation has timed out
5/14/2010 7:58 PM : lookForMedia error: Index was out of range. Must be non-negative and less than the size of the collection.
Parameter name: index
5/14/2010 7:58 PM : lookForMedia error: The operation has timed out
5/14/2010 7:58 PM : lookForMedia error: The operation has timed out
5/14/2010 7:58 PM : lookForMedia error: The operation has timed out
5/14/2010 7:58 PM : lookForMedia error: The operation has timed out
5/14/2010 7:58 PM : lookForMedia error: The operation has timed out
5/14/2010 7:58 PM : lookForMedia error: The operation has timed out
5/14/2010 7:58 PM : lookForMedia error: The operation has timed out
5/14/2010 7:58 PM : lookForMedia error: The operation has timed out
5/14/2010 7:58 PM : lookForMedia error: Index was out of range. Must be non-negative and less than the size of the collection.
Parameter name: index
5/14/2010 7:58 PM : lookForMedia error: The operation has timed out
5/14/2010 7:58 PM : lookForMedia error: The operation has timed out
5/14/2010 7:58 PM : lookForMedia error: The operation has timed out
5/14/2010 7:58 PM : lookForMedia error: The operation has timed out
5/14/2010 7:58 PM : lookForMedia error: The operation has timed out
5/14/2010 7:58 PM : lookForMedia error: The operation has timed out
5/14/2010 7:58 PM : lookForMedia error: The operation has timed out
5/14/2010 7:58 PM : lookForMedia error: The operation has timed out
5/14/2010 7:58 PM : lookForMedia error: The operation has timed out
5/14/2010 7:58 PM : lookForMedia error: Index was out of range. Must be non-negative and less than the size of the collection.
Parameter name: index
5/14/2010 7:58 PM : lookForMedia error: Index was out of range. Must be non-negative and less than the size of the collection.
Parameter name: index
5/14/2010 7:58 PM : lookForMedia error: The operation has timed out
5/14/2010 7:58 PM : lookForMedia error: The operation has timed out
5/14/2010 7:58 PM : lookForMedia error: The operation has timed out
5/14/2010 7:58 PM : lookForMedia error: The operation has timed out
5/14/2010 7:58 PM : lookForMedia error: The operation has timed out
5/14/2010 7:58 PM : lookForMedia error: The operation has timed out
5/14/2010 7:58 PM : lookForMedia error: The operation has timed out
5/14/2010 7:58 PM : lookForMedia error: Index was out of range. Must be non-negative and less than the size of the collection.
Parameter name: index
5/14/2010 7:58 PM : lookForMedia error: The operation has timed out
5/14/2010 7:58 PM : lookForMedia error: Index was out of range. Must be non-negative and less than the size of the collection.
Parameter name: index
5/14/2010 7:58 PM : lookForMedia error: The operation has timed out
5/14/2010 7:58 PM : lookForMedia error: The operation has timed out
5/14/2010 7:58 PM : lookForMedia error: The operation has timed out
5/14/2010 7:58 PM : lookForMedia error: The operation has timed out
5/14/2010 7:58 PM : lookForMedia error: Index was out of range. Must be non-negative and less than the size of the collection.
Parameter name: index
5/14/2010 7:58 PM : lookForMedia error: Index was out of range. Must be non-negative and less than the size of the collection.
Parameter name: index
5/14/2010 7:58 PM : lookForMedia error: The operation has timed out
5/14/2010 7:58 PM : lookForMedia error: The operation has timed out
5/14/2010 7:58 PM : lookForMedia error: The operation has timed out
5/14/2010 7:58 PM : lookForMedia error: Index was out of range. Must be non-negative and less than the size of the collection.
Parameter name: index
5/14/2010 7:58 PM : lookForMedia error: The operation has timed out
5/14/2010 7:58 PM : lookForMedia error: The operation has timed out
5/14/2010 7:58 PM : lookForMedia error: The operation has timed out
5/14/2010 7:58 PM : lookForMedia error: The operation has timed out
5/14/2010 7:58 PM : lookForMedia error: Index was out of range. Must be non-negative and less than the size of the collection.
Parameter name: index
5/14/2010 7:58 PM : lookForMedia error: The operation has timed out
5/14/2010 7:58 PM : lookForMedia error: The operation has timed out
5/14/2010 7:58 PM : lookForMedia error: The operation has timed out
5/14/2010 7:58 PM : lookForMedia error: The operation has timed out
5/14/2010 7:58 PM : lookForMedia error: Index was out of range. Must be non-negative and less than the size of the collection.
Parameter name: index
5/14/2010 7:58 PM : lookForMedia error: The operation has timed out
5/14/2010 7:58 PM : lookForMedia error: The operation has timed out
5/14/2010 7:58 PM : lookForMedia error: The operation has timed out
5/14/2010 7:58 PM : lookForMedia error: The operation has timed out
5/14/2010 7:58 PM : lookForMedia error: The operation has timed out
5/14/2010 7:58 PM : lookForMedia error: Index was out of range. Must be non-negative and less than the size of the collection.
Parameter name: index
5/14/2010 7:58 PM : lookForMedia error: Index was out of range. Must be non-negative and less than the size of the collection.
Parameter name: index
5/14/2010 7:58 PM : lookForMedia error: The operation has timed out
5/14/2010 7:58 PM : lookForMedia error: The operation has timed out
5/14/2010 7:58 PM : lookForMedia error: The operation has timed out
5/14/2010 7:58 PM : lookForMedia error: Index was out of range. Must be non-negative and less than the size of the collection.
Parameter name: index
5/14/2010 7:58 PM : lookForMedia error: The operation has timed out
5/14/2010 7:58 PM : lookForMedia error: The operation has timed out
5/14/2010 7:58 PM : lookForMedia error: The operation has timed out
5/14/2010 7:58 PM : lookForMedia error: Index was out of range. Must be non-negative and less than the size of the collection.
Parameter name: index
5/14/2010 7:58 PM : lookForMedia error: The operation has timed out
5/14/2010 7:58 PM : lookForMedia error: The operation has timed out
5/14/2010 7:58 PM : lookForMedia error: The operation has timed out
5/14/2010 7:58 PM : lookForMedia error: Index was out of range. Must be non-negative and less than the size of the collection.
Parameter name: index
5/14/2010 7:58 PM : lookForMedia error: The operation has timed out
5/14/2010 7:58 PM : lookForMedia error: The operation has timed out
5/14/2010 7:58 PM : lookForMedia error: The operation has timed out
5/14/2010 7:58 PM : lookForMedia error: The operation has timed out
5/14/2010 7:58 PM : lookForMedia error: The operation has timed out
5/14/2010 7:58 PM : lookForMedia error: The operation has timed out
5/14/2010 7:58 PM : lookForMedia error: The operation has timed out
5/14/2010 7:58 PM : lookForMedia error: The operation has timed out
5/14/2010 7:58 PM : lookForMedia error: The operation has timed out
5/14/2010 7:58 PM : lookForMedia error: The operation has timed out
5/14/2010 7:58 PM : lookForMedia error: The operation has timed out
5/14/2010 7:58 PM : lookForMedia error: The operation has timed out
5/14/2010 7:58 PM : lookForMedia error: The operation has timed out
5/14/2010 7:58 PM : lookForMedia error: Index was out of range. Must be non-negative and less than the size of the collection.
Parameter name: index
5/14/2010 7:58 PM : lookForMedia error: The operation has timed out
5/14/2010 7:58 PM : lookForMedia error: The operation has timed out
5/14/2010 7:58 PM : lookForMedia error: The operation has timed out
5/14/2010 7:58 PM : lookForMedia error: The operation has timed out
5/14/2010 7:58 PM : lookForMedia error: Index was out of range. Must be non-negative and less than the size of the collection.
Parameter name: index
5/14/2010 7:58 PM : lookForMedia error: The operation has timed out
5/14/2010 7:58 PM : lookForMedia error: The operation has timed out
5/14/2010 7:58 PM : lookForMedia error: The operation has timed out
5/14/2010 7:58 PM : lookForMedia error: The operation has timed out
5/14/2010 7:58 PM : lookForMedia error: Index was out of range. Must be non-negative and less than the size of the collection.
Parameter name: index
5/14/2010 7:58 PM : lookForMedia error: The operation has timed out
5/14/2010 7:58 PM : lookForMedia error: The operation has timed out
5/14/2010 7:58 PM : lookForMedia error: Index was out of range. Must be non-negative and less than the size of the collection.
Parameter name: index
5/14/2010 7:58 PM : lookForMedia error: The operation has timed out
5/14/2010 7:58 PM : lookForMedia error: Index was out of range. Must be non-negative and less than the size of the collection.
Parameter name: index
5/14/2010 7:58 PM : lookForMedia error: Index was out of range. Must be non-negative and less than the size of the collection.
Parameter name: index
5/14/2010 7:58 PM : lookForMedia error: The operation has timed out
5/14/2010 7:58 PM : lookForMedia error: The operation has timed out
5/14/2010 7:58 PM : lookForMedia error: The operation has timed out
5/14/2010 7:58 PM : lookForMedia error: Index was out of range. Must be non-negative and less than the size of the collection.
Parameter name: index
5/14/2010 7:58 PM : lookForMedia error: Index was out of range. Must be non-negative and less than the size of the collection.
Parameter name: index
5/14/2010 7:59 PM : lookForMedia error: The operation has timed out
5/14/2010 7:59 PM : lookForMedia error: The operation has timed out
5/14/2010 7:59 PM : lookForMedia error: The operation has timed out
5/14/2010 7:59 PM : lookForMedia error: The operation has timed out
5/14/2010 7:59 PM : lookForMedia error: The operation has timed out
5/14/2010 7:59 PM : lookForMedia error: The operation has timed out
5/14/2010 7:59 PM : lookForMedia error: The operation has timed out
5/14/2010 7:59 PM : lookForMedia error: The operation has timed out
5/14/2010 7:59 PM : lookForMedia error: The operation has timed out
5/14/2010 7:59 PM : lookForMedia error: The operation has timed out
5/14/2010 7:59 PM : lookForMedia error: The operation has timed out
5/14/2010 7:59 PM : lookForMedia error: The operation has timed out
5/14/2010 7:59 PM : lookForMedia error: The operation has timed out
5/14/2010 7:59 PM : lookForMedia error: Index was out of range. Must be non-negative and less than the size of the collection.
Parameter name: index
5/14/2010 7:59 PM : lookForMedia error: Index was out of range. Must be non-negative and less than the size of the collection.
Parameter name: index
5/14/2010 7:59 PM : lookForMedia error: The operation has timed out
5/14/2010 7:59 PM : lookForMedia error: Index was out of range. Must be non-negative and less than the size of the collection.
Parameter name: index
5/14/2010 7:59 PM : lookForMedia error: The operation has timed out
5/14/2010 7:59 PM : lookForMedia error: Index was out of range. Must be non-negative and less than the size of the collection.
Parameter name: index
5/14/2010 7:59 PM : lookForMedia error: Index was out of range. Must be non-negative and less than the size of the collection.
Parameter name: index
5/14/2010 7:59 PM : lookForMedia error: The operation has timed out
5/14/2010 7:59 PM : lookForMedia error: Index was out of range. Must be non-negative and less than the size of the collection.
Parameter name: index
5/14/2010 7:59 PM : lookForMedia error: The operation has timed out
5/14/2010 7:59 PM : lookForMedia error: The operation has timed out
5/14/2010 7:59 PM : lookForMedia error: The operation has timed out
5/14/2010 7:59 PM : lookForMedia error: Index was out of range. Must be non-negative and less than the size of the collection.
Parameter name: index
5/14/2010 7:59 PM : lookForMedia error: The operation has timed out
5/14/2010 7:59 PM : lookForMedia error: The operation has timed out
5/14/2010 7:59 PM : lookForMedia error: Index was out of range. Must be non-negative and less than the size of the collection.
Parameter name: index
5/14/2010 7:59 PM : lookForMedia error: The operation has timed out
5/14/2010 7:59 PM : lookForMedia error: The operation has timed out
5/14/2010 7:59 PM : lookForMedia error: Index was out of range. Must be non-negative and less than the size of the collection.
Parameter name: index
5/14/2010 7:59 PM : lookForMedia error: The operation has timed out
5/14/2010 7:59 PM : lookForMedia error: The operation has timed out
5/14/2010 7:59 PM : lookForMedia error: The operation has timed out
5/14/2010 7:59 PM : lookForMedia error: The operation has timed out
5/14/2010 7:59 PM : lookForMedia error: The operation has timed out
5/14/2010 7:59 PM : lookForMedia error: The operation has timed out
5/14/2010 7:59 PM : lookForMedia error: The operation has timed out
5/14/2010 7:59 PM : lookForMedia error: Index was out of range. Must be non-negative and less than the size of the collection.
Parameter name: index
5/14/2010 7:59 PM : lookForMedia error: The operation has timed out
5/14/2010 7:59 PM : lookForMedia error: The operation has timed out
5/14/2010 7:59 PM : lookForMedia error: Index was out of range. Must be non-negative and less than the size of the collection.
Parameter name: index
5/14/2010 7:59 PM : lookForMedia error: The operation has timed out
5/14/2010 7:59 PM : lookForMedia error: The operation has timed out
5/14/2010 7:59 PM : lookForMedia error: The operation has timed out
5/14/2010 7:59 PM : lookForMedia error: The operation has timed out
5/14/2010 7:59 PM : lookForMedia error: Index was out of range. Must be non-negative and less than the size of the collection.
Parameter name: index
5/14/2010 7:59 PM : lookForMedia error: The operation has timed out
5/14/2010 7:59 PM : lookForMedia error: The operation has timed out
5/14/2010 7:59 PM : lookForMedia error: The operation has timed out
5/14/2010 7:59 PM : lookForMedia error: The operation has timed out
5/14/2010 7:59 PM : lookForMedia error: The operation has timed out
5/14/2010 7:59 PM : lookForMedia error: The operation has timed out
5/14/2010 7:59 PM : lookForMedia error: The operation has timed out
5/14/2010 7:59 PM : lookForMedia error: The operation has timed out
5/14/2010 7:59 PM : lookForMedia error: The operation has timed out
5/14/2010 7:59 PM : lookForMedia error: The operation has timed out
5/14/2010 7:59 PM : lookForMedia error: The operation has timed out
5/14/2010 7:59 PM : lookForMedia error: The operation has timed out
5/14/2010 7:59 PM : lookForMedia error: The operation has timed out
5/14/2010 7:59 PM : lookForMedia error: The operation has timed out
5/14/2010 7:59 PM : lookForMedia error: The operation has timed out
5/14/2010 7:59 PM : lookForMedia error: The operation has timed out
5/14/2010 7:59 PM : lookForMedia error: The operation has timed out
5/14/2010 7:59 PM : lookForMedia error: The operation has timed out
5/14/2010 7:59 PM : lookForMedia error: Index was out of range. Must be non-negative and less than the size of the collection.
Parameter name: index
5/14/2010 7:59 PM : lookForMedia error: The operation has timed out
5/14/2010 7:59 PM : lookForMedia error: The operation has timed out
5/14/2010 7:59 PM : lookForMedia error: The operation has timed out
5/14/2010 7:59 PM : lookForMedia error: The operation has timed out
5/14/2010 7:59 PM : lookForMedia error: The operation has timed out
5/14/2010 7:59 PM : lookForMedia error: The operation has timed out
5/14/2010 7:59 PM : lookForMedia error: The operation has timed out
5/14/2010 7:59 PM : lookForMedia error: The operation has timed out
5/14/2010 7:59 PM : lookForMedia error: The operation has timed out
5/14/2010 7:59 PM : lookForMedia error: The operation has timed out
5/14/2010 7:59 PM : lookForMedia error: The operation has timed out
5/14/2010 7:59 PM : lookForMedia error: The operation has timed out
5/14/2010 7:59 PM : lookForMedia error: The operation has timed out
5/14/2010 7:59 PM : lookForMedia error: The operation has timed out
5/14/2010 7:59 PM : lookForMedia error: The operation has timed out
5/14/2010 7:59 PM : lookForMedia error: Index was out of range. Must be non-negative and less than the size of the collection.
Parameter name: index
5/14/2010 7:59 PM : lookForMedia error: The operation has timed out
5/14/2010 7:59 PM : lookForMedia error: The operation has timed out
5/14/2010 7:59 PM : lookForMedia error: The operation has timed out
5/14/2010 7:59 PM : lookForMedia error: Index was out of range. Must be non-negative and less than the size of the collection.
Parameter name: index
5/14/2010 7:59 PM : lookForMedia error: The operation has timed out
5/14/2010 7:59 PM : lookForMedia error: Index was out of range. Must be non-negative and less than the size of the collection.
Parameter name: index
5/14/2010 7:59 PM : lookForMedia error: Index was out of range. Must be non-negative and less than the size of the collection.
Parameter name: index
5/14/2010 7:59 PM : lookForMedia error: The operation has timed out
5/14/2010 7:59 PM : lookForMedia error: The operation has timed out
5/14/2010 7:59 PM : lookForMedia error: The operation has timed out
5/14/2010 7:59 PM : lookForMedia error: Index was out of range. Must be non-negative and less than the size of the collection.
Parameter name: index
5/14/2010 7:59 PM : lookForMedia error: The operation has timed out
5/14/2010 7:59 PM : lookForMedia error: The operation has timed out
5/14/2010 7:59 PM : lookForMedia error: The operation has timed out
5/14/2010 7:59 PM : lookForMedia error: Index was out of range. Must be non-negative and less than the size of the collection.
Parameter name: index
5/14/2010 7:59 PM : lookForMedia error: Index was out of range. Must be non-negative and less than the size of the collection.
Parameter name: index
5/14/2010 7:59 PM : lookForMedia error: The operation has timed out
5/14/2010 7:59 PM : lookForMedia error: The operation has timed out
5/14/2010 7:59 PM : lookForMedia error: The operation has timed out
5/14/2010 7:59 PM : lookForMedia error: Index was out of range. Must be non-negative and less than the size of the collection.
Parameter name: index
5/14/2010 7:59 PM : lookForMedia error: The operation has timed out
5/14/2010 7:59 PM : lookForMedia error: Index was out of range. Must be non-negative and less than the size of the collection.
Parameter name: index
5/14/2010 7:59 PM : lookForMedia error: The operation has timed out
5/14/2010 7:59 PM : lookForMedia error: The operation has timed out
5/14/2010 7:59 PM : lookForMedia error: The operation has timed out
5/14/2010 7:59 PM : lookForMedia error: The operation has timed out
5/14/2010 7:59 PM : lookForMedia error: The operation has timed out
5/14/2010 7:59 PM : lookForMedia error: Index was out of range. Must be non-negative and less than the size of the collection.
Parameter name: index
5/14/2010 7:59 PM : lookForMedia error: The operation has timed out
5/14/2010 7:59 PM : lookForMedia error: The operation has timed out
5/14/2010 7:59 PM : lookForMedia error: The operation has timed out
5/14/2010 7:59 PM : lookForMedia error: The operation has timed out
5/14/2010 7:59 PM : lookForMedia error: The operation has timed out
5/14/2010 7:59 PM : lookForMedia error: The operation has timed out
5/14/2010 7:59 PM : lookForMedia error: The operation has timed out
5/14/2010 7:59 PM : lookForMedia error: The operation has timed out
5/14/2010 7:59 PM : lookForMedia error: The operation has timed out
5/14/2010 7:59 PM : lookForMedia error: The operation has timed out
5/14/2010 7:59 PM : lookForMedia error: The operation has timed out
5/14/2010 7:59 PM : lookForMedia error: The operation has timed out
5/14/2010 7:59 PM : lookForMedia error: The operation has timed out
5/14/2010 7:59 PM : lookForMedia error: The operation has timed out
5/14/2010 7:59 PM : lookForMedia error: The operation has timed out
5/14/2010 7:59 PM : lookForMedia error: The operation has timed out
5/14/2010 7:59 PM : lookForMedia error: The operation has timed out
5/14/2010 7:59 PM : lookForMedia error: Index was out of range. Must be non-negative and less than the size of the collection.
Parameter name: index
5/14/2010 7:59 PM : lookForMedia error: The operation has timed out
5/14/2010 7:59 PM : lookForMedia error: Index was out of range. Must be non-negative and less than the size of the collection.
Parameter name: index
5/14/2010 7:59 PM : lookForMedia error: The operation has timed out
5/14/2010 7:59 PM : lookForMedia error: The operation has timed out
5/14/2010 7:59 PM : lookForMedia error: The operation has timed out
5/14/2010 7:59 PM : lookForMedia error: Index was out of range. Must be non-negative and less than the size of the collection.
Parameter name: index
5/14/2010 7:59 PM : lookForMedia error: Index was out of range. Must be non-negative and less than the size of the collection.
Parameter name: index
5/14/2010 7:59 PM : lookForMedia error: The operation has timed out
5/14/2010 7:59 PM : lookForMedia error: The operation has timed out
5/14/2010 7:59 PM : lookForMedia error: The operation has timed out
5/14/2010 7:59 PM : lookForMedia error: The operation has timed out
5/14/2010 7:59 PM : lookForMedia error: The operation has timed out
5/14/2010 7:59 PM : lookForMedia error: The operation has timed out
5/14/2010 7:59 PM : lookForMedia error: The operation has timed out
5/14/2010 7:59 PM : lookForMedia error: The operation has timed out
5/14/2010 7:59 PM : lookForMedia error: Index was out of range. Must be non-negative and less than the size of the collection.
Parameter name: index
5/14/2010 7:59 PM : lookForMedia error: Index was out of range. Must be non-negative and less than the size of the collection.
Parameter name: index
5/14/2010 7:59 PM : lookForMedia error: The operation has timed out
5/14/2010 7:59 PM : lookForMedia error: The operation has timed out
5/14/2010 7:59 PM : lookForMedia error: The operation has timed out
5/14/2010 7:59 PM : lookForMedia error: The operation has timed out
5/14/2010 7:59 PM : lookForMedia error: The operation has timed out
5/14/2010 7:59 PM : lookForMedia error: The operation has timed out
5/14/2010 7:59 PM : lookForMedia error: The operation has timed out
5/14/2010 7:59 PM : lookForMedia error: Index was out of range. Must be non-negative and less than the size of the collection.
Parameter name: index
5/14/2010 7:59 PM : lookForMedia error: The operation has timed out
5/14/2010 7:59 PM : lookForMedia error: Index was out of range. Must be non-negative and less than the size of the collection.
Parameter name: index
5/14/2010 7:59 PM : lookForMedia error: The operation has timed out
5/14/2010 7:59 PM : lookForMedia error: The operation has timed out
5/14/2010 7:59 PM : lookForMedia error: The operation has timed out
5/14/2010 7:59 PM : lookForMedia error: The operation has timed out
5/14/2010 7:59 PM : lookForMedia error: The operation has timed out
5/14/2010 7:59 PM : lookForMedia error: The operation has timed out
5/14/2010 7:59 PM : lookForMedia error: The operation has timed out
5/14/2010 7:59 PM : lookForMedia error: The operation has timed out
5/14/2010 7:59 PM : lookForMedia error: The operation has timed out
5/14/2010 7:59 PM : lookForMedia error: The operation has timed out
5/14/2010 7:59 PM : lookForMedia error: The operation has timed out
5/14/2010 7:59 PM : lookForMedia error: The operation has timed out
5/14/2010 7:59 PM : lookForMedia error: Index was out of range. Must be non-negative and less than the size of the collection.
Parameter name: index
5/14/2010 7:59 PM : lookForMedia error: The operation has timed out
5/14/2010 7:59 PM : lookForMedia error: The operation has timed out
5/14/2010 7:59 PM : lookForMedia error: The operation has timed out
5/14/2010 7:59 PM : lookForMedia error: The operation has timed out
5/14/2010 7:59 PM : lookForMedia error: The operation has timed out
5/14/2010 7:59 PM : lookForMedia error: The operation has timed out
5/14/2010 7:59 PM : lookForMedia error: The operation has timed out
5/14/2010 7:59 PM : lookForMedia error: The operation has timed out
5/14/2010 7:59 PM : lookForMedia error: The operation has timed out
5/14/2010 7:59 PM : lookForMedia error: The operation has timed out
5/14/2010 7:59 PM : lookForMedia error: The operation has timed out
5/14/2010 7:59 PM : lookForMedia error: The operation has timed out
5/14/2010 7:59 PM : lookForMedia error: Index was out of range. Must be non-negative and less than the size of the collection.
Parameter name: index
5/14/2010 7:59 PM : lookForMedia error: Index was out of range. Must be non-negative and less than the size of the collection.
Parameter name: index
5/14/2010 7:59 PM : lookForMedia error: The operation has timed out
5/14/2010 7:59 PM : lookForMedia error: The operation has timed out
5/14/2010 7:59 PM : lookForMedia error: The operation has timed out
5/14/2010 7:59 PM : lookForMedia error: The operation has timed out
5/14/2010 7:59 PM : lookForMedia error: The operation has timed out
5/14/2010 7:59 PM : lookForMedia error: The operation has timed out
5/14/2010 7:59 PM : lookForMedia error: Index was out of range. Must be non-negative and less than the size of the collection.
Parameter name: index
5/14/2010 7:59 PM : lookForMedia error: The operation has timed out
5/14/2010 7:59 PM : lookForMedia error: Index was out of range. Must be non-negative and less than the size of the collection.
Parameter name: index
5/14/2010 7:59 PM : lookForMedia error: The operation has timed out
5/14/2010 7:59 PM : lookForMedia error: The operation has timed out
5/14/2010 7:59 PM : lookForMedia error: The operation has timed out
5/14/2010 7:59 PM : lookForMedia error: The operation has timed out
5/14/2010 7:59 PM : lookForMedia error: Index was out of range. Must be non-negative and less than the size of the collection.
Parameter name: index
5/14/2010 7:59 PM : lookForMedia error: The operation has timed out
5/14/2010 7:59 PM : lookForMedia error: The operation has timed out
5/14/2010 7:59 PM : lookForMedia error: The operation has timed out
5/14/2010 7:59 PM : lookForMedia error: The operation has timed out
5/14/2010 7:59 PM : lookForMedia error: Index was out of range. Must be non-negative and less than the size of the collection.
Parameter name: index
5/14/2010 7:59 PM : lookForMedia error: The operation has timed out
5/14/2010 7:59 PM : lookForMedia error: Index was out of range. Must be non-negative and less than the size of the collection.
Parameter name: index
5/14/2010 7:59 PM : lookForMedia error: The operation has timed out
5/14/2010 7:59 PM : lookForMedia error: Index was out of range. Must be non-negative and less than the size of the collection.
Parameter name: index
5/14/2010 7:59 PM : lookForMedia error: Index was out of range. Must be non-negative and less than the size of the collection.
Parameter name: index
5/14/2010 7:59 PM : lookForMedia error: The operation has timed out
5/14/2010 7:59 PM : lookForMedia error: Index was out of range. Must be non-negative and less than the size of the collection.
Parameter name: index
5/14/2010 7:59 PM : lookForMedia error: The operation has timed out
5/14/2010 7:59 PM : lookForMedia error: The operation has timed out
5/14/2010 7:59 PM : lookForMedia error: The operation has timed out
5/14/2010 7:59 PM : lookForMedia error: The operation has timed out
5/14/2010 7:59 PM : lookForMedia error: The operation has timed out
5/14/2010 7:59 PM : lookForMedia error: Index was out of range. Must be non-negative and less than the size of the collection.
Parameter name: index
5/14/2010 7:59 PM : lookForMedia error: Index was out of range. Must be non-negative and less than the size of the collection.
Parameter name: index
5/14/2010 7:59 PM : lookForMedia error: The operation has timed out
5/14/2010 7:59 PM : lookForMedia error: The operation has timed out
5/14/2010 7:59 PM : lookForMedia error: The operation has timed out
5/14/2010 7:59 PM : lookForMedia error: The operation has timed out
5/14/2010 8:00 PM : lookForMedia error: The operation has timed out
5/14/2010 8:00 PM : lookForMedia error: The operation has timed out
5/14/2010 8:00 PM : lookForMedia error: The operation has timed out
5/14/2010 8:00 PM : lookForMedia error: Index was out of range. Must be non-negative and less than the size of the collection.
Parameter name: index
5/14/2010 8:00 PM : lookForMedia error: The operation has timed out
5/14/2010 8:00 PM : lookForMedia error: Index was out of range. Must be non-negative and less than the size of the collection.
Parameter name: index
5/14/2010 8:00 PM : lookForMedia error: The operation has timed out
5/14/2010 8:00 PM : lookForMedia error: The operation has timed out
5/14/2010 8:00 PM : lookForMedia error: The operation has timed out
5/14/2010 8:00 PM : lookForMedia error: Index was out of range. Must be non-negative and less than the size of the collection.
Parameter name: index
5/14/2010 8:00 PM : lookForMedia error: The operation has timed out
5/14/2010 8:00 PM : lookForMedia error: The operation has timed out
5/14/2010 8:00 PM : lookForMedia error: The operation has timed out
5/14/2010 8:00 PM : lookForMedia error: The operation has timed out
5/14/2010 8:00 PM : lookForMedia error: Index was out of range. Must be non-negative and less than the size of the collection.
Parameter name: index
5/14/2010 8:00 PM : lookForMedia error: The operation has timed out
5/14/2010 8:00 PM : lookForMedia error: The operation has timed out
5/14/2010 8:00 PM : lookForMedia error: The operation has timed out
5/14/2010 8:00 PM : lookForMedia error: The operation has timed out
5/14/2010 8:00 PM : lookForMedia error: Index was out of range. Must be non-negative and less than the size of the collection.
Parameter name: index
5/14/2010 8:00 PM : lookForMedia error: The operation has timed out
5/14/2010 8:00 PM : lookForMedia error: The operation has timed out
5/14/2010 8:00 PM : lookForMedia error: The operation has timed out
5/14/2010 8:00 PM : lookForMedia error: Index was out of range. Must be non-negative and less than the size of the collection.
Parameter name: index
5/14/2010 8:00 PM : lookForMedia error: The operation has timed out
5/14/2010 8:00 PM : lookForMedia error: Index was out of range. Must be non-negative and less than the size of the collection.
Parameter name: index
5/14/2010 8:00 PM : lookForMedia error: The operation has timed out
5/14/2010 8:00 PM : lookForMedia error: The operation has timed out
5/14/2010 8:00 PM : lookForMedia error: Index was out of range. Must be non-negative and less than the size of the collection.
Parameter name: index
5/14/2010 8:00 PM : lookForMedia error: Index was out of range. Must be non-negative and less than the size of the collection.
Parameter name: index
5/14/2010 8:00 PM : lookForMedia error: The operation has timed out
5/14/2010 8:00 PM : lookForMedia error: Index was out of range. Must be non-negative and less than the size of the collection.
Parameter name: index
5/14/2010 8:00 PM : lookForMedia error: The operation has timed out
5/14/2010 8:00 PM : lookForMedia error: Index was out of range. Must be non-negative and less than the size of the collection.
Parameter name: index
5/14/2010 8:00 PM : lookForMedia error: The operation has timed out
5/14/2010 8:00 PM : lookForMedia error: The operation has timed out
5/14/2010 8:00 PM : lookForMedia error: Index was out of range. Must be non-negative and less than the size of the collection.
Parameter name: index
5/14/2010 8:00 PM : lookForMedia error: The operation has timed out
5/14/2010 8:00 PM : lookForMedia error: The operation has timed out
5/14/2010 8:00 PM : lookForMedia error: Index was out of range. Must be non-negative and less than the size of the collection.
Parameter name: index
5/14/2010 8:00 PM : lookForMedia error: Index was out of range. Must be non-negative and less than the size of the collection.
Parameter name: index
5/14/2010 8:00 PM : lookForMedia error: The operation has timed out
5/14/2010 8:00 PM : lookForMedia error: The operation has timed out
5/14/2010 8:00 PM : lookForMedia error: Index was out of range. Must be non-negative and less than the size of the collection.
Parameter name: index
5/14/2010 8:00 PM : lookForMedia error: The operation has timed out
5/14/2010 8:00 PM : lookForMedia error: The operation has timed out
5/14/2010 8:00 PM : lookForMedia error: The operation has timed out
5/14/2010 8:00 PM : lookForMedia error: The operation has timed out
5/14/2010 8:00 PM : lookForMedia error: The operation has timed out
5/14/2010 8:00 PM : lookForMedia error: Index was out of range. Must be non-negative and less than the size of the collection.
Parameter name: index
5/14/2010 8:00 PM : lookForMedia error: The operation has timed out
5/14/2010 8:00 PM : lookForMedia error: The operation has timed out
5/14/2010 8:00 PM : lookForMedia error: The operation has timed out
5/14/2010 8:00 PM : lookForMedia error: The operation has timed out
5/14/2010 8:00 PM : lookForMedia error: The operation has timed out
5/14/2010 8:00 PM : lookForMedia error: The operation has timed out
5/14/2010 8:00 PM : lookForMedia error: Index was out of range. Must be non-negative and less than the size of the collection.
Parameter name: index
5/14/2010 8:00 PM : lookForMedia error: The operation has timed out
5/14/2010 8:00 PM : lookForMedia error: The operation has timed out
5/14/2010 8:00 PM : lookForMedia error: The operation has timed out
5/14/2010 8:00 PM : lookForMedia error: The operation has timed out
5/14/2010 8:00 PM : lookForMedia error: Index was out of range. Must be non-negative and less than the size of the collection.
Parameter name: index
5/14/2010 8:00 PM : lookForMedia error: The operation has timed out
5/14/2010 8:00 PM : lookForMedia error: The operation has timed out
5/14/2010 8:00 PM : lookForMedia error: The operation has timed out
5/14/2010 8:00 PM : lookForMedia error: Index was out of range. Must be non-negative and less than the size of the collection.
Parameter name: index
5/14/2010 8:00 PM : lookForMedia error: The operation has timed out
5/14/2010 8:00 PM : lookForMedia error: The operation has timed out
5/14/2010 8:00 PM : lookForMedia error: The operation has timed out
5/14/2010 8:00 PM : lookForMedia error: The operation has timed out
5/14/2010 8:00 PM : lookForMedia error: The operation has timed out
5/14/2010 8:00 PM : lookForMedia error: Index was out of range. Must be non-negative and less than the size of the collection.
Parameter name: index
5/14/2010 8:00 PM : lookForMedia error: Index was out of range. Must be non-negative and less than the size of the collection.
Parameter name: index
5/14/2010 8:00 PM : lookForMedia error: The operation has timed out
5/14/2010 8:00 PM : lookForMedia error: The operation has timed out
5/14/2010 8:00 PM : lookForMedia error: The operation has timed out
5/14/2010 8:00 PM : lookForMedia error: The operation has timed out
5/14/2010 8:00 PM : lookForMedia error: The operation has timed out
5/14/2010 8:00 PM : lookForMedia error: The operation has timed out
5/14/2010 8:00 PM : lookForMedia error: Index was out of range. Must be non-negative and less than the size of the collection.
Parameter name: index
5/14/2010 8:00 PM : lookForMedia error: The operation has timed out
5/14/2010 8:00 PM : lookForMedia error: The operation has timed out
5/14/2010 8:00 PM : lookForMedia error: The operation has timed out
5/14/2010 8:00 PM : lookForMedia error: Index was out of range. Must be non-negative and less than the size of the collection.
Parameter name: index
5/14/2010 8:00 PM : lookForMedia error: The operation has timed out
5/14/2010 8:00 PM : lookForMedia error: The operation has timed out
5/14/2010 8:00 PM : lookForMedia error: The operation has timed out
5/14/2010 8:00 PM : lookForMedia error: The operation has timed out
5/14/2010 8:00 PM : lookForMedia error: The operation has timed out
5/14/2010 8:00 PM : lookForMedia error: The operation has timed out
5/14/2010 8:00 PM : lookForMedia error: The operation has timed out
5/14/2010 8:00 PM : lookForMedia error: Index was out of range. Must be non-negative and less than the size of the collection.
Parameter name: index
5/14/2010 8:00 PM : lookForMedia error: The operation has timed out
5/14/2010 8:00 PM : lookForMedia error: The operation has timed out
5/14/2010 8:00 PM : lookForMedia error: Index was out of range. Must be non-negative and less than the size of the collection.
Parameter name: index
5/14/2010 8:00 PM : lookForMedia error: The operation has timed out
5/14/2010 8:00 PM : lookForMedia error: The operation has timed out
5/14/2010 8:00 PM : lookForMedia error: The operation has timed out
5/14/2010 8:00 PM : lookForMedia error: The operation has timed out
5/14/2010 8:00 PM : lookForMedia error: The operation has timed out
5/14/2010 8:00 PM : lookForMedia error: The operation has timed out
5/14/2010 8:00 PM : lookForMedia error: The operation has timed out
5/14/2010 8:00 PM : lookForMedia error: Index was out of range. Must be non-negative and less than the size of the collection.
Parameter name: index
5/14/2010 8:00 PM : lookForMedia error: The operation has timed out
5/14/2010 8:00 PM : lookForMedia error: The operation has timed out
5/14/2010 8:00 PM : lookForMedia error: The operation has timed out
5/14/2010 8:00 PM : lookForMedia error: The operation has timed out
5/14/2010 8:00 PM : lookForMedia error: Index was out of range. Must be non-negative and less than the size of the collection.
Parameter name: index
5/14/2010 8:00 PM : lookForMedia error: The operation has timed out
5/14/2010 8:00 PM : lookForMedia error: The operation has timed out
5/14/2010 8:00 PM : lookForMedia error: The operation has timed out
5/14/2010 8:00 PM : lookForMedia error: The operation has timed out
5/14/2010 8:00 PM : lookForMedia error: The operation has timed out
5/14/2010 8:00 PM : lookForMedia error: The operation has timed out
5/14/2010 8:00 PM : lookForMedia error: The operation has timed out
5/14/2010 8:00 PM : lookForMedia error: The operation has timed out
5/14/2010 8:00 PM : lookForMedia error: Index was out of range. Must be non-negative and less than the size of the collection.
Parameter name: index
5/14/2010 8:00 PM : lookForMedia error: The operation has timed out
5/14/2010 8:00 PM : lookForMedia error: The operation has timed out
5/14/2010 8:00 PM : lookForMedia error: The operation has timed out
5/14/2010 8:00 PM : lookForMedia error: The operation has timed out
5/14/2010 8:00 PM : lookForMedia error: The operation has timed out
5/14/2010 8:00 PM : lookForMedia error: Index was out of range. Must be non-negative and less than the size of the collection.
Parameter name: index
5/14/2010 8:00 PM : lookForMedia error: The operation has timed out
5/14/2010 8:00 PM : lookForMedia error: Index was out of range. Must be non-negative and less than the size of the collection.
Parameter name: index
5/14/2010 8:00 PM : lookForMedia error: The operation has timed out
5/14/2010 8:00 PM : lookForMedia error: Index was out of range. Must be non-negative and less than the size of the collection.
Parameter name: index
5/14/2010 8:00 PM : lookForMedia error: The operation has timed out
5/14/2010 8:00 PM : lookForMedia error: The operation has timed out
5/14/2010 8:00 PM : lookForMedia error: The operation has timed out
5/14/2010 8:00 PM : lookForMedia error: The operation has timed out
5/14/2010 8:00 PM : lookForMedia error: Index was out of range. Must be non-negative and less than the size of the collection.
Parameter name: index
5/14/2010 8:00 PM : lookForMedia error: The operation has timed out
5/14/2010 8:00 PM : lookForMedia error: The operation has timed out
5/14/2010 8:00 PM : lookForMedia error: The operation has timed out
5/14/2010 8:00 PM : lookForMedia error: The operation has timed out
5/14/2010 8:00 PM : lookForMedia error: The operation has timed out
5/14/2010 8:00 PM : lookForMedia error: Index was out of range. Must be non-negative and less than the size of the collection.
Parameter name: index
5/14/2010 8:00 PM : lookForMedia error: The operation has timed out
5/14/2010 8:00 PM : lookForMedia error: The operation has timed out
5/14/2010 8:00 PM : lookForMedia error: Index was out of range. Must be non-negative and less than the size of the collection.
Parameter name: index
5/14/2010 8:00 PM : lookForMedia error: The operation has timed out
5/14/2010 8:00 PM : lookForMedia error: The operation has timed out
5/14/2010 8:00 PM : lookForMedia error: The operation has timed out
5/14/2010 8:00 PM : lookForMedia error: Index was out of range. Must be non-negative and less than the size of the collection.
Parameter name: index
5/14/2010 8:00 PM : lookForMedia error: The operation has timed out
5/14/2010 8:00 PM : lookForMedia error: The operation has timed out
5/14/2010 8:00 PM : lookForMedia error: Index was out of range. Must be non-negative and less than the size of the collection.
Parameter name: index
5/14/2010 8:00 PM : lookForMedia error: Index was out of range. Must be non-negative and less than the size of the collection.
Parameter name: index
5/14/2010 8:00 PM : lookForMedia error: The operation has timed out
5/14/2010 8:00 PM : lookForMedia error: Index was out of range. Must be non-negative and less than the size of the collection.
Parameter name: index
5/14/2010 8:00 PM : lookForMedia error: Index was out of range. Must be non-negative and less than the size of the collection.
Parameter name: index
5/14/2010 8:00 PM : lookForMedia error: The operation has timed out
5/14/2010 8:00 PM : lookForMedia error: The operation has timed out
5/14/2010 8:00 PM : lookForMedia error: The operation has timed out
5/14/2010 8:00 PM : lookForMedia error: The operation has timed out
5/14/2010 8:00 PM : lookForMedia error: The operation has timed out
5/14/2010 8:00 PM : lookForMedia error: The operation has timed out
5/14/2010 8:00 PM : lookForMedia error: The operation has timed out
5/14/2010 8:00 PM : lookForMedia error: The operation has timed out
5/14/2010 8:00 PM : lookForMedia error: Index was out of range. Must be non-negative and less than the size of the collection.
Parameter name: index
5/14/2010 8:00 PM : lookForMedia error: The operation has timed out
5/14/2010 8:00 PM : lookForMedia error: The operation has timed out
5/14/2010 8:00 PM : lookForMedia error: The operation has timed out
5/14/2010 8:00 PM : lookForMedia error: The operation has timed out
5/14/2010 8:00 PM : lookForMedia error: Index was out of range. Must be non-negative and less than the size of the collection.
Parameter name: index
5/14/2010 8:00 PM : lookForMedia error: The operation has timed out
5/14/2010 8:00 PM : lookForMedia error: The operation has timed out
5/14/2010 8:00 PM : lookForMedia error: The operation has timed out
5/14/2010 8:00 PM : lookForMedia error: Index was out of range. Must be non-negative and less than the size of the collection.
Parameter name: index
5/14/2010 8:00 PM : lookForMedia error: Index was out of range. Must be non-negative and less than the size of the collection.
Parameter name: index
5/14/2010 8:01 PM : lookForMedia error: The operation has timed out
5/14/2010 8:01 PM : lookForMedia error: The operation has timed out
5/14/2010 8:01 PM : lookForMedia error: The operation has timed out
5/14/2010 8:01 PM : lookForMedia error: The operation has timed out
5/14/2010 8:01 PM : lookForMedia error: The operation has timed out
5/14/2010 8:01 PM : lookForMedia error: The operation has timed out
5/14/2010 8:01 PM : lookForMedia error: Index was out of range. Must be non-negative and less than the size of the collection.
Parameter name: index
5/14/2010 8:01 PM : lookForMedia error: The operation has timed out
5/14/2010 8:01 PM : lookForMedia error: Index was out of range. Must be non-negative and less than the size of the collection.
Parameter name: index
5/14/2010 8:01 PM : lookForMedia error: The operation has timed out
5/14/2010 8:01 PM : lookForMedia error: The operation has timed out
5/14/2010 8:01 PM : lookForMedia error: The operation has timed out
5/14/2010 8:01 PM : lookForMedia error: The operation has timed out
5/14/2010 8:01 PM : lookForMedia error: The operation has timed out
5/14/2010 8:01 PM : lookForMedia error: Index was out of range. Must be non-negative and less than the size of the collection.
Parameter name: index
5/14/2010 8:01 PM : lookForMedia error: Index was out of range. Must be non-negative and less than the size of the collection.
Parameter name: index
5/14/2010 8:01 PM : lookForMedia error: The operation has timed out
5/14/2010 8:01 PM : lookForMedia error: Index was out of range. Must be non-negative and less than the size of the collection.
Parameter name: index
5/14/2010 8:01 PM : lookForMedia error: The operation has timed out
5/14/2010 8:01 PM : lookForMedia error: Index was out of range. Must be non-negative and less than the size of the collection.
Parameter name: index
5/14/2010 8:01 PM : lookForMedia error: The operation has timed out
5/14/2010 8:01 PM : lookForMedia error: Index was out of range. Must be non-negative and less than the size of the collection.
Parameter name: index
5/14/2010 8:01 PM : lookForMedia error: The operation has timed out
5/14/2010 8:01 PM : lookForMedia error: Index was out of range. Must be non-negative and less than the size of the collection.
Parameter name: index
5/14/2010 8:01 PM : lookForMedia error: The operation has timed out
5/14/2010 8:01 PM : lookForMedia error: The operation has timed out
5/14/2010 8:01 PM : lookForMedia error: The operation has timed out
5/14/2010 8:01 PM : lookForMedia error: The operation has timed out
5/14/2010 8:01 PM : lookForMedia error: The operation has timed out
5/14/2010 8:01 PM : lookForMedia error: The operation has timed out
5/14/2010 8:01 PM : lookForMedia error: The operation has timed out
5/14/2010 8:01 PM : lookForMedia error: The operation has timed out
5/14/2010 8:01 PM : lookForMedia error: The operation has timed out
5/14/2010 8:01 PM : lookForMedia error: The operation has timed out
5/14/2010 8:01 PM : lookForMedia error: The operation has timed out
5/14/2010 8:01 PM : lookForMedia error: Index was out of range. Must be non-negative and less than the size of the collection.
Parameter name: index
5/14/2010 8:01 PM : lookForMedia error: The operation has timed out
5/14/2010 8:01 PM : lookForMedia error: The operation has timed out
5/14/2010 8:01 PM : lookForMedia error: The operation has timed out
5/14/2010 8:01 PM : lookForMedia error: The operation has timed out
5/14/2010 8:01 PM : lookForMedia error: The operation has timed out
5/14/2010 8:01 PM : lookForMedia error: The operation has timed out
5/14/2010 8:01 PM : lookForMedia error: Index was out of range. Must be non-negative and less than the size of the collection.
Parameter name: index
5/14/2010 8:01 PM : lookForMedia error: The operation has timed out
5/14/2010 8:01 PM : lookForMedia error: The operation has timed out
5/14/2010 8:01 PM : lookForMedia error: The operation has timed out
5/14/2010 8:01 PM : lookForMedia error: The operation has timed out
5/14/2010 8:01 PM : lookForMedia error: The operation has timed out
5/14/2010 8:01 PM : lookForMedia error: The operation has timed out
5/14/2010 8:01 PM : lookForMedia error: The operation has timed out
5/14/2010 8:01 PM : lookForMedia error: The operation has timed out
5/14/2010 8:01 PM : lookForMedia error: Index was out of range. Must be non-negative and less than the size of the collection.
Parameter name: index
5/14/2010 8:01 PM : lookForMedia error: The operation has timed out
5/14/2010 8:01 PM : lookForMedia error: The operation has timed out
5/14/2010 8:01 PM : lookForMedia error: Index was out of range. Must be non-negative and less than the size of the collection.
Parameter name: index
5/14/2010 8:01 PM : lookForMedia error: The operation has timed out
5/14/2010 8:01 PM : lookForMedia error: The operation has timed out
5/14/2010 8:01 PM : lookForMedia error: The operation has timed out
5/14/2010 8:01 PM : lookForMedia error: The operation has timed out
5/14/2010 8:01 PM : lookForMedia error: The operation has timed out
5/14/2010 8:01 PM : lookForMedia error: The operation has timed out
5/14/2010 8:01 PM : lookForMedia error: Index was out of range. Must be non-negative and less than the size of the collection.
Parameter name: index
5/14/2010 8:01 PM : lookForMedia error: The operation has timed out
5/14/2010 8:01 PM : lookForMedia error: The operation has timed out
5/14/2010 8:01 PM : lookForMedia error: The operation has timed out
5/14/2010 8:01 PM : lookForMedia error: The operation has timed out
5/14/2010 8:01 PM : lookForMedia error: Index was out of range. Must be non-negative and less than the size of the collection.
Parameter name: index
5/14/2010 8:01 PM : lookForMedia error: Index was out of range. Must be non-negative and less than the size of the collection.
Parameter name: index
5/14/2010 8:01 PM : lookForMedia error: The operation has timed out
5/14/2010 8:01 PM : lookForMedia error: The operation has timed out
5/14/2010 8:01 PM : lookForMedia error: The operation has timed out
5/14/2010 8:01 PM : lookForMedia error: The operation has timed out
5/14/2010 8:01 PM : lookForMedia error: The operation has timed out
5/14/2010 8:01 PM : lookForMedia error: The operation has timed out
5/14/2010 8:01 PM : lookForMedia error: The operation has timed out
5/14/2010 8:01 PM : lookForMedia error: The operation has timed out
5/14/2010 8:01 PM : lookForMedia error: The operation has timed out
5/14/2010 8:01 PM : lookForMedia error: The operation has timed out
5/14/2010 8:01 PM : lookForMedia error: The operation has timed out
5/14/2010 8:01 PM : lookForMedia error: The operation has timed out
5/14/2010 8:01 PM : lookForMedia error: The operation has timed out
5/14/2010 8:01 PM : lookForMedia error: Index was out of range. Must be non-negative and less than the size of the collection.
Parameter name: index
5/14/2010 8:01 PM : lookForMedia error: Index was out of range. Must be non-negative and less than the size of the collection.
Parameter name: index
5/14/2010 8:01 PM : lookForMedia error: The operation has timed out
5/14/2010 8:01 PM : lookForMedia error: The operation has timed out
5/14/2010 8:01 PM : lookForMedia error: The operation has timed out
5/14/2010 8:01 PM : lookForMedia error: The operation has timed out
5/14/2010 8:01 PM : lookForMedia error: The operation has timed out
5/14/2010 8:01 PM : lookForMedia error: Index was out of range. Must be non-negative and less than the size of the collection.
Parameter name: index
5/14/2010 8:01 PM : lookForMedia error: The operation has timed out
5/14/2010 8:01 PM : lookForMedia error: The operation has timed out
5/14/2010 8:01 PM : lookForMedia error: The operation has timed out
5/14/2010 8:01 PM : lookForMedia error: The operation has timed out
5/14/2010 8:01 PM : lookForMedia error: The operation has timed out
5/14/2010 8:01 PM : lookForMedia error: The operation has timed out
5/14/2010 8:01 PM : lookForMedia error: Index was out of range. Must be non-negative and less than the size of the collection.
Parameter name: index
5/14/2010 8:01 PM : lookForMedia error: Index was out of range. Must be non-negative and less than the size of the collection.
Parameter name: index
5/14/2010 8:01 PM : lookForMedia error: The operation has timed out
5/14/2010 8:01 PM : lookForMedia error: The operation has timed out
5/14/2010 8:01 PM : lookForMedia error: The operation has timed out
5/14/2010 8:01 PM : lookForMedia error: The operation has timed out
5/14/2010 8:01 PM : lookForMedia error: The operation has timed out
5/14/2010 8:01 PM : lookForMedia error: The operation has timed out
5/14/2010 8:01 PM : lookForMedia error: The operation has timed out
5/14/2010 8:01 PM : lookForMedia error: The operation has timed out
5/14/2010 8:01 PM : lookForMedia error: The operation has timed out
5/14/2010 8:01 PM : lookForMedia error: The operation has timed out
5/14/2010 8:01 PM : lookForMedia error: The operation has timed out
5/14/2010 8:01 PM : lookForMedia error: The operation has timed out
5/14/2010 8:01 PM : lookForMedia error: The operation has timed out
5/14/2010 8:01 PM : lookForMedia error: The operation has timed out
5/14/2010 8:01 PM : lookForMedia error: Index was out of range. Must be non-negative and less than the size of the collection.
Parameter name: index
5/14/2010 8:01 PM : lookForMedia error: The operation has timed out
5/14/2010 8:01 PM : lookForMedia error: The operation has timed out
5/14/2010 8:01 PM : lookForMedia error: The operation has timed out
5/14/2010 8:01 PM : lookForMedia error: The operation has timed out
5/14/2010 8:01 PM : lookForMedia error: The operation has timed out
5/14/2010 8:01 PM : lookForMedia error: The operation has timed out
5/14/2010 8:01 PM : lookForMedia error: The operation has timed out
5/14/2010 8:01 PM : lookForMedia error: The operation has timed out
5/14/2010 8:01 PM : lookForMedia error: The operation has timed out
5/14/2010 8:01 PM : lookForMedia error: The operation has timed out
5/14/2010 8:01 PM : lookForMedia error: The operation has timed out
5/14/2010 8:01 PM : lookForMedia error: The operation has timed out
5/14/2010 8:01 PM : lookForMedia error: The operation has timed out
5/14/2010 8:01 PM : lookForMedia error: The operation has timed out
5/14/2010 8:01 PM : lookForMedia error: The operation has timed out
5/14/2010 8:01 PM : lookForMedia error: The operation has timed out
5/14/2010 8:01 PM : lookForMedia error: The operation has timed out
5/14/2010 8:01 PM : lookForMedia error: The operation has timed out
5/14/2010 8:01 PM : lookForMedia error: The operation has timed out
5/14/2010 8:01 PM : lookForMedia error: The operation has timed out
5/14/2010 8:01 PM : lookForMedia error: The operation has timed out
5/14/2010 8:01 PM : lookForMedia error: Index was out of range. Must be non-negative and less than the size of the collection.
Parameter name: index
5/14/2010 8:01 PM : lookForMedia error: The operation has timed out
5/14/2010 8:01 PM : lookForMedia error: The operation has timed out
5/14/2010 8:01 PM : lookForMedia error: The operation has timed out
5/14/2010 8:01 PM : lookForMedia error: The operation has timed out
5/14/2010 8:01 PM : lookForMedia error: The operation has timed out
5/14/2010 8:01 PM : lookForMedia error: The operation has timed out
5/14/2010 8:01 PM : lookForMedia error: The operation has timed out
5/14/2010 8:01 PM : lookForMedia error: The operation has timed out
5/14/2010 8:01 PM : lookForMedia error: The operation has timed out
5/14/2010 8:01 PM : lookForMedia error: The operation has timed out
5/14/2010 8:01 PM : lookForMedia error: The operation has timed out
5/14/2010 8:01 PM : lookForMedia error: Index was out of range. Must be non-negative and less than the size of the collection.
Parameter name: index
5/14/2010 8:01 PM : lookForMedia error: The operation has timed out
5/14/2010 8:01 PM : lookForMedia error: The operation has timed out
5/14/2010 8:01 PM : lookForMedia error: The operation has timed out
5/14/2010 8:01 PM : lookForMedia error: The operation has timed out
5/14/2010 8:01 PM : lookForMedia error: The operation has timed out
5/14/2010 8:01 PM : lookForMedia error: The operation has timed out
5/14/2010 8:01 PM : lookForMedia error: The operation has timed out
5/14/2010 8:01 PM : lookForMedia error: The operation has timed out
5/14/2010 8:01 PM : lookForMedia error: Index was out of range. Must be non-negative and less than the size of the collection.
Parameter name: index
5/14/2010 8:01 PM : lookForMedia error: The operation has timed out
5/14/2010 8:01 PM : lookForMedia error: The operation has timed out
5/14/2010 8:01 PM : lookForMedia error: The operation has timed out
5/14/2010 8:01 PM : lookForMedia error: The operation has timed out
5/14/2010 8:01 PM : lookForMedia error: The operation has timed out
5/14/2010 8:01 PM : lookForMedia error: The operation has timed out
5/14/2010 8:01 PM : lookForMedia error: The operation has timed out
5/14/2010 8:01 PM : lookForMedia error: The operation has timed out
5/14/2010 8:01 PM : lookForMedia error: The operation has timed out
5/14/2010 8:01 PM : lookForMedia error: Index was out of range. Must be non-negative and less than the size of the collection.
Parameter name: index
5/14/2010 8:01 PM : lookForMedia error: Index was out of range. Must be non-negative and less than the size of the collection.
Parameter name: index
5/14/2010 8:01 PM : lookForMedia error: The operation has timed out
5/14/2010 8:01 PM : lookForMedia error: Index was out of range. Must be non-negative and less than the size of the collection.
Parameter name: index
5/14/2010 8:01 PM : lookForMedia error: The operation has timed out
5/14/2010 8:01 PM : lookForMedia error: The operation has timed out
5/14/2010 8:01 PM : lookForMedia error: Index was out of range. Must be non-negative and less than the size of the collection.
Parameter name: index
5/14/2010 8:01 PM : lookForMedia error: Index was out of range. Must be non-negative and less than the size of the collection.
Parameter name: index
5/14/2010 8:01 PM : lookForMedia error: The operation has timed out
5/14/2010 8:01 PM : lookForMedia error: The operation has timed out
5/14/2010 8:01 PM : lookForMedia error: Index was out of range. Must be non-negative and less than the size of the collection.
Parameter name: index
5/14/2010 8:01 PM : lookForMedia error: The operation has timed out
5/14/2010 8:01 PM : lookForMedia error: The operation has timed out
5/14/2010 8:01 PM : lookForMedia error: Index was out of range. Must be non-negative and less than the size of the collection.
Parameter name: index
5/14/2010 8:01 PM : lookForMedia error: The operation has timed out
5/14/2010 8:01 PM : lookForMedia error: The operation has timed out
5/14/2010 8:01 PM : lookForMedia error: The operation has timed out
5/14/2010 8:01 PM : lookForMedia error: The operation has timed out
5/14/2010 8:01 PM : lookForMedia error: The operation has timed out
5/14/2010 8:01 PM : lookForMedia error: The operation has timed out
5/14/2010 8:01 PM : lookForMedia error: Index was out of range. Must be non-negative and less than the size of the collection.
Parameter name: index
5/14/2010 8:01 PM : lookForMedia error: The operation has timed out
5/14/2010 8:01 PM : lookForMedia error: Index was out of range. Must be non-negative and less than the size of the collection.
Parameter name: index
5/14/2010 8:01 PM : lookForMedia error: Index was out of range. Must be non-negative and less than the size of the collection.
Parameter name: index
5/14/2010 8:01 PM : lookForMedia error: The operation has timed out
5/14/2010 8:01 PM : lookForMedia error: The operation has timed out
5/14/2010 8:01 PM : lookForMedia error: The operation has timed out
5/14/2010 8:01 PM : lookForMedia error: The operation has timed out
5/14/2010 8:01 PM : lookForMedia error: The operation has timed out
5/14/2010 8:01 PM : lookForMedia error: The operation has timed out
5/14/2010 8:01 PM : lookForMedia error: Index was out of range. Must be non-negative and less than the size of the collection.
Parameter name: index
5/14/2010 8:01 PM : lookForMedia error: The operation has timed out
5/14/2010 8:01 PM : lookForMedia error: The operation has timed out
5/14/2010 8:01 PM : lookForMedia error: The operation has timed out
5/14/2010 8:01 PM : lookForMedia error: Index was out of range. Must be non-negative and less than the size of the collection.
Parameter name: index
5/14/2010 8:01 PM : lookForMedia error: The operation has timed out
5/14/2010 8:01 PM : lookForMedia error: Index was out of range. Must be non-negative and less than the size of the collection.
Parameter name: index
5/14/2010 8:01 PM : lookForMedia error: The operation has timed out
5/14/2010 8:01 PM : lookForMedia error: The operation has timed out
5/14/2010 8:01 PM : lookForMedia error: The operation has timed out
5/14/2010 8:01 PM : lookForMedia error: The operation has timed out
5/14/2010 8:01 PM : lookForMedia error: The operation has timed out
5/14/2010 8:01 PM : lookForMedia error: The operation has timed out
5/14/2010 8:01 PM : lookForMedia error: The operation has timed out
5/14/2010 8:01 PM : lookForMedia error: The operation has timed out
5/14/2010 8:02 PM : lookForMedia error: The operation has timed out
5/14/2010 8:02 PM : lookForMedia error: The operation has timed out
5/14/2010 8:02 PM : lookForMedia error: The operation has timed out
5/14/2010 8:02 PM : lookForMedia error: The operation has timed out
5/14/2010 8:02 PM : lookForMedia error: The operation has timed out
5/14/2010 8:02 PM : lookForMedia error: The operation has timed out
5/14/2010 8:02 PM : lookForMedia error: Index was out of range. Must be non-negative and less than the size of the collection.
Parameter name: index
5/14/2010 8:02 PM : lookForMedia error: The operation has timed out
5/14/2010 8:02 PM : lookForMedia error: The operation has timed out
5/14/2010 8:02 PM : lookForMedia error: The operation has timed out
5/14/2010 8:02 PM : lookForMedia error: The operation has timed out
5/14/2010 8:02 PM : lookForMedia error: The operation has timed out
5/14/2010 8:02 PM : lookForMedia error: The operation has timed out
5/14/2010 8:02 PM : lookForMedia error: Index was out of range. Must be non-negative and less than the size of the collection.
Parameter name: index
5/14/2010 8:02 PM : lookForMedia error: The operation has timed out
5/14/2010 8:02 PM : lookForMedia error: The operation has timed out
5/14/2010 8:02 PM : lookForMedia error: The operation has timed out
5/14/2010 8:02 PM : lookForMedia error: The operation has timed out
5/14/2010 8:02 PM : lookForMedia error: The operation has timed out
5/14/2010 8:02 PM : lookForMedia error: Index was out of range. Must be non-negative and less than the size of the collection.
Parameter name: index
5/14/2010 8:02 PM : lookForMedia error: The operation has timed out
5/14/2010 8:02 PM : lookForMedia error: The operation has timed out
5/14/2010 8:02 PM : lookForMedia error: The operation has timed out
5/14/2010 8:02 PM : lookForMedia error: The operation has timed out
5/14/2010 8:02 PM : lookForMedia error: The operation has timed out
5/14/2010 8:02 PM : lookForMedia error: The operation has timed out
5/14/2010 8:02 PM : lookForMedia error: The operation has timed out
5/14/2010 8:02 PM : lookForMedia error: The operation has timed out
5/14/2010 8:02 PM : lookForMedia error: The operation has timed out
5/14/2010 8:02 PM : lookForMedia error: The operation has timed out
5/14/2010 8:02 PM : lookForMedia error: Index was out of range. Must be non-negative and less than the size of the collection.
Parameter name: index
5/14/2010 8:02 PM : lookForMedia error: The operation has timed out
5/14/2010 8:02 PM : lookForMedia error: The operation has timed out
5/14/2010 8:02 PM : lookForMedia error: The operation has timed out
5/14/2010 8:02 PM : lookForMedia error: Index was out of range. Must be non-negative and less than the size of the collection.
Parameter name: index
5/14/2010 8:02 PM : lookForMedia error: The operation has timed out
5/14/2010 8:02 PM : lookForMedia error: The operation has timed out
5/14/2010 8:02 PM : lookForMedia error: The operation has timed out
5/14/2010 8:02 PM : lookForMedia error: The operation has timed out
5/14/2010 8:02 PM : lookForMedia error: The operation has timed out
5/14/2010 8:02 PM : lookForMedia error: The operation has timed out
5/14/2010 8:02 PM : lookForMedia error: The operation has timed out
5/14/2010 8:02 PM : lookForMedia error: The operation has timed out
5/14/2010 8:02 PM : lookForMedia error: The operation has timed out
5/14/2010 8:02 PM : lookForMedia error: The operation has timed out
5/14/2010 8:02 PM : lookForMedia error: The operation has timed out
5/14/2010 8:02 PM : lookForMedia error: Index was out of range. Must be non-negative and less than the size of the collection.
Parameter name: index
5/14/2010 8:02 PM : lookForMedia error: The operation has timed out
5/14/2010 8:02 PM : lookForMedia error: The operation has timed out
5/14/2010 8:02 PM : lookForMedia error: The operation has timed out
5/14/2010 8:02 PM : lookForMedia error: The operation has timed out
5/14/2010 8:02 PM : lookForMedia error: Index was out of range. Must be non-negative and less than the size of the collection.
Parameter name: index
5/14/2010 8:02 PM : lookForMedia error: The operation has timed out
5/14/2010 8:02 PM : lookForMedia error: Index was out of range. Must be non-negative and less than the size of the collection.
Parameter name: index
5/14/2010 8:02 PM : lookForMedia error: Index was out of range. Must be non-negative and less than the size of the collection.
Parameter name: index
5/14/2010 8:02 PM : lookForMedia error: The operation has timed out
5/14/2010 8:02 PM : lookForMedia error: The operation has timed out
5/14/2010 8:02 PM : lookForMedia error: The operation has timed out
5/14/2010 8:02 PM : lookForMedia error: The operation has timed out
5/14/2010 8:02 PM : lookForMedia error: The operation has timed out
5/14/2010 8:02 PM : lookForMedia error: The operation has timed out
5/14/2010 8:02 PM : lookForMedia error: Index was out of range. Must be non-negative and less than the size of the collection.
Parameter name: index
5/14/2010 8:02 PM : lookForMedia error: The operation has timed out
5/14/2010 8:02 PM : lookForMedia error: The operation has timed out
5/14/2010 8:02 PM : lookForMedia error: The operation has timed out
5/14/2010 8:02 PM : lookForMedia error: The operation has timed out
5/14/2010 8:02 PM : lookForMedia error: The operation has timed out
5/14/2010 8:02 PM : lookForMedia error: Index was out of range. Must be non-negative and less than the size of the collection.
Parameter name: index
5/14/2010 8:02 PM : lookForMedia error: The operation has timed out
5/14/2010 8:02 PM : lookForMedia error: Index was out of range. Must be non-negative and less than the size of the collection.
Parameter name: index
5/14/2010 8:02 PM : lookForMedia error: The operation has timed out
5/14/2010 8:02 PM : lookForMedia error: The operation has timed out
5/14/2010 8:02 PM : lookForMedia error: The operation has timed out
5/14/2010 8:02 PM : lookForMedia error: The operation has timed out
5/14/2010 8:02 PM : lookForMedia error: The operation has timed out
5/14/2010 8:02 PM : lookForMedia error: The operation has timed out
5/14/2010 8:02 PM : lookForMedia error: The operation has timed out
5/14/2010 8:02 PM : lookForMedia error: The operation has timed out
5/14/2010 8:02 PM : lookForMedia error: The operation has timed out
5/14/2010 8:02 PM : lookForMedia error: The operation has timed out
5/14/2010 8:02 PM : lookForMedia error: The operation has timed out
5/14/2010 8:02 PM : lookForMedia error: The operation has timed out
5/14/2010 8:02 PM : lookForMedia error: The operation has timed out
5/14/2010 8:02 PM : lookForMedia error: Index was out of range. Must be non-negative and less than the size of the collection.
Parameter name: index
5/14/2010 8:02 PM : lookForMedia error: The operation has timed out
5/14/2010 8:02 PM : lookForMedia error: The operation has timed out
5/14/2010 8:02 PM : lookForMedia error: The operation has timed out
5/14/2010 8:02 PM : lookForMedia error: The operation has timed out
5/14/2010 8:02 PM : lookForMedia error: Index was out of range. Must be non-negative and less than the size of the collection.
Parameter name: index
5/14/2010 8:02 PM : lookForMedia error: The operation has timed out
5/14/2010 8:02 PM : lookForMedia error: The operation has timed out
5/14/2010 8:02 PM : lookForMedia error: The operation has timed out
5/14/2010 8:02 PM : lookForMedia error: The operation has timed out
5/14/2010 8:02 PM : lookForMedia error: The operation has timed out
5/14/2010 8:02 PM : lookForMedia error: The operation has timed out
5/14/2010 8:02 PM : lookForMedia error: Index was out of range. Must be non-negative and less than the size of the collection.
Parameter name: index
5/14/2010 8:02 PM : lookForMedia error: The operation has timed out
5/14/2010 8:02 PM : lookForMedia error: The operation has timed out
5/14/2010 8:02 PM : lookForMedia error: The operation has timed out
5/14/2010 8:02 PM : lookForMedia error: The operation has timed out
5/14/2010 8:02 PM : lookForMedia error: Index was out of range. Must be non-negative and less than the size of the collection.
Parameter name: index
5/14/2010 8:02 PM : lookForMedia error: The operation has timed out
5/14/2010 8:02 PM : lookForMedia error: The operation has timed out
5/14/2010 8:02 PM : lookForMedia error: The operation has timed out
5/14/2010 8:02 PM : lookForMedia error: The operation has timed out
5/14/2010 8:02 PM : lookForMedia error: The operation has timed out
5/14/2010 8:02 PM : lookForMedia error: The operation has timed out
5/14/2010 8:02 PM : lookForMedia error: The operation has timed out
5/14/2010 8:02 PM : lookForMedia error: The operation has timed out
5/14/2010 8:02 PM : lookForMedia error: The operation has timed out
5/14/2010 8:02 PM : lookForMedia error: The operation has timed out
5/14/2010 8:02 PM : lookForMedia error: The operation has timed out
5/14/2010 8:02 PM : lookForMedia error: The operation has timed out
5/14/2010 8:02 PM : lookForMedia error: The operation has timed out
5/14/2010 8:02 PM : lookForMedia error: The operation has timed out
5/14/2010 8:02 PM : lookForMedia error: The operation has timed out
5/14/2010 8:02 PM : lookForMedia error: Index was out of range. Must be non-negative and less than the size of the collection.
Parameter name: index
5/14/2010 8:02 PM : lookForMedia error: The operation has timed out
5/14/2010 8:02 PM : lookForMedia error: The operation has timed out
5/14/2010 8:02 PM : lookForMedia error: The operation has timed out
5/14/2010 8:02 PM : lookForMedia error: The operation has timed out
5/14/2010 8:02 PM : lookForMedia error: The operation has timed out
5/14/2010 8:02 PM : lookForMedia error: Index was out of range. Must be non-negative and less than the size of the collection.
Parameter name: index
5/14/2010 8:02 PM : lookForMedia error: The operation has timed out
5/14/2010 8:02 PM : lookForMedia error: The operation has timed out
5/14/2010 8:02 PM : lookForMedia error: The operation has timed out
5/14/2010 8:02 PM : lookForMedia error: The operation has timed out
5/14/2010 8:02 PM : lookForMedia error: The operation has timed out
5/14/2010 8:02 PM : lookForMedia error: Index was out of range. Must be non-negative and less than the size of the collection.
Parameter name: index
5/14/2010 8:02 PM : lookForMedia error: The operation has timed out
5/14/2010 8:02 PM : lookForMedia error: The operation has timed out
5/14/2010 8:02 PM : lookForMedia error: The operation has timed out
5/14/2010 8:02 PM : lookForMedia error: The operation has timed out
5/14/2010 8:02 PM : lookForMedia error: The operation has timed out
5/14/2010 8:02 PM : lookForMedia error: The operation has timed out
5/14/2010 8:02 PM : lookForMedia error: The operation has timed out
5/14/2010 8:02 PM : lookForMedia error: Index was out of range. Must be non-negative and less than the size of the collection.
Parameter name: index
5/14/2010 8:02 PM : lookForMedia error: The operation has timed out
5/14/2010 8:02 PM : lookForMedia error: The operation has timed out
5/14/2010 8:02 PM : lookForMedia error: The operation has timed out
5/14/2010 8:02 PM : lookForMedia error: The operation has timed out
5/14/2010 8:02 PM : lookForMedia error: Index was out of range. Must be non-negative and less than the size of the collection.
Parameter name: index
5/14/2010 8:02 PM : lookForMedia error: The operation has timed out
5/14/2010 8:02 PM : lookForMedia error: The operation has timed out
5/14/2010 8:02 PM : lookForMedia error: The operation has timed out
5/14/2010 8:02 PM : lookForMedia error: The operation has timed out
5/14/2010 8:02 PM : lookForMedia error: The operation has timed out
5/14/2010 8:02 PM : lookForMedia error: The operation has timed out
5/14/2010 8:02 PM : lookForMedia error: The operation has timed out
5/14/2010 8:02 PM : lookForMedia error: The operation has timed out
5/14/2010 8:02 PM : lookForMedia error: The operation has timed out
5/14/2010 8:02 PM : lookForMedia error: The operation has timed out
5/14/2010 8:02 PM : lookForMedia error: The operation has timed out
5/14/2010 8:02 PM : lookForMedia error: The operation has timed out
5/14/2010 8:02 PM : lookForMedia error: Index was out of range. Must be non-negative and less than the size of the collection.
Parameter name: index
5/14/2010 8:02 PM : lookForMedia error: The operation has timed out
5/14/2010 8:02 PM : lookForMedia error: The operation has timed out
5/14/2010 8:02 PM : lookForMedia error: The operation has timed out
5/14/2010 8:02 PM : lookForMedia error: The operation has timed out
5/14/2010 8:02 PM : lookForMedia error: The operation has timed out
5/14/2010 8:02 PM : lookForMedia error: The operation has timed out
5/14/2010 8:02 PM : lookForMedia error: The operation has timed out
5/14/2010 8:02 PM : lookForMedia error: The operation has timed out
5/14/2010 8:02 PM : lookForMedia error: The operation has timed out
5/14/2010 8:02 PM : lookForMedia error: The operation has timed out
5/14/2010 8:02 PM : lookForMedia error: The operation has timed out
5/14/2010 8:02 PM : lookForMedia error: The operation has timed out
5/14/2010 8:02 PM : lookForMedia error: The operation has timed out
5/14/2010 8:02 PM : lookForMedia error: Index was out of range. Must be non-negative and less than the size of the collection.
Parameter name: index
5/14/2010 8:02 PM : lookForMedia error: The operation has timed out
5/14/2010 8:02 PM : lookForMedia error: The operation has timed out
5/14/2010 8:02 PM : lookForMedia error: The operation has timed out
5/14/2010 8:02 PM : lookForMedia error: Index was out of range. Must be non-negative and less than the size of the collection.
Parameter name: index
5/14/2010 8:02 PM : lookForMedia error: Index was out of range. Must be non-negative and less than the size of the collection.
Parameter name: index
5/14/2010 8:02 PM : lookForMedia error: Index was out of range. Must be non-negative and less than the size of the collection.
Parameter name: index
5/14/2010 8:02 PM : lookForMedia error: Index was out of range. Must be non-negative and less than the size of the collection.
Parameter name: index
5/14/2010 8:02 PM : lookForMedia error: Index was out of range. Must be non-negative and less than the size of the collection.
Parameter name: index
5/14/2010 8:02 PM : lookForMedia error: Index was out of range. Must be non-negative and less than the size of the collection.
Parameter name: index
5/14/2010 8:02 PM : lookForMedia error: The operation has timed out
5/14/2010 8:02 PM : lookForMedia error: The operation has timed out
5/14/2010 8:02 PM : lookForMedia error: The operation has timed out
5/14/2010 8:02 PM : lookForMedia error: The operation has timed out
5/14/2010 8:02 PM : lookForMedia error: The operation has timed out
5/14/2010 8:02 PM : lookForMedia error: The operation has timed out
5/14/2010 8:02 PM : lookForMedia error: The operation has timed out
5/14/2010 8:02 PM : lookForMedia error: The operation has timed out
5/14/2010 8:02 PM : lookForMedia error: The operation has timed out
5/14/2010 8:02 PM : lookForMedia error: The operation has timed out
5/14/2010 8:02 PM : lookForMedia error: The operation has timed out
5/14/2010 8:02 PM : lookForMedia error: The operation has timed out
5/14/2010 8:02 PM : lookForMedia error: The operation has timed out
5/14/2010 8:02 PM : lookForMedia error: Index was out of range. Must be non-negative and less than the size of the collection.
Parameter name: index
5/14/2010 8:02 PM : lookForMedia error: The operation has timed out
5/14/2010 8:02 PM : lookForMedia error: The operation has timed out
5/14/2010 8:02 PM : lookForMedia error: The operation has timed out
5/14/2010 8:02 PM : lookForMedia error: The operation has timed out
5/14/2010 8:02 PM : lookForMedia error: The operation has timed out
5/14/2010 8:02 PM : lookForMedia error: Index was out of range. Must be non-negative and less than the size of the collection.
Parameter name: index
5/14/2010 8:02 PM : lookForMedia error: The operation has timed out
5/14/2010 8:02 PM : lookForMedia error: Index was out of range. Must be non-negative and less than the size of the collection.
Parameter name: index
5/14/2010 8:02 PM : lookForMedia error: The operation has timed out
5/14/2010 8:02 PM : lookForMedia error: The operation has timed out
5/14/2010 8:02 PM : lookForMedia error: The operation has timed out
5/14/2010 8:02 PM : lookForMedia error: The operation has timed out
5/14/2010 8:02 PM : lookForMedia error: The operation has timed out
5/14/2010 8:02 PM : lookForMedia error: The operation has timed out
5/14/2010 8:02 PM : lookForMedia error: The operation has timed out
5/14/2010 8:02 PM : lookForMedia error: The operation has timed out
5/14/2010 8:02 PM : lookForMedia error: The operation has timed out
5/14/2010 8:03 PM : lookForMedia error: The operation has timed out
5/14/2010 8:03 PM : lookForMedia error: The operation has timed out
5/14/2010 8:03 PM : lookForMedia error: The operation has timed out
5/14/2010 8:03 PM : lookForMedia error: The operation has timed out
5/14/2010 8:03 PM : lookForMedia error: Index was out of range. Must be non-negative and less than the size of the collection.
Parameter name: index
5/14/2010 8:03 PM : lookForMedia error: The operation has timed out
5/14/2010 8:03 PM : lookForMedia error: The operation has timed out
5/14/2010 8:03 PM : lookForMedia error: The operation has timed out
5/14/2010 8:03 PM : lookForMedia error: The operation has timed out
5/14/2010 8:03 PM : lookForMedia error: The operation has timed out
5/14/2010 8:03 PM : lookForMedia error: The operation has timed out
5/14/2010 8:03 PM : lookForMedia error: Index was out of range. Must be non-negative and less than the size of the collection.
Parameter name: index
5/14/2010 8:03 PM : lookForMedia error: The operation has timed out
5/14/2010 8:03 PM : lookForMedia error: The operation has timed out
5/14/2010 8:03 PM : lookForMedia error: The operation has timed out
5/14/2010 8:03 PM : lookForMedia error: The operation has timed out
5/14/2010 8:03 PM : lookForMedia error: Index was out of range. Must be non-negative and less than the size of the collection.
Parameter name: index
5/14/2010 8:03 PM : lookForMedia error: Index was out of range. Must be non-negative and less than the size of the collection.
Parameter name: index
5/14/2010 8:03 PM : lookForMedia error: Index was out of range. Must be non-negative and less than the size of the collection.
Parameter name: index
5/14/2010 8:03 PM : lookForMedia error: Index was out of range. Must be non-negative and less than the size of the collection.
Parameter name: index
5/14/2010 8:03 PM : lookForMedia error: The operation has timed out
5/14/2010 8:03 PM : lookForMedia error: The operation has timed out
5/14/2010 8:03 PM : lookForMedia error: Index was out of range. Must be non-negative and less than the size of the collection.
Parameter name: index
5/14/2010 8:03 PM : lookForMedia error: The operation has timed out
5/14/2010 8:03 PM : lookForMedia error: The operation has timed out
5/14/2010 8:03 PM : lookForMedia error: Index was out of range. Must be non-negative and less than the size of the collection.
Parameter name: index
5/14/2010 8:03 PM : lookForMedia error: The operation has timed out
5/14/2010 8:03 PM : lookForMedia error: The operation has timed out
5/14/2010 8:03 PM : lookForMedia error: Index was out of range. Must be non-negative and less than the size of the collection.
Parameter name: index
5/14/2010 8:03 PM : lookForMedia error: Index was out of range. Must be non-negative and less than the size of the collection.
Parameter name: index
5/14/2010 8:03 PM : lookForMedia error: The operation has timed out
5/14/2010 8:03 PM : lookForMedia error: The operation has timed out
5/14/2010 8:03 PM : lookForMedia error: The operation has timed out
5/14/2010 8:03 PM : lookForMedia error: Index was out of range. Must be non-negative and less than the size of the collection.
Parameter name: index
5/14/2010 8:03 PM : lookForMedia error: The operation has timed out
5/14/2010 8:03 PM : lookForMedia error: The operation has timed out
5/14/2010 8:03 PM : lookForMedia error: The operation has timed out
5/14/2010 8:03 PM : lookForMedia error: The operation has timed out
5/14/2010 8:03 PM : lookForMedia error: Index was out of range. Must be non-negative and less than the size of the collection.
Parameter name: index
5/14/2010 8:03 PM : lookForMedia error: Index was out of range. Must be non-negative and less than the size of the collection.
Parameter name: index
5/14/2010 8:03 PM : lookForMedia error: The operation has timed out
5/14/2010 8:03 PM : lookForMedia error: The operation has timed out
5/14/2010 8:03 PM : lookForMedia error: The operation has timed out
5/14/2010 8:03 PM : lookForMedia error: The operation has timed out
5/14/2010 8:03 PM : lookForMedia error: The operation has timed out
5/14/2010 8:03 PM : lookForMedia error: The operation has timed out
5/14/2010 8:03 PM : lookForMedia error: The operation has timed out
5/14/2010 8:03 PM : lookForMedia error: The operation has timed out
5/14/2010 8:03 PM : lookForMedia error: The operation has timed out
5/14/2010 8:03 PM : lookForMedia error: The operation has timed out
5/14/2010 8:03 PM : lookForMedia error: Index was out of range. Must be non-negative and less than the size of the collection.
Parameter name: index
5/14/2010 8:03 PM : lookForMedia error: The operation has timed out
5/14/2010 8:03 PM : lookForMedia error: The operation has timed out
5/14/2010 8:03 PM : lookForMedia error: Index was out of range. Must be non-negative and less than the size of the collection.
Parameter name: index
5/14/2010 8:03 PM : lookForMedia error: The operation has timed out
5/14/2010 8:03 PM : lookForMedia error: The operation has timed out
5/14/2010 8:03 PM : lookForMedia error: The operation has timed out
5/14/2010 8:03 PM : lookForMedia error: The operation has timed out
5/14/2010 8:03 PM : lookForMedia error: The operation has timed out
5/14/2010 8:03 PM : lookForMedia error: Index was out of range. Must be non-negative and less than the size of the collection.
Parameter name: index
5/14/2010 8:03 PM : lookForMedia error: The operation has timed out
5/14/2010 8:03 PM : lookForMedia error: Index was out of range. Must be non-negative and less than the size of the collection.
Parameter name: index
5/14/2010 8:03 PM : lookForMedia error: The operation has timed out
5/14/2010 8:03 PM : lookForMedia error: The operation has timed out
5/14/2010 8:03 PM : lookForMedia error: The operation has timed out
5/14/2010 8:03 PM : lookForMedia error: The operation has timed out
5/14/2010 8:03 PM : lookForMedia error: The operation has timed out
5/14/2010 8:03 PM : lookForMedia error: The operation has timed out
5/14/2010 8:03 PM : lookForMedia error: Index was out of range. Must be non-negative and less than the size of the collection.
Parameter name: index
5/14/2010 8:03 PM : lookForMedia error: Index was out of range. Must be non-negative and less than the size of the collection.
Parameter name: index
5/14/2010 8:03 PM : lookForMedia error: Index was out of range. Must be non-negative and less than the size of the collection.
Parameter name: index
5/14/2010 8:03 PM : lookForMedia error: The operation has timed out
5/14/2010 8:03 PM : lookForMedia error: The operation has timed out
5/14/2010 8:03 PM : lookForMedia error: The operation has timed out
5/14/2010 8:03 PM : lookForMedia error: Index was out of range. Must be non-negative and less than the size of the collection.
Parameter name: index
5/14/2010 8:03 PM : lookForMedia error: Index was out of range. Must be non-negative and less than the size of the collection.
Parameter name: index
5/14/2010 8:03 PM : lookForMedia error: The operation has timed out
5/14/2010 8:03 PM : lookForMedia error: The operation has timed out
5/14/2010 8:03 PM : lookForMedia error: The operation has timed out
5/14/2010 8:03 PM : lookForMedia error: Index was out of range. Must be non-negative and less than the size of the collection.
Parameter name: index
5/14/2010 8:03 PM : lookForMedia error: The operation has timed out
5/14/2010 8:03 PM : lookForMedia error: Index was out of range. Must be non-negative and less than the size of the collection.
Parameter name: index
5/14/2010 8:03 PM : lookForMedia error: The operation has timed out
5/14/2010 8:03 PM : lookForMedia error: Index was out of range. Must be non-negative and less than the size of the collection.
Parameter name: index
5/14/2010 8:03 PM : lookForMedia error: Index was out of range. Must be non-negative and less than the size of the collection.
Parameter name: index
5/14/2010 8:03 PM : lookForMedia error: Index was out of range. Must be non-negative and less than the size of the collection.
Parameter name: index
5/14/2010 8:03 PM : lookForMedia error: The operation has timed out
5/14/2010 8:03 PM : lookForMedia error: The operation has timed out
5/14/2010 8:03 PM : lookForMedia error: The operation has timed out
5/14/2010 8:03 PM : lookForMedia error: The operation has timed out
5/14/2010 8:03 PM : lookForMedia error: Index was out of range. Must be non-negative and less than the size of the collection.
Parameter name: index
5/14/2010 8:03 PM : lookForMedia error: The operation has timed out
5/14/2010 8:03 PM : lookForMedia error: The operation has timed out
5/14/2010 8:03 PM : lookForMedia error: The operation has timed out
5/14/2010 8:03 PM : lookForMedia error: The operation has timed out
5/14/2010 8:03 PM : lookForMedia error: Index was out of range. Must be non-negative and less than the size of the collection.
Parameter name: index
5/14/2010 8:03 PM : lookForMedia error: Index was out of range. Must be non-negative and less than the size of the collection.
Parameter name: index
5/14/2010 8:03 PM : lookForMedia error: The operation has timed out
5/14/2010 8:03 PM : lookForMedia error: The operation has timed out
5/14/2010 8:03 PM : lookForMedia error: The operation has timed out
5/14/2010 8:03 PM : lookForMedia error: The operation has timed out
5/14/2010 8:03 PM : lookForMedia error: The operation has timed out
5/14/2010 8:03 PM : lookForMedia error: The operation has timed out
5/14/2010 8:03 PM : lookForMedia error: The operation has timed out
5/14/2010 8:03 PM : lookForMedia error: The operation has timed out
5/14/2010 8:03 PM : lookForMedia error: The operation has timed out
5/14/2010 8:03 PM : lookForMedia error: The operation has timed out
5/14/2010 8:03 PM : lookForMedia error: The operation has timed out
5/14/2010 8:03 PM : lookForMedia error: The operation has timed out
5/14/2010 8:03 PM : lookForMedia error: The operation has timed out
5/14/2010 8:03 PM : lookForMedia error: The operation has timed out
5/14/2010 8:03 PM : lookForMedia error: The operation has timed out
5/14/2010 8:03 PM : lookForMedia error: The operation has timed out
5/14/2010 8:03 PM : lookForMedia error: The operation has timed out
5/14/2010 8:03 PM : lookForMedia error: The operation has timed out
5/14/2010 8:03 PM : lookForMedia error: The operation has timed out
5/14/2010 8:03 PM : lookForMedia error: The operation has timed out
5/14/2010 8:03 PM : lookForMedia error: The operation has timed out
5/14/2010 8:03 PM : lookForMedia error: The operation has timed out
5/14/2010 8:03 PM : lookForMedia error: The operation has timed out
5/14/2010 8:03 PM : lookForMedia error: The operation has timed out
5/14/2010 8:03 PM : lookForMedia error: The operation has timed out
5/14/2010 8:03 PM : lookForMedia error: Index was out of range. Must be non-negative and less than the size of the collection.
Parameter name: index
5/14/2010 8:03 PM : lookForMedia error: The operation has timed out
5/14/2010 8:03 PM : lookForMedia error: The operation has timed out
5/14/2010 8:03 PM : lookForMedia error: The operation has timed out
5/14/2010 8:03 PM : lookForMedia error: The operation has timed out
5/14/2010 8:03 PM : lookForMedia error: The operation has timed out
5/14/2010 8:03 PM : lookForMedia error: The operation has timed out
5/14/2010 8:03 PM : lookForMedia error: The operation has timed out
5/14/2010 8:03 PM : lookForMedia error: The operation has timed out
5/14/2010 8:03 PM : lookForMedia error: The operation has timed out
5/14/2010 8:03 PM : lookForMedia error: The operation has timed out
5/14/2010 8:03 PM : lookForMedia error: The operation has timed out
5/14/2010 8:03 PM : lookForMedia error: The operation has timed out
5/14/2010 8:03 PM : lookForMedia error: The operation has timed out
5/14/2010 8:03 PM : lookForMedia error: The operation has timed out
5/14/2010 8:03 PM : lookForMedia error: Index was out of range. Must be non-negative and less than the size of the collection.
Parameter name: index
5/14/2010 8:03 PM : lookForMedia error: The operation has timed out
5/14/2010 8:03 PM : lookForMedia error: Index was out of range. Must be non-negative and less than the size of the collection.
Parameter name: index
5/14/2010 8:03 PM : lookForMedia error: The operation has timed out
5/14/2010 8:03 PM : lookForMedia error: The operation has timed out
5/14/2010 8:03 PM : lookForMedia error: The operation has timed out
5/14/2010 8:03 PM : lookForMedia error: Index was out of range. Must be non-negative and less than the size of the collection.
Parameter name: index
5/14/2010 8:03 PM : lookForMedia error: The operation has timed out
5/14/2010 8:03 PM : lookForMedia error: The operation has timed out
5/14/2010 8:03 PM : lookForMedia error: The operation has timed out
5/14/2010 8:03 PM : lookForMedia error: The operation has timed out
5/14/2010 8:03 PM : lookForMedia error: The operation has timed out
5/14/2010 8:03 PM : lookForMedia error: The operation has timed out
5/14/2010 8:03 PM : lookForMedia error: The operation has timed out
5/14/2010 8:03 PM : lookForMedia error: The operation has timed out
5/14/2010 8:03 PM : lookForMedia error: Index was out of range. Must be non-negative and less than the size of the collection.
Parameter name: index
5/14/2010 8:03 PM : lookForMedia error: The operation has timed out
5/14/2010 8:03 PM : lookForMedia error: The operation has timed out
5/14/2010 8:03 PM : lookForMedia error: The operation has timed out
5/14/2010 8:04 PM : lookForMedia error: The operation has timed out
5/14/2010 8:04 PM : lookForMedia error: Index was out of range. Must be non-negative and less than the size of the collection.
Parameter name: index
5/14/2010 8:04 PM : lookForMedia error: The operation has timed out
5/14/2010 8:04 PM : lookForMedia error: Index was out of range. Must be non-negative and less than the size of the collection.
Parameter name: index
5/14/2010 8:04 PM : lookForMedia error: The operation has timed out
5/14/2010 8:04 PM : lookForMedia error: The operation has timed out
5/14/2010 8:04 PM : lookForMedia error: The operation has timed out
5/14/2010 8:04 PM : lookForMedia error: The operation has timed out
5/14/2010 8:04 PM : lookForMedia error: The operation has timed out
5/14/2010 8:04 PM : lookForMedia error: The operation has timed out
5/14/2010 8:04 PM : lookForMedia error: The operation has timed out
5/14/2010 8:04 PM : lookForMedia error: The operation has timed out
5/14/2010 8:04 PM : lookForMedia error: The operation has timed out
5/14/2010 8:04 PM : lookForMedia error: The operation has timed out
5/14/2010 8:04 PM : lookForMedia error: The operation has timed out
5/14/2010 8:04 PM : lookForMedia error: The operation has timed out
5/14/2010 8:04 PM : lookForMedia error: The operation has timed out
5/14/2010 8:04 PM : lookForMedia error: The operation has timed out
5/14/2010 8:04 PM : lookForMedia error: The operation has timed out
5/14/2010 8:04 PM : lookForMedia error: The operation has timed out
5/14/2010 8:04 PM : lookForMedia error: Index was out of range. Must be non-negative and less than the size of the collection.
Parameter name: index
5/14/2010 8:04 PM : lookForMedia error: The operation has timed out
5/14/2010 8:04 PM : lookForMedia error: The operation has timed out
5/14/2010 8:04 PM : lookForMedia error: The operation has timed out
5/14/2010 8:04 PM : lookForMedia error: The operation has timed out
5/14/2010 8:04 PM : lookForMedia error: The operation has timed out
5/14/2010 8:04 PM : lookForMedia error: The operation has timed out
5/14/2010 8:04 PM : lookForMedia error: The operation has timed out
5/14/2010 8:04 PM : lookForMedia error: Index was out of range. Must be non-negative and less than the size of the collection.
Parameter name: index
5/14/2010 8:04 PM : lookForMedia error: The operation has timed out
5/14/2010 8:04 PM : lookForMedia error: The operation has timed out
5/14/2010 8:04 PM : lookForMedia error: The operation has timed out
5/14/2010 8:04 PM : lookForMedia error: The operation has timed out
5/14/2010 8:04 PM : lookForMedia error: The operation has timed out
5/14/2010 8:04 PM : lookForMedia error: The operation has timed out
5/14/2010 8:04 PM : lookForMedia error: The operation has timed out
5/14/2010 8:04 PM : lookForMedia error: The operation has timed out
5/14/2010 8:04 PM : lookForMedia error: The operation has timed out
5/14/2010 8:04 PM : lookForMedia error: The operation has timed out
5/14/2010 8:04 PM : lookForMedia error: The operation has timed out
5/14/2010 8:04 PM : lookForMedia error: The operation has timed out
5/14/2010 8:04 PM : lookForMedia error: The operation has timed out
5/14/2010 8:04 PM : lookForMedia error: The operation has timed out
5/14/2010 8:04 PM : lookForMedia error: The operation has timed out
5/14/2010 8:04 PM : lookForMedia error: The operation has timed out
5/14/2010 8:04 PM : lookForMedia error: Index was out of range. Must be non-negative and less than the size of the collection.
Parameter name: index
5/14/2010 8:04 PM : lookForMedia error: The operation has timed out
5/14/2010 8:04 PM : lookForMedia error: The operation has timed out
5/14/2010 8:04 PM : lookForMedia error: The operation has timed out
5/14/2010 8:04 PM : lookForMedia error: Index was out of range. Must be non-negative and less than the size of the collection.
Parameter name: index
5/14/2010 8:04 PM : lookForMedia error: The operation has timed out
5/14/2010 8:04 PM : lookForMedia error: Index was out of range. Must be non-negative and less than the size of the collection.
Parameter name: index
5/14/2010 8:04 PM : lookForMedia error: The operation has timed out
5/14/2010 8:04 PM : lookForMedia error: The operation has timed out
5/14/2010 8:04 PM : lookForMedia error: The operation has timed out
5/14/2010 8:04 PM : lookForMedia error: The operation has timed out
5/14/2010 8:04 PM : lookForMedia error: The operation has timed out
5/14/2010 8:04 PM : lookForMedia error: The operation has timed out
5/14/2010 8:04 PM : lookForMedia error: Index was out of range. Must be non-negative and less than the size of the collection.
Parameter name: index
5/14/2010 8:04 PM : lookForMedia error: Index was out of range. Must be non-negative and less than the size of the collection.
Parameter name: index
5/14/2010 8:04 PM : lookForMedia error: Index was out of range. Must be non-negative and less than the size of the collection.
Parameter name: index
5/14/2010 8:04 PM : lookForMedia error: The operation has timed out
5/14/2010 8:04 PM : lookForMedia error: The operation has timed out
5/14/2010 8:04 PM : lookForMedia error: The operation has timed out
5/14/2010 8:04 PM : lookForMedia error: The operation has timed out
5/14/2010 8:04 PM : lookForMedia error: The operation has timed out
5/14/2010 8:04 PM : lookForMedia error: The operation has timed out
5/14/2010 8:04 PM : lookForMedia error: The operation has timed out
5/14/2010 8:04 PM : lookForMedia error: The operation has timed out
5/14/2010 8:04 PM : lookForMedia error: The operation has timed out
5/14/2010 8:04 PM : lookForMedia error: Index was out of range. Must be non-negative and less than the size of the collection.
Parameter name: index
5/14/2010 8:04 PM : lookForMedia error: The operation has timed out
5/14/2010 8:04 PM : lookForMedia error: The operation has timed out
5/14/2010 8:04 PM : lookForMedia error: The operation has timed out
5/14/2010 8:04 PM : lookForMedia error: The operation has timed out
5/14/2010 8:04 PM : lookForMedia error: The operation has timed out
5/14/2010 8:04 PM : lookForMedia error: The operation has timed out
5/14/2010 8:04 PM : lookForMedia error: The operation has timed out
5/14/2010 8:04 PM : lookForMedia error: The operation has timed out
5/14/2010 8:04 PM : lookForMedia error: The operation has timed out
5/14/2010 8:04 PM : lookForMedia error: The operation has timed out
5/14/2010 8:04 PM : lookForMedia error: Index was out of range. Must be non-negative and less than the size of the collection.
Parameter name: index
5/14/2010 8:04 PM : lookForMedia error: The operation has timed out
5/14/2010 8:04 PM : lookForMedia error: The operation has timed out
5/14/2010 8:04 PM : lookForMedia error: The operation has timed out
5/14/2010 8:04 PM : lookForMedia error: The operation has timed out
5/14/2010 8:04 PM : lookForMedia error: Index was out of range. Must be non-negative and less than the size of the collection.
Parameter name: index
5/14/2010 8:04 PM : lookForMedia error: The operation has timed out
5/14/2010 8:04 PM : lookForMedia error: The operation has timed out
5/14/2010 8:04 PM : lookForMedia error: The operation has timed out
5/14/2010 8:04 PM : lookForMedia error: The operation has timed out
5/14/2010 8:04 PM : lookForMedia error: The operation has timed out
5/14/2010 8:04 PM : lookForMedia error: The operation has timed out
5/14/2010 8:04 PM : lookForMedia error: Index was out of range. Must be non-negative and less than the size of the collection.
Parameter name: index
5/14/2010 8:04 PM : lookForMedia error: The operation has timed out
5/14/2010 8:04 PM : lookForMedia error: The operation has timed out
5/14/2010 8:04 PM : lookForMedia error: Index was out of range. Must be non-negative and less than the size of the collection.
Parameter name: index
5/14/2010 8:04 PM : lookForMedia error: The operation has timed out
5/14/2010 8:04 PM : lookForMedia error: The operation has timed out
5/14/2010 8:04 PM : lookForMedia error: The operation has timed out
5/14/2010 8:04 PM : lookForMedia error: Index was out of range. Must be non-negative and less than the size of the collection.
Parameter name: index
5/14/2010 8:04 PM : lookForMedia error: Index was out of range. Must be non-negative and less than the size of the collection.
Parameter name: index
5/14/2010 8:04 PM : lookForMedia error: The operation has timed out
5/14/2010 8:04 PM : lookForMedia error: The operation has timed out
5/14/2010 8:04 PM : lookForMedia error: The operation has timed out
5/14/2010 8:04 PM : lookForMedia error: The operation has timed out
5/14/2010 8:04 PM : lookForMedia error: The operation has timed out
5/14/2010 8:04 PM : lookForMedia error: The operation has timed out
5/14/2010 8:04 PM : lookForMedia error: Index was out of range. Must be non-negative and less than the size of the collection.
Parameter name: index
5/14/2010 8:04 PM : lookForMedia error: The operation has timed out
5/14/2010 8:04 PM : lookForMedia error: The operation has timed out
5/14/2010 8:04 PM : lookForMedia error: The operation has timed out
5/14/2010 8:04 PM : lookForMedia error: The operation has timed out
5/14/2010 8:04 PM : lookForMedia error: The operation has timed out
5/14/2010 8:04 PM : lookForMedia error: The operation has timed out
5/14/2010 8:04 PM : lookForMedia error: Index was out of range. Must be non-negative and less than the size of the collection.
Parameter name: index
5/14/2010 8:04 PM : lookForMedia error: The operation has timed out
5/14/2010 8:04 PM : lookForMedia error: The operation has timed out
5/14/2010 8:04 PM : lookForMedia error: The operation has timed out
5/14/2010 8:04 PM : lookForMedia error: The operation has timed out
5/14/2010 8:04 PM : lookForMedia error: Index was out of range. Must be non-negative and less than the size of the collection.
Parameter name: index
5/14/2010 8:04 PM : lookForMedia error: The operation has timed out
5/14/2010 8:04 PM : lookForMedia error: The operation has timed out
5/14/2010 8:04 PM : lookForMedia error: The operation has timed out
5/14/2010 8:04 PM : lookForMedia error: The operation has timed out
5/14/2010 8:04 PM : lookForMedia error: Index was out of range. Must be non-negative and less than the size of the collection.
Parameter name: index
5/14/2010 8:04 PM : lookForMedia error: The operation has timed out
5/14/2010 8:04 PM : lookForMedia error: The operation has timed out
5/14/2010 8:04 PM : lookForMedia error: The operation has timed out
5/14/2010 8:04 PM : lookForMedia error: Index was out of range. Must be non-negative and less than the size of the collection.
Parameter name: index
5/14/2010 8:04 PM : lookForMedia error: The operation has timed out
5/14/2010 8:04 PM : lookForMedia error: Index was out of range. Must be non-negative and less than the size of the collection.
Parameter name: index
5/14/2010 8:04 PM : lookForMedia error: The operation has timed out
5/14/2010 8:04 PM : lookForMedia error: The operation has timed out
5/14/2010 8:04 PM : lookForMedia error: The operation has timed out
5/14/2010 8:04 PM : lookForMedia error: Index was out of range. Must be non-negative and less than the size of the collection.
Parameter name: index
5/14/2010 8:04 PM : lookForMedia error: Index was out of range. Must be non-negative and less than the size of the collection.
Parameter name: index
5/14/2010 8:04 PM : lookForMedia error: The operation has timed out
5/14/2010 8:04 PM : lookForMedia error: Index was out of range. Must be non-negative and less than the size of the collection.
Parameter name: index
5/14/2010 8:04 PM : lookForMedia error: Index was out of range. Must be non-negative and less than the size of the collection.
Parameter name: index
5/14/2010 8:04 PM : lookForMedia error: Index was out of range. Must be non-negative and less than the size of the collection.
Parameter name: index
5/14/2010 8:04 PM : lookForMedia error: Index was out of range. Must be non-negative and less than the size of the collection.
Parameter name: index
5/14/2010 8:04 PM : lookForMedia error: Index was out of range. Must be non-negative and less than the size of the collection.
Parameter name: index
5/14/2010 8:04 PM : lookForMedia error: Index was out of range. Must be non-negative and less than the size of the collection.
Parameter name: index
5/14/2010 8:04 PM : lookForMedia error: Index was out of range. Must be non-negative and less than the size of the collection.
Parameter name: index
5/14/2010 8:04 PM : lookForMedia error: Index was out of range. Must be non-negative and less than the size of the collection.
Parameter name: index
5/14/2010 8:04 PM : lookForMedia error: The operation has timed out
5/14/2010 8:04 PM : lookForMedia error: The operation has timed out
5/14/2010 8:04 PM : lookForMedia error: The operation has timed out
5/14/2010 8:04 PM : lookForMedia error: The operation has timed out
5/14/2010 8:04 PM : lookForMedia error: The operation has timed out
5/14/2010 8:04 PM : lookForMedia error: The operation has timed out
5/14/2010 8:04 PM : lookForMedia error: The operation has timed out
5/14/2010 8:04 PM : lookForMedia error: The operation has timed out
5/14/2010 8:04 PM : lookForMedia error: The operation has timed out
5/14/2010 8:04 PM : lookForMedia error: Index was out of range. Must be non-negative and less than the size of the collection.
Parameter name: index
5/14/2010 8:04 PM : lookForMedia error: The operation has timed out
5/14/2010 8:04 PM : lookForMedia error: The operation has timed out
5/14/2010 8:04 PM : lookForMedia error: The operation has timed out
5/14/2010 8:04 PM : lookForMedia error: The operation has timed out
5/14/2010 8:04 PM : lookForMedia error: The operation has timed out
5/14/2010 8:04 PM : lookForMedia error: The operation has timed out
5/14/2010 8:04 PM : lookForMedia error: The operation has timed out
5/14/2010 8:04 PM : lookForMedia error: The operation has timed out
5/14/2010 8:04 PM : lookForMedia error: Index was out of range. Must be non-negative and less than the size of the collection.
Parameter name: index
5/14/2010 8:04 PM : lookForMedia error: The operation has timed out
5/14/2010 8:04 PM : lookForMedia error: The operation has timed out
5/14/2010 8:04 PM : lookForMedia error: The operation has timed out
5/14/2010 8:04 PM : lookForMedia error: Index was out of range. Must be non-negative and less than the size of the collection.
Parameter name: index
5/14/2010 8:04 PM : lookForMedia error: The operation has timed out
5/14/2010 8:04 PM : lookForMedia error: The operation has timed out
5/14/2010 8:04 PM : lookForMedia error: The operation has timed out
5/14/2010 8:04 PM : lookForMedia error: The operation has timed out
5/14/2010 8:04 PM : lookForMedia error: The operation has timed out
5/14/2010 8:04 PM : lookForMedia error: The operation has timed out
5/14/2010 8:04 PM : lookForMedia error: The operation has timed out
5/14/2010 8:04 PM : lookForMedia error: The operation has timed out
5/14/2010 8:04 PM : lookForMedia error: The operation has timed out
5/14/2010 8:04 PM : lookForMedia error: The operation has timed out
5/14/2010 8:04 PM : lookForMedia error: The operation has timed out
5/14/2010 8:04 PM : lookForMedia error: The operation has timed out
5/14/2010 8:04 PM : lookForMedia error: The operation has timed out
5/14/2010 8:04 PM : lookForMedia error: The operation has timed out
5/14/2010 8:04 PM : lookForMedia error: The operation has timed out
5/14/2010 8:04 PM : lookForMedia error: The operation has timed out
5/14/2010 8:04 PM : lookForMedia error: The operation has timed out
5/14/2010 8:04 PM : lookForMedia error: The operation has timed out
5/14/2010 8:04 PM : lookForMedia error: The operation has timed out
5/14/2010 8:04 PM : lookForMedia error: The operation has timed out
5/14/2010 8:04 PM : lookForMedia error: The operation has timed out
5/14/2010 8:04 PM : lookForMedia error: The operation has timed out
5/14/2010 8:05 PM : lookForMedia error: Index was out of range. Must be non-negative and less than the size of the collection.
Parameter name: index
5/14/2010 8:05 PM : lookForMedia error: The operation has timed out
5/14/2010 8:05 PM : lookForMedia error: The operation has timed out
5/14/2010 8:05 PM : lookForMedia error: The operation has timed out
5/14/2010 8:05 PM : lookForMedia error: The operation has timed out
5/14/2010 8:05 PM : lookForMedia error: The operation has timed out
5/14/2010 8:05 PM : lookForMedia error: Index was out of range. Must be non-negative and less than the size of the collection.
Parameter name: index
5/14/2010 8:05 PM : lookForMedia error: The operation has timed out
5/14/2010 8:05 PM : lookForMedia error: The operation has timed out
5/14/2010 8:05 PM : lookForMedia error: The operation has timed out
5/14/2010 8:05 PM : lookForMedia error: The operation has timed out
5/14/2010 8:05 PM : lookForMedia error: Index was out of range. Must be non-negative and less than the size of the collection.
Parameter name: index
5/14/2010 8:05 PM : lookForMedia error: The operation has timed out
5/14/2010 8:05 PM : lookForMedia error: Index was out of range. Must be non-negative and less than the size of the collection.
Parameter name: index
5/14/2010 8:05 PM : lookForMedia error: The operation has timed out
5/14/2010 8:05 PM : lookForMedia error: The operation has timed out
5/14/2010 8:05 PM : lookForMedia error: The operation has timed out
5/14/2010 8:05 PM : lookForMedia error: Index was out of range. Must be non-negative and less than the size of the collection.
Parameter name: index
5/14/2010 8:05 PM : lookForMedia error: The operation has timed out
5/14/2010 8:05 PM : lookForMedia error: The operation has timed out
5/14/2010 8:05 PM : lookForMedia error: Index was out of range. Must be non-negative and less than the size of the collection.
Parameter name: index
5/14/2010 8:05 PM : lookForMedia error: Index was out of range. Must be non-negative and less than the size of the collection.
Parameter name: index
5/14/2010 8:05 PM : lookForMedia error: The operation has timed out
5/14/2010 8:05 PM : lookForMedia error: The operation has timed out
5/14/2010 8:05 PM : lookForMedia error: The operation has timed out
5/14/2010 8:05 PM : lookForMedia error: The operation has timed out
5/14/2010 8:05 PM : lookForMedia error: The operation has timed out
5/14/2010 8:05 PM : lookForMedia error: The operation has timed out
5/14/2010 8:05 PM : lookForMedia error: The operation has timed out
5/14/2010 8:05 PM : lookForMedia error: The operation has timed out
5/14/2010 8:05 PM : lookForMedia error: Index was out of range. Must be non-negative and less than the size of the collection.
Parameter name: index
5/14/2010 8:05 PM : lookForMedia error: The operation has timed out
5/14/2010 8:05 PM : lookForMedia error: The operation has timed out
5/14/2010 8:05 PM : lookForMedia error: Index was out of range. Must be non-negative and less than the size of the collection.
Parameter name: index
5/14/2010 8:05 PM : lookForMedia error: The operation has timed out
5/14/2010 8:05 PM : lookForMedia error: Index was out of range. Must be non-negative and less than the size of the collection.
Parameter name: index
5/14/2010 8:05 PM : lookForMedia error: The operation has timed out
5/14/2010 8:05 PM : lookForMedia error: The remote server returned an error: (503) Server Unavailable.
5/14/2010 8:05 PM : lookForMedia error: Index was out of range. Must be non-negative and less than the size of the collection.
Parameter name: index
5/14/2010 8:05 PM : lookForMedia error: The operation has timed out
5/14/2010 8:05 PM : lookForMedia error: The remote server returned an error: (503) Server Unavailable.
5/14/2010 8:05 PM : lookForMedia error: The operation has timed out
5/14/2010 8:05 PM : lookForMedia error: The operation has timed out
5/14/2010 8:05 PM : lookForMedia error: The operation has timed out
5/14/2010 8:05 PM : lookForMedia error: Index was out of range. Must be non-negative and less than the size of the collection.
Parameter name: index
5/14/2010 8:05 PM : lookForMedia error: Index was out of range. Must be non-negative and less than the size of the collection.
Parameter name: index
5/14/2010 8:05 PM : lookForMedia error: The operation has timed out
5/14/2010 8:05 PM : lookForMedia error: Index was out of range. Must be non-negative and less than the size of the collection.
Parameter name: index
5/14/2010 8:05 PM : lookForMedia error: The operation has timed out
5/14/2010 8:05 PM : lookForMedia error: The operation has timed out
5/14/2010 8:05 PM : lookForMedia error: The operation has timed out
5/14/2010 8:05 PM : lookForMedia error: The operation has timed out
5/14/2010 8:05 PM : lookForMedia error: The operation has timed out
5/14/2010 8:05 PM : lookForMedia error: The operation has timed out
5/14/2010 8:05 PM : lookForMedia error: Index was out of range. Must be non-negative and less than the size of the collection.
Parameter name: index
5/14/2010 8:05 PM : lookForMedia error: The operation has timed out
5/14/2010 8:05 PM : lookForMedia error: Index was out of range. Must be non-negative and less than the size of the collection.
Parameter name: index
5/14/2010 8:05 PM : lookForMedia error: Index was out of range. Must be non-negative and less than the size of the collection.
Parameter name: index
5/14/2010 8:05 PM : lookForMedia error: Index was out of range. Must be non-negative and less than the size of the collection.
Parameter name: index
5/14/2010 8:05 PM : lookForMedia error: Index was out of range. Must be non-negative and less than the size of the collection.
Parameter name: index
5/14/2010 8:05 PM : lookForMedia error: Index was out of range. Must be non-negative and less than the size of the collection.
Parameter name: index
5/14/2010 8:05 PM : lookForMedia error: Index was out of range. Must be non-negative and less than the size of the collection.
Parameter name: index
5/14/2010 8:05 PM : lookForMedia error: Index was out of range. Must be non-negative and less than the size of the collection.
Parameter name: index
5/14/2010 8:05 PM : lookForMedia error: Index was out of range. Must be non-negative and less than the size of the collection.
Parameter name: index
5/14/2010 8:05 PM : lookForMedia error: Index was out of range. Must be non-negative and less than the size of the collection.
Parameter name: index
5/14/2010 8:05 PM : lookForMedia error: Index was out of range. Must be non-negative and less than the size of the collection.
Parameter name: index
5/14/2010 8:05 PM : lookForMedia error: Index was out of range. Must be non-negative and less than the size of the collection.
Parameter name: index
5/14/2010 8:05 PM : lookForMedia error: Index was out of range. Must be non-negative and less than the size of the collection.
Parameter name: index
5/14/2010 8:05 PM : lookForMedia error: The operation has timed out
5/14/2010 8:05 PM : lookForMedia error: The operation has timed out
5/14/2010 8:05 PM : lookForMedia error: The operation has timed out
5/14/2010 8:05 PM : lookForMedia error: The operation has timed out
5/14/2010 8:05 PM : lookForMedia error: The operation has timed out
5/14/2010 8:05 PM : lookForMedia error: The operation has timed out
5/14/2010 8:05 PM : lookForMedia error: The operation has timed out
5/14/2010 8:05 PM : lookForMedia error: The operation has timed out
5/14/2010 8:05 PM : lookForMedia error: The operation has timed out
5/14/2010 8:05 PM : lookForMedia error: Index was out of range. Must be non-negative and less than the size of the collection.
Parameter name: index
5/14/2010 8:05 PM : lookForMedia error: The operation has timed out
5/14/2010 8:05 PM : lookForMedia error: The operation has timed out
5/14/2010 8:05 PM : lookForMedia error: The operation has timed out
5/14/2010 8:05 PM : lookForMedia error: The operation has timed out
5/14/2010 8:05 PM : lookForMedia error: The operation has timed out
5/14/2010 8:05 PM : lookForMedia error: The operation has timed out
5/14/2010 8:05 PM : lookForMedia error: The operation has timed out
5/14/2010 8:05 PM : lookForMedia error: The operation has timed out
5/14/2010 8:05 PM : lookForMedia error: The operation has timed out
5/14/2010 8:05 PM : lookForMedia error: The operation has timed out
5/14/2010 8:05 PM : lookForMedia error: Index was out of range. Must be non-negative and less than the size of the collection.
Parameter name: index
5/14/2010 8:05 PM : lookForMedia error: The operation has timed out
5/14/2010 8:05 PM : lookForMedia error: The operation has timed out
5/14/2010 8:05 PM : lookForMedia error: The operation has timed out
5/14/2010 8:05 PM : lookForMedia error: The operation has timed out
5/14/2010 8:05 PM : lookForMedia error: The operation has timed out
5/14/2010 8:05 PM : lookForMedia error: The operation has timed out
5/14/2010 8:05 PM : lookForMedia error: The operation has timed out
5/14/2010 8:05 PM : lookForMedia error: The operation has timed out
5/14/2010 8:05 PM : lookForMedia error: The operation has timed out
5/14/2010 8:05 PM : lookForMedia error: Index was out of range. Must be non-negative and less than the size of the collection.
Parameter name: index
5/14/2010 8:05 PM : lookForMedia error: The operation has timed out
5/14/2010 8:05 PM : lookForMedia error: The operation has timed out
5/14/2010 8:05 PM : lookForMedia error: Index was out of range. Must be non-negative and less than the size of the collection.
Parameter name: index
5/14/2010 8:05 PM : lookForMedia error: The operation has timed out
5/14/2010 8:05 PM : lookForMedia error: The operation has timed out
5/14/2010 8:05 PM : lookForMedia error: The operation has timed out
5/14/2010 8:05 PM : lookForMedia error: The operation has timed out
5/14/2010 8:05 PM : lookForMedia error: The operation has timed out
5/14/2010 8:05 PM : lookForMedia error: Index was out of range. Must be non-negative and less than the size of the collection.
Parameter name: index
5/14/2010 8:05 PM : lookForMedia error: The operation has timed out
5/14/2010 8:05 PM : lookForMedia error: The operation has timed out
5/14/2010 8:05 PM : lookForMedia error: The operation has timed out
5/14/2010 8:05 PM : lookForMedia error: The operation has timed out
5/14/2010 8:05 PM : lookForMedia error: The operation has timed out
5/14/2010 8:05 PM : lookForMedia error: The operation has timed out
5/14/2010 8:05 PM : lookForMedia error: Index was out of range. Must be non-negative and less than the size of the collection.
Parameter name: index
5/14/2010 8:05 PM : lookForMedia error: The operation has timed out
5/14/2010 8:05 PM : lookForMedia error: The operation has timed out
5/14/2010 8:05 PM : lookForMedia error: Index was out of range. Must be non-negative and less than the size of the collection.
Parameter name: index
5/14/2010 8:05 PM : lookForMedia error: The operation has timed out
5/14/2010 8:05 PM : lookForMedia error: The operation has timed out
5/14/2010 8:05 PM : lookForMedia error: The operation has timed out
5/14/2010 8:05 PM : lookForMedia error: The operation has timed out
5/14/2010 8:05 PM : lookForMedia error: Index was out of range. Must be non-negative and less than the size of the collection.
Parameter name: index
5/14/2010 8:05 PM : lookForMedia error: The operation has timed out
5/14/2010 8:05 PM : lookForMedia error: The operation has timed out
5/14/2010 8:05 PM : lookForMedia error: The operation has timed out
5/14/2010 8:05 PM : lookForMedia error: Index was out of range. Must be non-negative and less than the size of the collection.
Parameter name: index
5/14/2010 8:05 PM : lookForMedia error: The operation has timed out
5/14/2010 8:05 PM : lookForMedia error: The operation has timed out
5/14/2010 8:05 PM : lookForMedia error: The operation has timed out
5/14/2010 8:05 PM : lookForMedia error: The operation has timed out
5/14/2010 8:05 PM : lookForMedia error: The operation has timed out
5/14/2010 8:05 PM : lookForMedia error: The operation has timed out
5/14/2010 8:05 PM : lookForMedia error: The operation has timed out
5/14/2010 8:05 PM : lookForMedia error: The operation has timed out
5/14/2010 8:05 PM : lookForMedia error: The operation has timed out
5/14/2010 8:05 PM : lookForMedia error: The operation has timed out
5/14/2010 8:05 PM : lookForMedia error: The operation has timed out
5/14/2010 8:05 PM : lookForMedia error: The operation has timed out
5/14/2010 8:05 PM : lookForMedia error: The operation has timed out
5/14/2010 8:05 PM : lookForMedia error: The operation has timed out
5/14/2010 8:05 PM : lookForMedia error: The operation has timed out
5/14/2010 8:05 PM : lookForMedia error: Index was out of range. Must be non-negative and less than the size of the collection.
Parameter name: index
5/14/2010 8:05 PM : lookForMedia error: The operation has timed out
5/14/2010 8:05 PM : lookForMedia error: The operation has timed out
5/14/2010 8:05 PM : lookForMedia error: The operation has timed out
5/14/2010 8:05 PM : lookForMedia error: The operation has timed out
5/14/2010 8:05 PM : lookForMedia error: Index was out of range. Must be non-negative and less than the size of the collection.
Parameter name: index
5/14/2010 8:05 PM : lookForMedia error: The operation has timed out
5/14/2010 8:05 PM : lookForMedia error: The operation has timed out
5/14/2010 8:05 PM : lookForMedia error: Index was out of range. Must be non-negative and less than the size of the collection.
Parameter name: index
5/14/2010 8:05 PM : lookForMedia error: The operation has timed out
5/14/2010 8:05 PM : lookForMedia error: The operation has timed out
5/14/2010 8:05 PM : lookForMedia error: The operation has timed out
5/14/2010 8:05 PM : lookForMedia error: The operation has timed out
5/14/2010 8:05 PM : lookForMedia error: The operation has timed out
5/14/2010 8:05 PM : lookForMedia error: The operation has timed out
5/14/2010 8:05 PM : lookForMedia error: Index was out of range. Must be non-negative and less than the size of the collection.
Parameter name: index
5/14/2010 8:05 PM : lookForMedia error: The operation has timed out
5/14/2010 8:05 PM : lookForMedia error: The operation has timed out
5/14/2010 8:05 PM : lookForMedia error: The operation has timed out
5/14/2010 8:05 PM : lookForMedia error: The operation has timed out
5/14/2010 8:05 PM : lookForMedia error: The operation has timed out
5/14/2010 8:05 PM : lookForMedia error: The operation has timed out
5/14/2010 8:05 PM : lookForMedia error: The operation has timed out
5/14/2010 8:05 PM : lookForMedia error: The operation has timed out
5/14/2010 8:05 PM : lookForMedia error: The operation has timed out
5/14/2010 8:05 PM : lookForMedia error: Index was out of range. Must be non-negative and less than the size of the collection.
Parameter name: index
5/14/2010 8:05 PM : lookForMedia error: The operation has timed out
5/14/2010 8:05 PM : lookForMedia error: The operation has timed out
5/14/2010 8:05 PM : lookForMedia error: Index was out of range. Must be non-negative and less than the size of the collection.
Parameter name: index
5/14/2010 8:05 PM : lookForMedia error: The operation has timed out
5/14/2010 8:05 PM : lookForMedia error: Index was out of range. Must be non-negative and less than the size of the collection.
Parameter name: index
5/14/2010 8:05 PM : lookForMedia error: The operation has timed out
5/14/2010 8:05 PM : lookForMedia error: The operation has timed out
5/14/2010 8:05 PM : lookForMedia error: The operation has timed out
5/14/2010 8:05 PM : lookForMedia error: The operation has timed out
5/14/2010 8:05 PM : lookForMedia error: The operation has timed out
5/14/2010 8:05 PM : lookForMedia error: The operation has timed out
5/14/2010 8:05 PM : lookForMedia error: The operation has timed out
5/14/2010 8:05 PM : lookForMedia error: The operation has timed out
5/14/2010 8:05 PM : lookForMedia error: Index was out of range. Must be non-negative and less than the size of the collection.
Parameter name: index
5/14/2010 8:05 PM : lookForMedia error: The operation has timed out
5/14/2010 8:05 PM : lookForMedia error: The operation has timed out
5/14/2010 8:05 PM : lookForMedia error: The operation has timed out
5/14/2010 8:05 PM : lookForMedia error: The operation has timed out
5/14/2010 8:05 PM : lookForMedia error: The operation has timed out
5/14/2010 8:06 PM : lookForMedia error: The operation has timed out
5/14/2010 8:06 PM : lookForMedia error: The operation has timed out
5/14/2010 8:06 PM : lookForMedia error: The operation has timed out
5/14/2010 8:06 PM : lookForMedia error: Index was out of range. Must be non-negative and less than the size of the collection.
Parameter name: index
5/14/2010 8:06 PM : lookForMedia error: The operation has timed out
5/14/2010 8:06 PM : lookForMedia error: The operation has timed out
5/14/2010 8:06 PM : lookForMedia error: The operation has timed out
5/14/2010 8:06 PM : lookForMedia error: The operation has timed out
5/14/2010 8:06 PM : lookForMedia error: The operation has timed out
5/14/2010 8:06 PM : lookForMedia error: Index was out of range. Must be non-negative and less than the size of the collection.
Parameter name: index
5/14/2010 8:06 PM : lookForMedia error: The operation has timed out
5/14/2010 8:06 PM : lookForMedia error: The operation has timed out
5/14/2010 8:06 PM : lookForMedia error: The operation has timed out
5/14/2010 8:06 PM : lookForMedia error: The operation has timed out
5/14/2010 8:06 PM : lookForMedia error: Index was out of range. Must be non-negative and less than the size of the collection.
Parameter name: index
5/14/2010 8:06 PM : lookForMedia error: The operation has timed out
5/14/2010 8:06 PM : lookForMedia error: The operation has timed out
5/14/2010 8:06 PM : lookForMedia error: The operation has timed out
5/14/2010 8:06 PM : lookForMedia error: The operation has timed out
5/14/2010 8:06 PM : lookForMedia error: The operation has timed out
5/14/2010 8:06 PM : lookForMedia error: The operation has timed out
5/14/2010 8:06 PM : lookForMedia error: The operation has timed out
5/14/2010 8:06 PM : lookForMedia error: The operation has timed out
5/14/2010 8:06 PM : lookForMedia error: The operation has timed out
5/14/2010 8:06 PM : lookForMedia error: The operation has timed out
5/14/2010 8:06 PM : lookForMedia error: The operation has timed out
5/14/2010 8:06 PM : lookForMedia error: The operation has timed out
5/14/2010 8:06 PM : lookForMedia error: The operation has timed out
5/14/2010 8:06 PM : lookForMedia error: The operation has timed out
5/14/2010 8:06 PM : lookForMedia error: The operation has timed out
5/14/2010 8:06 PM : lookForMedia error: The operation has timed out
5/14/2010 8:06 PM : lookForMedia error: The operation has timed out
5/14/2010 8:06 PM : lookForMedia error: The operation has timed out
5/14/2010 8:06 PM : lookForMedia error: The operation has timed out
5/14/2010 8:06 PM : lookForMedia error: The operation has timed out
5/14/2010 8:06 PM : lookForMedia error: The operation has timed out
5/14/2010 8:06 PM : lookForMedia error: The operation has timed out
5/14/2010 8:06 PM : lookForMedia error: The operation has timed out
5/14/2010 8:06 PM : lookForMedia error: The operation has timed out
5/14/2010 8:06 PM : lookForMedia error: The operation has timed out
5/14/2010 8:06 PM : lookForMedia error: The operation has timed out
5/14/2010 8:06 PM : lookForMedia error: The operation has timed out
5/14/2010 8:06 PM : lookForMedia error: The operation has timed out
5/14/2010 8:06 PM : lookForMedia error: The operation has timed out
5/14/2010 8:06 PM : lookForMedia error: The operation has timed out
5/14/2010 8:06 PM : lookForMedia error: Index was out of range. Must be non-negative and less than the size of the collection.
Parameter name: index
5/14/2010 8:06 PM : lookForMedia error: The operation has timed out
5/14/2010 8:06 PM : lookForMedia error: The operation has timed out
5/14/2010 8:06 PM : lookForMedia error: The operation has timed out
5/14/2010 8:06 PM : lookForMedia error: The operation has timed out
5/14/2010 8:06 PM : lookForMedia error: The operation has timed out
5/14/2010 8:06 PM : lookForMedia error: The operation has timed out
5/14/2010 8:06 PM : lookForMedia error: The operation has timed out
5/14/2010 8:06 PM : lookForMedia error: The operation has timed out
5/14/2010 8:06 PM : lookForMedia error: The operation has timed out
5/14/2010 8:06 PM : lookForMedia error: The operation has timed out
5/14/2010 8:06 PM : lookForMedia error: The operation has timed out
5/14/2010 8:06 PM : lookForMedia error: The operation has timed out
5/14/2010 8:06 PM : lookForMedia error: The operation has timed out
5/14/2010 8:06 PM : lookForMedia error: The operation has timed out
5/14/2010 8:06 PM : lookForMedia error: The operation has timed out
5/14/2010 8:06 PM : lookForMedia error: The operation has timed out
5/14/2010 8:06 PM : lookForMedia error: The operation has timed out
5/14/2010 8:06 PM : lookForMedia error: The operation has timed out
5/14/2010 8:06 PM : lookForMedia error: The operation has timed out
5/14/2010 8:06 PM : lookForMedia error: The operation has timed out
5/14/2010 8:06 PM : lookForMedia error: The operation has timed out
5/14/2010 8:06 PM : lookForMedia error: The operation has timed out
5/14/2010 8:06 PM : lookForMedia error: The operation has timed out
5/14/2010 8:06 PM : lookForMedia error: The operation has timed out
5/14/2010 8:06 PM : lookForMedia error: The operation has timed out
5/14/2010 8:06 PM : lookForMedia error: The operation has timed out
5/14/2010 8:06 PM : lookForMedia error: The operation has timed out
5/14/2010 8:06 PM : lookForMedia error: The operation has timed out
5/14/2010 8:06 PM : lookForMedia error: The operation has timed out
5/14/2010 8:06 PM : lookForMedia error: The operation has timed out
5/14/2010 8:06 PM : lookForMedia error: Index was out of range. Must be non-negative and less than the size of the collection.
Parameter name: index
5/14/2010 8:06 PM : lookForMedia error: The operation has timed out
5/14/2010 8:06 PM : lookForMedia error: The operation has timed out
5/14/2010 8:06 PM : lookForMedia error: The operation has timed out
5/14/2010 8:06 PM : lookForMedia error: Index was out of range. Must be non-negative and less than the size of the collection.
Parameter name: index
5/14/2010 8:06 PM : lookForMedia error: The operation has timed out
5/14/2010 8:06 PM : lookForMedia error: The operation has timed out
5/14/2010 8:06 PM : lookForMedia error: The operation has timed out
5/14/2010 8:06 PM : lookForMedia error: The operation has timed out
5/14/2010 8:06 PM : lookForMedia error: The operation has timed out
5/14/2010 8:06 PM : lookForMedia error: The operation has timed out
5/14/2010 8:06 PM : lookForMedia error: The operation has timed out
5/14/2010 8:06 PM : lookForMedia error: The operation has timed out
5/14/2010 8:06 PM : lookForMedia error: The operation has timed out
5/14/2010 8:06 PM : lookForMedia error: Index was out of range. Must be non-negative and less than the size of the collection.
Parameter name: index
5/14/2010 8:06 PM : lookForMedia error: The operation has timed out
5/14/2010 8:06 PM : lookForMedia error: Index was out of range. Must be non-negative and less than the size of the collection.
Parameter name: index
5/14/2010 8:06 PM : lookForMedia error: The operation has timed out
5/14/2010 8:06 PM : lookForMedia error: The operation has timed out
5/14/2010 8:06 PM : lookForMedia error: The operation has timed out
5/14/2010 8:06 PM : lookForMedia error: The operation has timed out
5/14/2010 8:06 PM : lookForMedia error: Index was out of range. Must be non-negative and less than the size of the collection.
Parameter name: index
5/14/2010 8:06 PM : lookForMedia error: The operation has timed out
5/14/2010 8:06 PM : lookForMedia error: Index was out of range. Must be non-negative and less than the size of the collection.
Parameter name: index
5/14/2010 8:06 PM : lookForMedia error: The operation has timed out
5/14/2010 8:06 PM : lookForMedia error: The operation has timed out
5/14/2010 8:06 PM : lookForMedia error: The operation has timed out
5/14/2010 8:06 PM : lookForMedia error: The operation has timed out
5/14/2010 8:06 PM : lookForMedia error: The operation has timed out
5/14/2010 8:06 PM : lookForMedia error: The operation has timed out
5/14/2010 8:06 PM : lookForMedia error: The operation has timed out
5/14/2010 8:06 PM : lookForMedia error: The operation has timed out
5/14/2010 8:06 PM : lookForMedia error: The operation has timed out
5/14/2010 8:06 PM : lookForMedia error: The operation has timed out
5/14/2010 8:06 PM : lookForMedia error: The operation has timed out
5/14/2010 8:06 PM : lookForMedia error: The operation has timed out
5/14/2010 8:06 PM : lookForMedia error: The operation has timed out
5/14/2010 8:06 PM : lookForMedia error: The operation has timed out
5/14/2010 8:06 PM : lookForMedia error: The operation has timed out
5/14/2010 8:06 PM : lookForMedia error: Index was out of range. Must be non-negative and less than the size of the collection.
Parameter name: index
5/14/2010 8:06 PM : lookForMedia error: The operation has timed out
5/14/2010 8:06 PM : lookForMedia error: The operation has timed out
5/14/2010 8:06 PM : lookForMedia error: The operation has timed out
5/14/2010 8:06 PM : lookForMedia error: The operation has timed out
5/14/2010 8:06 PM : lookForMedia error: The operation has timed out
5/14/2010 8:06 PM : lookForMedia error: The operation has timed out
5/14/2010 8:06 PM : lookForMedia error: The operation has timed out
5/14/2010 8:06 PM : lookForMedia error: The operation has timed out
5/14/2010 8:06 PM : lookForMedia error: The operation has timed out
5/14/2010 8:06 PM : lookForMedia error: The operation has timed out
5/14/2010 8:06 PM : lookForMedia error: The operation has timed out
5/14/2010 8:06 PM : lookForMedia error: The operation has timed out
5/14/2010 8:06 PM : lookForMedia error: The operation has timed out
5/14/2010 8:06 PM : lookForMedia error: Index was out of range. Must be non-negative and less than the size of the collection.
Parameter name: index
5/14/2010 8:06 PM : lookForMedia error: The operation has timed out
5/14/2010 8:06 PM : lookForMedia error: Index was out of range. Must be non-negative and less than the size of the collection.
Parameter name: index
5/14/2010 8:06 PM : lookForMedia error: The operation has timed out
5/14/2010 8:06 PM : lookForMedia error: The operation has timed out
5/14/2010 8:06 PM : lookForMedia error: The operation has timed out
5/14/2010 8:06 PM : lookForMedia error: The operation has timed out
5/14/2010 8:06 PM : lookForMedia error: The operation has timed out
5/14/2010 8:06 PM : lookForMedia error: Index was out of range. Must be non-negative and less than the size of the collection.
Parameter name: index
5/14/2010 8:06 PM : lookForMedia error: The operation has timed out
5/14/2010 8:06 PM : lookForMedia error: The operation has timed out
5/14/2010 8:06 PM : lookForMedia error: The operation has timed out
5/14/2010 8:06 PM : lookForMedia error: The operation has timed out
5/14/2010 8:06 PM : lookForMedia error: The operation has timed out
5/14/2010 8:06 PM : lookForMedia error: The operation has timed out
5/14/2010 8:06 PM : lookForMedia error: The operation has timed out
5/14/2010 8:06 PM : lookForMedia error: The operation has timed out
5/14/2010 8:06 PM : lookForMedia error: The operation has timed out
5/14/2010 8:06 PM : lookForMedia error: The operation has timed out
5/14/2010 8:06 PM : lookForMedia error: The operation has timed out
5/14/2010 8:06 PM : lookForMedia error: The operation has timed out
5/14/2010 8:06 PM : lookForMedia error: The operation has timed out
5/14/2010 8:06 PM : lookForMedia error: The operation has timed out
5/14/2010 8:06 PM : lookForMedia error: The operation has timed out
5/14/2010 8:06 PM : lookForMedia error: The operation has timed out
5/14/2010 8:06 PM : lookForMedia error: The operation has timed out
5/14/2010 8:06 PM : lookForMedia error: The operation has timed out
5/14/2010 8:06 PM : lookForMedia error: The operation has timed out
5/14/2010 8:06 PM : lookForMedia error: The operation has timed out
5/14/2010 8:06 PM : lookForMedia error: Index was out of range. Must be non-negative and less than the size of the collection.
Parameter name: index
5/14/2010 8:06 PM : lookForMedia error: The operation has timed out
5/14/2010 8:06 PM : lookForMedia error: Index was out of range. Must be non-negative and less than the size of the collection.
Parameter name: index
5/14/2010 8:06 PM : lookForMedia error: The operation has timed out
5/14/2010 8:06 PM : lookForMedia error: Index was out of range. Must be non-negative and less than the size of the collection.
Parameter name: index
5/14/2010 8:06 PM : lookForMedia error: The operation has timed out
5/14/2010 8:06 PM : lookForMedia error: Index was out of range. Must be non-negative and less than the size of the collection.
Parameter name: index
5/14/2010 8:06 PM : lookForMedia error: The operation has timed out
5/14/2010 8:06 PM : lookForMedia error: Index was out of range. Must be non-negative and less than the size of the collection.
Parameter name: index
5/14/2010 8:06 PM : lookForMedia error: The operation has timed out
5/14/2010 8:06 PM : lookForMedia error: The operation has timed out
5/14/2010 8:06 PM : lookForMedia error: Index was out of range. Must be non-negative and less than the size of the collection.
Parameter name: index
5/14/2010 8:06 PM : lookForMedia error: The operation has timed out
5/14/2010 8:06 PM : lookForMedia error: Index was out of range. Must be non-negative and less than the size of the collection.
Parameter name: index
5/14/2010 8:06 PM : lookForMedia error: Index was out of range. Must be non-negative and less than the size of the collection.
Parameter name: index
5/14/2010 8:06 PM : lookForMedia error: Index was out of range. Must be non-negative and less than the size of the collection.
Parameter name: index
5/14/2010 8:06 PM : lookForMedia error: Index was out of range. Must be non-negative and less than the size of the collection.
Parameter name: index
5/14/2010 8:07 PM : lookForMedia error: The operation has timed out
5/14/2010 8:07 PM : lookForMedia error: The operation has timed out
5/14/2010 8:07 PM : lookForMedia error: Index was out of range. Must be non-negative and less than the size of the collection.
Parameter name: index
5/14/2010 8:07 PM : lookForMedia error: The operation has timed out
5/14/2010 8:07 PM : lookForMedia error: The operation has timed out
5/14/2010 8:07 PM : lookForMedia error: The operation has timed out
5/14/2010 8:07 PM : lookForMedia error: Index was out of range. Must be non-negative and less than the size of the collection.
Parameter name: index
5/14/2010 8:07 PM : lookForMedia error: The operation has timed out
5/14/2010 8:07 PM : lookForMedia error: Index was out of range. Must be non-negative and less than the size of the collection.
Parameter name: index
5/14/2010 8:07 PM : lookForMedia error: The operation has timed out
5/14/2010 8:07 PM : lookForMedia error: Index was out of range. Must be non-negative and less than the size of the collection.
Parameter name: index
5/14/2010 8:07 PM : lookForMedia error: The operation has timed out
5/14/2010 8:07 PM : lookForMedia error: The operation has timed out
5/14/2010 8:07 PM : lookForMedia error: The operation has timed out
5/14/2010 8:07 PM : lookForMedia error: Index was out of range. Must be non-negative and less than the size of the collection.
Parameter name: index
5/14/2010 8:07 PM : lookForMedia error: The operation has timed out
5/14/2010 8:07 PM : lookForMedia error: Index was out of range. Must be non-negative and less than the size of the collection.
Parameter name: index
5/14/2010 8:07 PM : lookForMedia error: Index was out of range. Must be non-negative and less than the size of the collection.
Parameter name: index
5/14/2010 8:07 PM : lookForMedia error: The operation has timed out
5/14/2010 8:07 PM : lookForMedia error: Index was out of range. Must be non-negative and less than the size of the collection.
Parameter name: index
5/14/2010 8:07 PM : lookForMedia error: The operation has timed out
5/14/2010 8:07 PM : lookForMedia error: The operation has timed out
5/14/2010 8:07 PM : lookForMedia error: The operation has timed out
5/14/2010 8:07 PM : lookForMedia error: Index was out of range. Must be non-negative and less than the size of the collection.
Parameter name: index
5/14/2010 8:07 PM : lookForMedia error: The operation has timed out
5/14/2010 8:07 PM : lookForMedia error: The operation has timed out
5/14/2010 8:07 PM : lookForMedia error: Index was out of range. Must be non-negative and less than the size of the collection.
Parameter name: index
5/14/2010 8:07 PM : lookForMedia error: The operation has timed out
5/14/2010 8:07 PM : lookForMedia error: The operation has timed out
5/14/2010 8:07 PM : lookForMedia error: Index was out of range. Must be non-negative and less than the size of the collection.
Parameter name: index
5/14/2010 8:07 PM : lookForMedia error: The operation has timed out
5/14/2010 8:07 PM : lookForMedia error: The operation has timed out
5/14/2010 8:07 PM : lookForMedia error: The operation has timed out
5/14/2010 8:07 PM : lookForMedia error: The operation has timed out
5/14/2010 8:07 PM : lookForMedia error: Index was out of range. Must be non-negative and less than the size of the collection.
Parameter name: index
5/14/2010 8:07 PM : lookForMedia error: The operation has timed out
5/14/2010 8:07 PM : lookForMedia error: The operation has timed out
5/14/2010 8:07 PM : lookForMedia error: The operation has timed out
5/14/2010 8:07 PM : lookForMedia error: The operation has timed out
5/14/2010 8:07 PM : lookForMedia error: Index was out of range. Must be non-negative and less than the size of the collection.
Parameter name: index
5/14/2010 8:07 PM : lookForMedia error: The operation has timed out
5/14/2010 8:07 PM : lookForMedia error: The operation has timed out
5/14/2010 8:07 PM : lookForMedia error: The operation has timed out
5/14/2010 8:07 PM : lookForMedia error: The operation has timed out
5/14/2010 8:07 PM : lookForMedia error: The operation has timed out
5/14/2010 8:07 PM : lookForMedia error: The operation has timed out
5/14/2010 8:07 PM : lookForMedia error: The operation has timed out
5/14/2010 8:07 PM : lookForMedia error: The operation has timed out
5/14/2010 8:07 PM : lookForMedia error: The operation has timed out
5/14/2010 8:07 PM : lookForMedia error: The operation has timed out
5/14/2010 8:07 PM : lookForMedia error: The operation has timed out
5/14/2010 8:07 PM : lookForMedia error: The operation has timed out
5/14/2010 8:07 PM : lookForMedia error: The operation has timed out
5/14/2010 8:07 PM : lookForMedia error: The operation has timed out
5/14/2010 8:07 PM : lookForMedia error: Index was out of range. Must be non-negative and less than the size of the collection.
Parameter name: index
5/14/2010 8:07 PM : lookForMedia error: Index was out of range. Must be non-negative and less than the size of the collection.
Parameter name: index
5/14/2010 8:07 PM : lookForMedia error: The operation has timed out
5/14/2010 8:07 PM : lookForMedia error: Index was out of range. Must be non-negative and less than the size of the collection.
Parameter name: index
5/14/2010 8:07 PM : lookForMedia error: The operation has timed out
5/14/2010 8:07 PM : lookForMedia error: The operation has timed out
5/14/2010 8:07 PM : lookForMedia error: The operation has timed out
5/14/2010 8:07 PM : lookForMedia error: The operation has timed out
5/14/2010 8:07 PM : lookForMedia error: The operation has timed out
5/14/2010 8:07 PM : lookForMedia error: The operation has timed out
5/14/2010 8:07 PM : lookForMedia error: The operation has timed out
5/14/2010 8:07 PM : lookForMedia error: The operation has timed out
5/14/2010 8:07 PM : lookForMedia error: The operation has timed out
5/14/2010 8:07 PM : lookForMedia error: The operation has timed out
5/14/2010 8:07 PM : lookForMedia error: The operation has timed out
5/14/2010 8:07 PM : lookForMedia error: The operation has timed out
5/14/2010 8:07 PM : lookForMedia error: Index was out of range. Must be non-negative and less than the size of the collection.
Parameter name: index
5/14/2010 8:07 PM : lookForMedia error: The operation has timed out
5/14/2010 8:07 PM : lookForMedia error: The operation has timed out
5/14/2010 8:07 PM : lookForMedia error: Index was out of range. Must be non-negative and less than the size of the collection.
Parameter name: index
5/14/2010 8:07 PM : lookForMedia error: The operation has timed out
5/14/2010 8:07 PM : lookForMedia error: The operation has timed out
5/14/2010 8:07 PM : lookForMedia error: Index was out of range. Must be non-negative and less than the size of the collection.
Parameter name: index
5/14/2010 8:07 PM : lookForMedia error: The operation has timed out
5/14/2010 8:07 PM : lookForMedia error: Index was out of range. Must be non-negative and less than the size of the collection.
Parameter name: index
5/14/2010 8:07 PM : lookForMedia error: The operation has timed out
5/14/2010 8:07 PM : lookForMedia error: The operation has timed out
5/14/2010 8:07 PM : lookForMedia error: The operation has timed out
5/14/2010 8:07 PM : lookForMedia error: The operation has timed out
5/14/2010 8:07 PM : lookForMedia error: Index was out of range. Must be non-negative and less than the size of the collection.
Parameter name: index
5/14/2010 8:07 PM : lookForMedia error: Index was out of range. Must be non-negative and less than the size of the collection.
Parameter name: index
5/14/2010 8:07 PM : lookForMedia error: The operation has timed out
5/14/2010 8:07 PM : lookForMedia error: The operation has timed out
5/14/2010 8:07 PM : lookForMedia error: The operation has timed out
5/14/2010 8:07 PM : lookForMedia error: The operation has timed out
5/14/2010 8:07 PM : lookForMedia error: The operation has timed out
5/14/2010 8:07 PM : lookForMedia error: Index was out of range. Must be non-negative and less than the size of the collection.
Parameter name: index
5/14/2010 8:07 PM : lookForMedia error: The operation has timed out
5/14/2010 8:07 PM : lookForMedia error: The operation has timed out
5/14/2010 8:07 PM : lookForMedia error: The operation has timed out
5/14/2010 8:07 PM : lookForMedia error: The operation has timed out
5/14/2010 8:07 PM : lookForMedia error: The operation has timed out
5/14/2010 8:07 PM : lookForMedia error: The operation has timed out
5/14/2010 8:07 PM : lookForMedia error: The operation has timed out
5/14/2010 8:07 PM : lookForMedia error: The operation has timed out
5/14/2010 8:07 PM : lookForMedia error: The operation has timed out
5/14/2010 8:07 PM : lookForMedia error: The operation has timed out
5/14/2010 8:07 PM : lookForMedia error: The operation has timed out
5/14/2010 8:07 PM : lookForMedia error: The operation has timed out
5/14/2010 8:07 PM : lookForMedia error: The operation has timed out
5/14/2010 8:07 PM : lookForMedia error: The operation has timed out
5/14/2010 8:07 PM : lookForMedia error: The operation has timed out
5/14/2010 8:07 PM : lookForMedia error: Index was out of range. Must be non-negative and less than the size of the collection.
Parameter name: index
5/14/2010 8:07 PM : lookForMedia error: The operation has timed out
5/14/2010 8:07 PM : lookForMedia error: The operation has timed out
5/14/2010 8:07 PM : lookForMedia error: The operation has timed out
5/14/2010 8:07 PM : lookForMedia error: The operation has timed out
5/14/2010 8:07 PM : lookForMedia error: The operation has timed out
5/14/2010 8:07 PM : lookForMedia error: Index was out of range. Must be non-negative and less than the size of the collection.
Parameter name: index
5/14/2010 8:07 PM : lookForMedia error: The operation has timed out
5/14/2010 8:07 PM : lookForMedia error: The operation has timed out
5/14/2010 8:07 PM : lookForMedia error: The operation has timed out
5/14/2010 8:07 PM : lookForMedia error: The operation has timed out
5/14/2010 8:07 PM : lookForMedia error: Index was out of range. Must be non-negative and less than the size of the collection.
Parameter name: index
5/14/2010 8:07 PM : lookForMedia error: The operation has timed out
5/14/2010 8:07 PM : lookForMedia error: The operation has timed out
5/14/2010 8:07 PM : lookForMedia error: The operation has timed out
5/14/2010 8:07 PM : lookForMedia error: The operation has timed out
5/14/2010 8:07 PM : lookForMedia error: The operation has timed out
5/14/2010 8:07 PM : lookForMedia error: The operation has timed out
5/14/2010 8:07 PM : lookForMedia error: The operation has timed out
5/14/2010 8:07 PM : lookForMedia error: Index was out of range. Must be non-negative and less than the size of the collection.
Parameter name: index
5/14/2010 8:07 PM : lookForMedia error: The operation has timed out
5/14/2010 8:07 PM : lookForMedia error: The operation has timed out
5/14/2010 8:07 PM : lookForMedia error: The operation has timed out
5/14/2010 8:07 PM : lookForMedia error: The operation has timed out
5/14/2010 8:07 PM : lookForMedia error: The operation has timed out
5/14/2010 8:07 PM : lookForMedia error: Index was out of range. Must be non-negative and less than the size of the collection.
Parameter name: index
5/14/2010 8:07 PM : lookForMedia error: The operation has timed out
5/14/2010 8:07 PM : lookForMedia error: The operation has timed out
5/14/2010 8:07 PM : lookForMedia error: The operation has timed out
5/14/2010 8:07 PM : lookForMedia error: Index was out of range. Must be non-negative and less than the size of the collection.
Parameter name: index
5/14/2010 8:07 PM : lookForMedia error: The operation has timed out
5/14/2010 8:07 PM : lookForMedia error: The operation has timed out
5/14/2010 8:07 PM : lookForMedia error: Index was out of range. Must be non-negative and less than the size of the collection.
Parameter name: index
5/14/2010 8:07 PM : lookForMedia error: Index was out of range. Must be non-negative and less than the size of the collection.
Parameter name: index
5/14/2010 8:07 PM : lookForMedia error: The operation has timed out
5/14/2010 8:07 PM : lookForMedia error: Index was out of range. Must be non-negative and less than the size of the collection.
Parameter name: index
5/14/2010 8:07 PM : lookForMedia error: The operation has timed out
5/14/2010 8:07 PM : lookForMedia error: The operation has timed out
5/14/2010 8:07 PM : lookForMedia error: The operation has timed out
5/14/2010 8:07 PM : lookForMedia error: The operation has timed out
5/14/2010 8:07 PM : lookForMedia error: The operation has timed out
5/14/2010 8:07 PM : lookForMedia error: Index was out of range. Must be non-negative and less than the size of the collection.
Parameter name: index
5/14/2010 8:07 PM : lookForMedia error: Index was out of range. Must be non-negative and less than the size of the collection.
Parameter name: index
5/14/2010 8:07 PM : lookForMedia error: The operation has timed out
5/14/2010 8:07 PM : lookForMedia error: The operation has timed out
5/14/2010 8:07 PM : lookForMedia error: The operation has timed out
5/14/2010 8:07 PM : lookForMedia error: Index was out of range. Must be non-negative and less than the size of the collection.
Parameter name: index
5/14/2010 8:07 PM : lookForMedia error: The operation has timed out
5/14/2010 8:07 PM : lookForMedia error: The operation has timed out
5/14/2010 8:07 PM : lookForMedia error: The operation has timed out
5/14/2010 8:07 PM : lookForMedia error: The operation has timed out
5/14/2010 8:07 PM : lookForMedia error: The operation has timed out
5/14/2010 8:07 PM : lookForMedia error: The operation has timed out
5/14/2010 8:07 PM : lookForMedia error: The operation has timed out
5/14/2010 8:07 PM : lookForMedia error: The operation has timed out
5/14/2010 8:07 PM : lookForMedia error: The operation has timed out
5/14/2010 8:07 PM : lookForMedia error: Index was out of range. Must be non-negative and less than the size of the collection.
Parameter name: index
5/14/2010 8:07 PM : lookForMedia error: The operation has timed out
5/14/2010 8:07 PM : lookForMedia error: The operation has timed out
5/14/2010 8:07 PM : lookForMedia error: The operation has timed out
5/14/2010 8:07 PM : lookForMedia error: The operation has timed out
5/14/2010 8:07 PM : lookForMedia error: The operation has timed out
5/14/2010 8:07 PM : lookForMedia error: The operation has timed out
5/14/2010 8:07 PM : lookForMedia error: The operation has timed out
5/14/2010 8:07 PM : lookForMedia error: Index was out of range. Must be non-negative and less than the size of the collection.
Parameter name: index
5/14/2010 8:07 PM : lookForMedia error: The operation has timed out
5/14/2010 8:07 PM : lookForMedia error: The operation has timed out
5/14/2010 8:07 PM : lookForMedia error: The operation has timed out
5/14/2010 8:07 PM : lookForMedia error: Index was out of range. Must be non-negative and less than the size of the collection.
Parameter name: index
5/14/2010 8:07 PM : lookForMedia error: Index was out of range. Must be non-negative and less than the size of the collection.
Parameter name: index
5/14/2010 8:07 PM : lookForMedia error: Index was out of range. Must be non-negative and less than the size of the collection.
Parameter name: index
5/14/2010 8:07 PM : lookForMedia error: Index was out of range. Must be non-negative and less than the size of the collection.
Parameter name: index
5/14/2010 8:07 PM : lookForMedia error: Index was out of range. Must be non-negative and less than the size of the collection.
Parameter name: index
5/14/2010 8:07 PM : lookForMedia error: Index was out of range. Must be non-negative and less than the size of the collection.
Parameter name: index
5/14/2010 8:07 PM : lookForMedia error: Index was out of range. Must be non-negative and less than the size of the collection.
Parameter name: index
5/14/2010 8:07 PM : lookForMedia error: Index was out of range. Must be non-negative and less than the size of the collection.
Parameter name: index
5/14/2010 8:07 PM : lookForMedia error: Index was out of range. Must be non-negative and less than the size of the collection.
Parameter name: index
5/14/2010 8:07 PM : lookForMedia error: Index was out of range. Must be non-negative and less than the size of the collection.
Parameter name: index
5/14/2010 8:07 PM : lookForMedia error: The operation has timed out
5/14/2010 8:07 PM : lookForMedia error: The operation has timed out
5/14/2010 8:07 PM : lookForMedia error: The operation has timed out
5/14/2010 8:07 PM : lookForMedia error: The operation has timed out
5/14/2010 8:07 PM : lookForMedia error: The operation has timed out
5/14/2010 8:07 PM : lookForMedia error: The operation has timed out
5/14/2010 8:07 PM : lookForMedia error: The operation has timed out
5/14/2010 8:07 PM : lookForMedia error: The operation has timed out
5/14/2010 8:07 PM : lookForMedia error: The operation has timed out
5/14/2010 8:07 PM : lookForMedia error: Index was out of range. Must be non-negative and less than the size of the collection.
Parameter name: index
5/14/2010 8:07 PM : lookForMedia error: The operation has timed out
5/14/2010 8:08 PM : lookForMedia error: The operation has timed out
5/14/2010 8:08 PM : lookForMedia error: The operation has timed out
5/14/2010 8:08 PM : lookForMedia error: The operation has timed out
5/14/2010 8:08 PM : lookForMedia error: The operation has timed out
5/14/2010 8:08 PM : lookForMedia error: The operation has timed out
5/14/2010 8:08 PM : lookForMedia error: The operation has timed out
5/14/2010 8:08 PM : lookForMedia error: The operation has timed out
5/14/2010 8:08 PM : lookForMedia error: The operation has timed out
5/14/2010 8:08 PM : lookForMedia error: The operation has timed out
5/14/2010 8:08 PM : lookForMedia error: The operation has timed out
5/14/2010 8:08 PM : lookForMedia error: Index was out of range. Must be non-negative and less than the size of the collection.
Parameter name: index
5/14/2010 8:08 PM : lookForMedia error: The operation has timed out
5/14/2010 8:08 PM : lookForMedia error: The operation has timed out
5/14/2010 8:08 PM : lookForMedia error: The operation has timed out
5/14/2010 8:08 PM : lookForMedia error: The operation has timed out
5/14/2010 8:08 PM : lookForMedia error: The operation has timed out
5/14/2010 8:08 PM : lookForMedia error: The operation has timed out
5/14/2010 8:08 PM : lookForMedia error: The operation has timed out
5/14/2010 8:08 PM : lookForMedia error: Index was out of range. Must be non-negative and less than the size of the collection.
Parameter name: index
5/14/2010 8:08 PM : lookForMedia error: The operation has timed out
5/14/2010 8:08 PM : lookForMedia error: The operation has timed out
5/14/2010 8:08 PM : lookForMedia error: The operation has timed out
5/14/2010 8:08 PM : lookForMedia error: Index was out of range. Must be non-negative and less than the size of the collection.
Parameter name: index
5/14/2010 8:08 PM : lookForMedia error: The operation has timed out
5/14/2010 8:08 PM : lookForMedia error: The operation has timed out
5/14/2010 8:08 PM : lookForMedia error: The operation has timed out
5/14/2010 8:08 PM : lookForMedia error: The operation has timed out
5/14/2010 8:08 PM : lookForMedia error: The operation has timed out
5/14/2010 8:08 PM : lookForMedia error: Index was out of range. Must be non-negative and less than the size of the collection.
Parameter name: index
5/14/2010 8:08 PM : lookForMedia error: The operation has timed out
5/14/2010 8:08 PM : lookForMedia error: Index was out of range. Must be non-negative and less than the size of the collection.
Parameter name: index
5/14/2010 8:08 PM : lookForMedia error: The operation has timed out
5/14/2010 8:08 PM : lookForMedia error: The operation has timed out
5/14/2010 8:08 PM : lookForMedia error: The operation has timed out
5/14/2010 8:08 PM : lookForMedia error: Index was out of range. Must be non-negative and less than the size of the collection.
Parameter name: index
5/14/2010 8:08 PM : lookForMedia error: Index was out of range. Must be non-negative and less than the size of the collection.
Parameter name: index
5/14/2010 8:08 PM : lookForMedia error: The operation has timed out
5/14/2010 8:08 PM : lookForMedia error: The operation has timed out
5/14/2010 8:08 PM : lookForMedia error: Index was out of range. Must be non-negative and less than the size of the collection.
Parameter name: index
5/14/2010 8:08 PM : lookForMedia error: Index was out of range. Must be non-negative and less than the size of the collection.
Parameter name: index
5/14/2010 8:08 PM : lookForMedia error: The operation has timed out
5/14/2010 8:08 PM : lookForMedia error: Index was out of range. Must be non-negative and less than the size of the collection.
Parameter name: index
5/14/2010 8:08 PM : lookForMedia error: Index was out of range. Must be non-negative and less than the size of the collection.
Parameter name: index
5/14/2010 8:08 PM : lookForMedia error: The operation has timed out
5/14/2010 8:08 PM : lookForMedia error: Index was out of range. Must be non-negative and less than the size of the collection.
Parameter name: index
5/14/2010 8:08 PM : lookForMedia error: The operation has timed out
5/14/2010 8:08 PM : lookForMedia error: The operation has timed out
5/14/2010 8:08 PM : lookForMedia error: The operation has timed out
5/14/2010 8:08 PM : lookForMedia error: The operation has timed out
5/14/2010 8:08 PM : lookForMedia error: The operation has timed out
5/14/2010 8:08 PM : lookForMedia error: The operation has timed out
5/14/2010 8:08 PM : lookForMedia error: The operation has timed out
5/14/2010 8:08 PM : lookForMedia error: The operation has timed out
5/14/2010 8:08 PM : lookForMedia error: The operation has timed out
5/14/2010 8:08 PM : lookForMedia error: The operation has timed out
5/14/2010 8:08 PM : lookForMedia error: Index was out of range. Must be non-negative and less than the size of the collection.
Parameter name: index
5/14/2010 8:08 PM : lookForMedia error: The operation has timed out
5/14/2010 8:08 PM : lookForMedia error: The operation has timed out
5/14/2010 8:08 PM : lookForMedia error: The operation has timed out
5/14/2010 8:08 PM : lookForMedia error: The operation has timed out
5/14/2010 8:08 PM : lookForMedia error: Index was out of range. Must be non-negative and less than the size of the collection.
Parameter name: index
5/14/2010 8:08 PM : lookForMedia error: Index was out of range. Must be non-negative and less than the size of the collection.
Parameter name: index
5/14/2010 8:08 PM : lookForMedia error: Index was out of range. Must be non-negative and less than the size of the collection.
Parameter name: index
5/14/2010 8:08 PM : lookForMedia error: The operation has timed out
5/14/2010 8:08 PM : lookForMedia error: The operation has timed out
5/14/2010 8:08 PM : lookForMedia error: The operation has timed out
5/14/2010 8:08 PM : lookForMedia error: The operation has timed out
5/14/2010 8:08 PM : lookForMedia error: The operation has timed out
5/14/2010 8:08 PM : lookForMedia error: The operation has timed out
5/14/2010 8:08 PM : lookForMedia error: The operation has timed out
5/14/2010 8:08 PM : lookForMedia error: The operation has timed out
5/14/2010 8:08 PM : lookForMedia error: The operation has timed out
5/14/2010 8:08 PM : lookForMedia error: Index was out of range. Must be non-negative and less than the size of the collection.
Parameter name: index
5/14/2010 8:08 PM : lookForMedia error: The operation has timed out
5/14/2010 8:08 PM : lookForMedia error: The operation has timed out
5/14/2010 8:08 PM : lookForMedia error: The operation has timed out
5/14/2010 8:08 PM : lookForMedia error: The operation has timed out
5/14/2010 8:08 PM : lookForMedia error: The operation has timed out
5/14/2010 8:08 PM : lookForMedia error: The operation has timed out
5/14/2010 8:08 PM : lookForMedia error: The operation has timed out
5/14/2010 8:08 PM : lookForMedia error: The operation has timed out
5/14/2010 8:08 PM : lookForMedia error: The operation has timed out
5/14/2010 8:08 PM : lookForMedia error: The operation has timed out
5/14/2010 8:08 PM : lookForMedia error: The operation has timed out
5/14/2010 8:08 PM : lookForMedia error: The operation has timed out
5/14/2010 8:08 PM : lookForMedia error: The operation has timed out
5/14/2010 8:08 PM : lookForMedia error: The operation has timed out
5/14/2010 8:08 PM : lookForMedia error: The operation has timed out
5/14/2010 8:08 PM : lookForMedia error: The operation has timed out
5/14/2010 8:08 PM : lookForMedia error: The operation has timed out
5/14/2010 8:08 PM : lookForMedia error: The operation has timed out
5/14/2010 8:08 PM : lookForMedia error: The operation has timed out
5/14/2010 8:08 PM : lookForMedia error: Index was out of range. Must be non-negative and less than the size of the collection.
Parameter name: index
5/14/2010 8:08 PM : lookForMedia error: The operation has timed out
5/14/2010 8:08 PM : lookForMedia error: The operation has timed out
5/14/2010 8:08 PM : lookForMedia error: The operation has timed out
5/14/2010 8:08 PM : lookForMedia error: Index was out of range. Must be non-negative and less than the size of the collection.
Parameter name: index
5/14/2010 8:08 PM : lookForMedia error: The operation has timed out
5/14/2010 8:08 PM : lookForMedia error: The operation has timed out
5/14/2010 8:08 PM : lookForMedia error: The operation has timed out
5/14/2010 8:08 PM : lookForMedia error: The operation has timed out
5/14/2010 8:08 PM : lookForMedia error: Index was out of range. Must be non-negative and less than the size of the collection.
Parameter name: index
5/14/2010 8:08 PM : lookForMedia error: Index was out of range. Must be non-negative and less than the size of the collection.
Parameter name: index
5/14/2010 8:08 PM : lookForMedia error: Index was out of range. Must be non-negative and less than the size of the collection.
Parameter name: index
5/14/2010 8:08 PM : lookForMedia error: The operation has timed out
5/14/2010 8:08 PM : lookForMedia error: Index was out of range. Must be non-negative and less than the size of the collection.
Parameter name: index
5/14/2010 8:08 PM : lookForMedia error: The operation has timed out
5/14/2010 8:08 PM : lookForMedia error: Index was out of range. Must be non-negative and less than the size of the collection.
Parameter name: index
5/14/2010 8:08 PM : lookForMedia error: Index was out of range. Must be non-negative and less than the size of the collection.
Parameter name: index
5/14/2010 8:08 PM : lookForMedia error: The operation has timed out
5/14/2010 8:08 PM : lookForMedia error: The operation has timed out
5/14/2010 8:08 PM : lookForMedia error: The operation has timed out
5/14/2010 8:08 PM : lookForMedia error: The operation has timed out
5/14/2010 8:08 PM : lookForMedia error: The operation has timed out
5/14/2010 8:08 PM : lookForMedia error: The operation has timed out
5/14/2010 8:08 PM : lookForMedia error: The operation has timed out
5/14/2010 8:08 PM : lookForMedia error: The operation has timed out
5/14/2010 8:08 PM : lookForMedia error: The operation has timed out
5/14/2010 8:08 PM : lookForMedia error: The operation has timed out
5/14/2010 8:08 PM : lookForMedia error: The operation has timed out
5/14/2010 8:08 PM : lookForMedia error: The operation has timed out
5/14/2010 8:08 PM : lookForMedia error: The operation has timed out
5/14/2010 8:08 PM : lookForMedia error: The operation has timed out
5/14/2010 8:08 PM : lookForMedia error: The operation has timed out
5/14/2010 8:08 PM : lookForMedia error: The operation has timed out
5/14/2010 8:08 PM : lookForMedia error: The operation has timed out
5/14/2010 8:08 PM : lookForMedia error: The operation has timed out
5/14/2010 8:08 PM : lookForMedia error: The operation has timed out
5/14/2010 8:08 PM : lookForMedia error: The operation has timed out
5/14/2010 8:08 PM : lookForMedia error: The operation has timed out
5/14/2010 8:08 PM : lookForMedia error: The operation has timed out
5/14/2010 8:08 PM : lookForMedia error: The operation has timed out
5/14/2010 8:08 PM : lookForMedia error: The operation has timed out
5/14/2010 8:08 PM : lookForMedia error: Index was out of range. Must be non-negative and less than the size of the collection.
Parameter name: index
5/14/2010 8:08 PM : lookForMedia error: The operation has timed out
5/14/2010 8:08 PM : lookForMedia error: The operation has timed out
5/14/2010 8:08 PM : lookForMedia error: The operation has timed out
5/14/2010 8:08 PM : lookForMedia error: The operation has timed out
5/14/2010 8:09 PM : lookForMedia error: The operation has timed out
5/14/2010 8:09 PM : lookForMedia error: The operation has timed out
5/14/2010 8:09 PM : lookForMedia error: The operation has timed out
5/14/2010 8:09 PM : lookForMedia error: The operation has timed out
5/14/2010 8:09 PM : lookForMedia error: The operation has timed out
5/14/2010 8:09 PM : lookForMedia error: The operation has timed out
5/14/2010 8:09 PM : lookForMedia error: The operation has timed out
5/14/2010 8:09 PM : lookForMedia error: Index was out of range. Must be non-negative and less than the size of the collection.
Parameter name: index
5/14/2010 8:09 PM : lookForMedia error: The operation has timed out
5/14/2010 8:09 PM : lookForMedia error: The operation has timed out
5/14/2010 8:09 PM : lookForMedia error: Index was out of range. Must be non-negative and less than the size of the collection.
Parameter name: index
5/14/2010 8:09 PM : lookForMedia error: The operation has timed out
5/14/2010 8:09 PM : lookForMedia error: The operation has timed out
5/14/2010 8:09 PM : lookForMedia error: The operation has timed out
5/14/2010 8:09 PM : lookForMedia error: The operation has timed out
5/14/2010 8:09 PM : lookForMedia error: The operation has timed out
5/14/2010 8:09 PM : lookForMedia error: The operation has timed out
5/14/2010 8:09 PM : lookForMedia error: The operation has timed out
5/14/2010 8:09 PM : lookForMedia error: The operation has timed out
5/14/2010 8:09 PM : lookForMedia error: The operation has timed out
5/14/2010 8:09 PM : lookForMedia error: The operation has timed out
5/14/2010 8:09 PM : lookForMedia error: The operation has timed out
5/14/2010 8:09 PM : lookForMedia error: The operation has timed out
5/14/2010 8:09 PM : lookForMedia error: The operation has timed out
5/14/2010 8:09 PM : lookForMedia error: Index was out of range. Must be non-negative and less than the size of the collection.
Parameter name: index
5/14/2010 8:09 PM : lookForMedia error: The operation has timed out
5/14/2010 8:09 PM : lookForMedia error: The operation has timed out
5/14/2010 8:09 PM : lookForMedia error: The operation has timed out
5/14/2010 8:09 PM : lookForMedia error: The operation has timed out
5/14/2010 8:09 PM : lookForMedia error: The operation has timed out
5/14/2010 8:09 PM : lookForMedia error: The operation has timed out
5/14/2010 8:09 PM : lookForMedia error: The operation has timed out
5/14/2010 8:09 PM : lookForMedia error: The operation has timed out
5/14/2010 8:09 PM : lookForMedia error: The operation has timed out
5/14/2010 8:09 PM : lookForMedia error: The operation has timed out
5/14/2010 8:09 PM : lookForMedia error: The operation has timed out
5/14/2010 8:09 PM : lookForMedia error: The operation has timed out
5/14/2010 8:09 PM : lookForMedia error: The operation has timed out
5/14/2010 8:09 PM : lookForMedia error: The operation has timed out
5/14/2010 8:09 PM : lookForMedia error: The operation has timed out
5/14/2010 8:09 PM : lookForMedia error: The operation has timed out
5/14/2010 8:09 PM : lookForMedia error: Index was out of range. Must be non-negative and less than the size of the collection.
Parameter name: index
5/14/2010 8:09 PM : lookForMedia error: The operation has timed out
5/14/2010 8:09 PM : lookForMedia error: The operation has timed out
5/14/2010 8:09 PM : lookForMedia error: The operation has timed out
5/14/2010 8:09 PM : lookForMedia error: The operation has timed out
5/14/2010 8:09 PM : lookForMedia error: The operation has timed out
5/14/2010 8:09 PM : lookForMedia error: The operation has timed out
5/14/2010 8:09 PM : lookForMedia error: The operation has timed out
5/14/2010 8:09 PM : lookForMedia error: The operation has timed out
5/14/2010 8:09 PM : lookForMedia error: The operation has timed out
5/14/2010 8:09 PM : lookForMedia error: The operation has timed out
5/14/2010 8:09 PM : lookForMedia error: The operation has timed out
5/14/2010 8:09 PM : lookForMedia error: The operation has timed out
5/14/2010 8:09 PM : lookForMedia error: The operation has timed out
5/14/2010 8:09 PM : lookForMedia error: Index was out of range. Must be non-negative and less than the size of the collection.
Parameter name: index
5/14/2010 8:09 PM : lookForMedia error: The operation has timed out
5/14/2010 8:09 PM : lookForMedia error: Index was out of range. Must be non-negative and less than the size of the collection.
Parameter name: index
5/14/2010 8:09 PM : lookForMedia error: The operation has timed out
5/14/2010 8:09 PM : lookForMedia error: The operation has timed out
5/14/2010 8:09 PM : lookForMedia error: The operation has timed out
5/14/2010 8:09 PM : lookForMedia error: The operation has timed out
5/14/2010 8:09 PM : lookForMedia error: The operation has timed out
5/14/2010 8:09 PM : lookForMedia error: The operation has timed out
5/14/2010 8:09 PM : lookForMedia error: The operation has timed out
5/14/2010 8:09 PM : lookForMedia error: The operation has timed out
5/14/2010 8:09 PM : lookForMedia error: The operation has timed out
5/14/2010 8:09 PM : lookForMedia error: The operation has timed out
5/14/2010 8:09 PM : lookForMedia error: The operation has timed out
5/14/2010 8:09 PM : lookForMedia error: The operation has timed out
5/14/2010 8:09 PM : lookForMedia error: The operation has timed out
5/14/2010 8:09 PM : lookForMedia error: The operation has timed out
5/14/2010 8:09 PM : lookForMedia error: The operation has timed out
5/14/2010 8:09 PM : lookForMedia error: The operation has timed out
5/14/2010 8:09 PM : lookForMedia error: The operation has timed out
5/14/2010 8:09 PM : lookForMedia error: The operation has timed out
5/14/2010 8:09 PM : lookForMedia error: The operation has timed out
5/14/2010 8:09 PM : lookForMedia error: The operation has timed out
5/14/2010 8:09 PM : lookForMedia error: The operation has timed out
5/14/2010 8:09 PM : lookForMedia error: The operation has timed out
5/14/2010 8:09 PM : lookForMedia error: The operation has timed out
5/14/2010 8:09 PM : lookForMedia error: The operation has timed out
5/14/2010 8:09 PM : lookForMedia error: The operation has timed out
5/14/2010 8:09 PM : lookForMedia error: The operation has timed out
5/14/2010 8:09 PM : lookForMedia error: The operation has timed out
5/14/2010 8:09 PM : lookForMedia error: The operation has timed out
5/14/2010 8:09 PM : lookForMedia error: Index was out of range. Must be non-negative and less than the size of the collection.
Parameter name: index
5/14/2010 8:09 PM : lookForMedia error: The operation has timed out
5/14/2010 8:09 PM : lookForMedia error: The operation has timed out
5/14/2010 8:09 PM : lookForMedia error: The operation has timed out
5/14/2010 8:09 PM : lookForMedia error: The operation has timed out
5/14/2010 8:09 PM : lookForMedia error: The operation has timed out
5/14/2010 8:09 PM : lookForMedia error: The operation has timed out
5/14/2010 8:09 PM : lookForMedia error: The operation has timed out
5/14/2010 8:09 PM : lookForMedia error: The operation has timed out
5/14/2010 8:09 PM : lookForMedia error: The operation has timed out
5/14/2010 8:09 PM : lookForMedia error: The operation has timed out
5/14/2010 8:09 PM : lookForMedia error: The operation has timed out
5/14/2010 8:09 PM : lookForMedia error: Index was out of range. Must be non-negative and less than the size of the collection.
Parameter name: index
5/14/2010 8:09 PM : lookForMedia error: The operation has timed out
5/14/2010 8:09 PM : lookForMedia error: The operation has timed out
5/14/2010 8:09 PM : lookForMedia error: The operation has timed out
5/14/2010 8:09 PM : lookForMedia error: The operation has timed out
5/14/2010 8:09 PM : lookForMedia error: The operation has timed out
5/14/2010 8:09 PM : lookForMedia error: The operation has timed out
5/14/2010 8:09 PM : lookForMedia error: The operation has timed out
5/14/2010 8:09 PM : lookForMedia error: The operation has timed out
5/14/2010 8:09 PM : lookForMedia error: The operation has timed out
5/14/2010 8:09 PM : lookForMedia error: The operation has timed out
5/14/2010 8:09 PM : lookForMedia error: Index was out of range. Must be non-negative and less than the size of the collection.
Parameter name: index
5/14/2010 8:09 PM : lookForMedia error: The operation has timed out
5/14/2010 8:09 PM : lookForMedia error: The operation has timed out
5/14/2010 8:09 PM : lookForMedia error: The operation has timed out
5/14/2010 8:09 PM : lookForMedia error: The operation has timed out
5/14/2010 8:09 PM : lookForMedia error: The operation has timed out
5/14/2010 8:09 PM : lookForMedia error: The operation has timed out
5/14/2010 8:09 PM : lookForMedia error: Index was out of range. Must be non-negative and less than the size of the collection.
Parameter name: index
5/14/2010 8:09 PM : lookForMedia error: The operation has timed out
5/14/2010 8:09 PM : lookForMedia error: The operation has timed out
5/14/2010 8:09 PM : lookForMedia error: The operation has timed out
5/14/2010 8:09 PM : lookForMedia error: Index was out of range. Must be non-negative and less than the size of the collection.
Parameter name: index
5/14/2010 8:09 PM : lookForMedia error: The operation has timed out
5/14/2010 8:09 PM : lookForMedia error: The operation has timed out
5/14/2010 8:09 PM : lookForMedia error: The operation has timed out
5/14/2010 8:09 PM : lookForMedia error: The operation has timed out
5/14/2010 8:09 PM : lookForMedia error: Index was out of range. Must be non-negative and less than the size of the collection.
Parameter name: index
5/14/2010 8:09 PM : lookForMedia error: The operation has timed out
5/14/2010 8:09 PM : lookForMedia error: The operation has timed out
5/14/2010 8:09 PM : lookForMedia error: The operation has timed out
5/14/2010 8:09 PM : lookForMedia error: The operation has timed out
5/14/2010 8:09 PM : lookForMedia error: The operation has timed out
5/14/2010 8:09 PM : lookForMedia error: The operation has timed out
5/14/2010 8:09 PM : lookForMedia error: Index was out of range. Must be non-negative and less than the size of the collection.
Parameter name: index
5/14/2010 8:09 PM : lookForMedia error: The operation has timed out
5/14/2010 8:09 PM : lookForMedia error: Index was out of range. Must be non-negative and less than the size of the collection.
Parameter name: index
5/14/2010 8:09 PM : lookForMedia error: The operation has timed out
5/14/2010 8:09 PM : lookForMedia error: The operation has timed out
5/14/2010 8:09 PM : lookForMedia error: The operation has timed out
5/14/2010 8:09 PM : lookForMedia error: The operation has timed out
5/14/2010 8:09 PM : lookForMedia error: The operation has timed out
5/14/2010 8:09 PM : lookForMedia error: The operation has timed out
5/14/2010 8:09 PM : lookForMedia error: The operation has timed out
5/14/2010 8:09 PM : lookForMedia error: The operation has timed out
5/14/2010 8:09 PM : lookForMedia error: The operation has timed out
5/14/2010 8:09 PM : lookForMedia error: The operation has timed out
5/14/2010 8:09 PM : lookForMedia error: The operation has timed out
5/14/2010 8:09 PM : lookForMedia error: The operation has timed out
5/14/2010 8:09 PM : lookForMedia error: The operation has timed out
5/14/2010 8:09 PM : lookForMedia error: The operation has timed out
5/14/2010 8:09 PM : lookForMedia error: The operation has timed out
5/14/2010 8:09 PM : lookForMedia error: Index was out of range. Must be non-negative and less than the size of the collection.
Parameter name: index
5/14/2010 8:09 PM : lookForMedia error: Index was out of range. Must be non-negative and less than the size of the collection.
Parameter name: index
5/14/2010 8:09 PM : lookForMedia error: The operation has timed out
5/14/2010 8:09 PM : lookForMedia error: The operation has timed out
5/14/2010 8:09 PM : lookForMedia error: The operation has timed out
5/14/2010 8:09 PM : lookForMedia error: The operation has timed out
5/14/2010 8:09 PM : lookForMedia error: Index was out of range. Must be non-negative and less than the size of the collection.
Parameter name: index
5/14/2010 8:09 PM : lookForMedia error: The operation has timed out
5/14/2010 8:09 PM : lookForMedia error: The operation has timed out
5/14/2010 8:09 PM : lookForMedia error: The operation has timed out
5/14/2010 8:09 PM : lookForMedia error: The operation has timed out
5/14/2010 8:09 PM : lookForMedia error: Index was out of range. Must be non-negative and less than the size of the collection.
Parameter name: index
5/14/2010 8:09 PM : lookForMedia error: Index was out of range. Must be non-negative and less than the size of the collection.
Parameter name: index
5/14/2010 8:09 PM : lookForMedia error: The operation has timed out
5/14/2010 8:09 PM : lookForMedia error: The operation has timed out
5/14/2010 8:09 PM : lookForMedia error: Index was out of range. Must be non-negative and less than the size of the collection.
Parameter name: index
5/14/2010 8:09 PM : lookForMedia error: Index was out of range. Must be non-negative and less than the size of the collection.
Parameter name: index
5/14/2010 8:09 PM : lookForMedia error: The operation has timed out
5/14/2010 8:09 PM : lookForMedia error: The operation has timed out
5/14/2010 8:09 PM : lookForMedia error: The operation has timed out
5/14/2010 8:09 PM : lookForMedia error: Index was out of range. Must be non-negative and less than the size of the collection.
Parameter name: index
5/14/2010 8:09 PM : lookForMedia error: The operation has timed out
5/14/2010 8:09 PM : lookForMedia error: The operation has timed out
5/14/2010 8:09 PM : lookForMedia error: The operation has timed out
5/14/2010 8:09 PM : lookForMedia error: The operation has timed out
5/14/2010 8:09 PM : lookForMedia error: The operation has timed out
5/14/2010 8:09 PM : lookForMedia error: The operation has timed out
5/14/2010 8:09 PM : lookForMedia error: The operation has timed out
5/14/2010 8:09 PM : lookForMedia error: The operation has timed out
5/14/2010 8:09 PM : lookForMedia error: Index was out of range. Must be non-negative and less than the size of the collection.
Parameter name: index
5/14/2010 8:10 PM : lookForMedia error: The operation has timed out
5/14/2010 8:10 PM : lookForMedia error: The operation has timed out
5/14/2010 8:10 PM : lookForMedia error: The request was aborted: The request was canceled.
5/14/2010 8:10 PM : lookForMedia error: Index was out of range. Must be non-negative and less than the size of the collection.
Parameter name: index
5/14/2010 8:10 PM : lookForMedia error: The operation has timed out
5/14/2010 8:10 PM : lookForMedia error: The operation has timed out
5/14/2010 8:10 PM : lookForMedia error: The operation has timed out
5/14/2010 8:10 PM : lookForMedia error: The operation has timed out
5/14/2010 8:10 PM : lookForMedia error: The operation has timed out
5/14/2010 8:10 PM : lookForMedia error: The operation has timed out
5/14/2010 8:10 PM : lookForMedia error: The operation has timed out
5/14/2010 8:10 PM : lookForMedia error: The operation has timed out
5/14/2010 8:10 PM : lookForMedia error: The operation has timed out
5/14/2010 8:10 PM : lookForMedia error: Index was out of range. Must be non-negative and less than the size of the collection.
Parameter name: index
5/14/2010 8:10 PM : lookForMedia error: The operation has timed out
5/14/2010 8:10 PM : lookForMedia error: The operation has timed out
5/14/2010 8:10 PM : lookForMedia error: The operation has timed out
5/14/2010 8:10 PM : lookForMedia error: The operation has timed out
5/14/2010 8:10 PM : lookForMedia error: The operation has timed out
5/14/2010 8:10 PM : lookForMedia error: The operation has timed out
5/14/2010 8:10 PM : lookForMedia error: The operation has timed out
5/14/2010 8:10 PM : lookForMedia error: The operation has timed out
5/14/2010 8:10 PM : lookForMedia error: The operation has timed out
5/14/2010 8:10 PM : lookForMedia error: The operation has timed out
5/14/2010 8:10 PM : lookForMedia error: The operation has timed out
5/14/2010 8:10 PM : lookForMedia error: The operation has timed out
5/14/2010 8:10 PM : lookForMedia error: Index was out of range. Must be non-negative and less than the size of the collection.
Parameter name: index
5/14/2010 8:10 PM : lookForMedia error: The operation has timed out
5/14/2010 8:10 PM : lookForMedia error: The operation has timed out
5/14/2010 8:10 PM : lookForMedia error: Index was out of range. Must be non-negative and less than the size of the collection.
Parameter name: index
5/14/2010 8:10 PM : lookForMedia error: Index was out of range. Must be non-negative and less than the size of the collection.
Parameter name: index
5/14/2010 8:10 PM : lookForMedia error: The operation has timed out
5/14/2010 8:10 PM : lookForMedia error: The operation has timed out
5/14/2010 8:10 PM : lookForMedia error: The operation has timed out
5/14/2010 8:10 PM : lookForMedia error: The operation has timed out
5/14/2010 8:10 PM : lookForMedia error: Index was out of range. Must be non-negative and less than the size of the collection.
Parameter name: index
5/14/2010 8:10 PM : lookForMedia error: The operation has timed out
5/14/2010 8:10 PM : lookForMedia error: The operation has timed out
5/14/2010 8:10 PM : lookForMedia error: The operation has timed out
5/14/2010 8:10 PM : lookForMedia error: Index was out of range. Must be non-negative and less than the size of the collection.
Parameter name: index
5/14/2010 8:10 PM : lookForMedia error: The operation has timed out
5/14/2010 8:10 PM : lookForMedia error: Index was out of range. Must be non-negative and less than the size of the collection.
Parameter name: index
5/14/2010 8:10 PM : lookForMedia error: The operation has timed out
5/14/2010 8:10 PM : lookForMedia error: The operation has timed out
5/14/2010 8:10 PM : lookForMedia error: The operation has timed out
5/14/2010 8:10 PM : lookForMedia error: The operation has timed out
5/14/2010 8:10 PM : lookForMedia error: The operation has timed out
5/14/2010 8:10 PM : lookForMedia error: The operation has timed out
5/14/2010 8:10 PM : lookForMedia error: The operation has timed out
5/14/2010 8:10 PM : lookForMedia error: The operation has timed out
5/14/2010 8:10 PM : lookForMedia error: The operation has timed out
5/14/2010 8:10 PM : lookForMedia error: The operation has timed out
5/14/2010 8:10 PM : lookForMedia error: The operation has timed out
5/14/2010 8:10 PM : lookForMedia error: Index was out of range. Must be non-negative and less than the size of the collection.
Parameter name: index
5/14/2010 8:10 PM : lookForMedia error: Index was out of range. Must be non-negative and less than the size of the collection.
Parameter name: index
5/14/2010 8:10 PM : lookForMedia error: Index was out of range. Must be non-negative and less than the size of the collection.
Parameter name: index
5/14/2010 8:10 PM : lookForMedia error: Index was out of range. Must be non-negative and less than the size of the collection.
Parameter name: index
5/14/2010 8:10 PM : lookForMedia error: Index was out of range. Must be non-negative and less than the size of the collection.
Parameter name: index
5/14/2010 8:10 PM : lookForMedia error: Index was out of range. Must be non-negative and less than the size of the collection.
Parameter name: index
5/14/2010 8:10 PM : lookForMedia error: The operation has timed out
5/14/2010 8:10 PM : lookForMedia error: The operation has timed out
5/14/2010 8:10 PM : lookForMedia error: The operation has timed out
5/14/2010 8:10 PM : lookForMedia error: The operation has timed out
5/14/2010 8:10 PM : lookForMedia error: The operation has timed out
5/14/2010 8:10 PM : lookForMedia error: The operation has timed out
5/14/2010 8:10 PM : lookForMedia error: The operation has timed out
5/14/2010 8:10 PM : lookForMedia error: Index was out of range. Must be non-negative and less than the size of the collection.
Parameter name: index
5/14/2010 8:10 PM : lookForMedia error: The operation has timed out
5/14/2010 8:10 PM : lookForMedia error: The operation has timed out
5/14/2010 8:10 PM : lookForMedia error: The operation has timed out
5/14/2010 8:10 PM : lookForMedia error: The operation has timed out
5/14/2010 8:10 PM : lookForMedia error: The operation has timed out
5/14/2010 8:10 PM : lookForMedia error: The operation has timed out
5/14/2010 8:10 PM : lookForMedia error: The operation has timed out
5/14/2010 8:10 PM : lookForMedia error: The operation has timed out
5/14/2010 8:10 PM : lookForMedia error: The operation has timed out
5/14/2010 8:10 PM : lookForMedia error: The operation has timed out
5/14/2010 8:10 PM : lookForMedia error: The operation has timed out
5/14/2010 8:10 PM : lookForMedia error: The operation has timed out
5/14/2010 8:10 PM : lookForMedia error: The operation has timed out
5/14/2010 8:10 PM : lookForMedia error: Index was out of range. Must be non-negative and less than the size of the collection.
Parameter name: index
5/14/2010 8:10 PM : lookForMedia error: The operation has timed out
5/14/2010 8:10 PM : lookForMedia error: The operation has timed out
5/14/2010 8:10 PM : lookForMedia error: The operation has timed out
5/14/2010 8:10 PM : lookForMedia error: Index was out of range. Must be non-negative and less than the size of the collection.
Parameter name: index
5/14/2010 8:10 PM : lookForMedia error: The operation has timed out
5/14/2010 8:10 PM : lookForMedia error: The operation has timed out
5/14/2010 8:10 PM : lookForMedia error: The operation has timed out
5/14/2010 8:10 PM : lookForMedia error: The operation has timed out
5/14/2010 8:10 PM : lookForMedia error: The operation has timed out
5/14/2010 8:10 PM : lookForMedia error: The operation has timed out
5/14/2010 8:10 PM : lookForMedia error: The operation has timed out
5/14/2010 8:10 PM : lookForMedia error: The operation has timed out
5/14/2010 8:10 PM : lookForMedia error: The operation has timed out
5/14/2010 8:10 PM : lookForMedia error: The operation has timed out
5/14/2010 8:10 PM : lookForMedia error: The operation has timed out
5/14/2010 8:10 PM : lookForMedia error: The operation has timed out
5/14/2010 8:10 PM : lookForMedia error: Index was out of range. Must be non-negative and less than the size of the collection.
Parameter name: index
5/14/2010 8:10 PM : lookForMedia error: Index was out of range. Must be non-negative and less than the size of the collection.
Parameter name: index
5/14/2010 8:10 PM : lookForMedia error: The operation has timed out
5/14/2010 8:10 PM : lookForMedia error: The operation has timed out
5/14/2010 8:10 PM : lookForMedia error: The operation has timed out
5/14/2010 8:10 PM : lookForMedia error: The operation has timed out
5/14/2010 8:10 PM : lookForMedia error: The operation has timed out
5/14/2010 8:10 PM : lookForMedia error: The operation has timed out
5/14/2010 8:10 PM : lookForMedia error: The operation has timed out
5/14/2010 8:10 PM : lookForMedia error: The operation has timed out
5/14/2010 8:10 PM : lookForMedia error: The operation has timed out
5/14/2010 8:10 PM : lookForMedia error: The operation has timed out
5/14/2010 8:10 PM : lookForMedia error: The operation has timed out
5/14/2010 8:10 PM : lookForMedia error: The operation has timed out
5/14/2010 8:10 PM : lookForMedia error: The operation has timed out
5/14/2010 8:10 PM : lookForMedia error: The operation has timed out
5/14/2010 8:10 PM : lookForMedia error: The operation has timed out
5/14/2010 8:10 PM : lookForMedia error: The operation has timed out
5/14/2010 8:10 PM : lookForMedia error: The operation has timed out
5/14/2010 8:10 PM : lookForMedia error: The operation has timed out
5/14/2010 8:10 PM : lookForMedia error: Index was out of range. Must be non-negative and less than the size of the collection.
Parameter name: index
5/14/2010 8:10 PM : lookForMedia error: The operation has timed out
5/14/2010 8:10 PM : lookForMedia error: The operation has timed out
5/14/2010 8:10 PM : lookForMedia error: The operation has timed out
5/14/2010 8:10 PM : lookForMedia error: The operation has timed out
5/14/2010 8:10 PM : lookForMedia error: The operation has timed out
5/14/2010 8:10 PM : lookForMedia error: The operation has timed out
5/14/2010 8:10 PM : lookForMedia error: The operation has timed out
5/14/2010 8:10 PM : lookForMedia error: The operation has timed out
5/14/2010 8:10 PM : lookForMedia error: The operation has timed out
5/14/2010 8:10 PM : lookForMedia error: The operation has timed out
5/14/2010 8:10 PM : lookForMedia error: The operation has timed out
5/14/2010 8:10 PM : lookForMedia error: The operation has timed out
5/14/2010 8:11 PM : lookForMedia error: The operation has timed out
5/14/2010 8:11 PM : lookForMedia error: The operation has timed out
5/14/2010 8:11 PM : lookForMedia error: The operation has timed out
5/14/2010 8:11 PM : lookForMedia error: The operation has timed out
5/14/2010 8:11 PM : lookForMedia error: The operation has timed out
5/14/2010 8:11 PM : lookForMedia error: The operation has timed out
5/14/2010 8:11 PM : lookForMedia error: The operation has timed out
5/14/2010 8:11 PM : lookForMedia error: The operation has timed out
5/14/2010 8:11 PM : lookForMedia error: The operation has timed out
5/14/2010 8:11 PM : lookForMedia error: The operation has timed out
5/14/2010 8:11 PM : lookForMedia error: Index was out of range. Must be non-negative and less than the size of the collection.
Parameter name: index
5/14/2010 8:11 PM : lookForMedia error: The operation has timed out
5/14/2010 8:11 PM : lookForMedia error: The operation has timed out
5/14/2010 8:11 PM : lookForMedia error: The operation has timed out
5/14/2010 8:11 PM : lookForMedia error: The operation has timed out
5/14/2010 8:11 PM : lookForMedia error: The operation has timed out
5/14/2010 8:11 PM : lookForMedia error: The operation has timed out
5/14/2010 8:11 PM : lookForMedia error: The operation has timed out
5/14/2010 8:11 PM : lookForMedia error: The operation has timed out
5/14/2010 8:11 PM : lookForMedia error: The operation has timed out
5/14/2010 8:11 PM : lookForMedia error: Index was out of range. Must be non-negative and less than the size of the collection.
Parameter name: index
5/14/2010 8:11 PM : lookForMedia error: The operation has timed out
5/14/2010 8:11 PM : lookForMedia error: The operation has timed out
5/14/2010 8:11 PM : lookForMedia error: The operation has timed out
5/14/2010 8:11 PM : lookForMedia error: The operation has timed out
5/14/2010 8:11 PM : lookForMedia error: The operation has timed out
5/14/2010 8:11 PM : lookForMedia error: The operation has timed out
5/14/2010 8:11 PM : lookForMedia error: The operation has timed out
5/14/2010 8:11 PM : lookForMedia error: The operation has timed out
5/14/2010 8:11 PM : lookForMedia error: The operation has timed out
5/14/2010 8:11 PM : lookForMedia error: The operation has timed out
5/14/2010 8:11 PM : lookForMedia error: The operation has timed out
5/14/2010 8:11 PM : lookForMedia error: The operation has timed out
5/14/2010 8:11 PM : lookForMedia error: The operation has timed out
5/14/2010 8:11 PM : lookForMedia error: The operation has timed out
5/14/2010 8:11 PM : lookForMedia error: The operation has timed out
5/14/2010 8:11 PM : lookForMedia error: Index was out of range. Must be non-negative and less than the size of the collection.
Parameter name: index
5/14/2010 8:11 PM : lookForMedia error: The operation has timed out
5/14/2010 8:11 PM : lookForMedia error: The operation has timed out
5/14/2010 8:11 PM : lookForMedia error: Index was out of range. Must be non-negative and less than the size of the collection.
Parameter name: index
5/14/2010 8:11 PM : lookForMedia error: Index was out of range. Must be non-negative and less than the size of the collection.
Parameter name: index
5/14/2010 8:11 PM : lookForMedia error: The operation has timed out
5/14/2010 8:11 PM : lookForMedia error: The operation has timed out
5/14/2010 8:11 PM : lookForMedia error: The operation has timed out
5/14/2010 8:11 PM : lookForMedia error: The operation has timed out
5/14/2010 8:11 PM : lookForMedia error: The operation has timed out
5/14/2010 8:11 PM : lookForMedia error: The operation has timed out
5/14/2010 8:11 PM : lookForMedia error: The operation has timed out
5/14/2010 8:11 PM : lookForMedia error: The operation has timed out
5/14/2010 8:11 PM : lookForMedia error: Index was out of range. Must be non-negative and less than the size of the collection.
Parameter name: index
5/14/2010 8:11 PM : lookForMedia error: The operation has timed out
5/14/2010 8:11 PM : lookForMedia error: The operation has timed out
5/14/2010 8:11 PM : lookForMedia error: The operation has timed out
5/14/2010 8:11 PM : lookForMedia error: The operation has timed out
5/14/2010 8:11 PM : lookForMedia error: The operation has timed out
5/14/2010 8:11 PM : lookForMedia error: The operation has timed out
5/14/2010 8:11 PM : lookForMedia error: The operation has timed out
5/14/2010 8:11 PM : lookForMedia error: Index was out of range. Must be non-negative and less than the size of the collection.
Parameter name: index
5/14/2010 8:11 PM : lookForMedia error: The operation has timed out
5/14/2010 8:11 PM : lookForMedia error: The operation has timed out
5/14/2010 8:11 PM : lookForMedia error: The operation has timed out
5/14/2010 8:11 PM : lookForMedia error: The operation has timed out
5/14/2010 8:11 PM : lookForMedia error: The operation has timed out
5/14/2010 8:11 PM : lookForMedia error: The operation has timed out
5/14/2010 8:11 PM : lookForMedia error: The operation has timed out
5/14/2010 8:11 PM : lookForMedia error: The operation has timed out
5/14/2010 8:11 PM : lookForMedia error: The operation has timed out
5/14/2010 8:11 PM : lookForMedia error: The operation has timed out
5/14/2010 8:11 PM : lookForMedia error: Index was out of range. Must be non-negative and less than the size of the collection.
Parameter name: index
5/14/2010 8:11 PM : lookForMedia error: Index was out of range. Must be non-negative and less than the size of the collection.
Parameter name: index
5/14/2010 8:11 PM : lookForMedia error: The operation has timed out
5/14/2010 8:11 PM : lookForMedia error: The operation has timed out
5/14/2010 8:11 PM : lookForMedia error: The operation has timed out
5/14/2010 8:11 PM : lookForMedia error: The operation has timed out
5/14/2010 8:11 PM : lookForMedia error: The operation has timed out
5/14/2010 8:11 PM : lookForMedia error: The operation has timed out
5/14/2010 8:11 PM : lookForMedia error: The operation has timed out
5/14/2010 8:11 PM : lookForMedia error: The operation has timed out
5/14/2010 8:11 PM : lookForMedia error: The operation has timed out
5/14/2010 8:11 PM : lookForMedia error: Index was out of range. Must be non-negative and less than the size of the collection.
Parameter name: index
5/14/2010 8:11 PM : lookForMedia error: The operation has timed out
5/14/2010 8:11 PM : lookForMedia error: The operation has timed out
5/14/2010 8:11 PM : lookForMedia error: The operation has timed out
5/14/2010 8:11 PM : lookForMedia error: The operation has timed out
5/14/2010 8:11 PM : lookForMedia error: The operation has timed out
5/14/2010 8:11 PM : lookForMedia error: The operation has timed out
5/14/2010 8:11 PM : lookForMedia error: Index was out of range. Must be non-negative and less than the size of the collection.
Parameter name: index
5/14/2010 8:11 PM : lookForMedia error: Index was out of range. Must be non-negative and less than the size of the collection.
Parameter name: index
5/14/2010 8:11 PM : lookForMedia error: The operation has timed out
5/14/2010 8:11 PM : lookForMedia error: The operation has timed out
5/14/2010 8:11 PM : lookForMedia error: The operation has timed out
5/14/2010 8:11 PM : lookForMedia error: The operation has timed out
5/14/2010 8:11 PM : lookForMedia error: The operation has timed out
5/14/2010 8:11 PM : lookForMedia error: Index was out of range. Must be non-negative and less than the size of the collection.
Parameter name: index
5/14/2010 8:11 PM : lookForMedia error: The operation has timed out
5/14/2010 8:11 PM : lookForMedia error: The operation has timed out
5/14/2010 8:11 PM : lookForMedia error: The operation has timed out
5/14/2010 8:11 PM : lookForMedia error: The operation has timed out
5/14/2010 8:11 PM : lookForMedia error: The operation has timed out
5/14/2010 8:11 PM : lookForMedia error: The operation has timed out
5/14/2010 8:11 PM : lookForMedia error: The operation has timed out
5/14/2010 8:11 PM : lookForMedia error: The operation has timed out
5/14/2010 8:11 PM : lookForMedia error: The operation has timed out
5/14/2010 8:11 PM : lookForMedia error: The operation has timed out
5/14/2010 8:11 PM : lookForMedia error: The operation has timed out
5/14/2010 8:11 PM : lookForMedia error: The operation has timed out
5/14/2010 8:11 PM : lookForMedia error: The operation has timed out
5/14/2010 8:11 PM : lookForMedia error: The operation has timed out
5/14/2010 8:11 PM : lookForMedia error: The operation has timed out
5/14/2010 8:11 PM : lookForMedia error: The operation has timed out
5/14/2010 8:11 PM : lookForMedia error: The operation has timed out
5/14/2010 8:11 PM : lookForMedia error: The operation has timed out
5/14/2010 8:11 PM : lookForMedia error: The operation has timed out
5/14/2010 8:11 PM : lookForMedia error: The operation has timed out
5/14/2010 8:11 PM : lookForMedia error: The operation has timed out
5/14/2010 8:11 PM : lookForMedia error: Index was out of range. Must be non-negative and less than the size of the collection.
Parameter name: index
5/14/2010 8:11 PM : lookForMedia error: The operation has timed out
5/14/2010 8:11 PM : lookForMedia error: The operation has timed out
5/14/2010 8:11 PM : lookForMedia error: The operation has timed out
5/14/2010 8:11 PM : lookForMedia error: The operation has timed out
5/14/2010 8:11 PM : lookForMedia error: The operation has timed out
5/14/2010 8:12 PM : lookForMedia error: The operation has timed out
5/14/2010 8:12 PM : lookForMedia error: The operation has timed out
5/14/2010 8:12 PM : lookForMedia error: Index was out of range. Must be non-negative and less than the size of the collection.
Parameter name: index
5/14/2010 8:12 PM : lookForMedia error: Index was out of range. Must be non-negative and less than the size of the collection.
Parameter name: index
5/14/2010 8:12 PM : lookForMedia error: The operation has timed out
5/14/2010 8:12 PM : lookForMedia error: The operation has timed out
5/14/2010 8:12 PM : lookForMedia error: The operation has timed out
5/14/2010 8:12 PM : lookForMedia error: Index was out of range. Must be non-negative and less than the size of the collection.
Parameter name: index
5/14/2010 8:12 PM : lookForMedia error: The operation has timed out
5/14/2010 8:12 PM : lookForMedia error: Index was out of range. Must be non-negative and less than the size of the collection.
Parameter name: index
5/14/2010 8:12 PM : lookForMedia error: The operation has timed out
5/14/2010 8:12 PM : lookForMedia error: The operation has timed out
5/14/2010 8:12 PM : lookForMedia error: The operation has timed out
5/14/2010 8:12 PM : lookForMedia error: The operation has timed out
5/14/2010 8:12 PM : lookForMedia error: Index was out of range. Must be non-negative and less than the size of the collection.
Parameter name: index
5/14/2010 8:12 PM : lookForMedia error: The operation has timed out
5/14/2010 8:12 PM : lookForMedia error: The operation has timed out
5/14/2010 8:12 PM : lookForMedia error: The operation has timed out
5/14/2010 8:12 PM : lookForMedia error: The operation has timed out
5/14/2010 8:12 PM : lookForMedia error: The operation has timed out
5/14/2010 8:12 PM : lookForMedia error: The operation has timed out
5/14/2010 8:12 PM : lookForMedia error: The operation has timed out
5/14/2010 8:12 PM : lookForMedia error: The operation has timed out
5/14/2010 8:12 PM : lookForMedia error: The operation has timed out
5/14/2010 8:12 PM : lookForMedia error: Index was out of range. Must be non-negative and less than the size of the collection.
Parameter name: index
5/14/2010 8:12 PM : lookForMedia error: The operation has timed out
5/14/2010 8:12 PM : lookForMedia error: The operation has timed out
5/14/2010 8:12 PM : lookForMedia error: The operation has timed out
5/14/2010 8:12 PM : lookForMedia error: The operation has timed out
5/14/2010 8:12 PM : lookForMedia error: Index was out of range. Must be non-negative and less than the size of the collection.
Parameter name: index
5/14/2010 8:12 PM : lookForMedia error: The operation has timed out
5/14/2010 8:12 PM : lookForMedia error: The operation has timed out
5/14/2010 8:12 PM : lookForMedia error: The operation has timed out
5/14/2010 8:12 PM : lookForMedia error: The operation has timed out
5/14/2010 8:12 PM : lookForMedia error: The operation has timed out
5/14/2010 8:12 PM : lookForMedia error: The operation has timed out
5/14/2010 8:12 PM : lookForMedia error: The operation has timed out
5/14/2010 8:12 PM : lookForMedia error: The operation has timed out
5/14/2010 8:12 PM : lookForMedia error: The operation has timed out
5/14/2010 8:12 PM : lookForMedia error: The operation has timed out
5/14/2010 8:12 PM : lookForMedia error: The operation has timed out
5/14/2010 8:12 PM : lookForMedia error: The operation has timed out
5/14/2010 8:12 PM : lookForMedia error: The operation has timed out
5/14/2010 8:12 PM : lookForMedia error: The operation has timed out
5/14/2010 8:12 PM : lookForMedia error: Index was out of range. Must be non-negative and less than the size of the collection.
Parameter name: index
5/14/2010 8:12 PM : lookForMedia error: The operation has timed out
5/14/2010 8:12 PM : lookForMedia error: Index was out of range. Must be non-negative and less than the size of the collection.
Parameter name: index
5/14/2010 8:12 PM : lookForMedia error: The operation has timed out
5/14/2010 8:12 PM : lookForMedia error: The operation has timed out
5/14/2010 8:12 PM : lookForMedia error: The operation has timed out
5/14/2010 8:12 PM : lookForMedia error: The operation has timed out
5/14/2010 8:12 PM : lookForMedia error: The operation has timed out
5/14/2010 8:12 PM : lookForMedia error: The operation has timed out
5/14/2010 8:12 PM : lookForMedia error: The operation has timed out
5/14/2010 8:12 PM : lookForMedia error: The operation has timed out
5/14/2010 8:12 PM : lookForMedia error: The operation has timed out
5/14/2010 8:12 PM : lookForMedia error: The operation has timed out
5/14/2010 8:12 PM : lookForMedia error: The operation has timed out
5/14/2010 8:12 PM : lookForMedia error: The operation has timed out
5/14/2010 8:12 PM : lookForMedia error: The operation has timed out
5/14/2010 8:12 PM : lookForMedia error: The operation has timed out
5/14/2010 8:12 PM : lookForMedia error: The operation has timed out
5/14/2010 8:12 PM : lookForMedia error: The operation has timed out
5/14/2010 8:12 PM : lookForMedia error: The operation has timed out
5/14/2010 8:12 PM : lookForMedia error: Index was out of range. Must be non-negative and less than the size of the collection.
Parameter name: index
5/14/2010 8:12 PM : lookForMedia error: Index was out of range. Must be non-negative and less than the size of the collection.
Parameter name: index
5/14/2010 8:12 PM : lookForMedia error: The operation has timed out
5/14/2010 8:12 PM : lookForMedia error: The operation has timed out
5/14/2010 8:12 PM : lookForMedia error: The operation has timed out
5/14/2010 8:12 PM : lookForMedia error: The operation has timed out
5/14/2010 8:12 PM : lookForMedia error: The operation has timed out
5/14/2010 8:12 PM : lookForMedia error: The operation has timed out
5/14/2010 8:12 PM : lookForMedia error: The operation has timed out
5/14/2010 8:12 PM : lookForMedia error: The operation has timed out
5/14/2010 8:12 PM : lookForMedia error: The operation has timed out
5/14/2010 8:12 PM : lookForMedia error: The operation has timed out
5/14/2010 8:12 PM : lookForMedia error: The operation has timed out
5/14/2010 8:12 PM : lookForMedia2 Exception of type 'System.OutOfMemoryException' was thrown.
5/14/2010 8:12 PM : lookForMedia2 Exception of type 'System.OutOfMemoryException' was thrown.
5/14/2010 8:12 PM : lookForMedia2 Exception of type 'System.OutOfMemoryException' was thrown.
5/14/2010 8:12 PM : lookForMedia2 Exception of type 'System.OutOfMemoryException' was thrown.
5/14/2010 8:12 PM : lookForMedia2 Exception of type 'System.OutOfMemoryException' was thrown.
5/14/2010 8:12 PM : lookForMedia2 Exception of type 'System.OutOfMemoryException' was thrown.
5/14/2010 8:12 PM : lookForMedia2 Exception of type 'System.OutOfMemoryException' was thrown.
5/14/2010 8:12 PM : lookForMedia2 Exception of type 'System.OutOfMemoryException' was thrown.
5/14/2010 8:12 PM : lookForMedia2 Exception of type 'System.OutOfMemoryException' was thrown.
5/14/2010 8:12 PM : lookForMedia error: The operation has timed out
5/14/2010 8:12 PM : lookForMedia error: The operation has timed out
5/14/2010 8:12 PM : lookForMedia2 Exception of type 'System.OutOfMemoryException' was thrown.
5/14/2010 8:12 PM : lookForMedia2 Exception of type 'System.OutOfMemoryException' was thrown.
5/14/2010 8:12 PM : lookForMedia2 Exception of type 'System.OutOfMemoryException' was thrown.
5/14/2010 8:12 PM : lookForMedia2 Exception of type 'System.OutOfMemoryException' was thrown.
5/14/2010 8:12 PM : lookForMedia2 Exception of type 'System.OutOfMemoryException' was thrown.
5/14/2010 8:12 PM : lookForMedia2 Exception of type 'System.OutOfMemoryException' was thrown.
5/14/2010 8:12 PM : lookForMedia2 Exception of type 'System.OutOfMemoryException' was thrown.
5/14/2010 8:12 PM : lookForMedia error: The operation has timed out
5/14/2010 8:13 PM : lookForMedia error: The operation has timed out
5/14/2010 8:13 PM : lookForMedia error: The operation has timed out
5/14/2010 8:13 PM : lookForMedia2 Exception of type 'System.OutOfMemoryException' was thrown.
5/14/2010 8:13 PM : lookForMedia error: Index was out of range. Must be non-negative and less than the size of the collection.
Parameter name: index
5/14/2010 8:13 PM : lookForMedia2 Exception of type 'System.OutOfMemoryException' was thrown.
5/14/2010 8:13 PM : lookForMedia2 Exception of type 'System.OutOfMemoryException' was thrown.
5/14/2010 8:13 PM : lookForMedia2 Exception of type 'System.OutOfMemoryException' was thrown.
5/14/2010 8:13 PM : lookForMedia2 Exception of type 'System.OutOfMemoryException' was thrown.
5/14/2010 8:13 PM : lookForMedia2 Exception of type 'System.OutOfMemoryException' was thrown.
5/14/2010 8:13 PM : lookForMedia2 Exception of type 'System.OutOfMemoryException' was thrown.
5/14/2010 8:13 PM : lookForMedia2 Exception of type 'System.OutOfMemoryException' was thrown.
5/14/2010 8:13 PM : lookForMedia2 Exception of type 'System.OutOfMemoryException' was thrown.
5/14/2010 8:13 PM : lookForMedia2 Exception of type 'System.OutOfMemoryException' was thrown.
5/14/2010 8:13 PM : lookForMedia error: The operation has timed out
5/14/2010 8:13 PM : lookForMedia error: The operation has timed out
5/14/2010 8:13 PM : lookForMedia error: The operation has timed out
5/14/2010 8:13 PM : lookForMedia error: The operation has timed out
5/14/2010 8:13 PM : lookForMedia error: The operation has timed out
5/14/2010 8:13 PM : lookForMedia error: The operation has timed out
5/14/2010 8:13 PM : lookForMedia error: The operation has timed out
5/14/2010 8:13 PM : lookForMedia error: The operation has timed out
5/14/2010 8:13 PM : lookForMedia error: The operation has timed out
5/14/2010 8:13 PM : lookForMedia error: The operation has timed out
5/14/2010 8:13 PM : lookForMedia error: Index was out of range. Must be non-negative and less than the size of the collection.
Parameter name: index
5/14/2010 8:13 PM : lookForMedia error: The operation has timed out
5/14/2010 8:13 PM : lookForMedia error: The operation has timed out
5/14/2010 8:13 PM : lookForMedia error: The operation has timed out
5/14/2010 8:13 PM : lookForMedia error: The operation has timed out
5/14/2010 8:13 PM : lookForMedia error: Index was out of range. Must be non-negative and less than the size of the collection.
Parameter name: index
5/14/2010 8:13 PM : lookForMedia error: The operation has timed out
5/14/2010 8:13 PM : lookForMedia error: The operation has timed out
5/14/2010 8:13 PM : lookForMedia error: The operation has timed out
5/14/2010 8:13 PM : lookForMedia error: Index was out of range. Must be non-negative and less than the size of the collection.
Parameter name: index
5/14/2010 8:13 PM : lookForMedia error: The operation has timed out
5/14/2010 8:13 PM : lookForMedia error: Index was out of range. Must be non-negative and less than the size of the collection.
Parameter name: index
5/14/2010 8:13 PM : lookForMedia error: The operation has timed out
5/14/2010 8:13 PM : lookForMedia error: The operation has timed out
5/14/2010 8:13 PM : lookForMedia error: The operation has timed out
5/14/2010 8:13 PM : lookForMedia error: The operation has timed out
5/14/2010 8:13 PM : lookForMedia error: Index was out of range. Must be non-negative and less than the size of the collection.
Parameter name: index
5/14/2010 8:13 PM : lookForMedia error: The operation has timed out
5/14/2010 8:13 PM : lookForMedia error: Unable to read data from the transport connection: A blocking operation was interrupted by a call to WSACancelBlockingCall.
5/14/2010 8:13 PM : lookForMedia error: The operation has timed out
5/14/2010 8:13 PM : lookForMedia error: The operation has timed out
5/14/2010 8:13 PM : lookForMedia error: Index was out of range. Must be non-negative and less than the size of the collection.
Parameter name: index
5/14/2010 8:13 PM : lookForMedia error: The operation has timed out
5/14/2010 8:13 PM : lookForMedia error: Index was out of range. Must be non-negative and less than the size of the collection.
Parameter name: index
5/14/2010 8:13 PM : lookForMedia error: The operation has timed out
5/14/2010 8:13 PM : lookForMedia error: The operation has timed out
5/14/2010 8:13 PM : lookForMedia error: The operation has timed out
5/14/2010 8:13 PM : lookForMedia error: The operation has timed out
5/14/2010 8:13 PM : lookForMedia error: The operation has timed out
5/14/2010 8:13 PM : lookForMedia error: The operation has timed out
5/14/2010 8:13 PM : lookForMedia error: The operation has timed out
5/14/2010 8:13 PM : lookForMedia error: Index was out of range. Must be non-negative and less than the size of the collection.
Parameter name: index
5/14/2010 8:13 PM : lookForMedia error: The operation has timed out
5/14/2010 8:13 PM : lookForMedia error: The operation has timed out
5/14/2010 8:13 PM : lookForMedia error: The operation has timed out
5/14/2010 8:13 PM : lookForMedia error: The operation has timed out
5/14/2010 8:13 PM : lookForMedia error: The operation has timed out
5/14/2010 8:13 PM : lookForMedia error: The operation has timed out
5/14/2010 8:13 PM : lookForMedia error: Index was out of range. Must be non-negative and less than the size of the collection.
Parameter name: index
5/14/2010 8:13 PM : lookForMedia2 Exception of type 'System.OutOfMemoryException' was thrown.
5/14/2010 8:13 PM : lookForMedia error: Index was out of range. Must be non-negative and less than the size of the collection.
Parameter name: index
5/14/2010 8:13 PM : lookForMedia error: The operation has timed out
5/14/2010 8:13 PM : lookForMedia error: The operation has timed out
5/14/2010 8:13 PM : lookForMedia2 Exception of type 'System.OutOfMemoryException' was thrown.
5/14/2010 8:13 PM : lookForMedia2 Exception of type 'System.OutOfMemoryException' was thrown.
5/14/2010 8:13 PM : lookForMedia2 Exception of type 'System.OutOfMemoryException' was thrown.
5/14/2010 8:13 PM : lookForMedia2 Exception of type 'System.OutOfMemoryException' was thrown.
5/14/2010 8:13 PM : lookForMedia2 Exception of type 'System.OutOfMemoryException' was thrown.
5/14/2010 8:13 PM : lookForMedia2 Exception of type 'System.OutOfMemoryException' was thrown.
5/14/2010 8:13 PM : lookForMedia2 Exception of type 'System.OutOfMemoryException' was thrown.
5/14/2010 8:13 PM : lookForMedia error: The operation has timed out
5/14/2010 8:13 PM : lookForMedia2 Exception of type 'System.OutOfMemoryException' was thrown.
5/14/2010 8:13 PM : lookForMedia2 Exception of type 'System.OutOfMemoryException' was thrown.
5/14/2010 8:13 PM : lookForMedia2 Exception of type 'System.OutOfMemoryException' was thrown.
5/14/2010 8:13 PM : lookForMedia2 Exception of type 'System.OutOfMemoryException' was thrown.
5/14/2010 8:13 PM : lookForMedia2 Exception of type 'System.OutOfMemoryException' was thrown.
5/14/2010 8:13 PM : lookForMedia error: The operation has timed out
5/14/2010 8:13 PM : lookForMedia error: The operation has timed out
5/14/2010 8:13 PM : lookForMedia error: Index was out of range. Must be non-negative and less than the size of the collection.
Parameter name: index
5/14/2010 8:13 PM : lookForMedia error: Index was out of range. Must be non-negative and less than the size of the collection.
Parameter name: index
5/14/2010 8:13 PM : lookForMedia error: The operation has timed out
5/14/2010 8:13 PM : lookForMedia error: The operation has timed out
5/14/2010 8:13 PM : lookForMedia error: The operation has timed out
5/14/2010 8:13 PM : lookForMedia error: The operation has timed out
5/14/2010 8:13 PM : lookForMedia error: The operation has timed out
5/14/2010 8:13 PM : lookForMedia error: The operation has timed out
5/14/2010 8:13 PM : lookForMedia error: Index was out of range. Must be non-negative and less than the size of the collection.
Parameter name: index
5/14/2010 8:13 PM : lookForMedia error: The operation has timed out
5/14/2010 8:13 PM : lookForMedia error: The operation has timed out
5/14/2010 8:14 PM : lookForMedia error: The operation has timed out
5/14/2010 8:14 PM : lookForMedia error: The operation has timed out
5/14/2010 8:14 PM : lookForMedia error: The operation has timed out
5/14/2010 8:14 PM : lookForMedia error: The operation has timed out
5/14/2010 8:14 PM : lookForMedia error: The operation has timed out
5/14/2010 8:14 PM : lookForMedia error: The operation has timed out
5/14/2010 8:14 PM : lookForMedia error: The operation has timed out
5/14/2010 8:14 PM : lookForMedia error: The operation has timed out
5/14/2010 8:14 PM : lookForMedia error: The operation has timed out
5/14/2010 8:14 PM : lookForMedia error: The operation has timed out
5/14/2010 8:14 PM : lookForMedia error: The operation has timed out
5/14/2010 8:14 PM : lookForMedia error: Index was out of range. Must be non-negative and less than the size of the collection.
Parameter name: index
5/14/2010 8:14 PM : lookForMedia error: The operation has timed out
5/14/2010 8:14 PM : lookForMedia error: The operation has timed out
5/14/2010 8:14 PM : lookForMedia error: The operation has timed out
5/14/2010 8:14 PM : lookForMedia error: Index was out of range. Must be non-negative and less than the size of the collection.
Parameter name: index
5/14/2010 8:14 PM : lookForMedia error: The operation has timed out
5/14/2010 8:14 PM : lookForMedia error: The operation has timed out
5/14/2010 8:14 PM : lookForMedia error: The operation has timed out
5/14/2010 8:14 PM : lookForMedia error: The operation has timed out
5/14/2010 8:14 PM : lookForMedia error: The operation has timed out
5/14/2010 8:14 PM : lookForMedia error: The operation has timed out
5/14/2010 8:14 PM : lookForMedia error: The operation has timed out
5/14/2010 8:14 PM : lookForMedia error: The operation has timed out
5/14/2010 8:14 PM : lookForMedia error: The operation has timed out
5/14/2010 8:14 PM : lookForMedia error: The operation has timed out
5/14/2010 8:14 PM : lookForMedia error: The operation has timed out
5/14/2010 8:14 PM : lookForMedia error: The operation has timed out
5/14/2010 8:14 PM : lookForMedia error: Index was out of range. Must be non-negative and less than the size of the collection.
Parameter name: index
5/14/2010 8:14 PM : lookForMedia error: The operation has timed out
5/14/2010 8:14 PM : lookForMedia error: The operation has timed out
5/14/2010 8:14 PM : lookForMedia error: Index was out of range. Must be non-negative and less than the size of the collection.
Parameter name: index
5/14/2010 8:14 PM : lookForMedia error: The operation has timed out
5/14/2010 8:14 PM : lookForMedia error: The operation has timed out
5/14/2010 8:14 PM : lookForMedia error: Index was out of range. Must be non-negative and less than the size of the collection.
Parameter name: index
5/14/2010 8:14 PM : lookForMedia error: The operation has timed out
5/14/2010 8:14 PM : lookForMedia error: The operation has timed out
5/14/2010 8:14 PM : lookForMedia error: The operation has timed out
5/14/2010 8:14 PM : lookForMedia error: The operation has timed out
5/14/2010 8:14 PM : lookForMedia error: The operation has timed out
5/14/2010 8:14 PM : lookForMedia error: The operation has timed out
5/14/2010 8:14 PM : lookForMedia error: The operation has timed out
5/14/2010 8:14 PM : lookForMedia error: Index was out of range. Must be non-negative and less than the size of the collection.
Parameter name: index
5/14/2010 8:14 PM : lookForMedia error: The operation has timed out
5/14/2010 8:14 PM : lookForMedia error: The operation has timed out
5/14/2010 8:14 PM : lookForMedia error: The operation has timed out
5/14/2010 8:14 PM : lookForMedia error: Index was out of range. Must be non-negative and less than the size of the collection.
Parameter name: index
5/14/2010 8:14 PM : lookForMedia error: The operation has timed out
5/14/2010 8:14 PM : lookForMedia error: The operation has timed out
5/14/2010 8:14 PM : lookForMedia2 Exception of type 'System.OutOfMemoryException' was thrown.
5/14/2010 8:14 PM : lookForMedia2 Exception of type 'System.OutOfMemoryException' was thrown.
5/14/2010 8:14 PM : lookForMedia error: The operation has timed out
5/14/2010 8:14 PM : lookForMedia2 Exception of type 'System.OutOfMemoryException' was thrown.
5/14/2010 8:14 PM : lookForMedia2 Exception of type 'System.OutOfMemoryException' was thrown.
5/14/2010 8:14 PM : lookForMedia2 Exception of type 'System.OutOfMemoryException' was thrown.
5/14/2010 8:14 PM : lookForMedia2 Exception of type 'System.OutOfMemoryException' was thrown.
5/14/2010 8:14 PM : lookForMedia2 Exception of type 'System.OutOfMemoryException' was thrown.
5/14/2010 8:14 PM : lookForMedia2 Exception of type 'System.OutOfMemoryException' was thrown.
5/14/2010 8:14 PM : lookForMedia2 Exception of type 'System.OutOfMemoryException' was thrown.
5/14/2010 8:14 PM : lookForMedia2 Exception of type 'System.OutOfMemoryException' was thrown.
5/14/2010 8:14 PM : lookForMedia error: Index was out of range. Must be non-negative and less than the size of the collection.
Parameter name: index
5/14/2010 8:14 PM : lookForMedia error: The operation has timed out
5/14/2010 8:14 PM : lookForMedia error: The operation has timed out
5/14/2010 8:14 PM : lookForMedia error: Index was out of range. Must be non-negative and less than the size of the collection.
Parameter name: index
5/14/2010 8:14 PM : lookForMedia error: Index was out of range. Must be non-negative and less than the size of the collection.
Parameter name: index
5/14/2010 8:14 PM : lookForMedia error: The operation has timed out
5/14/2010 8:14 PM : lookForMedia error: The operation has timed out
5/14/2010 8:14 PM : lookForMedia error: The operation has timed out
5/14/2010 8:14 PM : lookForMedia error: The operation has timed out
5/14/2010 8:14 PM : lookForMedia error: The operation has timed out
5/14/2010 8:14 PM : lookForMedia error: The operation has timed out
5/14/2010 8:14 PM : lookForMedia error: The operation has timed out
5/14/2010 8:14 PM : lookForMedia error: The operation has timed out
5/14/2010 8:14 PM : lookForMedia error: The operation has timed out
5/14/2010 8:14 PM : lookForMedia error: The operation has timed out
5/14/2010 8:14 PM : lookForMedia error: The operation has timed out
5/14/2010 8:14 PM : lookForMedia error: Index was out of range. Must be non-negative and less than the size of the collection.
Parameter name: index
5/14/2010 8:14 PM : lookForMedia error: Index was out of range. Must be non-negative and less than the size of the collection.
Parameter name: index
5/14/2010 8:14 PM : lookForMedia2 Exception of type 'System.OutOfMemoryException' was thrown.
5/14/2010 8:14 PM : lookForMedia error: Index was out of range. Must be non-negative and less than the size of the collection.
Parameter name: index
5/14/2010 8:14 PM : lookForMedia2 Exception of type 'System.OutOfMemoryException' was thrown.
5/14/2010 8:14 PM : lookForMedia2 Exception of type 'System.OutOfMemoryException' was thrown.
5/14/2010 8:14 PM : lookForMedia2 Exception of type 'System.OutOfMemoryException' was thrown.
5/14/2010 8:14 PM : lookForMedia2 Exception of type 'System.OutOfMemoryException' was thrown.
5/14/2010 8:14 PM : lookForMedia2 Exception of type 'System.OutOfMemoryException' was thrown.
5/14/2010 8:14 PM : lookForMedia2 Exception of type 'System.OutOfMemoryException' was thrown.
5/14/2010 8:14 PM : lookForMedia2 Exception of type 'System.OutOfMemoryException' was thrown.
5/14/2010 8:14 PM : lookForMedia2 Exception of type 'System.OutOfMemoryException' was thrown.
5/14/2010 8:14 PM : lookForMedia2 Exception of type 'System.OutOfMemoryException' was thrown.
5/14/2010 8:14 PM : lookForMedia2 Exception of type 'System.OutOfMemoryException' was thrown.
5/14/2010 8:14 PM : lookForMedia2 Exception of type 'System.OutOfMemoryException' was thrown.
5/14/2010 8:14 PM : lookForMedia2 Exception of type 'System.OutOfMemoryException' was thrown.
5/14/2010 8:14 PM : lookForMedia2 Exception of type 'System.OutOfMemoryException' was thrown.
5/14/2010 8:14 PM : lookForMedia2 Exception of type 'System.OutOfMemoryException' was thrown.
5/14/2010 8:14 PM : lookForMedia2 Exception of type 'System.OutOfMemoryException' was thrown.
5/14/2010 8:14 PM : lookForMedia2 Exception of type 'System.OutOfMemoryException' was thrown.
5/14/2010 8:14 PM : lookForMedia2 Exception of type 'System.OutOfMemoryException' was thrown.
5/14/2010 8:14 PM : lookForMedia2 Exception of type 'System.OutOfMemoryException' was thrown.
5/14/2010 8:14 PM : lookForMedia error: The operation has timed out
5/14/2010 8:14 PM : lookForMedia error: The operation has timed out
5/14/2010 8:14 PM : lookForMedia error: The operation has timed out
5/14/2010 8:14 PM : lookForMedia error: The operation has timed out
5/14/2010 8:14 PM : lookForMedia error: Index was out of range. Must be non-negative and less than the size of the collection.
Parameter name: index
5/14/2010 8:14 PM : lookForMedia error: The operation has timed out
5/14/2010 8:14 PM : lookForMedia error: The operation has timed out
5/14/2010 8:14 PM : lookForMedia error: The operation has timed out
5/14/2010 8:14 PM : lookForMedia error: The operation has timed out
5/14/2010 8:14 PM : lookForMedia error: The operation has timed out
5/14/2010 8:14 PM : lookForMedia error: The operation has timed out
5/14/2010 8:14 PM : lookForMedia error: The operation has timed out
5/14/2010 8:14 PM : lookForMedia error: The operation has timed out
5/14/2010 8:14 PM : lookForMedia error: Index was out of range. Must be non-negative and less than the size of the collection.
Parameter name: index
5/14/2010 8:14 PM : lookForMedia error: The operation has timed out
5/14/2010 8:14 PM : lookForMedia error: The operation has timed out
5/14/2010 8:14 PM : lookForMedia error: The operation has timed out
5/14/2010 8:14 PM : lookForMedia error: The operation has timed out
5/14/2010 8:14 PM : lookForMedia error: The operation has timed out
5/14/2010 8:14 PM : lookForMedia error: The operation has timed out
5/14/2010 8:14 PM : lookForMedia error: The operation has timed out
5/14/2010 8:14 PM : lookForMedia error: The operation has timed out
5/14/2010 8:14 PM : lookForMedia error: Index was out of range. Must be non-negative and less than the size of the collection.
Parameter name: index
5/14/2010 8:14 PM : lookForMedia error: Index was out of range. Must be non-negative and less than the size of the collection.
Parameter name: index
5/14/2010 8:14 PM : lookForMedia error: The operation has timed out
5/14/2010 8:15 PM : lookForMedia error: The operation has timed out
5/14/2010 8:15 PM : lookForMedia error: The operation has timed out
5/14/2010 8:15 PM : lookForMedia error: The operation has timed out
5/14/2010 8:15 PM : lookForMedia2 Exception of type 'System.OutOfMemoryException' was thrown.
5/14/2010 8:15 PM : lookForMedia2 Exception of type 'System.OutOfMemoryException' was thrown.
5/14/2010 8:15 PM : lookForMedia2 Exception of type 'System.OutOfMemoryException' was thrown.
5/14/2010 8:15 PM : lookForMedia2 Exception of type 'System.OutOfMemoryException' was thrown.
5/14/2010 8:15 PM : lookForMedia2 Exception of type 'System.OutOfMemoryException' was thrown.
5/14/2010 8:15 PM : lookForMedia error: Index was out of range. Must be non-negative and less than the size of the collection.
Parameter name: index
5/14/2010 8:15 PM : lookForMedia2 Exception of type 'System.OutOfMemoryException' was thrown.
5/14/2010 8:15 PM : lookForMedia2 Exception of type 'System.OutOfMemoryException' was thrown.
5/14/2010 8:15 PM : lookForMedia2 Exception of type 'System.OutOfMemoryException' was thrown.
5/14/2010 8:15 PM : lookForMedia2 Exception of type 'System.OutOfMemoryException' was thrown.
5/14/2010 8:15 PM : lookForMedia2 Exception of type 'System.OutOfMemoryException' was thrown.
5/14/2010 8:15 PM : lookForMedia2 Exception of type 'System.OutOfMemoryException' was thrown.
5/14/2010 8:15 PM : lookForMedia error: The operation has timed out
5/14/2010 8:15 PM : lookForMedia2 Exception of type 'System.OutOfMemoryException' was thrown.
5/14/2010 8:15 PM : lookForMedia2 Exception of type 'System.OutOfMemoryException' was thrown.
5/14/2010 8:15 PM : lookForMedia2 Exception of type 'System.OutOfMemoryException' was thrown.
5/14/2010 8:15 PM : lookForMedia2 Exception of type 'System.OutOfMemoryException' was thrown.
5/14/2010 8:15 PM : lookForMedia2 Exception of type 'System.OutOfMemoryException' was thrown.
5/14/2010 8:15 PM : lookForMedia2 Exception of type 'System.OutOfMemoryException' was thrown.
5/14/2010 8:15 PM : lookForMedia2 Exception of type 'System.OutOfMemoryException' was thrown.
5/14/2010 8:15 PM : lookForMedia2 Exception of type 'System.OutOfMemoryException' was thrown.
5/14/2010 8:15 PM : lookForMedia2 Exception of type 'System.OutOfMemoryException' was thrown.
5/14/2010 8:15 PM : lookForMedia2 Exception of type 'System.OutOfMemoryException' was thrown.
5/14/2010 8:15 PM : lookForMedia2 Exception of type 'System.OutOfMemoryException' was thrown.
5/14/2010 8:15 PM : lookForMedia error: The operation has timed out
5/14/2010 8:15 PM : lookForMedia error: The operation has timed out
5/14/2010 8:15 PM : lookForMedia error: The operation has timed out
5/14/2010 8:15 PM : lookForMedia error: The operation has timed out
5/14/2010 8:15 PM : lookForMedia error: The operation has timed out
5/14/2010 8:15 PM : lookForMedia error: The operation has timed out
5/14/2010 8:15 PM : lookForMedia error: The operation has timed out
5/14/2010 8:15 PM : lookForMedia error: The operation has timed out
5/14/2010 8:15 PM : lookForMedia error: The operation has timed out
5/14/2010 8:15 PM : lookForMedia error: The operation has timed out
5/14/2010 8:15 PM : lookForMedia error: The operation has timed out
5/14/2010 8:15 PM : lookForMedia error: The operation has timed out
5/14/2010 8:15 PM : lookForMedia error: The operation has timed out
5/14/2010 8:15 PM : lookForMedia error: The operation has timed out
5/14/2010 8:15 PM : lookForMedia error: The operation has timed out
5/14/2010 8:15 PM : lookForMedia error: The operation has timed out
5/14/2010 8:15 PM : lookForMedia error: The operation has timed out
5/14/2010 8:15 PM : lookForMedia error: The operation has timed out
5/14/2010 8:15 PM : lookForMedia error: The operation has timed out
5/14/2010 8:15 PM : lookForMedia error: Index was out of range. Must be non-negative and less than the size of the collection.
Parameter name: index
5/14/2010 8:15 PM : lookForMedia2 Exception of type 'System.OutOfMemoryException' was thrown.
5/14/2010 8:15 PM : lookForMedia2 Exception of type 'System.OutOfMemoryException' was thrown.
5/14/2010 8:15 PM : lookForMedia2 Exception of type 'System.OutOfMemoryException' was thrown.
5/14/2010 8:15 PM : lookForMedia2 Exception of type 'System.OutOfMemoryException' was thrown.
5/14/2010 8:15 PM : lookForMedia2 Exception of type 'System.OutOfMemoryException' was thrown.
5/14/2010 8:15 PM : lookForMedia2 Exception of type 'System.OutOfMemoryException' was thrown.
5/14/2010 8:15 PM : lookForMedia2 Exception of type 'System.OutOfMemoryException' was thrown.
5/14/2010 8:15 PM : lookForMedia2 Exception of type 'System.OutOfMemoryException' was thrown.
5/14/2010 8:15 PM : lookForMedia2 Exception of type 'System.OutOfMemoryException' was thrown.
5/14/2010 8:15 PM : lookForMedia2 Exception of type 'System.OutOfMemoryException' was thrown.
5/14/2010 8:15 PM : lookForMedia2 Exception of type 'System.OutOfMemoryException' was thrown.
5/14/2010 8:15 PM : lookForMedia2 Exception of type 'System.OutOfMemoryException' was thrown.
5/14/2010 8:15 PM : lookForMedia2 Exception of type 'System.OutOfMemoryException' was thrown.
5/14/2010 8:15 PM : lookForMedia2 Exception of type 'System.OutOfMemoryException' was thrown.
5/14/2010 8:15 PM : lookForMedia2 Exception of type 'System.OutOfMemoryException' was thrown.
5/14/2010 8:15 PM : lookForMedia2 Exception of type 'System.OutOfMemoryException' was thrown.
5/14/2010 8:15 PM : lookForMedia2 Exception of type 'System.OutOfMemoryException' was thrown.
5/14/2010 8:15 PM : lookForMedia2 Exception of type 'System.OutOfMemoryException' was thrown.
5/14/2010 8:15 PM : lookForMedia2 Exception of type 'System.OutOfMemoryException' was thrown.
5/14/2010 8:15 PM : lookForMedia error: The operation has timed out
5/14/2010 8:15 PM : lookForMedia error: The operation has timed out
5/14/2010 8:15 PM : lookForMedia error: Index was out of range. Must be non-negative and less than the size of the collection.
Parameter name: index
5/14/2010 8:15 PM : lookForMedia error: The operation has timed out
5/14/2010 8:15 PM : lookForMedia error: The request was aborted: The request was canceled.
5/14/2010 8:15 PM : lookForMedia error: The operation has timed out
5/14/2010 8:15 PM : lookForMedia error: The operation has timed out
5/14/2010 8:15 PM : lookForMedia error: The operation has timed out
5/14/2010 8:15 PM : lookForMedia2 Exception of type 'System.OutOfMemoryException' was thrown.
5/14/2010 8:15 PM : lookForMedia error: The operation has timed out
5/14/2010 8:16 PM : lookForMedia error: The operation has timed out
5/14/2010 8:16 PM : lookForMedia error: The operation has timed out
5/14/2010 8:16 PM : lookForMedia error: The operation has timed out
5/14/2010 8:16 PM : lookForMedia error: The operation has timed out
5/14/2010 8:16 PM : lookForMedia error: The operation has timed out
5/14/2010 8:16 PM : lookForMedia error: The operation has timed out
5/14/2010 8:16 PM : lookForMedia error: The operation has timed out
5/14/2010 8:16 PM : lookForMedia error: The operation has timed out
5/14/2010 8:16 PM : lookForMedia error: The operation has timed out
5/14/2010 8:16 PM : lookForMedia error: The operation has timed out
5/14/2010 8:16 PM : lookForMedia error: The operation has timed out
5/14/2010 8:16 PM : lookForMedia error: The operation has timed out
5/14/2010 8:16 PM : lookForMedia error: The operation has timed out
5/14/2010 8:16 PM : lookForMedia error: The operation has timed out
5/14/2010 8:16 PM : lookForMedia error: The operation has timed out
5/14/2010 8:16 PM : lookForMedia error: The operation has timed out
5/14/2010 8:16 PM : lookForMedia error: The operation has timed out
5/14/2010 8:16 PM : lookForMedia error: The operation has timed out
5/14/2010 8:16 PM : lookForMedia error: The operation has timed out
5/14/2010 8:16 PM : lookForMedia error: The operation has timed out
5/14/2010 8:16 PM : lookForMedia error: The operation has timed out
5/14/2010 8:16 PM : lookForMedia error: The operation has timed out
5/14/2010 8:16 PM : lookForMedia error: The operation has timed out
5/14/2010 8:16 PM : lookForMedia error: The operation has timed out
5/14/2010 8:16 PM : lookForMedia error: The operation has timed out
5/14/2010 8:16 PM : lookForMedia error: The operation has timed out
5/14/2010 8:16 PM : lookForMedia error: The operation has timed out
5/14/2010 8:16 PM : lookForMedia error: The operation has timed out
5/14/2010 8:16 PM : lookForMedia error: The operation has timed out
5/14/2010 8:16 PM : lookForMedia error: The operation has timed out
5/14/2010 8:16 PM : lookForMedia error: The operation has timed out
5/14/2010 8:16 PM : lookForMedia error: The operation has timed out
5/14/2010 8:16 PM : lookForMedia error: The operation has timed out
5/14/2010 8:16 PM : lookForMedia error: The operation has timed out
5/14/2010 8:16 PM : lookForMedia error: The operation has timed out
5/14/2010 8:16 PM : lookForMedia error: The operation has timed out
5/14/2010 8:16 PM : lookForMedia error: The operation has timed out
5/14/2010 8:16 PM : lookForMedia error: The operation has timed out
5/14/2010 8:16 PM : lookForMedia2 Exception of type 'System.OutOfMemoryException' was thrown.
5/14/2010 8:16 PM : lookForMedia2 Exception of type 'System.OutOfMemoryException' was thrown.
5/14/2010 8:16 PM : lookForMedia2 Exception of type 'System.OutOfMemoryException' was thrown.
5/14/2010 8:16 PM : lookForMedia2 Exception of type 'System.OutOfMemoryException' was thrown.
5/14/2010 8:16 PM : lookForMedia2 Exception of type 'System.OutOfMemoryException' was thrown.
5/14/2010 8:16 PM : lookForMedia2 Exception of type 'System.OutOfMemoryException' was thrown.
5/14/2010 8:16 PM : lookForMedia2 Exception of type 'System.OutOfMemoryException' was thrown.
5/14/2010 8:16 PM : lookForMedia2 Exception of type 'System.OutOfMemoryException' was thrown.
5/14/2010 8:16 PM : lookForMedia2 Exception of type 'System.OutOfMemoryException' was thrown.
5/14/2010 8:16 PM : lookForMedia2 Exception of type 'System.OutOfMemoryException' was thrown.
5/14/2010 8:16 PM : lookForMedia2 Exception of type 'System.OutOfMemoryException' was thrown.
5/14/2010 8:16 PM : lookForMedia2 Exception of type 'System.OutOfMemoryException' was thrown.
5/14/2010 8:16 PM : lookForMedia2 Exception of type 'System.OutOfMemoryException' was thrown.
5/14/2010 8:16 PM : lookForMedia2 Exception of type 'System.OutOfMemoryException' was thrown.
5/14/2010 8:16 PM : lookForMedia2 Exception of type 'System.OutOfMemoryException' was thrown.
5/14/2010 8:16 PM : lookForMedia2 Exception of type 'System.OutOfMemoryException' was thrown.
5/14/2010 8:16 PM : lookForMedia2 Exception of type 'System.OutOfMemoryException' was thrown.
5/14/2010 8:16 PM : lookForMedia2 Exception of type 'System.OutOfMemoryException' was thrown.
5/14/2010 8:16 PM : lookForMedia2 Exception of type 'System.OutOfMemoryException' was thrown.
5/14/2010 8:16 PM : lookForMedia2 Exception of type 'System.OutOfMemoryException' was thrown.
5/14/2010 8:16 PM : lookForMedia error: Index was out of range. Must be non-negative and less than the size of the collection.
Parameter name: index
5/14/2010 8:16 PM : lookForMedia error: The operation has timed out
5/14/2010 8:16 PM : lookForMedia error: Index was out of range. Must be non-negative and less than the size of the collection.
Parameter name: index
5/14/2010 8:16 PM : lookForMedia error: Index was out of range. Must be non-negative and less than the size of the collection.
Parameter name: index
5/14/2010 8:16 PM : lookForMedia2 Exception of type 'System.OutOfMemoryException' was thrown.
5/14/2010 8:16 PM : lookForMedia2 Exception of type 'System.OutOfMemoryException' was thrown.
5/14/2010 8:16 PM : lookForMedia2 Exception of type 'System.OutOfMemoryException' was thrown.
5/14/2010 8:16 PM : lookForMedia error: The operation has timed out
5/14/2010 8:16 PM : lookForMedia error: The operation has timed out
5/14/2010 8:16 PM : lookForMedia error: The operation has timed out
5/14/2010 8:16 PM : lookForMedia error: The operation has timed out
5/14/2010 8:16 PM : lookForMedia error: Index was out of range. Must be non-negative and less than the size of the collection.
Parameter name: index
5/14/2010 8:17 PM : lookForMedia error: The operation has timed out
5/14/2010 8:17 PM : lookForMedia error: The operation has timed out
5/14/2010 8:17 PM : lookForMedia error: The operation has timed out
5/14/2010 8:17 PM : lookForMedia error: Index was out of range. Must be non-negative and less than the size of the collection.
Parameter name: index
5/14/2010 8:17 PM : lookForMedia error: The operation has timed out
5/14/2010 8:17 PM : lookForMedia error: The operation has timed out
5/14/2010 8:17 PM : lookForMedia error: Index was out of range. Must be non-negative and less than the size of the collection.
Parameter name: index
5/14/2010 8:17 PM : lookForMedia error: Index was out of range. Must be non-negative and less than the size of the collection.
Parameter name: index
5/14/2010 8:17 PM : lookForMedia error: The operation has timed out
5/14/2010 8:17 PM : lookForMedia error: The operation has timed out
5/14/2010 8:17 PM : lookForMedia error: The operation has timed out
5/14/2010 8:17 PM : lookForMedia error: The operation has timed out
5/14/2010 8:17 PM : lookForMedia error: The operation has timed out
5/14/2010 8:17 PM : lookForMedia error: The operation has timed out
5/14/2010 8:17 PM : lookForMedia error: The operation has timed out
5/14/2010 8:17 PM : lookForMedia error: The operation has timed out
5/14/2010 8:17 PM : lookForMedia error: The operation has timed out
5/14/2010 8:17 PM : lookForMedia error: The operation has timed out
5/14/2010 8:17 PM : lookForMedia error: The operation has timed out
5/14/2010 8:17 PM : lookForMedia error: The operation has timed out
5/14/2010 8:17 PM : lookForMedia error: The operation has timed out
5/14/2010 8:17 PM : lookForMedia error: Index was out of range. Must be non-negative and less than the size of the collection.
Parameter name: index
5/14/2010 8:17 PM : lookForMedia error: Index was out of range. Must be non-negative and less than the size of the collection.
Parameter name: index
5/14/2010 8:17 PM : lookForMedia error: The operation has timed out
5/14/2010 8:17 PM : lookForMedia error: The operation has timed out
5/14/2010 8:17 PM : lookForMedia error: The operation has timed out
5/14/2010 8:17 PM : lookForMedia error: The operation has timed out
5/14/2010 8:17 PM : lookForMedia error: The operation has timed out
5/14/2010 8:17 PM : lookForMedia error: The operation has timed out
5/14/2010 8:17 PM : lookForMedia2 Exception of type 'System.OutOfMemoryException' was thrown.
5/14/2010 8:17 PM : lookForMedia2 Exception of type 'System.OutOfMemoryException' was thrown.
5/14/2010 8:17 PM : lookForMedia2 Exception of type 'System.OutOfMemoryException' was thrown.
5/14/2010 8:17 PM : lookForMedia2 Exception of type 'System.OutOfMemoryException' was thrown.
5/14/2010 8:17 PM : lookForMedia2 Exception of type 'System.OutOfMemoryException' was thrown.
5/14/2010 8:17 PM : lookForMedia2 Exception of type 'System.OutOfMemoryException' was thrown.
5/14/2010 8:17 PM : lookForMedia2 Exception of type 'System.OutOfMemoryException' was thrown.
5/14/2010 8:17 PM : lookForMedia2 Exception of type 'System.OutOfMemoryException' was thrown.
5/14/2010 8:17 PM : lookForMedia2 Exception of type 'System.OutOfMemoryException' was thrown.
5/14/2010 8:17 PM : lookForMedia2 Exception of type 'System.OutOfMemoryException' was thrown.
5/14/2010 8:17 PM : lookForMedia2 Exception of type 'System.OutOfMemoryException' was thrown.
5/14/2010 8:17 PM : lookForMedia2 Exception of type 'System.OutOfMemoryException' was thrown.
5/14/2010 8:17 PM : lookForMedia2 Exception of type 'System.OutOfMemoryException' was thrown.
5/14/2010 8:17 PM : lookForMedia2 Exception of type 'System.OutOfMemoryException' was thrown.
5/14/2010 8:17 PM : lookForMedia2 Exception of type 'System.OutOfMemoryException' was thrown.
5/14/2010 8:17 PM : lookForMedia2 Exception of type 'System.OutOfMemoryException' was thrown.
5/14/2010 8:17 PM : lookForMedia2 Exception of type 'System.OutOfMemoryException' was thrown.
5/14/2010 8:17 PM : lookForMedia2 Exception of type 'System.OutOfMemoryException' was thrown.
5/14/2010 8:17 PM : lookForMedia2 Exception of type 'System.OutOfMemoryException' was thrown.
5/14/2010 8:17 PM : lookForMedia2 Exception of type 'System.OutOfMemoryException' was thrown.
5/14/2010 8:17 PM : lookForMedia2 Exception of type 'System.OutOfMemoryException' was thrown.
5/14/2010 8:17 PM : lookForMedia2 Exception of type 'System.OutOfMemoryException' was thrown.
5/14/2010 8:17 PM : lookForMedia2 Exception of type 'System.OutOfMemoryException' was thrown.
5/14/2010 8:17 PM : lookForMedia2 Exception of type 'System.OutOfMemoryException' was thrown.
5/14/2010 8:17 PM : lookForMedia2 Exception of type 'System.OutOfMemoryException' was thrown.
5/14/2010 8:17 PM : lookForMedia2 Exception of type 'System.OutOfMemoryException' was thrown.
5/14/2010 8:17 PM : lookForMedia2 Exception of type 'System.OutOfMemoryException' was thrown.
5/14/2010 8:17 PM : lookForMedia2 Exception of type 'System.OutOfMemoryException' was thrown.
5/14/2010 8:17 PM : lookForMedia2 Exception of type 'System.OutOfMemoryException' was thrown.
5/14/2010 8:17 PM : lookForMedia2 Exception of type 'System.OutOfMemoryException' was thrown.
5/14/2010 8:17 PM : lookForMedia2 Exception of type 'System.OutOfMemoryException' was thrown.
5/14/2010 8:17 PM : lookForMedia2 Exception of type 'System.OutOfMemoryException' was thrown.
5/14/2010 8:17 PM : lookForMedia2 Exception of type 'System.OutOfMemoryException' was thrown.
5/14/2010 8:17 PM : lookForMedia2 Exception of type 'System.OutOfMemoryException' was thrown.
5/14/2010 8:17 PM : lookForMedia2 Exception of type 'System.OutOfMemoryException' was thrown.
5/14/2010 8:17 PM : lookForMedia2 Exception of type 'System.OutOfMemoryException' was thrown.
5/14/2010 8:17 PM : lookForMedia2 Exception of type 'System.OutOfMemoryException' was thrown.
5/14/2010 8:17 PM : lookForMedia2 Exception of type 'System.OutOfMemoryException' was thrown.
5/14/2010 8:17 PM : lookForMedia2 Exception of type 'System.OutOfMemoryException' was thrown.
5/14/2010 8:17 PM : lookForMedia2 Exception of type 'System.OutOfMemoryException' was thrown.
5/14/2010 8:17 PM : lookForMedia2 Exception of type 'System.OutOfMemoryException' was thrown.
5/14/2010 8:17 PM : lookForMedia2 Exception of type 'System.OutOfMemoryException' was thrown.
5/14/2010 8:17 PM : lookForMedia2 Exception of type 'System.OutOfMemoryException' was thrown.
5/14/2010 8:17 PM : lookForMedia2 Exception of type 'System.OutOfMemoryException' was thrown.
5/14/2010 8:17 PM : lookForMedia2 Exception of type 'System.OutOfMemoryException' was thrown.
5/14/2010 8:17 PM : lookForMedia2 Exception of type 'System.OutOfMemoryException' was thrown.
5/14/2010 8:17 PM : lookForMedia2 Exception of type 'System.OutOfMemoryException' was thrown.
5/14/2010 8:17 PM : lookForMedia2 Exception of type 'System.OutOfMemoryException' was thrown.
5/14/2010 8:17 PM : lookForMedia2 Exception of type 'System.OutOfMemoryException' was thrown.
5/14/2010 8:17 PM : lookForMedia2 Exception of type 'System.OutOfMemoryException' was thrown.
5/14/2010 8:17 PM : lookForMedia2 Exception of type 'System.OutOfMemoryException' was thrown.
5/14/2010 8:17 PM : lookForMedia2 Exception of type 'System.OutOfMemoryException' was thrown.
5/14/2010 8:17 PM : lookForMedia2 Exception of type 'System.OutOfMemoryException' was thrown.
5/14/2010 8:17 PM : lookForMedia2 Exception of type 'System.OutOfMemoryException' was thrown.
5/14/2010 8:17 PM : lookForMedia2 Exception of type 'System.OutOfMemoryException' was thrown.
5/14/2010 8:17 PM : lookForMedia2 Exception of type 'System.OutOfMemoryException' was thrown.
5/14/2010 8:17 PM : lookForMedia2 Exception of type 'System.OutOfMemoryException' was thrown.
5/14/2010 8:17 PM : lookForMedia2 Exception of type 'System.OutOfMemoryException' was thrown.
5/14/2010 8:17 PM : lookForMedia2 Exception of type 'System.OutOfMemoryException' was thrown.
5/14/2010 8:17 PM : lookForMedia2 Exception of type 'System.OutOfMemoryException' was thrown.
5/14/2010 8:17 PM : lookForMedia2 Exception of type 'System.OutOfMemoryException' was thrown.
5/14/2010 8:17 PM : lookForMedia2 Exception of type 'System.OutOfMemoryException' was thrown.
5/14/2010 8:17 PM : lookForMedia2 Exception of type 'System.OutOfMemoryException' was thrown.
5/14/2010 8:17 PM : lookForMedia error: Index was out of range. Must be non-negative and less than the size of the collection.
Parameter name: index
5/14/2010 8:18 PM : lookForMedia error: The operation has timed out
5/14/2010 8:18 PM : lookForMedia error: The operation has timed out
5/14/2010 8:18 PM : lookForMedia2 Exception of type 'System.OutOfMemoryException' was thrown.
5/14/2010 8:18 PM : lookForMedia error: The operation has timed out
5/14/2010 8:18 PM : lookForMedia error: The operation has timed out
5/14/2010 8:18 PM : lookForMedia error: The operation has timed out
5/14/2010 8:18 PM : lookForMedia error: The operation has timed out
5/14/2010 8:18 PM : lookForMedia error: The operation has timed out
5/14/2010 8:18 PM : lookForMedia error: The operation has timed out
5/14/2010 8:18 PM : lookForMedia error: The operation has timed out
5/14/2010 8:18 PM : lookForMedia error: The operation has timed out
5/14/2010 8:18 PM : lookForMedia error: The operation has timed out
5/14/2010 8:18 PM : lookForMedia error: The operation has timed out
5/14/2010 8:19 PM : lookForMedia error: The operation has timed out
5/14/2010 8:19 PM : lookForMedia error: The operation has timed out
5/14/2010 8:19 PM : lookForMedia error: The operation has timed out
5/14/2010 8:19 PM : lookForMedia error: The operation has timed out
5/14/2010 8:19 PM : lookForMedia error: Index was out of range. Must be non-negative and less than the size of the collection.
Parameter name: index
5/14/2010 8:19 PM : lookForMedia error: Index was out of range. Must be non-negative and less than the size of the collection.
Parameter name: index
5/14/2010 8:19 PM : lookForMedia error: The operation has timed out
5/14/2010 8:19 PM : lookForMedia error: The operation has timed out
5/14/2010 8:19 PM : lookForMedia error: The operation has timed out
5/14/2010 8:19 PM : lookForMedia error: The operation has timed out
5/14/2010 8:19 PM : lookForMedia error: The operation has timed out
5/14/2010 8:19 PM : lookForMedia error: Index was out of range. Must be non-negative and less than the size of the collection.
Parameter name: index
5/14/2010 8:19 PM : lookForMedia error: The operation has timed out
5/14/2010 8:19 PM : lookForMedia error: The operation has timed out
5/14/2010 8:19 PM : lookForMedia error: The operation has timed out
5/14/2010 8:19 PM : lookForMedia error: The operation has timed out
5/14/2010 8:19 PM : lookForMedia error: The operation has timed out
5/14/2010 8:19 PM : lookForMedia error: The operation has timed out
5/14/2010 8:19 PM : lookForMedia error: The operation has timed out
5/14/2010 8:19 PM : lookForMedia error: The operation has timed out
5/14/2010 8:19 PM : lookForMedia error: The operation has timed out
5/14/2010 8:19 PM : lookForMedia error: Index was out of range. Must be non-negative and less than the size of the collection.
Parameter name: index
5/14/2010 8:19 PM : lookForMedia error: Index was out of range. Must be non-negative and less than the size of the collection.
Parameter name: index
5/14/2010 8:19 PM : lookForMedia error: The operation has timed out
5/14/2010 8:19 PM : lookForMedia error: Index was out of range. Must be non-negative and less than the size of the collection.
Parameter name: index
5/14/2010 8:19 PM : lookForMedia2 Exception of type 'System.OutOfMemoryException' was thrown.
5/14/2010 8:19 PM : lookForMedia2 Exception of type 'System.OutOfMemoryException' was thrown.
5/14/2010 8:19 PM : lookForMedia2 Exception of type 'System.OutOfMemoryException' was thrown.
5/14/2010 8:19 PM : lookForMedia error: Index was out of range. Must be non-negative and less than the size of the collection.
Parameter name: index
5/14/2010 8:19 PM : lookForMedia error: Index was out of range. Must be non-negative and less than the size of the collection.
Parameter name: index
5/14/2010 8:19 PM : lookForMedia error: The operation has timed out
5/14/2010 8:19 PM : lookForMedia error: Index was out of range. Must be non-negative and less than the size of the collection.
Parameter name: index
5/14/2010 8:19 PM : lookForMedia error: Index was out of range. Must be non-negative and less than the size of the collection.
Parameter name: index
5/14/2010 8:19 PM : lookForMedia error: Index was out of range. Must be non-negative and less than the size of the collection.
Parameter name: index
5/14/2010 8:19 PM : lookForMedia error: The operation has timed out
5/14/2010 8:19 PM : lookForMedia error: The operation has timed out
5/14/2010 8:19 PM : lookForMedia error: Index was out of range. Must be non-negative and less than the size of the collection.
Parameter name: index
5/14/2010 8:19 PM : lookForMedia2 Exception of type 'System.OutOfMemoryException' was thrown.
5/14/2010 8:19 PM : lookForMedia error: Index was out of range. Must be non-negative and less than the size of the collection.
Parameter name: index
5/14/2010 8:19 PM : lookForMedia error: Index was out of range. Must be non-negative and less than the size of the collection.
Parameter name: index
5/14/2010 8:19 PM : lookForMedia error: Index was out of range. Must be non-negative and less than the size of the collection.
Parameter name: index
5/14/2010 8:19 PM : lookForMedia error: Index was out of range. Must be non-negative and less than the size of the collection.
Parameter name: index
5/14/2010 8:19 PM : lookForMedia error: Index was out of range. Must be non-negative and less than the size of the collection.
Parameter name: index
5/14/2010 8:20 PM : lookForMedia error: Index was out of range. Must be non-negative and less than the size of the collection.
Parameter name: index
5/14/2010 8:20 PM : lookForMedia error: Index was out of range. Must be non-negative and less than the size of the collection.
Parameter name: index
5/14/2010 8:20 PM : lookForMedia error: Index was out of range. Must be non-negative and less than the size of the collection.
Parameter name: index
5/14/2010 8:20 PM : lookForMedia error: Index was out of range. Must be non-negative and less than the size of the collection.
Parameter name: index
5/14/2010 8:20 PM : lookForMedia error: The operation has timed out
5/14/2010 8:20 PM : lookForMedia2 Exception of type 'System.OutOfMemoryException' was thrown.
5/14/2010 8:20 PM : lookForMedia2 Exception of type 'System.OutOfMemoryException' was thrown.
5/14/2010 8:20 PM : lookForMedia2 Exception of type 'System.OutOfMemoryException' was thrown.
5/14/2010 8:20 PM : lookForMedia2 Exception of type 'System.OutOfMemoryException' was thrown.
5/14/2010 8:20 PM : lookForMedia2 Exception of type 'System.OutOfMemoryException' was thrown.
5/14/2010 8:21 PM : lookForMedia error: The operation has timed out
5/14/2010 8:21 PM : lookForMedia error: The operation has timed out
5/14/2010 8:21 PM : lookForMedia error: The operation has timed out
5/14/2010 8:21 PM : lookForMedia error: The operation has timed out
5/14/2010 8:21 PM : lookForMedia error: The operation has timed out
5/14/2010 8:21 PM : lookForMedia error: The operation has timed out
5/14/2010 8:21 PM : lookForMedia error: The operation has timed out
5/14/2010 8:21 PM : lookForMedia error: Index was out of range. Must be non-negative and less than the size of the collection.
Parameter name: index
5/14/2010 8:21 PM : lookForMedia error: The operation has timed out
5/14/2010 8:21 PM : lookForMedia error: The operation has timed out
5/14/2010 8:21 PM : lookForMedia error: The operation has timed out
5/14/2010 8:21 PM : lookForMedia error: The operation has timed out
5/14/2010 8:21 PM : lookForMedia error: The operation has timed out
5/14/2010 8:21 PM : lookForMedia error: The operation has timed out
5/14/2010 8:21 PM : lookForMedia error: The operation has timed out
5/14/2010 8:21 PM : lookForMedia error: The operation has timed out
5/14/2010 8:21 PM : lookForMedia error: The operation has timed out
5/14/2010 8:21 PM : lookForMedia error: The operation has timed out
5/14/2010 8:21 PM : lookForMedia error: The operation has timed out
5/14/2010 8:21 PM : lookForMedia error: The operation has timed out
5/14/2010 8:21 PM : lookForMedia error: The operation has timed out
5/14/2010 8:21 PM : lookForMedia error: The operation has timed out
5/14/2010 8:21 PM : lookForMedia error: The operation has timed out
5/14/2010 8:21 PM : lookForMedia error: The operation has timed out
5/14/2010 8:21 PM : lookForMedia error: The operation has timed out
5/14/2010 8:21 PM : lookForMedia error: The operation has timed out
5/14/2010 8:21 PM : lookForMedia error: The operation has timed out
5/14/2010 8:21 PM : lookForMedia error: The operation has timed out
5/14/2010 8:21 PM : lookForMedia error: The operation has timed out
5/14/2010 8:21 PM : lookForMedia error: The operation has timed out
5/14/2010 8:21 PM : lookForMedia error: The operation has timed out
5/14/2010 8:21 PM : lookForMedia error: The operation has timed out
5/14/2010 8:21 PM : lookForMedia error: The operation has timed out
5/14/2010 8:21 PM : lookForMedia error: The operation has timed out
5/14/2010 8:21 PM : lookForMedia error: The operation has timed out
5/14/2010 8:21 PM : lookForMedia error: The operation has timed out
5/14/2010 8:21 PM : lookForMedia error: The operation has timed out
5/14/2010 8:21 PM : lookForMedia error: The operation has timed out
5/14/2010 8:21 PM : lookForMedia error: The operation has timed out
5/14/2010 8:21 PM : lookForMedia error: The operation has timed out
5/14/2010 8:21 PM : lookForMedia error: The operation has timed out
5/14/2010 8:21 PM : lookForMedia error: The operation has timed out
5/14/2010 8:21 PM : lookForMedia error: Index was out of range. Must be non-negative and less than the size of the collection.
Parameter name: index
5/14/2010 8:21 PM : lookForMedia error: The operation has timed out
5/14/2010 8:21 PM : lookForMedia error: The operation has timed out
5/14/2010 8:21 PM : lookForMedia error: The operation has timed out
5/14/2010 8:21 PM : lookForMedia error: The operation has timed out
5/14/2010 8:21 PM : lookForMedia error: Index was out of range. Must be non-negative and less than the size of the collection.
Parameter name: index
5/14/2010 8:21 PM : lookForMedia error: Index was out of range. Must be non-negative and less than the size of the collection.
Parameter name: index
5/14/2010 8:21 PM : lookForMedia error: The operation has timed out
5/14/2010 8:21 PM : lookForMedia error: The operation has timed out
5/14/2010 8:21 PM : lookForMedia2 Exception of type 'System.OutOfMemoryException' was thrown.
5/14/2010 8:21 PM : lookForMedia2 Exception of type 'System.OutOfMemoryException' was thrown.
5/14/2010 8:21 PM : lookForMedia2 Exception of type 'System.OutOfMemoryException' was thrown.
5/14/2010 8:21 PM : lookForMedia2 Exception of type 'System.OutOfMemoryException' was thrown.
5/14/2010 8:21 PM : lookForMedia2 Exception of type 'System.OutOfMemoryException' was thrown.
5/14/2010 8:22 PM : lookForMedia2 Exception of type 'System.OutOfMemoryException' was thrown.
5/14/2010 8:22 PM : lookForMedia2 Exception of type 'System.OutOfMemoryException' was thrown.
5/14/2010 8:22 PM : lookForMedia2 Exception of type 'System.OutOfMemoryException' was thrown.
5/14/2010 8:22 PM : lookForMedia2 Exception of type 'System.OutOfMemoryException' was thrown.
5/14/2010 8:22 PM : lookForMedia2 Exception of type 'System.OutOfMemoryException' was thrown.
5/14/2010 8:22 PM : lookForMedia2 Exception of type 'System.OutOfMemoryException' was thrown.
5/14/2010 8:22 PM : lookForMedia2 Exception of type 'System.OutOfMemoryException' was thrown.
5/14/2010 8:22 PM : lookForMedia2 Exception of type 'System.OutOfMemoryException' was thrown.
5/14/2010 8:22 PM : lookForMedia2 Exception of type 'System.OutOfMemoryException' was thrown.
5/14/2010 8:22 PM : lookForMedia2 Exception of type 'System.OutOfMemoryException' was thrown.
5/14/2010 8:22 PM : lookForMedia2 Exception of type 'System.OutOfMemoryException' was thrown.
5/14/2010 8:22 PM : lookForMedia2 Exception of type 'System.OutOfMemoryException' was thrown.
5/14/2010 8:22 PM : lookForMedia2 Exception of type 'System.OutOfMemoryException' was thrown.
5/14/2010 8:22 PM : lookForMedia2 Exception of type 'System.OutOfMemoryException' was thrown.
5/14/2010 8:22 PM : lookForMedia2 Exception of type 'System.OutOfMemoryException' was thrown.
5/14/2010 8:22 PM : lookForMedia error: Index was out of range. Must be non-negative and less than the size of the collection.
Parameter name: index
5/14/2010 8:22 PM : lookForMedia error: Index was out of range. Must be non-negative and less than the size of the collection.
Parameter name: index
5/14/2010 8:22 PM : lookForMedia error: Index was out of range. Must be non-negative and less than the size of the collection.
Parameter name: index
5/14/2010 8:22 PM : lookForMedia2 Exception of type 'System.OutOfMemoryException' was thrown.
5/14/2010 8:22 PM : lookForMedia2 Exception of type 'System.OutOfMemoryException' was thrown.
5/14/2010 8:22 PM : lookForMedia2 Exception of type 'System.OutOfMemoryException' was thrown.
5/14/2010 8:22 PM : lookForMedia2 Exception of type 'System.OutOfMemoryException' was thrown.
5/14/2010 8:22 PM : lookForMedia2 Exception of type 'System.OutOfMemoryException' was thrown.
5/14/2010 8:22 PM : lookForMedia2 Exception of type 'System.OutOfMemoryException' was thrown.
5/14/2010 8:22 PM : lookForMedia2 Exception of type 'System.OutOfMemoryException' was thrown.
5/14/2010 8:22 PM : lookForMedia2 Exception of type 'System.OutOfMemoryException' was thrown.
5/14/2010 8:22 PM : lookForMedia2 Exception of type 'System.OutOfMemoryException' was thrown.
5/14/2010 8:22 PM : lookForMedia2 Exception of type 'System.OutOfMemoryException' was thrown.
5/14/2010 8:22 PM : lookForMedia2 Exception of type 'System.OutOfMemoryException' was thrown.
5/14/2010 8:22 PM : lookForMedia2 Exception of type 'System.OutOfMemoryException' was thrown.
5/14/2010 8:22 PM : lookForMedia2 Exception of type 'System.OutOfMemoryException' was thrown.
5/14/2010 8:22 PM : lookForMedia2 Exception of type 'System.OutOfMemoryException' was thrown.
5/14/2010 8:22 PM : lookForMedia2 Exception of type 'System.OutOfMemoryException' was thrown.
5/14/2010 8:22 PM : lookForMedia2 Exception of type 'System.OutOfMemoryException' was thrown.
5/14/2010 8:22 PM : lookForMedia2 Exception of type 'System.OutOfMemoryException' was thrown.
5/14/2010 8:22 PM : lookForMedia2 Exception of type 'System.OutOfMemoryException' was thrown.
5/14/2010 8:22 PM : lookForMedia2 Exception of type 'System.OutOfMemoryException' was thrown.
5/14/2010 8:22 PM : lookForMedia2 Exception of type 'System.OutOfMemoryException' was thrown.
5/14/2010 8:22 PM : lookForMedia2 Exception of type 'System.OutOfMemoryException' was thrown.
5/14/2010 8:22 PM : lookForMedia2 Exception of type 'System.OutOfMemoryException' was thrown.
5/14/2010 8:22 PM : lookForMedia2 Exception of type 'System.OutOfMemoryException' was thrown.
5/14/2010 8:22 PM : lookForMedia2 Exception of type 'System.OutOfMemoryException' was thrown.
5/14/2010 8:22 PM : lookForMedia2 Exception of type 'System.OutOfMemoryException' was thrown.
5/14/2010 8:22 PM : lookForMedia2 Exception of type 'System.OutOfMemoryException' was thrown.
5/14/2010 8:22 PM : lookForMedia2 Exception of type 'System.OutOfMemoryException' was thrown.
5/14/2010 8:22 PM : lookForMedia error: The operation has timed out
5/14/2010 8:23 PM : lookForMedia2 Exception of type 'System.OutOfMemoryException' was thrown.
5/14/2010 8:23 PM : lookForMedia error: The operation has timed out
5/14/2010 8:23 PM : lookForMedia error: Index was out of range. Must be non-negative and less than the size of the collection.
Parameter name: index
5/14/2010 8:23 PM : lookForMedia error: The operation has timed out
5/14/2010 8:23 PM : lookForMedia error: The operation has timed out
5/14/2010 8:23 PM : lookForMedia error: The operation has timed out
5/14/2010 8:23 PM : lookForMedia2 Exception of type 'System.OutOfMemoryException' was thrown.
5/14/2010 8:23 PM : lookForMedia2 Exception of type 'System.OutOfMemoryException' was thrown.
5/14/2010 8:23 PM : lookForMedia error: Index was out of range. Must be non-negative and less than the size of the collection.
Parameter name: index
5/14/2010 8:23 PM : lookForMedia error: Index was out of range. Must be non-negative and less than the size of the collection.
Parameter name: index
5/14/2010 8:23 PM : lookForMedia2 Exception of type 'System.OutOfMemoryException' was thrown.
5/14/2010 8:23 PM : lookForMedia2 Exception of type 'System.OutOfMemoryException' was thrown.
5/14/2010 8:23 PM : lookForMedia2 Exception of type 'System.OutOfMemoryException' was thrown.
5/14/2010 8:23 PM : lookForMedia2 Exception of type 'System.OutOfMemoryException' was thrown.
5/14/2010 8:23 PM : lookForMedia2 Exception of type 'System.OutOfMemoryException' was thrown.
5/14/2010 8:23 PM : lookForMedia2 Exception of type 'System.OutOfMemoryException' was thrown.
5/14/2010 8:23 PM : lookForMedia2 Exception of type 'System.OutOfMemoryException' was thrown.
5/14/2010 8:23 PM : lookForMedia2 Exception of type 'System.OutOfMemoryException' was thrown.
5/14/2010 8:23 PM : lookForMedia2 Exception of type 'System.OutOfMemoryException' was thrown.
5/14/2010 8:23 PM : lookForMedia2 Exception of type 'System.OutOfMemoryException' was thrown.
5/14/2010 8:23 PM : lookForMedia2 Exception of type 'System.OutOfMemoryException' was thrown.
5/14/2010 8:23 PM : lookForMedia2 Exception of type 'System.OutOfMemoryException' was thrown.
5/14/2010 8:23 PM : lookForMedia2 Exception of type 'System.OutOfMemoryException' was thrown.
5/14/2010 8:23 PM : lookForMedia2 Exception of type 'System.OutOfMemoryException' was thrown.
5/14/2010 8:24 PM : lookForMedia2 Exception of type 'System.OutOfMemoryException' was thrown.
5/14/2010 8:26 PM : lookForMedia2 Exception of type 'System.OutOfMemoryException' was thrown.
5/14/2010 8:26 PM : lookForMedia2 Exception of type 'System.OutOfMemoryException' was thrown.
5/14/2010 8:26 PM : lookForMedia error: The operation has timed out
5/14/2010 8:26 PM : lookForMedia error: The operation has timed out
5/14/2010 8:26 PM : lookForMedia error: The operation has timed out
5/14/2010 8:26 PM : lookForMedia error: The operation has timed out
5/14/2010 8:26 PM : lookForMedia error: The operation has timed out
5/14/2010 8:26 PM : lookForMedia error: The request was aborted: The request was canceled.
5/14/2010 8:26 PM : lookForMedia error: The operation has timed out
5/14/2010 8:26 PM : lookForMedia error: The operation has timed out
5/14/2010 8:26 PM : lookForMedia error: The operation has timed out
5/14/2010 8:26 PM : lookForMedia error: The operation has timed out
5/14/2010 8:26 PM : lookForMedia error: The operation has timed out
5/14/2010 8:26 PM : lookForMedia error: The operation has timed out
5/14/2010 8:26 PM : lookForMedia error: The operation has timed out
5/14/2010 8:26 PM : lookForMedia error: The operation has timed out
5/14/2010 8:26 PM : lookForMedia error: The operation has timed out
5/14/2010 8:26 PM : lookForMedia error: The operation has timed out
5/14/2010 8:26 PM : lookForMedia error: The operation has timed out
5/14/2010 8:26 PM : lookForMedia error: The operation has timed out
5/14/2010 8:26 PM : lookForMedia error: The operation has timed out
5/14/2010 8:26 PM : lookForMedia error: The operation has timed out
5/14/2010 8:26 PM : lookForMedia error: The operation has timed out
5/14/2010 8:26 PM : lookForMedia error: The operation has timed out
5/14/2010 8:26 PM : lookForMedia error: The request was aborted: The request was canceled.
5/14/2010 8:26 PM : lookForMedia error: The operation has timed out
5/14/2010 8:26 PM : lookForMedia error: The operation has timed out
5/14/2010 8:26 PM : lookForMedia error: The operation has timed out
5/14/2010 8:26 PM : lookForMedia error: The operation has timed out
5/14/2010 8:26 PM : lookForMedia error: The operation has timed out
5/14/2010 8:26 PM : lookForMedia error: Index was out of range. Must be non-negative and less than the size of the collection.
Parameter name: index
5/14/2010 8:26 PM : lookForMedia2 Exception of type 'System.OutOfMemoryException' was thrown.
5/14/2010 8:26 PM : lookForMedia2 Exception of type 'System.OutOfMemoryException' was thrown.
5/14/2010 8:26 PM : lookForMedia2 Exception of type 'System.OutOfMemoryException' was thrown.
5/14/2010 8:26 PM : lookForMedia2 Exception of type 'System.OutOfMemoryException' was thrown.
5/14/2010 8:26 PM : lookForMedia2 Exception of type 'System.OutOfMemoryException' was thrown.
5/14/2010 8:26 PM : lookForMedia2 Exception of type 'System.OutOfMemoryException' was thrown.
5/14/2010 8:26 PM : lookForMedia2 Exception of type 'System.OutOfMemoryException' was thrown.
5/14/2010 8:26 PM : lookForMedia2 Exception of type 'System.OutOfMemoryException' was thrown.
5/14/2010 8:26 PM : lookForMedia2 Exception of type 'System.OutOfMemoryException' was thrown.
5/14/2010 8:26 PM : lookForMedia2 Exception of type 'System.OutOfMemoryException' was thrown.
5/14/2010 8:26 PM : lookForMedia2 Exception of type 'System.OutOfMemoryException' was thrown.
5/14/2010 8:26 PM : lookForMedia2 Exception of type 'System.OutOfMemoryException' was thrown.
5/14/2010 8:26 PM : lookForMedia2 Exception of type 'System.OutOfMemoryException' was thrown.
5/14/2010 8:26 PM : lookForMedia2 Exception of type 'System.OutOfMemoryException' was thrown.
5/14/2010 8:26 PM : lookForMedia2 Exception of type 'System.OutOfMemoryException' was thrown.
5/14/2010 8:26 PM : lookForMedia2 Exception of type 'System.OutOfMemoryException' was thrown.
5/14/2010 8:26 PM : lookForMedia2 Exception of type 'System.OutOfMemoryException' was thrown.
5/14/2010 8:26 PM : lookForMedia2 Exception of type 'System.OutOfMemoryException' was thrown.
5/14/2010 8:26 PM : lookForMedia2 Exception of type 'System.OutOfMemoryException' was thrown.
5/14/2010 8:26 PM : lookForMedia2 Exception of type 'System.OutOfMemoryException' was thrown.
5/14/2010 8:26 PM : lookForMedia2 Exception of type 'System.OutOfMemoryException' was thrown.
5/14/2010 8:26 PM : lookForMedia2 Exception of type 'System.OutOfMemoryException' was thrown.
5/14/2010 8:26 PM : lookForMedia2 Exception of type 'System.OutOfMemoryException' was thrown.
5/14/2010 8:26 PM : lookForMedia2 Exception of type 'System.OutOfMemoryException' was thrown.
5/14/2010 8:26 PM : lookForMedia2 Exception of type 'System.OutOfMemoryException' was thrown.
5/14/2010 8:26 PM : lookForMedia2 Exception of type 'System.OutOfMemoryException' was thrown.
5/14/2010 8:26 PM : lookForMedia2 Exception of type 'System.OutOfMemoryException' was thrown.
5/14/2010 8:26 PM : lookForMedia2 Exception of type 'System.OutOfMemoryException' was thrown.
5/14/2010 8:26 PM : lookForMedia error: Index was out of range. Must be non-negative and less than the size of the collection.
Parameter name: index
5/14/2010 8:26 PM : lookForMedia error: Index was out of range. Must be non-negative and less than the size of the collection.
Parameter name: index
5/14/2010 8:26 PM : lookForMedia error: Index was out of range. Must be non-negative and less than the size of the collection.
Parameter name: index
5/14/2010 8:26 PM : lookForMedia error: Index was out of range. Must be non-negative and less than the size of the collection.
Parameter name: index
5/14/2010 8:26 PM : lookForMedia error: Index was out of range. Must be non-negative and less than the size of the collection.
Parameter name: index
5/14/2010 8:26 PM : lookForMedia error: Index was out of range. Must be non-negative and less than the size of the collection.
Parameter name: index
5/14/2010 8:27 PM : lookForMedia2 Exception of type 'System.OutOfMemoryException' was thrown.
5/14/2010 8:27 PM : lookForMedia2 Exception of type 'System.OutOfMemoryException' was thrown.
5/14/2010 8:27 PM : lookForMedia2 Exception of type 'System.OutOfMemoryException' was thrown.
5/14/2010 8:27 PM : lookForMedia2 Exception of type 'System.OutOfMemoryException' was thrown.
5/14/2010 8:27 PM : lookForMedia2 Exception of type 'System.OutOfMemoryException' was thrown.
5/14/2010 8:27 PM : lookForMedia2 Exception of type 'System.OutOfMemoryException' was thrown.
5/14/2010 8:27 PM : lookForMedia2 Exception of type 'System.OutOfMemoryException' was thrown.
5/14/2010 8:27 PM : lookForMedia2 Exception of type 'System.OutOfMemoryException' was thrown.
5/14/2010 8:27 PM : lookForMedia2 Exception of type 'System.OutOfMemoryException' was thrown.
5/14/2010 8:27 PM : lookForMedia2 Exception of type 'System.OutOfMemoryException' was thrown.
5/14/2010 8:27 PM : lookForMedia2 Exception of type 'System.OutOfMemoryException' was thrown.
5/14/2010 8:27 PM : lookForMedia2 Exception of type 'System.OutOfMemoryException' was thrown.
5/14/2010 8:27 PM : lookForMedia2 Exception of type 'System.OutOfMemoryException' was thrown.
5/14/2010 8:27 PM : lookForMedia2 Exception of type 'System.OutOfMemoryException' was thrown.
5/14/2010 8:27 PM : lookForMedia2 Exception of type 'System.OutOfMemoryException' was thrown.
5/14/2010 8:27 PM : lookForMedia error: Index was out of range. Must be non-negative and less than the size of the collection.
Parameter name: index
5/14/2010 8:27 PM : lookForMedia2 Exception of type 'System.OutOfMemoryException' was thrown.
5/14/2010 8:27 PM : lookForMedia2 Exception of type 'System.OutOfMemoryException' was thrown.
5/14/2010 8:27 PM : lookForMedia2 Exception of type 'System.OutOfMemoryException' was thrown.
5/14/2010 8:27 PM : lookForMedia2 Exception of type 'System.OutOfMemoryException' was thrown.
5/14/2010 8:27 PM : lookForMedia2 Exception of type 'System.OutOfMemoryException' was thrown.
5/14/2010 8:27 PM : lookForMedia2 Exception of type 'System.OutOfMemoryException' was thrown.
5/14/2010 8:27 PM : lookForMedia2 Exception of type 'System.OutOfMemoryException' was thrown.
5/14/2010 8:27 PM : lookForMedia2 Exception of type 'System.OutOfMemoryException' was thrown.
5/14/2010 8:27 PM : lookForMedia2 Exception of type 'System.OutOfMemoryException' was thrown.
5/14/2010 8:27 PM : lookForMedia2 Exception of type 'System.OutOfMemoryException' was thrown.
5/14/2010 8:27 PM : lookForMedia2 Exception of type 'System.OutOfMemoryException' was thrown.
5/14/2010 8:27 PM : lookForMedia error: Index was out of range. Must be non-negative and less than the size of the collection.
Parameter name: index
5/14/2010 8:27 PM : lookForMedia2 Exception of type 'System.OutOfMemoryException' was thrown.
5/14/2010 8:27 PM : lookForMedia error: Index was out of range. Must be non-negative and less than the size of the collection.
Parameter name: index
5/14/2010 8:27 PM : lookForMedia error: Index was out of range. Must be non-negative and less than the size of the collection.
Parameter name: index
5/14/2010 8:27 PM : lookForMedia error: Index was out of range. Must be non-negative and less than the size of the collection.
Parameter name: index
5/14/2010 8:27 PM : lookForMedia error: Index was out of range. Must be non-negative and less than the size of the collection.
Parameter name: index
5/14/2010 8:27 PM : lookForMedia error: Index was out of range. Must be non-negative and less than the size of the collection.
Parameter name: index
5/14/2010 8:27 PM : lookForMedia error: Index was out of range. Must be non-negative and less than the size of the collection.
Parameter name: index
5/14/2010 8:27 PM : lookForMedia error: Index was out of range. Must be non-negative and less than the size of the collection.
Parameter name: index
5/14/2010 8:27 PM : lookForMedia error: Index was out of range. Must be non-negative and less than the size of the collection.
Parameter name: index
5/14/2010 8:27 PM : lookForMedia error: Index was out of range. Must be non-negative and less than the size of the collection.
Parameter name: index
5/14/2010 8:27 PM : lookForMedia error: Index was out of range. Must be non-negative and less than the size of the collection.
Parameter name: index
5/14/2010 8:28 PM : lookForMedia error: Index was out of range. Must be non-negative and less than the size of the collection.
Parameter name: index
5/14/2010 8:28 PM : lookForMedia error: Index was out of range. Must be non-negative and less than the size of the collection.
Parameter name: index
5/14/2010 8:28 PM : lookForMedia2 Exception of type 'System.OutOfMemoryException' was thrown.
5/14/2010 8:28 PM : lookForMedia2 Exception of type 'System.OutOfMemoryException' was thrown.
5/14/2010 8:28 PM : lookForMedia2 Exception of type 'System.OutOfMemoryException' was thrown.
5/14/2010 8:28 PM : lookForMedia2 Exception of type 'System.OutOfMemoryException' was thrown.
5/14/2010 8:28 PM : lookForMedia2 Exception of type 'System.OutOfMemoryException' was thrown.
5/14/2010 8:28 PM : lookForMedia2 Exception of type 'System.OutOfMemoryException' was thrown.
5/14/2010 8:28 PM : lookForMedia2 Exception of type 'System.OutOfMemoryException' was thrown.
5/14/2010 8:28 PM : lookForMedia2 Exception of type 'System.OutOfMemoryException' was thrown.
5/14/2010 8:28 PM : lookForMedia2 Exception of type 'System.OutOfMemoryException' was thrown.
5/14/2010 8:28 PM : lookForMedia2 Exception of type 'System.OutOfMemoryException' was thrown.
5/14/2010 8:28 PM : lookForMedia2 Exception of type 'System.OutOfMemoryException' was thrown.
5/14/2010 8:28 PM : lookForMedia2 Exception of type 'System.OutOfMemoryException' was thrown.
5/14/2010 8:28 PM : lookForMedia2 Exception of type 'System.OutOfMemoryException' was thrown.
5/14/2010 8:28 PM : lookForMedia2 Exception of type 'System.OutOfMemoryException' was thrown.
5/14/2010 8:28 PM : lookForMedia2 Exception of type 'System.OutOfMemoryException' was thrown.
5/14/2010 8:28 PM : lookForMedia2 Exception of type 'System.OutOfMemoryException' was thrown.
5/14/2010 8:28 PM : lookForMedia2 Exception of type 'System.OutOfMemoryException' was thrown.
5/14/2010 8:28 PM : lookForMedia2 Exception of type 'System.OutOfMemoryException' was thrown.
5/14/2010 8:28 PM : lookForMedia2 Exception of type 'System.OutOfMemoryException' was thrown.
5/14/2010 8:28 PM : lookForMedia2 Exception of type 'System.OutOfMemoryException' was thrown.
5/14/2010 8:28 PM : lookForMedia2 Exception of type 'System.OutOfMemoryException' was thrown.
5/14/2010 8:28 PM : lookForMedia2 Exception of type 'System.OutOfMemoryException' was thrown.
5/14/2010 8:28 PM : lookForMedia2 Exception of type 'System.OutOfMemoryException' was thrown.
5/14/2010 8:28 PM : lookForMedia2 Exception of type 'System.OutOfMemoryException' was thrown.
5/14/2010 8:28 PM : lookForMedia2 Exception of type 'System.OutOfMemoryException' was thrown.
5/14/2010 8:28 PM : lookForMedia2 Exception of type 'System.OutOfMemoryException' was thrown.
5/14/2010 8:28 PM : lookForMedia2 Exception of type 'System.OutOfMemoryException' was thrown.
5/14/2010 8:28 PM : lookForMedia2 Exception of type 'System.OutOfMemoryException' was thrown.
5/14/2010 8:28 PM : lookForMedia2 Exception of type 'System.OutOfMemoryException' was thrown.
5/14/2010 8:28 PM : lookForMedia2 Exception of type 'System.OutOfMemoryException' was thrown.
5/14/2010 8:28 PM : lookForMedia error: Index was out of range. Must be non-negative and less than the size of the collection.
Parameter name: index
5/14/2010 8:28 PM : lookForMedia error: Index was out of range. Must be non-negative and less than the size of the collection.
Parameter name: index
5/14/2010 8:28 PM : lookForMedia error: Index was out of range. Must be non-negative and less than the size of the collection.
Parameter name: index
5/14/2010 8:28 PM : lookForMedia error: Index was out of range. Must be non-negative and less than the size of the collection.
Parameter name: index
5/14/2010 8:28 PM : lookForMedia error: Index was out of range. Must be non-negative and less than the size of the collection.
Parameter name: index
5/14/2010 8:28 PM : lookForMedia error: Index was out of range. Must be non-negative and less than the size of the collection.
Parameter name: index
5/14/2010 8:28 PM : lookForMedia error: Index was out of range. Must be non-negative and less than the size of the collection.
Parameter name: index
5/14/2010 8:28 PM : lookForMedia2 Exception of type 'System.OutOfMemoryException' was thrown.
5/14/2010 8:28 PM : lookForMedia2 Exception of type 'System.OutOfMemoryException' was thrown.
5/14/2010 8:28 PM : lookForMedia error: Index was out of range. Must be non-negative and less than the size of the collection.
Parameter name: index
5/14/2010 8:28 PM : lookForMedia error: The operation has timed out
5/14/2010 8:28 PM : lookForMedia error: The operation has timed out
5/14/2010 8:28 PM : lookForMedia error: The operation has timed out
5/14/2010 8:28 PM : lookForMedia error: The operation has timed out
5/14/2010 8:28 PM : lookForMedia error: The operation has timed out
5/14/2010 8:28 PM : lookForMedia error: The operation has timed out
5/14/2010 8:28 PM : lookForMedia error: The operation has timed out
5/14/2010 8:28 PM : lookForMedia error: Index was out of range. Must be non-negative and less than the size of the collection.
Parameter name: index
5/14/2010 8:28 PM : lookForMedia error: The operation has timed out
5/14/2010 8:28 PM : lookForMedia error: The operation has timed out
5/14/2010 8:28 PM : lookForMedia2 Exception of type 'System.OutOfMemoryException' was thrown.
5/14/2010 8:28 PM : lookForMedia2 Exception of type 'System.OutOfMemoryException' was thrown.
5/14/2010 8:29 PM : lookForMedia2 Exception of type 'System.OutOfMemoryException' was thrown.
5/14/2010 8:29 PM : lookForMedia error: The operation has timed out
5/14/2010 8:29 PM : lookForMedia error: The operation has timed out
5/14/2010 8:29 PM : lookForMedia error: The operation has timed out
5/14/2010 8:29 PM : lookForMedia error: The operation has timed out
5/14/2010 8:29 PM : lookForMedia error: The operation has timed out
5/14/2010 8:29 PM : lookForMedia error: The operation has timed out
5/14/2010 8:30 PM : lookForMedia error: The operation has timed out
5/14/2010 8:30 PM : lookForMedia error: The operation has timed out
5/14/2010 8:30 PM : lookForMedia error: The operation has timed out
5/14/2010 8:32 PM : lookForMedia error: Index was out of range. Must be non-negative and less than the size of the collection.
Parameter name: index
5/14/2010 8:32 PM : lookForMedia error: The operation has timed out
5/14/2010 8:32 PM : lookForMedia2 Exception of type 'System.OutOfMemoryException' was thrown.
5/14/2010 8:32 PM : lookForMedia error: Index was out of range. Must be non-negative and less than the size of the collection.
Parameter name: index
5/14/2010 8:32 PM : lookForMedia error: Index was out of range. Must be non-negative and less than the size of the collection.
Parameter name: index
5/14/2010 8:32 PM : lookForMedia error: Index was out of range. Must be non-negative and less than the size of the collection.
Parameter name: index
5/14/2010 8:32 PM : lookForMedia error: Index was out of range. Must be non-negative and less than the size of the collection.
Parameter name: index
5/14/2010 8:32 PM : lookForMedia error: The operation has timed out
5/14/2010 8:32 PM : lookForMedia error: Index was out of range. Must be non-negative and less than the size of the collection.
Parameter name: index
5/14/2010 8:32 PM : lookForMedia error: The operation has timed out
5/14/2010 8:32 PM : lookForMedia error: The operation has timed out
5/14/2010 8:32 PM : lookForMedia error: The operation has timed out
5/14/2010 8:32 PM : lookForMedia error: The operation has timed out
5/14/2010 8:32 PM : lookForMedia error: The operation has timed out
5/14/2010 8:32 PM : lookForMedia error: The operation has timed out
5/14/2010 8:32 PM : lookForMedia error: The operation has timed out
5/14/2010 8:32 PM : lookForMedia error: The operation has timed out
5/14/2010 8:32 PM : lookForMedia error: Index was out of range. Must be non-negative and less than the size of the collection.
Parameter name: index
5/14/2010 8:32 PM : lookForMedia error: The operation has timed out
5/14/2010 8:32 PM : lookForMedia error: The operation has timed out
5/14/2010 8:32 PM : lookForMedia error: The operation has timed out
5/14/2010 8:32 PM : lookForMedia error: The operation has timed out
5/14/2010 8:32 PM : lookForMedia error: The operation has timed out
5/14/2010 8:32 PM : lookForMedia error: Index was out of range. Must be non-negative and less than the size of the collection.
Parameter name: index
5/14/2010 8:33 PM : lookForMedia error: Index was out of range. Must be non-negative and less than the size of the collection.
Parameter name: index
5/14/2010 8:33 PM : lookForMedia2 Exception of type 'System.OutOfMemoryException' was thrown.
5/14/2010 8:33 PM : lookForMedia2 Exception of type 'System.OutOfMemoryException' was thrown.
5/14/2010 8:33 PM : lookForMedia2 Exception of type 'System.OutOfMemoryException' was thrown.
5/14/2010 8:33 PM : lookForMedia2 Exception of type 'System.OutOfMemoryException' was thrown.
5/14/2010 8:33 PM : lookForMedia2 Exception of type 'System.OutOfMemoryException' was thrown.
5/14/2010 8:33 PM : lookForMedia2 Exception of type 'System.OutOfMemoryException' was thrown.
5/14/2010 8:33 PM : lookForMedia2 Exception of type 'System.OutOfMemoryException' was thrown.
5/14/2010 8:33 PM : lookForMedia error: Index was out of range. Must be non-negative and less than the size of the collection.
Parameter name: index
5/14/2010 8:34 PM : lookForMedia error: Index was out of range. Must be non-negative and less than the size of the collection.
Parameter name: index
5/14/2010 8:34 PM : lookForMedia error: Index was out of range. Must be non-negative and less than the size of the collection.
Parameter name: index
5/14/2010 8:34 PM : lookForMedia error: The operation has timed out
5/14/2010 8:34 PM : lookForMedia error: The operation has timed out
5/14/2010 8:34 PM : lookForMedia error: The operation has timed out
5/14/2010 8:34 PM : lookForMedia error: The operation has timed out
5/14/2010 8:34 PM : lookForMedia error: The operation has timed out
5/14/2010 8:34 PM : lookForMedia error: The operation has timed out
5/14/2010 8:34 PM : lookForMedia error: The operation has timed out
5/14/2010 8:34 PM : lookForMedia error: The operation has timed out
5/14/2010 8:34 PM : lookForMedia error: The operation has timed out
5/14/2010 8:34 PM : lookForMedia error: The operation has timed out
5/14/2010 8:34 PM : lookForMedia error: The operation has timed out
5/14/2010 8:34 PM : lookForMedia error: The operation has timed out
5/14/2010 8:34 PM : lookForMedia error: The operation has timed out
5/14/2010 8:34 PM : lookForMedia error: The operation has timed out
5/14/2010 8:34 PM : lookForMedia error: The operation has timed out
5/14/2010 8:34 PM : lookForMedia error: The operation has timed out
5/14/2010 8:34 PM : lookForMedia error: The operation has timed out
5/14/2010 8:34 PM : lookForMedia error: The operation has timed out
5/14/2010 8:34 PM : lookForMedia error: The operation has timed out
5/14/2010 8:34 PM : lookForMedia error: The operation has timed out
5/14/2010 8:34 PM : lookForMedia error: The operation has timed out
5/14/2010 8:34 PM : lookForMedia error: The operation has timed out
5/14/2010 8:34 PM : lookForMedia error: The operation has timed out
5/14/2010 8:34 PM : lookForMedia error: Index was out of range. Must be non-negative and less than the size of the collection.
Parameter name: index
5/14/2010 8:34 PM : lookForMedia2 Exception of type 'System.OutOfMemoryException' was thrown.
5/14/2010 8:34 PM : lookForMedia error: Index was out of range. Must be non-negative and less than the size of the collection.
Parameter name: index
5/14/2010 8:34 PM : lookForMedia2 Exception of type 'System.OutOfMemoryException' was thrown.
5/14/2010 8:34 PM : lookForMedia2 Exception of type 'System.OutOfMemoryException' was thrown.
5/14/2010 8:34 PM : lookForMedia2 Exception of type 'System.OutOfMemoryException' was thrown.
5/14/2010 8:34 PM : lookForMedia error: Index was out of range. Must be non-negative and less than the size of the collection.
Parameter name: index
5/14/2010 8:34 PM : lookForMedia2 Exception of type 'System.OutOfMemoryException' was thrown.
5/14/2010 8:34 PM : lookForMedia2 Exception of type 'System.OutOfMemoryException' was thrown.
5/14/2010 8:34 PM : lookForMedia2 Exception of type 'System.OutOfMemoryException' was thrown.
5/14/2010 8:34 PM : lookForMedia2 Exception of type 'System.OutOfMemoryException' was thrown.
5/14/2010 8:34 PM : lookForMedia2 Exception of type 'System.OutOfMemoryException' was thrown.
5/14/2010 8:34 PM : lookForMedia2 Exception of type 'System.OutOfMemoryException' was thrown.
5/14/2010 8:34 PM : lookForMedia2 Exception of type 'System.OutOfMemoryException' was thrown.
5/14/2010 8:34 PM : lookForMedia2 Exception of type 'System.OutOfMemoryException' was thrown.
5/14/2010 8:34 PM : lookForMedia2 Exception of type 'System.OutOfMemoryException' was thrown.
5/14/2010 8:34 PM : lookForMedia2 Exception of type 'System.OutOfMemoryException' was thrown.
5/14/2010 8:34 PM : lookForMedia2 Exception of type 'System.OutOfMemoryException' was thrown.
5/14/2010 8:34 PM : lookForMedia2 Exception of type 'System.OutOfMemoryException' was thrown.
5/14/2010 8:34 PM : lookForMedia2 Exception of type 'System.OutOfMemoryException' was thrown.
5/14/2010 8:34 PM : lookForMedia2 Exception of type 'System.OutOfMemoryException' was thrown.
5/14/2010 8:34 PM : lookForMedia2 Exception of type 'System.OutOfMemoryException' was thrown.
5/14/2010 8:34 PM : lookForMedia2 Exception of type 'System.OutOfMemoryException' was thrown.
5/14/2010 8:34 PM : lookForMedia2 Exception of type 'System.OutOfMemoryException' was thrown.
5/14/2010 8:34 PM : lookForMedia2 Exception of type 'System.OutOfMemoryException' was thrown.
5/14/2010 8:34 PM : lookForMedia2 Exception of type 'System.OutOfMemoryException' was thrown.
5/14/2010 8:34 PM : lookForMedia2 Exception of type 'System.OutOfMemoryException' was thrown.
5/14/2010 8:34 PM : lookForMedia2 Exception of type 'System.OutOfMemoryException' was thrown.
5/14/2010 8:34 PM : lookForMedia error: Index was out of range. Must be non-negative and less than the size of the collection.
Parameter name: index
5/14/2010 8:34 PM : lookForMedia error: Index was out of range. Must be non-negative and less than the size of the collection.
Parameter name: index
5/14/2010 8:34 PM : lookForMedia error: Index was out of range. Must be non-negative and less than the size of the collection.
Parameter name: index
5/14/2010 8:34 PM : lookForMedia error: Index was out of range. Must be non-negative and less than the size of the collection.
Parameter name: index
5/14/2010 8:34 PM : lookForMedia error: Index was out of range. Must be non-negative and less than the size of the collection.
Parameter name: index
5/14/2010 8:34 PM : lookForMedia error: Index was out of range. Must be non-negative and less than the size of the collection.
Parameter name: index
5/14/2010 8:35 PM : lookForMedia error: Index was out of range. Must be non-negative and less than the size of the collection.
Parameter name: index
5/14/2010 8:35 PM : lookForMedia error: Index was out of range. Must be non-negative and less than the size of the collection.
Parameter name: index
5/14/2010 8:35 PM : lookForMedia2 Exception of type 'System.OutOfMemoryException' was thrown.
5/14/2010 8:35 PM : lookForMedia2 Exception of type 'System.OutOfMemoryException' was thrown.
5/14/2010 8:35 PM : lookForMedia2 Exception of type 'System.OutOfMemoryException' was thrown.
5/14/2010 8:35 PM : lookForMedia2 Exception of type 'System.OutOfMemoryException' was thrown.
5/14/2010 8:35 PM : lookForMedia2 Exception of type 'System.OutOfMemoryException' was thrown.
5/14/2010 8:36 PM : lookForMedia2 Exception of type 'System.OutOfMemoryException' was thrown.
5/14/2010 8:36 PM : lookForMedia error: Index was out of range. Must be non-negative and less than the size of the collection.
Parameter name: index
5/14/2010 8:36 PM : lookForMedia error: Index was out of range. Must be non-negative and less than the size of the collection.
Parameter name: index
5/14/2010 8:36 PM : lookForMedia error: Index was out of range. Must be non-negative and less than the size of the collection.
Parameter name: index
5/14/2010 8:36 PM : lookForMedia error: The operation has timed out
5/14/2010 8:36 PM : lookForMedia error: The request was aborted: The request was canceled.
5/14/2010 8:36 PM : lookForMedia error: The operation has timed out
5/14/2010 8:36 PM : lookForMedia error: The operation has timed out
5/14/2010 8:36 PM : lookForMedia error: The operation has timed out
5/14/2010 8:36 PM : lookForMedia error: The operation has timed out
5/14/2010 8:36 PM : lookForMedia error: The operation has timed out
5/14/2010 8:36 PM : lookForMedia error: The operation has timed out
5/14/2010 8:36 PM : lookForMedia error: The operation has timed out
5/14/2010 8:36 PM : lookForMedia error: Index was out of range. Must be non-negative and less than the size of the collection.
Parameter name: index
5/14/2010 8:36 PM : lookForMedia error: The operation has timed out
5/14/2010 8:36 PM : lookForMedia error: The operation has timed out
5/14/2010 8:36 PM : lookForMedia error: The operation has timed out
5/14/2010 8:36 PM : lookForMedia error: The operation has timed out
5/14/2010 8:36 PM : lookForMedia error: The operation has timed out
5/14/2010 8:36 PM : lookForMedia error: The operation has timed out
5/14/2010 8:36 PM : lookForMedia error: The operation has timed out
5/14/2010 8:36 PM : lookForMedia error: The operation has timed out
5/14/2010 8:36 PM : lookForMedia error: The operation has timed out
5/14/2010 8:36 PM : lookForMedia error: The operation has timed out
5/14/2010 8:36 PM : lookForMedia error: The operation has timed out
5/14/2010 8:36 PM : lookForMedia error: The operation has timed out
5/14/2010 8:36 PM : lookForMedia error: The operation has timed out
5/14/2010 8:36 PM : lookForMedia error: Index was out of range. Must be non-negative and less than the size of the collection.
Parameter name: index
5/14/2010 8:36 PM : lookForMedia2 Exception of type 'System.OutOfMemoryException' was thrown.
5/14/2010 8:36 PM : lookForMedia error: Index was out of range. Must be non-negative and less than the size of the collection.
Parameter name: index
5/14/2010 8:36 PM : lookForMedia error: Index was out of range. Must be non-negative and less than the size of the collection.
Parameter name: index
5/14/2010 8:36 PM : lookForMedia2 Exception of type 'System.OutOfMemoryException' was thrown.
5/14/2010 8:36 PM : lookForMedia2 Exception of type 'System.OutOfMemoryException' was thrown.
5/14/2010 8:36 PM : lookForMedia2 Exception of type 'System.OutOfMemoryException' was thrown.
5/14/2010 8:36 PM : lookForMedia2 Exception of type 'System.OutOfMemoryException' was thrown.
5/14/2010 8:36 PM : lookForMedia2 Exception of type 'System.OutOfMemoryException' was thrown.
5/14/2010 8:36 PM : lookForMedia2 Exception of type 'System.OutOfMemoryException' was thrown.
5/14/2010 8:36 PM : lookForMedia2 Exception of type 'System.OutOfMemoryException' was thrown.
5/14/2010 8:36 PM : lookForMedia2 Exception of type 'System.OutOfMemoryException' was thrown.
5/14/2010 8:36 PM : lookForMedia2 Exception of type 'System.OutOfMemoryException' was thrown.
5/14/2010 8:36 PM : lookForMedia2 Exception of type 'System.OutOfMemoryException' was thrown.
5/14/2010 8:36 PM : lookForMedia2 Exception of type 'System.OutOfMemoryException' was thrown.
5/14/2010 8:36 PM : lookForMedia2 Exception of type 'System.OutOfMemoryException' was thrown.
5/14/2010 8:36 PM : lookForMedia2 Exception of type 'System.OutOfMemoryException' was thrown.
5/14/2010 8:36 PM : lookForMedia2 Exception of type 'System.OutOfMemoryException' was thrown.
5/14/2010 8:36 PM : lookForMedia2 Exception of type 'System.OutOfMemoryException' was thrown.
5/14/2010 8:36 PM : lookForMedia error: Index was out of range. Must be non-negative and less than the size of the collection.
Parameter name: index
5/14/2010 8:36 PM : lookForMedia error: Index was out of range. Must be non-negative and less than the size of the collection.
Parameter name: index
5/14/2010 8:36 PM : lookForMedia error: Index was out of range. Must be non-negative and less than the size of the collection.
Parameter name: index
5/14/2010 8:36 PM : lookForMedia error: Index was out of range. Must be non-negative and less than the size of the collection.
Parameter name: index
5/14/2010 8:37 PM : lookForMedia error: Index was out of range. Must be non-negative and less than the size of the collection.
Parameter name: index
5/14/2010 8:37 PM : lookForMedia error: Index was out of range. Must be non-negative and less than the size of the collection.
Parameter name: index
5/14/2010 8:37 PM : lookForMedia error: Index was out of range. Must be non-negative and less than the size of the collection.
Parameter name: index
5/14/2010 8:37 PM : lookForMedia error: Index was out of range. Must be non-negative and less than the size of the collection.
Parameter name: index
5/14/2010 8:37 PM : lookForMedia2 Exception of type 'System.OutOfMemoryException' was thrown.
5/14/2010 8:37 PM : lookForMedia2 Exception of type 'System.OutOfMemoryException' was thrown.
5/14/2010 8:37 PM : lookForMedia2 Exception of type 'System.OutOfMemoryException' was thrown.
5/14/2010 8:37 PM : lookForMedia2 Exception of type 'System.OutOfMemoryException' was thrown.
5/14/2010 8:37 PM : lookForMedia2 Exception of type 'System.OutOfMemoryException' was thrown.
5/14/2010 8:37 PM : lookForMedia2 Exception of type 'System.OutOfMemoryException' was thrown.
5/14/2010 8:37 PM : lookForMedia2 Exception of type 'System.OutOfMemoryException' was thrown.
5/14/2010 8:37 PM : lookForMedia2 Exception of type 'System.OutOfMemoryException' was thrown.
5/14/2010 8:37 PM : lookForMedia2 Exception of type 'System.OutOfMemoryException' was thrown.
5/14/2010 8:37 PM : lookForMedia2 Exception of type 'System.OutOfMemoryException' was thrown.
5/14/2010 8:37 PM : lookForMedia2 Exception of type 'System.OutOfMemoryException' was thrown.
5/14/2010 8:37 PM : lookForMedia2 Exception of type 'System.OutOfMemoryException' was thrown.
5/14/2010 8:37 PM : lookForMedia2 Exception of type 'System.OutOfMemoryException' was thrown.
5/14/2010 8:37 PM : lookForMedia2 Exception of type 'System.OutOfMemoryException' was thrown.
5/14/2010 8:37 PM : lookForMedia2 Exception of type 'System.OutOfMemoryException' was thrown.
5/14/2010 8:37 PM : lookForMedia2 Exception of type 'System.OutOfMemoryException' was thrown.
5/14/2010 8:37 PM : lookForMedia2 Exception of type 'System.OutOfMemoryException' was thrown.
5/14/2010 8:37 PM : lookForMedia2 Exception of type 'System.OutOfMemoryException' was thrown.
5/14/2010 8:37 PM : lookForMedia2 Exception of type 'System.OutOfMemoryException' was thrown.
5/14/2010 8:37 PM : lookForMedia2 Exception of type 'System.OutOfMemoryException' was thrown.
5/14/2010 8:37 PM : lookForMedia2 Exception of type 'System.OutOfMemoryException' was thrown.
5/14/2010 8:37 PM : lookForMedia2 Exception of type 'System.OutOfMemoryException' was thrown.
5/14/2010 8:37 PM : lookForMedia error: Index was out of range. Must be non-negative and less than the size of the collection.
Parameter name: index
5/14/2010 8:37 PM : lookForMedia error: Index was out of range. Must be non-negative and less than the size of the collection.
Parameter name: index
5/14/2010 8:37 PM : lookForMedia error: Index was out of range. Must be non-negative and less than the size of the collection.
Parameter name: index
5/14/2010 8:37 PM : lookForMedia error: Index was out of range. Must be non-negative and less than the size of the collection.
Parameter name: index
5/14/2010 8:37 PM : lookForMedia error: Index was out of range. Must be non-negative and less than the size of the collection.
Parameter name: index
5/14/2010 8:37 PM : lookForMedia error: Index was out of range. Must be non-negative and less than the size of the collection.
Parameter name: index
5/14/2010 8:37 PM : lookForMedia error: Index was out of range. Must be non-negative and less than the size of the collection.
Parameter name: index
5/14/2010 8:37 PM : lookForMedia error: Index was out of range. Must be non-negative and less than the size of the collection.
Parameter name: index
5/14/2010 8:37 PM : lookForMedia error: Index was out of range. Must be non-negative and less than the size of the collection.
Parameter name: index
5/14/2010 8:37 PM : lookForMedia error: Index was out of range. Must be non-negative and less than the size of the collection.
Parameter name: index
5/14/2010 8:37 PM : lookForMedia error: Index was out of range. Must be non-negative and less than the size of the collection.
Parameter name: index
5/14/2010 8:37 PM : lookForMedia error: Index was out of range. Must be non-negative and less than the size of the collection.
Parameter name: index
5/14/2010 8:37 PM : lookForMedia error: Index was out of range. Must be non-negative and less than the size of the collection.
Parameter name: index
5/14/2010 8:37 PM : lookForMedia error: Index was out of range. Must be non-negative and less than the size of the collection.
Parameter name: index
5/14/2010 8:37 PM : lookForMedia error: Index was out of range. Must be non-negative and less than the size of the collection.
Parameter name: index
5/14/2010 8:37 PM : lookForMedia error: Index was out of range. Must be non-negative and less than the size of the collection.
Parameter name: index
5/14/2010 8:37 PM : lookForMedia error: Index was out of range. Must be non-negative and less than the size of the collection.
Parameter name: index
5/14/2010 8:37 PM : lookForMedia error: Index was out of range. Must be non-negative and less than the size of the collection.
Parameter name: index
5/14/2010 8:37 PM : lookForMedia2 Exception of type 'System.OutOfMemoryException' was thrown.
5/14/2010 8:37 PM : lookForMedia2 Exception of type 'System.OutOfMemoryException' was thrown.
5/14/2010 8:37 PM : lookForMedia2 Exception of type 'System.OutOfMemoryException' was thrown.
5/14/2010 8:37 PM : lookForMedia2 Exception of type 'System.OutOfMemoryException' was thrown.
5/14/2010 8:37 PM : lookForMedia2 Exception of type 'System.OutOfMemoryException' was thrown.
5/14/2010 8:37 PM : lookForMedia2 Exception of type 'System.OutOfMemoryException' was thrown.
5/14/2010 8:37 PM : lookForMedia2 Exception of type 'System.OutOfMemoryException' was thrown.
5/14/2010 8:37 PM : lookForMedia2 Exception of type 'System.OutOfMemoryException' was thrown.
5/14/2010 8:37 PM : lookForMedia2 Exception of type 'System.OutOfMemoryException' was thrown.
5/14/2010 8:37 PM : lookForMedia2 Exception of type 'System.OutOfMemoryException' was thrown.
5/14/2010 8:37 PM : lookForMedia2 Exception of type 'System.OutOfMemoryException' was thrown.
5/14/2010 8:37 PM : lookForMedia2 Exception of type 'System.OutOfMemoryException' was thrown.
5/14/2010 8:37 PM : lookForMedia2 Exception of type 'System.OutOfMemoryException' was thrown.
5/14/2010 8:37 PM : lookForMedia2 Exception of type 'System.OutOfMemoryException' was thrown.
5/14/2010 8:37 PM : lookForMedia2 Exception of type 'System.OutOfMemoryException' was thrown.
5/14/2010 8:37 PM : lookForMedia2 Exception of type 'System.OutOfMemoryException' was thrown.
5/14/2010 8:37 PM : lookForMedia2 Exception of type 'System.OutOfMemoryException' was thrown.
5/14/2010 8:37 PM : lookForMedia2 Exception of type 'System.OutOfMemoryException' was thrown.
5/14/2010 8:37 PM : lookForMedia2 Exception of type 'System.OutOfMemoryException' was thrown.
5/14/2010 8:37 PM : lookForMedia2 Exception of type 'System.OutOfMemoryException' was thrown.
5/14/2010 8:37 PM : lookForMedia2 Exception of type 'System.OutOfMemoryException' was thrown.
5/14/2010 8:37 PM : lookForMedia2 Exception of type 'System.OutOfMemoryException' was thrown.
5/14/2010 8:37 PM : lookForMedia2 Exception of type 'System.OutOfMemoryException' was thrown.
5/14/2010 8:37 PM : lookForMedia2 Exception of type 'System.OutOfMemoryException' was thrown.
5/14/2010 8:37 PM : lookForMedia2 Exception of type 'System.OutOfMemoryException' was thrown.
5/14/2010 8:37 PM : lookForMedia2 Exception of type 'System.OutOfMemoryException' was thrown.
5/14/2010 8:37 PM : lookForMedia2 Exception of type 'System.OutOfMemoryException' was thrown.
5/14/2010 8:38 PM : lookForMedia2 Exception of type 'System.OutOfMemoryException' was thrown.
5/14/2010 8:39 PM : lookForMedia2 Exception of type 'System.OutOfMemoryException' was thrown.
5/14/2010 8:40 PM : lookForMedia error: Index was out of range. Must be non-negative and less than the size of the collection.
Parameter name: index
5/14/2010 8:40 PM : lookForMedia error: Index was out of range. Must be non-negative and less than the size of the collection.
Parameter name: index
5/14/2010 8:40 PM : lookForMedia error: Index was out of range. Must be non-negative and less than the size of the collection.
Parameter name: index
5/14/2010 8:40 PM : lookForMedia error: Index was out of range. Must be non-negative and less than the size of the collection.
Parameter name: index
5/14/2010 8:40 PM : lookForMedia2 Exception of type 'System.OutOfMemoryException' was thrown.
5/14/2010 8:40 PM : lookForMedia2 Exception of type 'System.OutOfMemoryException' was thrown.
5/14/2010 8:40 PM : lookForMedia2 Exception of type 'System.OutOfMemoryException' was thrown.
5/14/2010 8:40 PM : lookForMedia2 Exception of type 'System.OutOfMemoryException' was thrown.
5/14/2010 8:40 PM : lookForMedia2 Exception of type 'System.OutOfMemoryException' was thrown.
5/14/2010 8:40 PM : lookForMedia error: The operation has timed out
5/14/2010 8:40 PM : lookForMedia2 Exception of type 'System.OutOfMemoryException' was thrown.
5/14/2010 8:40 PM : lookForMedia2 Exception of type 'System.OutOfMemoryException' was thrown.
5/14/2010 8:40 PM : lookForMedia2 Exception of type 'System.OutOfMemoryException' was thrown.
5/14/2010 8:40 PM : lookForMedia2 Exception of type 'System.OutOfMemoryException' was thrown.
5/14/2010 8:40 PM : lookForMedia error: The operation has timed out
5/14/2010 8:40 PM : lookForMedia error: The operation has timed out
5/14/2010 8:40 PM : lookForMedia error: The operation has timed out
5/14/2010 8:40 PM : lookForMedia error: The operation has timed out
5/14/2010 8:40 PM : lookForMedia error: Index was out of range. Must be non-negative and less than the size of the collection.
Parameter name: index
5/14/2010 8:40 PM : lookForMedia error: Index was out of range. Must be non-negative and less than the size of the collection.
Parameter name: index
5/14/2010 8:40 PM : lookForMedia2 The specified network name is no longer available.

5/14/2010 8:40 PM : lookForMedia2 The specified network name is no longer available.

5/14/2010 8:40 PM : lookForMedia2 The specified network name is no longer available.

5/14/2010 8:40 PM : lookForMedia2 The specified network name is no longer available.

5/14/2010 8:40 PM : lookForMedia2 The specified network name is no longer available.

5/14/2010 8:40 PM : lookForMedia2 The specified network name is no longer available.

5/14/2010 8:40 PM : lookForMedia2 The specified network name is no longer available.

5/14/2010 8:40 PM : lookForMedia2 The specified network name is no longer available.

5/14/2010 8:40 PM : lookForMedia2 The specified network name is no longer available.

5/14/2010 8:40 PM : lookForMedia2 The specified network name is no longer available.

5/14/2010 8:40 PM : lookForMedia2 The specified network name is no longer available.

5/14/2010 8:40 PM : lookForMedia2 The specified network name is no longer available.

5/14/2010 8:40 PM : lookForMedia2 The specified network name is no longer available.

5/14/2010 8:40 PM : lookForMedia2 The specified network name is no longer available.

5/14/2010 8:40 PM : lookForMedia2 The specified network name is no longer available.

5/14/2010 8:40 PM : lookForMedia2 The specified network name is no longer available.

5/14/2010 8:40 PM : lookForMedia2 The specified network name is no longer available.

5/14/2010 8:40 PM : lookForMedia2 The specified network name is no longer available.

5/14/2010 8:40 PM : lookForMedia2 The specified network name is no longer available.

5/14/2010 8:40 PM : lookForMedia2 The specified network name is no longer available.

5/14/2010 8:40 PM : lookForMedia2 The specified network name is no longer available.

5/14/2010 8:40 PM : lookForMedia2 The specified network name is no longer available.

5/14/2010 8:40 PM : lookForMedia2 The specified network name is no longer available.

5/14/2010 8:40 PM : lookForMedia2 The specified network name is no longer available.

5/14/2010 8:40 PM : lookForMedia2 The specified network name is no longer available.

5/14/2010 8:40 PM : lookForMedia2 The specified network name is no longer available.

5/14/2010 8:40 PM : lookForMedia error: Index was out of range. Must be non-negative and less than the size of the collection.
Parameter name: index
5/14/2010 8:40 PM : lookForMedia error: Index was out of range. Must be non-negative and less than the size of the collection.
Parameter name: index
5/14/2010 8:40 PM : lookForMedia error: Index was out of range. Must be non-negative and less than the size of the collection.
Parameter name: index
5/14/2010 8:40 PM : lookForMedia error: Index was out of range. Must be non-negative and less than the size of the collection.
Parameter name: index
5/14/2010 8:40 PM : lookForMedia error: Index was out of range. Must be non-negative and less than the size of the collection.
Parameter name: index
5/14/2010 8:40 PM : lookForMedia error: Index was out of range. Must be non-negative and less than the size of the collection.
Parameter name: index
5/14/2010 8:40 PM : lookForMedia2 Exception of type 'System.OutOfMemoryException' was thrown.
5/14/2010 8:40 PM : lookForMedia2 Exception of type 'System.OutOfMemoryException' was thrown.
5/14/2010 8:40 PM : lookForMedia2 Exception of type 'System.OutOfMemoryException' was thrown.
5/14/2010 8:40 PM : lookForMedia error: Index was out of range. Must be non-negative and less than the size of the collection.
Parameter name: index
5/14/2010 8:40 PM : lookForMedia error: Index was out of range. Must be non-negative and less than the size of the collection.
Parameter name: index
5/14/2010 8:40 PM : lookForMedia2 Exception of type 'System.OutOfMemoryException' was thrown.
5/14/2010 8:40 PM : lookForMedia2 Exception of type 'System.OutOfMemoryException' was thrown.
5/14/2010 8:40 PM : lookForMedia2 Exception of type 'System.OutOfMemoryException' was thrown.
5/14/2010 8:40 PM : lookForMedia2 Exception of type 'System.OutOfMemoryException' was thrown.
5/14/2010 8:40 PM : lookForMedia2 Exception of type 'System.OutOfMemoryException' was thrown.
5/14/2010 8:40 PM : lookForMedia2 Exception of type 'System.OutOfMemoryException' was thrown.
5/14/2010 8:40 PM : lookForMedia2 Exception of type 'System.OutOfMemoryException' was thrown.
5/14/2010 8:40 PM : lookForMedia2 Exception of type 'System.OutOfMemoryException' was thrown.
5/14/2010 8:40 PM : lookForMedia2 Exception of type 'System.OutOfMemoryException' was thrown.
5/14/2010 8:40 PM : lookForMedia2 Exception of type 'System.OutOfMemoryException' was thrown.
5/14/2010 8:40 PM : lookForMedia2 Exception of type 'System.OutOfMemoryException' was thrown.
5/14/2010 8:41 PM : lookForMedia2 Exception of type 'System.OutOfMemoryException' was thrown.
5/14/2010 8:41 PM : lookForMedia error: Index was out of range. Must be non-negative and less than the size of the collection.
Parameter name: index
5/14/2010 8:41 PM : lookForMedia error: Index was out of range. Must be non-negative and less than the size of the collection.
Parameter name: index
5/14/2010 8:41 PM : lookForMedia error: Index was out of range. Must be non-negative and less than the size of the collection.
Parameter name: index
5/14/2010 8:41 PM : lookForMedia error: Index was out of range. Must be non-negative and less than the size of the collection.
Parameter name: index
5/14/2010 8:41 PM : lookForMedia error: Index was out of range. Must be non-negative and less than the size of the collection.
Parameter name: index
5/14/2010 8:41 PM : lookForMedia error: Index was out of range. Must be non-negative and less than the size of the collection.
Parameter name: index
5/14/2010 8:41 PM : lookForMedia2 Exception of type 'System.OutOfMemoryException' was thrown.
5/14/2010 8:41 PM : lookForMedia2 Exception of type 'System.OutOfMemoryException' was thrown.
5/14/2010 8:41 PM : lookForMedia2 Exception of type 'System.OutOfMemoryException' was thrown.
5/14/2010 8:41 PM : lookForMedia2 Exception of type 'System.OutOfMemoryException' was thrown.
5/14/2010 8:41 PM : lookForMedia2 Exception of type 'System.OutOfMemoryException' was thrown.
5/14/2010 8:41 PM : lookForMedia2 Exception of type 'System.OutOfMemoryException' was thrown.
5/14/2010 8:41 PM : lookForMedia2 Exception of type 'System.OutOfMemoryException' was thrown.
5/14/2010 8:41 PM : lookForMedia2 Exception of type 'System.OutOfMemoryException' was thrown.
5/14/2010 8:41 PM : lookForMedia2 Exception of type 'System.OutOfMemoryException' was thrown.
5/14/2010 8:41 PM : lookForMedia2 Exception of type 'System.OutOfMemoryException' was thrown.
5/14/2010 8:41 PM : lookForMedia2 Exception of type 'System.OutOfMemoryException' was thrown.
5/14/2010 8:41 PM : lookForMedia2 Exception of type 'System.OutOfMemoryException' was thrown.
5/14/2010 8:41 PM : lookForMedia error: Index was out of range. Must be non-negative and less than the size of the collection.
Parameter name: index
5/14/2010 8:41 PM : lookForMedia2 Exception of type 'System.OutOfMemoryException' was thrown.
5/14/2010 8:41 PM : lookForMedia2 Exception of type 'System.OutOfMemoryException' was thrown.
5/14/2010 8:41 PM : lookForMedia2 Exception of type 'System.OutOfMemoryException' was thrown.
5/14/2010 8:41 PM : lookForMedia2 Exception of type 'System.OutOfMemoryException' was thrown.
5/14/2010 8:41 PM : lookForMedia2 Exception of type 'System.OutOfMemoryException' was thrown.
5/14/2010 8:41 PM : lookForMedia2 Exception of type 'System.OutOfMemoryException' was thrown.
5/14/2010 8:41 PM : lookForMedia2 Exception of type 'System.OutOfMemoryException' was thrown.
5/14/2010 8:41 PM : lookForMedia2 Exception of type 'System.OutOfMemoryException' was thrown.
5/14/2010 8:41 PM : lookForMedia2 Exception of type 'System.OutOfMemoryException' was thrown.
5/14/2010 8:41 PM : lookForMedia2 Exception of type 'System.OutOfMemoryException' was thrown.
5/14/2010 8:41 PM : lookForMedia2 Exception of type 'System.OutOfMemoryException' was thrown.
5/14/2010 8:41 PM : lookForMedia2 Exception of type 'System.OutOfMemoryException' was thrown.
5/14/2010 8:41 PM : lookForMedia2 Exception of type 'System.OutOfMemoryException' was thrown.
5/14/2010 8:41 PM : lookForMedia2 Exception of type 'System.OutOfMemoryException' was thrown.
5/14/2010 8:41 PM : lookForMedia2 Exception of type 'System.OutOfMemoryException' was thrown.
5/14/2010 8:41 PM : lookForMedia2 Exception of type 'System.OutOfMemoryException' was thrown.
5/14/2010 8:41 PM : lookForMedia2 Exception of type 'System.OutOfMemoryException' was thrown.
5/14/2010 8:41 PM : lookForMedia2 Exception of type 'System.OutOfMemoryException' was thrown.
5/14/2010 8:41 PM : lookForMedia2 Exception of type 'System.OutOfMemoryException' was thrown.
5/14/2010 8:41 PM : lookForMedia2 Exception of type 'System.OutOfMemoryException' was thrown.
5/14/2010 8:41 PM : lookForMedia2 Exception of type 'System.OutOfMemoryException' was thrown.
5/14/2010 8:41 PM : lookForMedia2 Exception of type 'System.OutOfMemoryException' was thrown.
5/14/2010 8:41 PM : lookForMedia2 Exception of type 'System.OutOfMemoryException' was thrown.
5/14/2010 8:41 PM : lookForMedia2 Exception of type 'System.OutOfMemoryException' was thrown.
5/14/2010 8:41 PM : lookForMedia2 Exception of type 'System.OutOfMemoryException' was thrown.
5/14/2010 8:41 PM : lookForMedia2 Exception of type 'System.OutOfMemoryException' was thrown.
5/14/2010 8:41 PM : lookForMedia2 Exception of type 'System.OutOfMemoryException' was thrown.
5/14/2010 8:41 PM : lookForMedia2 Exception of type 'System.OutOfMemoryException' was thrown.
5/14/2010 8:41 PM : lookForMedia2 Exception of type 'System.OutOfMemoryException' was thrown.
5/14/2010 8:41 PM : lookForMedia2 Exception of type 'System.OutOfMemoryException' was thrown.
5/14/2010 8:41 PM : lookForMedia2 Exception of type 'System.OutOfMemoryException' was thrown.
5/14/2010 8:41 PM : lookForMedia2 Exception of type 'System.OutOfMemoryException' was thrown.
5/14/2010 8:41 PM : lookForMedia2 Exception of type 'System.OutOfMemoryException' was thrown.
5/14/2010 8:41 PM : lookForMedia2 Exception of type 'System.OutOfMemoryException' was thrown.
5/14/2010 8:41 PM : lookForMedia2 Exception of type 'System.OutOfMemoryException' was thrown.
5/14/2010 8:41 PM : lookForMedia2 Exception of type 'System.OutOfMemoryException' was thrown.
5/14/2010 8:41 PM : lookForMedia2 Exception of type 'System.OutOfMemoryException' was thrown.
5/14/2010 8:41 PM : lookForMedia2 Exception of type 'System.OutOfMemoryException' was thrown.
5/14/2010 8:41 PM : lookForMedia2 Exception of type 'System.OutOfMemoryException' was thrown.
5/14/2010 8:41 PM : lookForMedia2 Exception of type 'System.OutOfMemoryException' was thrown.
5/14/2010 8:41 PM : lookForMedia2 Exception of type 'System.OutOfMemoryException' was thrown.
5/14/2010 8:41 PM : lookForMedia2 Exception of type 'System.OutOfMemoryException' was thrown.
5/14/2010 8:41 PM : lookForMedia2 Exception of type 'System.OutOfMemoryException' was thrown.
5/14/2010 8:41 PM : lookForMedia2 Exception of type 'System.OutOfMemoryException' was thrown.
5/14/2010 8:41 PM : lookForMedia2 Exception of type 'System.OutOfMemoryException' was thrown.
5/14/2010 8:41 PM : lookForMedia2 Exception of type 'System.OutOfMemoryException' was thrown.
5/14/2010 8:41 PM : lookForMedia2 Exception of type 'System.OutOfMemoryException' was thrown.
5/14/2010 8:41 PM : lookForMedia2 Exception of type 'System.OutOfMemoryException' was thrown.
5/14/2010 8:41 PM : lookForMedia2 Exception of type 'System.OutOfMemoryException' was thrown.
5/14/2010 8:41 PM : lookForMedia2 Exception of type 'System.OutOfMemoryException' was thrown.
5/14/2010 8:41 PM : lookForMedia2 Exception of type 'System.OutOfMemoryException' was thrown.
5/14/2010 8:41 PM : lookForMedia2 Exception of type 'System.OutOfMemoryException' was thrown.
5/14/2010 8:41 PM : lookForMedia2 Exception of type 'System.OutOfMemoryException' was thrown.
5/14/2010 8:41 PM : lookForMedia2 Exception of type 'System.OutOfMemoryException' was thrown.
5/14/2010 8:41 PM : lookForMedia2 Exception of type 'System.OutOfMemoryException' was thrown.
5/14/2010 8:41 PM : lookForMedia2 Exception of type 'System.OutOfMemoryException' was thrown.
5/14/2010 8:41 PM : lookForMedia2 Exception of type 'System.OutOfMemoryException' was thrown.
5/14/2010 8:41 PM : lookForMedia2 Exception of type 'System.OutOfMemoryException' was thrown.
5/14/2010 8:41 PM : lookForMedia2 Exception of type 'System.OutOfMemoryException' was thrown.
5/14/2010 8:41 PM : lookForMedia2 Exception of type 'System.OutOfMemoryException' was thrown.
5/14/2010 8:41 PM : lookForMedia2 Exception of type 'System.OutOfMemoryException' was thrown.
5/14/2010 8:41 PM : lookForMedia2 Exception of type 'System.OutOfMemoryException' was thrown.
5/14/2010 8:41 PM : lookForMedia2 Exception of type 'System.OutOfMemoryException' was thrown.
5/14/2010 8:41 PM : lookForMedia2 Exception of type 'System.OutOfMemoryException' was thrown.
5/14/2010 8:41 PM : lookForMedia2 Exception of type 'System.OutOfMemoryException' was thrown.
5/14/2010 8:41 PM : lookForMedia2 Exception of type 'System.OutOfMemoryException' was thrown.
5/14/2010 8:41 PM : lookForMedia2 Exception of type 'System.OutOfMemoryException' was thrown.
5/14/2010 8:41 PM : lookForMedia2 Exception of type 'System.OutOfMemoryException' was thrown.
5/14/2010 8:41 PM : lookForMedia2 Exception of type 'System.OutOfMemoryException' was thrown.
5/14/2010 8:41 PM : lookForMedia2 Exception of type 'System.OutOfMemoryException' was thrown.
5/14/2010 8:41 PM : lookForMedia2 Exception of type 'System.OutOfMemoryException' was thrown.
5/14/2010 8:41 PM : lookForMedia2 Exception of type 'System.OutOfMemoryException' was thrown.
5/14/2010 8:41 PM : lookForMedia2 Exception of type 'System.OutOfMemoryException' was thrown.
5/14/2010 8:41 PM : lookForMedia2 Exception of type 'System.OutOfMemoryException' was thrown.
5/14/2010 8:41 PM : lookForMedia2 Exception of type 'System.OutOfMemoryException' was thrown.
5/14/2010 8:41 PM : lookForMedia2 Exception of type 'System.OutOfMemoryException' was thrown.
5/14/2010 8:41 PM : lookForMedia2 Exception of type 'System.OutOfMemoryException' was thrown.
5/14/2010 8:41 PM : lookForMedia2 Exception of type 'System.OutOfMemoryException' was thrown.
5/14/2010 8:41 PM : lookForMedia2 Exception of type 'System.OutOfMemoryException' was thrown.
5/14/2010 8:41 PM : lookForMedia2 Exception of type 'System.OutOfMemoryException' was thrown.
5/14/2010 8:41 PM : lookForMedia2 Exception of type 'System.OutOfMemoryException' was thrown.
5/14/2010 8:41 PM : lookForMedia2 Exception of type 'System.OutOfMemoryException' was thrown.
5/14/2010 8:41 PM : lookForMedia2 Exception of type 'System.OutOfMemoryException' was thrown.
5/14/2010 8:41 PM : lookForMedia2 Exception of type 'System.OutOfMemoryException' was thrown.
5/14/2010 8:41 PM : lookForMedia2 Exception of type 'System.OutOfMemoryException' was thrown.
5/14/2010 8:41 PM : lookForMedia2 Exception of type 'System.OutOfMemoryException' was thrown.
5/14/2010 8:41 PM : lookForMedia2 Exception of type 'System.OutOfMemoryException' was thrown.
5/14/2010 8:41 PM : lookForMedia2 Exception of type 'System.OutOfMemoryException' was thrown.
5/14/2010 8:41 PM : lookForMedia2 Exception of type 'System.OutOfMemoryException' was thrown.
5/14/2010 8:41 PM : lookForMedia2 Exception of type 'System.OutOfMemoryException' was thrown.
5/14/2010 8:41 PM : lookForMedia2 Exception of type 'System.OutOfMemoryException' was thrown.
5/14/2010 8:41 PM : lookForMedia2 Exception of type 'System.OutOfMemoryException' was thrown.
5/14/2010 8:41 PM : lookForMedia2 Exception of type 'System.OutOfMemoryException' was thrown.
5/14/2010 8:41 PM : lookForMedia2 Exception of type 'System.OutOfMemoryException' was thrown.
5/14/2010 8:41 PM : lookForMedia2 Exception of type 'System.OutOfMemoryException' was thrown.
5/14/2010 8:41 PM : lookForMedia2 Exception of type 'System.OutOfMemoryException' was thrown.
5/14/2010 8:41 PM : lookForMedia2 Exception of type 'System.OutOfMemoryException' was thrown.
5/14/2010 8:41 PM : lookForMedia2 Exception of type 'System.OutOfMemoryException' was thrown.
5/14/2010 8:41 PM : lookForMedia2 Exception of type 'System.OutOfMemoryException' was thrown.
5/14/2010 8:41 PM : lookForMedia2 Exception of type 'System.OutOfMemoryException' was thrown.
5/14/2010 8:41 PM : lookForMedia2 Exception of type 'System.OutOfMemoryException' was thrown.
5/14/2010 8:41 PM : lookForMedia2 Exception of type 'System.OutOfMemoryException' was thrown.
5/14/2010 8:41 PM : lookForMedia2 Exception of type 'System.OutOfMemoryException' was thrown.
5/14/2010 8:41 PM : lookForMedia2 Exception of type 'System.OutOfMemoryException' was thrown.
5/14/2010 8:41 PM : lookForMedia2 Exception of type 'System.OutOfMemoryException' was thrown.
5/14/2010 8:41 PM : lookForMedia2 Exception of type 'System.OutOfMemoryException' was thrown.
5/14/2010 8:41 PM : lookForMedia2 Exception of type 'System.OutOfMemoryException' was thrown.
5/14/2010 8:41 PM : lookForMedia error: Index was out of range. Must be non-negative and less than the size of the collection.
Parameter name: index
5/14/2010 8:41 PM : lookForMedia error: Index was out of range. Must be non-negative and less than the size of the collection.
Parameter name: index
5/14/2010 8:41 PM : lookForMedia2 Exception of type 'System.OutOfMemoryException' was thrown.
5/14/2010 8:41 PM : lookForMedia2 Exception of type 'System.OutOfMemoryException' was thrown.
5/14/2010 8:41 PM : lookForMedia2 Exception of type 'System.OutOfMemoryException' was thrown.
5/14/2010 8:41 PM : lookForMedia error: Index was out of range. Must be non-negative and less than the size of the collection.
Parameter name: index
5/14/2010 8:41 PM : lookForMedia error: Index was out of range. Must be non-negative and less than the size of the collection.
Parameter name: index
5/14/2010 8:41 PM : lookForMedia error: Index was out of range. Must be non-negative and less than the size of the collection.
Parameter name: index
5/14/2010 8:41 PM : lookForMedia error: Index was out of range. Must be non-negative and less than the size of the collection.
Parameter name: index
5/14/2010 8:41 PM : lookForMedia error: Index was out of range. Must be non-negative and less than the size of the collection.
Parameter name: index
5/14/2010 8:41 PM : lookForMedia error: Index was out of range. Must be non-negative and less than the size of the collection.
Parameter name: index
5/14/2010 8:41 PM : lookForMedia error: Index was out of range. Must be non-negative and less than the size of the collection.
Parameter name: index
5/14/2010 8:41 PM : lookForMedia error: Index was out of range. Must be non-negative and less than the size of the collection.
Parameter name: index
5/14/2010 8:41 PM : lookForMedia error: Index was out of range. Must be non-negative and less than the size of the collection.
Parameter name: index
5/14/2010 8:41 PM : lookForMedia error: Index was out of range. Must be non-negative and less than the size of the collection.
Parameter name: index
5/14/2010 8:41 PM : lookForMedia error: Index was out of range. Must be non-negative and less than the size of the collection.
Parameter name: index
5/14/2010 8:41 PM : lookForMedia2 Exception of type 'System.OutOfMemoryException' was thrown.
5/14/2010 8:41 PM : lookForMedia error: Index was out of range. Must be non-negative and less than the size of the collection.
Parameter name: index
5/14/2010 8:41 PM : lookForMedia2 Exception of type 'System.OutOfMemoryException' was thrown.
5/14/2010 8:41 PM : lookForMedia2 Exception of type 'System.OutOfMemoryException' was thrown.
5/14/2010 8:41 PM : lookForMedia2 Exception of type 'System.OutOfMemoryException' was thrown.
5/14/2010 8:41 PM : lookForMedia2 Exception of type 'System.OutOfMemoryException' was thrown.
5/14/2010 8:41 PM : lookForMedia2 Exception of type 'System.OutOfMemoryException' was thrown.
5/14/2010 8:41 PM : lookForMedia2 Exception of type 'System.OutOfMemoryException' was thrown.
5/14/2010 8:41 PM : lookForMedia2 Exception of type 'System.OutOfMemoryException' was thrown.
5/14/2010 8:41 PM : lookForMedia2 Exception of type 'System.OutOfMemoryException' was thrown.
5/14/2010 8:42 PM : lookForMedia2 Exception of type 'System.OutOfMemoryException' was thrown.
5/14/2010 8:42 PM : lookForMedia2 Exception of type 'System.OutOfMemoryException' was thrown.
5/14/2010 8:49 PM : lookForMedia2 Exception of type 'System.OutOfMemoryException' was thrown.
5/14/2010 8:49 PM : lookForMedia2 Exception of type 'System.OutOfMemoryException' was thrown.
5/14/2010 8:49 PM : lookForMedia error: The operation has timed out
5/14/2010 8:50 PM : lookForMedia error: The operation has timed out
5/14/2010 8:50 PM : lookForMedia2 Exception of type 'System.OutOfMemoryException' was thrown.
5/14/2010 8:50 PM : lookForMedia2 Exception of type 'System.OutOfMemoryException' was thrown.
5/14/2010 8:50 PM : lookForMedia2 Exception of type 'System.OutOfMemoryException' was thrown.
5/14/2010 8:50 PM : lookForMedia error: Index was out of range. Must be non-negative and less than the size of the collection.
Parameter name: index
5/14/2010 8:50 PM : lookForMedia error: The operation has timed out
5/14/2010 8:50 PM : lookForMedia error: The request was aborted: The request was canceled.
5/14/2010 8:50 PM : lookForMedia error: The operation has timed out
5/14/2010 8:50 PM : lookForMedia2 Exception of type 'System.OutOfMemoryException' was thrown.
5/14/2010 8:50 PM : lookForMedia error: The operation has timed out
5/14/2010 8:50 PM : lookForMedia2 Exception of type 'System.OutOfMemoryException' was thrown.
5/14/2010 8:50 PM : lookForMedia2 Exception of type 'System.OutOfMemoryException' was thrown.
5/14/2010 8:50 PM : lookForMedia2 Exception of type 'System.OutOfMemoryException' was thrown.
5/14/2010 8:50 PM : lookForMedia2 Exception of type 'System.OutOfMemoryException' was thrown.
5/14/2010 8:50 PM : lookForMedia2 Exception of type 'System.OutOfMemoryException' was thrown.
5/14/2010 8:50 PM : lookForMedia2 Exception of type 'System.OutOfMemoryException' was thrown.
5/14/2010 8:50 PM : lookForMedia2 Exception of type 'System.OutOfMemoryException' was thrown.
5/14/2010 8:50 PM : lookForMedia2 Exception of type 'System.OutOfMemoryException' was thrown.
5/14/2010 8:50 PM : lookForMedia2 Exception of type 'System.OutOfMemoryException' was thrown.
5/14/2010 8:50 PM : lookForMedia2 Exception of type 'System.OutOfMemoryException' was thrown.
5/14/2010 8:50 PM : lookForMedia2 Exception of type 'System.OutOfMemoryException' was thrown.
5/14/2010 8:50 PM : lookForMedia2 Exception of type 'System.OutOfMemoryException' was thrown.
5/14/2010 8:50 PM : lookForMedia2 Exception of type 'System.OutOfMemoryException' was thrown.
5/14/2010 8:51 PM : lookForMedia2 Exception of type 'System.OutOfMemoryException' was thrown.
5/14/2010 8:55 PM : lookForMedia error: The operation has timed out
5/14/2010 8:55 PM : lookForMedia error: The operation has timed out
5/14/2010 8:55 PM : lookForMedia error: The operation has timed out
5/14/2010 8:55 PM : lookForMedia error: The operation has timed out
5/14/2010 8:55 PM : lookForMedia error: The operation has timed out
5/14/2010 8:55 PM : lookForMedia2 Exception of type 'System.OutOfMemoryException' was thrown.
5/14/2010 8:55 PM : lookForMedia error: The operation has timed out
5/14/2010 8:55 PM : lookForMedia2 Exception of type 'System.OutOfMemoryException' was thrown.
5/14/2010 8:55 PM : lookForMedia error: The operation has timed out
5/14/2010 8:55 PM : lookForMedia error: The operation has timed out
5/14/2010 8:55 PM : lookForMedia error: The operation has timed out
5/14/2010 8:55 PM : lookForMedia error: The operation has timed out
5/14/2010 8:55 PM : lookForMedia error: The operation has timed out
5/14/2010 8:55 PM : lookForMedia error: The operation has timed out
5/14/2010 8:55 PM : lookForMedia error: The operation has timed out
5/14/2010 8:55 PM : lookForMedia error: The operation has timed out
5/14/2010 8:55 PM : lookForMedia error: The operation has timed out
5/14/2010 8:55 PM : lookForMedia2 Exception of type 'System.OutOfMemoryException' was thrown.
5/14/2010 8:55 PM : lookForMedia2 Exception of type 'System.OutOfMemoryException' was thrown.
5/14/2010 8:55 PM : lookForMedia error: Index was out of range. Must be non-negative and less than the size of the collection.
Parameter name: index
5/14/2010 8:55 PM : lookForMedia2 Exception of type 'System.OutOfMemoryException' was thrown.
5/14/2010 8:55 PM : lookForMedia2 Exception of type 'System.OutOfMemoryException' was thrown.
5/14/2010 8:55 PM : lookForMedia2 Exception of type 'System.OutOfMemoryException' was thrown.
5/14/2010 8:55 PM : lookForMedia2 Exception of type 'System.OutOfMemoryException' was thrown.
5/14/2010 8:55 PM : lookForMedia2 Exception of type 'System.OutOfMemoryException' was thrown.
5/14/2010 8:55 PM : lookForMedia2 Exception of type 'System.OutOfMemoryException' was thrown.
5/14/2010 8:55 PM : lookForMedia2 Exception of type 'System.OutOfMemoryException' was thrown.
5/14/2010 8:55 PM : lookForMedia2 Exception of type 'System.OutOfMemoryException' was thrown.
5/14/2010 8:55 PM : lookForMedia2 Exception of type 'System.OutOfMemoryException' was thrown.
5/14/2010 8:55 PM : lookForMedia2 Exception of type 'System.OutOfMemoryException' was thrown.
5/14/2010 8:55 PM : lookForMedia2 Exception of type 'System.OutOfMemoryException' was thrown.
5/14/2010 8:55 PM : lookForMedia2 Exception of type 'System.OutOfMemoryException' was thrown.
5/14/2010 8:55 PM : lookForMedia2 Exception of type 'System.OutOfMemoryException' was thrown.
5/14/2010 8:55 PM : lookForMedia2 Exception of type 'System.OutOfMemoryException' was thrown.
5/14/2010 8:55 PM : lookForMedia2 Exception of type 'System.OutOfMemoryException' was thrown.
5/14/2010 8:55 PM : lookForMedia2 Exception of type 'System.OutOfMemoryException' was thrown.
5/14/2010 8:56 PM : lookForMedia error: The operation has timed out
5/14/2010 8:56 PM : lookForMedia error: The operation has timed out
5/14/2010 8:57 PM : lookForMedia error: The operation has timed out
5/14/2010 8:57 PM : lookForMedia error: The operation has timed out
5/14/2010 8:57 PM : lookForMedia error: The operation has timed out
5/14/2010 8:57 PM : lookForMedia2 Exception of type 'System.OutOfMemoryException' was thrown.
5/14/2010 8:57 PM : lookForMedia2 Exception of type 'System.OutOfMemoryException' was thrown.
5/14/2010 8:57 PM : lookForMedia2 Exception of type 'System.OutOfMemoryException' was thrown.
5/14/2010 8:57 PM : lookForMedia2 Exception of type 'System.OutOfMemoryException' was thrown.
5/14/2010 9:02 PM : lookForMedia2 Exception of type 'System.OutOfMemoryException' was thrown.
5/14/2010 9:02 PM : lookForMedia2 Exception of type 'System.OutOfMemoryException' was thrown.
5/14/2010 9:02 PM : lookForMedia2 Exception of type 'System.OutOfMemoryException' was thrown.
5/14/2010 9:02 PM : lookForMedia2 Exception of type 'System.OutOfMemoryException' was thrown.
5/14/2010 9:02 PM : lookForMedia2 Exception of type 'System.OutOfMemoryException' was thrown.
5/14/2010 9:02 PM : lookForMedia error: The operation has timed out
5/14/2010 9:02 PM : lookForMedia error: The operation has timed out
5/14/2010 9:02 PM : lookForMedia2 Exception of type 'System.OutOfMemoryException' was thrown.
5/14/2010 9:02 PM : lookForMedia2 Exception of type 'System.OutOfMemoryException' was thrown.
5/14/2010 9:02 PM : lookForMedia2 Exception of type 'System.OutOfMemoryException' was thrown.
5/14/2010 9:02 PM : lookForMedia2 Exception of type 'System.OutOfMemoryException' was thrown.
5/14/2010 9:02 PM : lookForMedia error: The operation has timed out
5/14/2010 9:02 PM : lookForMedia2 Exception of type 'System.OutOfMemoryException' was thrown.
5/14/2010 9:02 PM : lookForMedia2 Exception of type 'System.OutOfMemoryException' was thrown.
5/14/2010 9:02 PM : lookForMedia2 Exception of type 'System.OutOfMemoryException' was thrown.
5/14/2010 9:02 PM : lookForMedia2 Exception of type 'System.OutOfMemoryException' was thrown.
5/14/2010 9:02 PM : lookForMedia2 Exception of type 'System.OutOfMemoryException' was thrown.
5/14/2010 9:02 PM : lookForMedia2 Exception of type 'System.OutOfMemoryException' was thrown.
5/14/2010 9:02 PM : lookForMedia2 Exception of type 'System.OutOfMemoryException' was thrown.
5/14/2010 9:02 PM : lookForMedia2 Exception of type 'System.OutOfMemoryException' was thrown.
5/14/2010 9:02 PM : lookForMedia2 Exception of type 'System.OutOfMemoryException' was thrown.
5/14/2010 9:02 PM : lookForMedia2 Exception of type 'System.OutOfMemoryException' was thrown.
5/14/2010 9:02 PM : lookForMedia2 Exception of type 'System.OutOfMemoryException' was thrown.
5/14/2010 9:02 PM : lookForMedia2 Exception of type 'System.OutOfMemoryException' was thrown.
5/14/2010 9:02 PM : lookForMedia2 Exception of type 'System.OutOfMemoryException' was thrown.
5/14/2010 9:02 PM : lookForMedia2 Exception of type 'System.OutOfMemoryException' was thrown.
5/14/2010 9:02 PM : lookForMedia2 Exception of type 'System.OutOfMemoryException' was thrown.
5/14/2010 9:02 PM : lookForMedia2 Exception of type 'System.OutOfMemoryException' was thrown.
5/14/2010 9:02 PM : lookForMedia error: Index was out of range. Must be non-negative and less than the size of the collection.
Parameter name: index
5/14/2010 9:02 PM : lookForMedia error: Index was out of range. Must be non-negative and less than the size of the collection.
Parameter name: index
5/14/2010 9:02 PM : lookForMedia error: Index was out of range. Must be non-negative and less than the size of the collection.
Parameter name: index
5/14/2010 9:02 PM : lookForMedia2 The specified network name is no longer available.

5/14/2010 9:02 PM : lookForMedia2 The specified network name is no longer available.

5/14/2010 9:02 PM : lookForMedia2 The specified network name is no longer available.

5/14/2010 9:02 PM : lookForMedia2 The specified network name is no longer available.

5/14/2010 9:02 PM : lookForMedia2 The specified network name is no longer available.

5/14/2010 9:02 PM : lookForMedia2 The specified network name is no longer available.

5/14/2010 9:02 PM : lookForMedia2 The specified network name is no longer available.

5/14/2010 9:02 PM : lookForMedia2 The specified network name is no longer available.

5/14/2010 9:02 PM : lookForMedia2 The specified network name is no longer available.

5/14/2010 9:02 PM : lookForMedia2 The specified network name is no longer available.

5/14/2010 9:02 PM : lookForMedia2 The specified network name is no longer available.

5/14/2010 9:02 PM : lookForMedia2 The specified network name is no longer available.

5/14/2010 9:02 PM : lookForMedia2 The specified network name is no longer available.

5/14/2010 9:02 PM : lookForMedia2 The specified network name is no longer available.

5/14/2010 9:02 PM : lookForMedia2 The specified network name is no longer available.

5/14/2010 9:02 PM : lookForMedia2 The specified network name is no longer available.

5/14/2010 9:02 PM : lookForMedia2 The specified network name is no longer available.

5/14/2010 9:02 PM : lookForMedia2 The specified network name is no longer available.

5/14/2010 9:02 PM : lookForMedia2 The specified network name is no longer available.

5/14/2010 9:02 PM : lookForMedia2 The specified network name is no longer available.

5/14/2010 9:02 PM : lookForMedia2 The specified network name is no longer available.

5/14/2010 9:02 PM : lookForMedia2 The specified network name is no longer available.

5/14/2010 9:02 PM : lookForMedia2 An unexpected network error occurred.

5/14/2010 9:02 PM : lookForMedia2 The specified network name is no longer available.

5/14/2010 9:02 PM : lookForMedia2 The specified network name is no longer available.

5/14/2010 9:02 PM : lookForMedia2 The specified network name is no longer available.

5/14/2010 9:02 PM : lookForMedia2 The specified network name is no longer available.

5/14/2010 9:02 PM : lookForMedia2 The specified network name is no longer available.

5/14/2010 9:02 PM : lookForMedia2 The specified network name is no longer available.

5/14/2010 9:02 PM : lookForMedia2 The specified network name is no longer available.

5/14/2010 9:02 PM : lookForMedia2 Exception of type 'System.OutOfMemoryException' was thrown.
5/14/2010 9:02 PM : lookForMedia2 Exception of type 'System.OutOfMemoryException' was thrown.
5/14/2010 9:02 PM : lookForMedia2 Exception of type 'System.OutOfMemoryException' was thrown.
5/14/2010 9:02 PM : lookForMedia2 Exception of type 'System.OutOfMemoryException' was thrown.
5/14/2010 9:02 PM : lookForMedia2 Exception of type 'System.OutOfMemoryException' was thrown.
5/14/2010 9:02 PM : lookForMedia2 Exception of type 'System.OutOfMemoryException' was thrown.
5/14/2010 9:02 PM : lookForMedia2 Exception of type 'System.OutOfMemoryException' was thrown.
5/14/2010 9:02 PM : lookForMedia2 Exception of type 'System.OutOfMemoryException' was thrown.
5/14/2010 9:02 PM : lookForMedia2 Exception of type 'System.OutOfMemoryException' was thrown.
5/14/2010 9:02 PM : lookForMedia2 Exception of type 'System.OutOfMemoryException' was thrown.
5/14/2010 9:02 PM : lookForMedia2 Exception of type 'System.OutOfMemoryException' was thrown.
5/14/2010 9:02 PM : lookForMedia2 Exception of type 'System.OutOfMemoryException' was thrown.
5/14/2010 9:02 PM : lookForMedia2 Exception of type 'System.OutOfMemoryException' was thrown.
5/14/2010 9:02 PM : lookForMedia2 Exception of type 'System.OutOfMemoryException' was thrown.
5/14/2010 9:02 PM : lookForMedia2 Exception of type 'System.OutOfMemoryException' was thrown.
5/14/2010 9:02 PM : lookForMedia2 Exception of type 'System.OutOfMemoryException' was thrown.
5/14/2010 9:02 PM : lookForMedia2 Exception of type 'System.OutOfMemoryException' was thrown.
5/14/2010 9:02 PM : lookForMedia2 Exception of type 'System.OutOfMemoryException' was thrown.
5/14/2010 9:02 PM : lookForMedia2 Exception of type 'System.OutOfMemoryException' was thrown.
5/14/2010 9:02 PM : lookForMedia2 Exception of type 'System.OutOfMemoryException' was thrown.
5/14/2010 9:03 PM : lookForMedia2 Exception of type 'System.OutOfMemoryException' was thrown.
5/14/2010 9:03 PM : lookForMedia error: Index was out of range. Must be non-negative and less than the size of the collection.
Parameter name: index
5/14/2010 9:03 PM : lookForMedia error: The operation has timed out
5/14/2010 9:03 PM : lookForMedia error: The operation has timed out
5/14/2010 9:03 PM : lookForMedia error: The operation has timed out
5/14/2010 9:03 PM : lookForMedia error: The operation has timed out
5/14/2010 9:03 PM : lookForMedia error: Index was out of range. Must be non-negative and less than the size of the collection.
Parameter name: index
5/14/2010 9:03 PM : lookForMedia2 Exception of type 'System.OutOfMemoryException' was thrown.
5/14/2010 9:03 PM : lookForMedia2 Exception of type 'System.OutOfMemoryException' was thrown.
5/14/2010 9:03 PM : lookForMedia2 Exception of type 'System.OutOfMemoryException' was thrown.
5/14/2010 9:03 PM : lookForMedia2 Exception of type 'System.OutOfMemoryException' was thrown.
5/14/2010 9:03 PM : lookForMedia2 Exception of type 'System.OutOfMemoryException' was thrown.
5/14/2010 9:03 PM : lookForMedia2 Exception of type 'System.OutOfMemoryException' was thrown.
5/14/2010 9:03 PM : lookForMedia2 Exception of type 'System.OutOfMemoryException' was thrown.
5/14/2010 9:03 PM : lookForMedia2 Exception of type 'System.OutOfMemoryException' was thrown.
5/14/2010 9:03 PM : lookForMedia2 Exception of type 'System.OutOfMemoryException' was thrown.
5/14/2010 9:03 PM : lookForMedia2 Exception of type 'System.OutOfMemoryException' was thrown.
5/14/2010 9:03 PM : lookForMedia2 Exception of type 'System.OutOfMemoryException' was thrown.
5/14/2010 9:03 PM : lookForMedia2 Exception of type 'System.OutOfMemoryException' was thrown.
5/14/2010 9:03 PM : lookForMedia2 Exception of type 'System.OutOfMemoryException' was thrown.
5/14/2010 9:03 PM : lookForMedia2 Exception of type 'System.OutOfMemoryException' was thrown.
5/14/2010 9:03 PM : lookForMedia2 Exception of type 'System.OutOfMemoryException' was thrown.
5/14/2010 9:03 PM : lookForMedia2 Exception of type 'System.OutOfMemoryException' was thrown.
5/14/2010 9:03 PM : lookForMedia2 Exception of type 'System.OutOfMemoryException' was thrown.
5/14/2010 9:03 PM : lookForMedia2 Exception of type 'System.OutOfMemoryException' was thrown.
5/14/2010 9:03 PM : lookForMedia2 Exception of type 'System.OutOfMemoryException' was thrown.
5/14/2010 9:03 PM : lookForMedia2 Exception of type 'System.OutOfMemoryException' was thrown.
5/14/2010 9:03 PM : lookForMedia2 Exception of type 'System.OutOfMemoryException' was thrown.
5/14/2010 9:03 PM : lookForMedia2 Exception of type 'System.OutOfMemoryException' was thrown.
5/14/2010 9:03 PM : lookForMedia2 Exception of type 'System.OutOfMemoryException' was thrown.
5/14/2010 9:03 PM : lookForMedia2 Exception of type 'System.OutOfMemoryException' was thrown.
5/14/2010 9:03 PM : lookForMedia2 Exception of type 'System.OutOfMemoryException' was thrown.
5/14/2010 9:03 PM : lookForMedia2 Exception of type 'System.OutOfMemoryException' was thrown.
5/14/2010 9:03 PM : lookForMedia2 Exception of type 'System.OutOfMemoryException' was thrown.
5/14/2010 9:03 PM : lookForMedia2 Exception of type 'System.OutOfMemoryException' was thrown.
5/14/2010 9:03 PM : lookForMedia error: Index was out of range. Must be non-negative and less than the size of the collection.
Parameter name: index
5/14/2010 9:04 PM : lookForMedia2 Exception of type 'System.OutOfMemoryException' was thrown.
5/14/2010 9:04 PM : lookForMedia2 Exception of type 'System.OutOfMemoryException' was thrown.
5/14/2010 9:04 PM : lookForMedia error: Index was out of range. Must be non-negative and less than the size of the collection.
Parameter name: index
5/14/2010 9:04 PM : lookForMedia2 Exception of type 'System.OutOfMemoryException' was thrown.
5/14/2010 9:04 PM : lookForMedia2 Exception of type 'System.OutOfMemoryException' was thrown.
5/14/2010 9:04 PM : lookForMedia2 Exception of type 'System.OutOfMemoryException' was thrown.
5/14/2010 9:04 PM : lookForMedia2 Exception of type 'System.OutOfMemoryException' was thrown.
5/14/2010 9:04 PM : lookForMedia2 Exception of type 'System.OutOfMemoryException' was thrown.
5/14/2010 9:04 PM : lookForMedia2 Exception of type 'System.OutOfMemoryException' was thrown.
5/14/2010 9:04 PM : lookForMedia2 Exception of type 'System.OutOfMemoryException' was thrown.
5/14/2010 9:04 PM : lookForMedia2 Exception of type 'System.OutOfMemoryException' was thrown.
5/14/2010 9:04 PM : lookForMedia2 Exception of type 'System.OutOfMemoryException' was thrown.
5/14/2010 9:04 PM : lookForMedia2 Exception of type 'System.OutOfMemoryException' was thrown.
5/14/2010 9:04 PM : lookForMedia2 Exception of type 'System.OutOfMemoryException' was thrown.
5/14/2010 9:04 PM : lookForMedia2 Exception of type 'System.OutOfMemoryException' was thrown.
5/14/2010 9:04 PM : lookForMedia2 Exception of type 'System.OutOfMemoryException' was thrown.
5/14/2010 9:04 PM : lookForMedia2 Exception of type 'System.OutOfMemoryException' was thrown.
5/14/2010 9:04 PM : lookForMedia2 Exception of type 'System.OutOfMemoryException' was thrown.
5/14/2010 9:04 PM : lookForMedia2 Exception of type 'System.OutOfMemoryException' was thrown.
5/14/2010 9:04 PM : lookForMedia2 Exception of type 'System.OutOfMemoryException' was thrown.
5/14/2010 9:04 PM : lookForMedia2 Exception of type 'System.OutOfMemoryException' was thrown.
5/14/2010 9:04 PM : lookForMedia error: The operation has timed out
5/14/2010 9:04 PM : lookForMedia error: The operation has timed out
5/14/2010 9:04 PM : lookForMedia error: The operation has timed out
5/14/2010 9:04 PM : lookForMedia2 Exception of type 'System.OutOfMemoryException' was thrown.
5/14/2010 9:04 PM : lookForMedia2 Exception of type 'System.OutOfMemoryException' was thrown.
5/14/2010 9:04 PM : lookForMedia2 Exception of type 'System.OutOfMemoryException' was thrown.
5/14/2010 9:04 PM : lookForMedia2 Exception of type 'System.OutOfMemoryException' was thrown.
5/14/2010 9:04 PM : lookForMedia2 Exception of type 'System.OutOfMemoryException' was thrown.
5/14/2010 9:04 PM : lookForMedia2 Exception of type 'System.OutOfMemoryException' was thrown.
5/14/2010 9:04 PM : lookForMedia2 Exception of type 'System.OutOfMemoryException' was thrown.
5/14/2010 9:04 PM : lookForMedia2 Exception of type 'System.OutOfMemoryException' was thrown.
5/14/2010 9:04 PM : lookForMedia2 Exception of type 'System.OutOfMemoryException' was thrown.
5/14/2010 9:04 PM : lookForMedia error: The operation has timed out
5/14/2010 9:04 PM : lookForMedia2 Exception of type 'System.OutOfMemoryException' was thrown.
5/14/2010 9:04 PM : lookForMedia2 Exception of type 'System.OutOfMemoryException' was thrown.
5/14/2010 9:04 PM : lookForMedia2 Exception of type 'System.OutOfMemoryException' was thrown.
5/14/2010 9:04 PM : lookForMedia2 Exception of type 'System.OutOfMemoryException' was thrown.
5/14/2010 9:04 PM : lookForMedia2 Exception of type 'System.OutOfMemoryException' was thrown.
5/14/2010 9:04 PM : lookForMedia error: The operation has timed out
5/14/2010 9:04 PM : lookForMedia2 Exception of type 'System.OutOfMemoryException' was thrown.
5/14/2010 9:04 PM : lookForMedia2 Exception of type 'System.OutOfMemoryException' was thrown.
5/14/2010 9:04 PM : lookForMedia2 Exception of type 'System.OutOfMemoryException' was thrown.
5/14/2010 9:04 PM : lookForMedia2 Exception of type 'System.OutOfMemoryException' was thrown.
5/14/2010 9:04 PM : lookForMedia error: The operation has timed out
5/14/2010 9:04 PM : lookForMedia2 Exception of type 'System.OutOfMemoryException' was thrown.
5/14/2010 9:04 PM : lookForMedia2 Exception of type 'System.OutOfMemoryException' was thrown.
5/14/2010 9:04 PM : lookForMedia2 Exception of type 'System.OutOfMemoryException' was thrown.
5/14/2010 9:04 PM : lookForMedia2 Exception of type 'System.OutOfMemoryException' was thrown.
5/14/2010 9:04 PM : lookForMedia2 Exception of type 'System.OutOfMemoryException' was thrown.
5/14/2010 9:04 PM : lookForMedia2 Exception of type 'System.OutOfMemoryException' was thrown.
5/14/2010 9:04 PM : lookForMedia2 Exception of type 'System.OutOfMemoryException' was thrown.
5/14/2010 9:04 PM : lookForMedia2 Exception of type 'System.OutOfMemoryException' was thrown.
5/14/2010 9:08 PM : lookForMedia2 Exception of type 'System.OutOfMemoryException' was thrown.
5/14/2010 9:08 PM : lookForMedia2 Exception of type 'System.OutOfMemoryException' was thrown.
5/14/2010 9:11 PM : lookForMedia2 Exception of type 'System.OutOfMemoryException' was thrown.
5/14/2010 9:11 PM : lookForMedia2 Exception of type 'System.OutOfMemoryException' was thrown.
5/14/2010 9:11 PM : lookForMedia2 Exception of type 'System.OutOfMemoryException' was thrown.
5/14/2010 9:11 PM : lookForMedia2 Exception of type 'System.OutOfMemoryException' was thrown.
5/14/2010 9:11 PM : lookForMedia2 Exception of type 'System.OutOfMemoryException' was thrown.
5/14/2010 9:11 PM : lookForMedia error: The operation has timed out
5/14/2010 9:11 PM : lookForMedia2 Exception of type 'System.OutOfMemoryException' was thrown.
5/14/2010 9:11 PM : lookForMedia2 Exception of type 'System.OutOfMemoryException' was thrown.
5/14/2010 9:11 PM : lookForMedia2 Exception of type 'System.OutOfMemoryException' was thrown.
5/14/2010 9:11 PM : lookForMedia2 Exception of type 'System.OutOfMemoryException' was thrown.
5/14/2010 9:12 PM : lookForMedia2 Exception of type 'System.OutOfMemoryException' was thrown.
5/14/2010 9:12 PM : lookForMedia error: The operation has timed out
5/14/2010 9:12 PM : lookForMedia2 Exception of type 'System.OutOfMemoryException' was thrown.
5/14/2010 9:12 PM : lookForMedia error: The operation has timed out
5/14/2010 9:12 PM : lookForMedia2 Exception of type 'System.OutOfMemoryException' was thrown.
5/14/2010 9:13 PM : lookForMedia error: The operation has timed out
5/14/2010 9:13 PM : lookForMedia error: Index was out of range. Must be non-negative and less than the size of the collection.
Parameter name: index
5/14/2010 9:13 PM : lookForMedia error: The operation has timed out
5/14/2010 9:13 PM : lookForMedia error: The operation has timed out
5/14/2010 9:13 PM : lookForMedia error: The operation has timed out
5/14/2010 9:13 PM : lookForMedia error: The operation has timed out
5/14/2010 9:13 PM : lookForMedia2 Exception of type 'System.OutOfMemoryException' was thrown.
5/14/2010 9:13 PM : lookForMedia2 Exception of type 'System.OutOfMemoryException' was thrown.
5/14/2010 9:13 PM : lookForMedia2 Exception of type 'System.OutOfMemoryException' was thrown.
5/14/2010 9:13 PM : lookForMedia2 Exception of type 'System.OutOfMemoryException' was thrown.
5/14/2010 9:13 PM : lookForMedia2 Exception of type 'System.OutOfMemoryException' was thrown.
5/14/2010 9:13 PM : lookForMedia2 Exception of type 'System.OutOfMemoryException' was thrown.
5/14/2010 9:13 PM : lookForMedia2 Exception of type 'System.OutOfMemoryException' was thrown.
5/14/2010 9:13 PM : lookForMedia2 Exception of type 'System.OutOfMemoryException' was thrown.
5/14/2010 9:13 PM : lookForMedia2 Exception of type 'System.OutOfMemoryException' was thrown.
5/14/2010 9:13 PM : lookForMedia2 Exception of type 'System.OutOfMemoryException' was thrown.
5/14/2010 9:13 PM : lookForMedia2 Exception of type 'System.OutOfMemoryException' was thrown.
5/14/2010 9:13 PM : lookForMedia2 Exception of type 'System.OutOfMemoryException' was thrown.
5/14/2010 9:13 PM : lookForMedia2 Exception of type 'System.OutOfMemoryException' was thrown.
5/14/2010 9:13 PM : lookForMedia2 Exception of type 'System.OutOfMemoryException' was thrown.
5/14/2010 9:13 PM : lookForMedia2 Exception of type 'System.OutOfMemoryException' was thrown.
5/14/2010 9:13 PM : lookForMedia2 Exception of type 'System.OutOfMemoryException' was thrown.
5/14/2010 9:13 PM : lookForMedia2 Exception of type 'System.OutOfMemoryException' was thrown.
5/14/2010 9:13 PM : lookForMedia2 Exception of type 'System.OutOfMemoryException' was thrown.
5/14/2010 9:13 PM : lookForMedia2 Exception of type 'System.OutOfMemoryException' was thrown.
5/14/2010 9:13 PM : lookForMedia2 Exception of type 'System.OutOfMemoryException' was thrown.
5/14/2010 9:13 PM : lookForMedia2 Exception of type 'System.OutOfMemoryException' was thrown.
5/14/2010 9:13 PM : lookForMedia2 Exception of type 'System.OutOfMemoryException' was thrown.
5/14/2010 9:13 PM : lookForMedia2 Exception of type 'System.OutOfMemoryException' was thrown.
5/14/2010 9:13 PM : lookForMedia2 Exception of type 'System.OutOfMemoryException' was thrown.
5/14/2010 9:13 PM : lookForMedia2 Exception of type 'System.OutOfMemoryException' was thrown.
5/14/2010 9:13 PM : lookForMedia2 Exception of type 'System.OutOfMemoryException' was thrown.
5/14/2010 9:13 PM : lookForMedia2 Exception of type 'System.OutOfMemoryException' was thrown.
5/14/2010 9:13 PM : lookForMedia2 Exception of type 'System.OutOfMemoryException' was thrown.
5/14/2010 9:13 PM : lookForMedia2 Exception of type 'System.OutOfMemoryException' was thrown.
5/14/2010 9:13 PM : lookForMedia2 Exception of type 'System.OutOfMemoryException' was thrown.
5/14/2010 9:13 PM : lookForMedia2 Exception of type 'System.OutOfMemoryException' was thrown.
5/14/2010 9:13 PM : lookForMedia2 Exception of type 'System.OutOfMemoryException' was thrown.
5/14/2010 9:13 PM : lookForMedia2 Exception of type 'System.OutOfMemoryException' was thrown.
5/14/2010 9:13 PM : lookForMedia2 Exception of type 'System.OutOfMemoryException' was thrown.
5/14/2010 9:13 PM : lookForMedia2 Exception of type 'System.OutOfMemoryException' was thrown.
5/14/2010 9:13 PM : lookForMedia2 Exception of type 'System.OutOfMemoryException' was thrown.
5/14/2010 9:13 PM : lookForMedia2 Exception of type 'System.OutOfMemoryException' was thrown.
5/14/2010 9:13 PM : lookForMedia2 Exception of type 'System.OutOfMemoryException' was thrown.
5/14/2010 9:13 PM : lookForMedia2 Exception of type 'System.OutOfMemoryException' was thrown.
5/14/2010 9:13 PM : lookForMedia2 Exception of type 'System.OutOfMemoryException' was thrown.
5/14/2010 9:13 PM : lookForMedia2 Exception of type 'System.OutOfMemoryException' was thrown.
5/14/2010 9:13 PM : lookForMedia2 Exception of type 'System.OutOfMemoryException' was thrown.
5/14/2010 9:13 PM : lookForMedia2 Exception of type 'System.OutOfMemoryException' was thrown.
5/14/2010 9:13 PM : lookForMedia2 Exception of type 'System.OutOfMemoryException' was thrown.
5/14/2010 9:13 PM : lookForMedia2 Exception of type 'System.OutOfMemoryException' was thrown.
5/14/2010 9:14 PM : lookForMedia2 Exception of type 'System.OutOfMemoryException' was thrown.
5/14/2010 9:14 PM : lookForMedia2 Exception of type 'System.OutOfMemoryException' was thrown.
5/14/2010 9:14 PM : lookForMedia2 Exception of type 'System.OutOfMemoryException' was thrown.
5/14/2010 9:14 PM : lookForMedia2 Exception of type 'System.OutOfMemoryException' was thrown.
5/14/2010 9:14 PM : lookForMedia2 Exception of type 'System.OutOfMemoryException' was thrown.
5/14/2010 9:14 PM : lookForMedia2 Exception of type 'System.OutOfMemoryException' was thrown.
5/14/2010 9:14 PM : lookForMedia2 Exception of type 'System.OutOfMemoryException' was thrown.
5/14/2010 9:14 PM : lookForMedia2 Exception of type 'System.OutOfMemoryException' was thrown.
5/14/2010 9:14 PM : lookForMedia2 Exception of type 'System.OutOfMemoryException' was thrown.
5/14/2010 9:14 PM : lookForMedia2 Exception of type 'System.OutOfMemoryException' was thrown.
5/14/2010 9:14 PM : lookForMedia2 Exception of type 'System.OutOfMemoryException' was thrown.
5/14/2010 9:14 PM : lookForMedia2 Exception of type 'System.OutOfMemoryException' was thrown.
5/14/2010 9:14 PM : lookForMedia2 Exception of type 'System.OutOfMemoryException' was thrown.
5/14/2010 9:14 PM : lookForMedia2 Exception of type 'System.OutOfMemoryException' was thrown.
5/14/2010 9:14 PM : lookForMedia2 Exception of type 'System.OutOfMemoryException' was thrown.
5/14/2010 9:14 PM : lookForMedia2 Exception of type 'System.OutOfMemoryException' was thrown.
5/14/2010 9:14 PM : lookForMedia2 Exception of type 'System.OutOfMemoryException' was thrown.
5/14/2010 9:14 PM : lookForMedia2 Exception of type 'System.OutOfMemoryException' was thrown.
5/14/2010 9:14 PM : lookForMedia2 Exception of type 'System.OutOfMemoryException' was thrown.
5/14/2010 9:14 PM : lookForMedia2 Exception of type 'System.OutOfMemoryException' was thrown.
5/14/2010 9:14 PM : lookForMedia2 Exception of type 'System.OutOfMemoryException' was thrown.
5/14/2010 9:14 PM : lookForMedia2 Exception of type 'System.OutOfMemoryException' was thrown.
5/14/2010 9:14 PM : lookForMedia2 Exception of type 'System.OutOfMemoryException' was thrown.
5/14/2010 9:14 PM : lookForMedia2 Exception of type 'System.OutOfMemoryException' was thrown.
5/14/2010 9:14 PM : lookForMedia error: The operation has timed out
5/14/2010 9:14 PM : lookForMedia2 Exception of type 'System.OutOfMemoryException' was thrown.
5/14/2010 9:14 PM : lookForMedia2 Exception of type 'System.OutOfMemoryException' was thrown.
5/14/2010 9:14 PM : lookForMedia error: The operation has timed out
5/14/2010 9:14 PM : lookForMedia error: The operation has timed out
5/14/2010 9:14 PM : lookForMedia error: The operation has timed out
5/14/2010 9:14 PM : lookForMedia error: The operation has timed out
5/14/2010 9:14 PM : lookForMedia error: The operation has timed out
5/14/2010 9:14 PM : lookForMedia error: The operation has timed out
5/14/2010 9:15 PM : lookForMedia error: The operation has timed out
5/14/2010 9:15 PM : lookForMedia error: The operation has timed out
5/14/2010 9:15 PM : lookForMedia error: The operation has timed out
5/14/2010 9:15 PM : lookForMedia error: The operation has timed out
5/14/2010 9:15 PM : lookForMedia2 Exception of type 'System.OutOfMemoryException' was thrown.
5/14/2010 9:15 PM : lookForMedia2 Exception of type 'System.OutOfMemoryException' was thrown.
5/14/2010 9:15 PM : lookForMedia2 Exception of type 'System.OutOfMemoryException' was thrown.
5/14/2010 9:15 PM : lookForMedia2 Exception of type 'System.OutOfMemoryException' was thrown.
5/14/2010 9:15 PM : lookForMedia2 Exception of type 'System.OutOfMemoryException' was thrown.
5/14/2010 9:15 PM : lookForMedia2 Exception of type 'System.OutOfMemoryException' was thrown.
5/14/2010 9:15 PM : lookForMedia2 Exception of type 'System.OutOfMemoryException' was thrown.
5/14/2010 9:15 PM : lookForMedia2 Exception of type 'System.OutOfMemoryException' was thrown.
5/14/2010 9:15 PM : lookForMedia2 Exception of type 'System.OutOfMemoryException' was thrown.
5/14/2010 9:15 PM : lookForMedia2 Exception of type 'System.OutOfMemoryException' was thrown.
5/14/2010 9:15 PM : lookForMedia2 Exception of type 'System.OutOfMemoryException' was thrown.
5/14/2010 9:15 PM : lookForMedia2 Exception of type 'System.OutOfMemoryException' was thrown.
5/14/2010 9:15 PM : lookForMedia2 Exception of type 'System.OutOfMemoryException' was thrown.
5/14/2010 9:15 PM : lookForMedia2 Exception of type 'System.OutOfMemoryException' was thrown.
5/14/2010 9:15 PM : lookForMedia2 Exception of type 'System.OutOfMemoryException' was thrown.
5/14/2010 9:15 PM : lookForMedia2 Exception of type 'System.OutOfMemoryException' was thrown.
5/14/2010 9:15 PM : lookForMedia2 Exception of type 'System.OutOfMemoryException' was thrown.
5/14/2010 9:15 PM : System.IO.IOException: The process cannot access the file 'C:\Program Files\SCTech\SCTech - SCTV\config\media.xml' because it is being used by another process.
   at System.IO.__Error.WinIOError(Int32 errorCode, String maybeFullPath)
   at System.IO.FileStream.Init(String path, FileMode mode, FileAccess access, Int32 rights, Boolean useRights, FileShare share, Int32 bufferSize, FileOptions options, SECURITY_ATTRIBUTES secAttrs, String msgPath, Boolean bFromProxy)
   at System.IO.FileStream..ctor(String path, FileMode mode, FileAccess access, FileShare share)
   at System.Xml.XmlTextWriter..ctor(String filename, Encoding encoding)
   at System.Xml.XmlDocument.Save(String filename)
   at SCTVObjects.MediaHandler.lookForMedia(Boolean bestMatch)
5/14/2010 9:15 PM : lookForMedia2 Exception of type 'System.OutOfMemoryException' was thrown.
5/14/2010 9:15 PM : lookForMedia2 Exception of type 'System.OutOfMemoryException' was thrown.
5/14/2010 9:15 PM : lookForMedia2 Exception of type 'System.OutOfMemoryException' was thrown.
5/14/2010 9:15 PM : lookForMedia2 Exception of type 'System.OutOfMemoryException' was thrown.
5/14/2010 9:15 PM : lookForMedia2 Exception of type 'System.OutOfMemoryException' was thrown.
5/14/2010 9:15 PM : lookForMedia error: The operation has timed out
5/14/2010 9:16 PM : lookForMedia2 Exception of type 'System.OutOfMemoryException' was thrown.
5/14/2010 9:16 PM : lookForMedia2 Exception of type 'System.OutOfMemoryException' was thrown.
5/14/2010 9:16 PM : lookForMedia2 Exception of type 'System.OutOfMemoryException' was thrown.
5/14/2010 9:16 PM : lookForMedia2 Exception of type 'System.OutOfMemoryException' was thrown.
5/14/2010 9:16 PM : lookForMedia2 Exception of type 'System.OutOfMemoryException' was thrown.
5/14/2010 9:16 PM : lookForMedia2 Exception of type 'System.OutOfMemoryException' was thrown.
5/14/2010 9:16 PM : lookForMedia2 Exception of type 'System.OutOfMemoryException' was thrown.
5/14/2010 9:16 PM : lookForMedia2 Exception of type 'System.OutOfMemoryException' was thrown.
5/14/2010 9:16 PM : lookForMedia2 Exception of type 'System.OutOfMemoryException' was thrown.
5/14/2010 9:16 PM : lookForMedia2 Exception of type 'System.OutOfMemoryException' was thrown.
5/14/2010 9:16 PM : lookForMedia2 Exception of type 'System.OutOfMemoryException' was thrown.
5/14/2010 9:16 PM : lookForMedia2 Exception of type 'System.OutOfMemoryException' was thrown.
5/14/2010 9:16 PM : lookForMedia2 Exception of type 'System.OutOfMemoryException' was thrown.
5/14/2010 9:16 PM : lookForMedia2 Exception of type 'System.OutOfMemoryException' was thrown.
5/14/2010 9:16 PM : lookForMedia2 Exception of type 'System.OutOfMemoryException' was thrown.
5/14/2010 9:16 PM : lookForMedia2 Exception of type 'System.OutOfMemoryException' was thrown.
5/14/2010 9:16 PM : lookForMedia2 Exception of type 'System.OutOfMemoryException' was thrown.
5/14/2010 9:16 PM : lookForMedia2 Exception of type 'System.OutOfMemoryException' was thrown.
5/14/2010 9:16 PM : lookForMedia2 Exception of type 'System.OutOfMemoryException' was thrown.
5/14/2010 9:16 PM : lookForMedia2 Exception of type 'System.OutOfMemoryException' was thrown.
5/14/2010 9:16 PM : lookForMedia2 Exception of type 'System.OutOfMemoryException' was thrown.
5/14/2010 9:16 PM : lookForMedia2 Exception of type 'System.OutOfMemoryException' was thrown.
5/14/2010 9:16 PM : lookForMedia2 Exception of type 'System.OutOfMemoryException' was thrown.
5/14/2010 9:16 PM : lookForMedia2 Exception of type 'System.OutOfMemoryException' was thrown.
5/14/2010 9:16 PM : lookForMedia2 Exception of type 'System.OutOfMemoryException' was thrown.
5/14/2010 9:16 PM : lookForMedia2 Exception of type 'System.OutOfMemoryException' was thrown.
5/14/2010 9:16 PM : lookForMedia2 Exception of type 'System.OutOfMemoryException' was thrown.
5/14/2010 9:16 PM : lookForMedia error: The operation has timed out
5/14/2010 9:16 PM : lookForMedia2 Exception of type 'System.OutOfMemoryException' was thrown.
5/14/2010 9:16 PM : lookForMedia2 Exception of type 'System.OutOfMemoryException' was thrown.
5/14/2010 9:16 PM : lookForMedia2 Exception of type 'System.OutOfMemoryException' was thrown.
5/14/2010 9:16 PM : lookForMedia2 Exception of type 'System.OutOfMemoryException' was thrown.
5/14/2010 9:16 PM : lookForMedia2 Exception of type 'System.OutOfMemoryException' was thrown.
5/14/2010 9:16 PM : lookForMedia2 Exception of type 'System.OutOfMemoryException' was thrown.
5/14/2010 9:16 PM : lookForMedia2 Exception of type 'System.OutOfMemoryException' was thrown.
5/14/2010 9:16 PM : lookForMedia2 Exception of type 'System.OutOfMemoryException' was thrown.
5/14/2010 9:16 PM : lookForMedia2 Exception of type 'System.OutOfMemoryException' was thrown.
5/14/2010 9:16 PM : lookForMedia2 Exception of type 'System.OutOfMemoryException' was thrown.
5/14/2010 9:16 PM : lookForMedia2 Exception of type 'System.OutOfMemoryException' was thrown.
5/14/2010 9:16 PM : lookForMedia2 Exception of type 'System.OutOfMemoryException' was thrown.
5/14/2010 9:16 PM : lookForMedia2 Exception of type 'System.OutOfMemoryException' was thrown.
5/14/2010 9:16 PM : lookForMedia2 Exception of type 'System.OutOfMemoryException' was thrown.
5/14/2010 9:16 PM : lookForMedia2 Exception of type 'System.OutOfMemoryException' was thrown.
5/14/2010 9:16 PM : lookForMedia2 Exception of type 'System.OutOfMemoryException' was thrown.
5/14/2010 9:16 PM : lookForMedia2 Exception of type 'System.OutOfMemoryException' was thrown.
5/14/2010 9:16 PM : lookForMedia2 Exception of type 'System.OutOfMemoryException' was thrown.
5/14/2010 9:16 PM : lookForMedia2 Exception of type 'System.OutOfMemoryException' was thrown.
5/14/2010 9:16 PM : lookForMedia2 Exception of type 'System.OutOfMemoryException' was thrown.
5/14/2010 9:16 PM : lookForMedia2 Exception of type 'System.OutOfMemoryException' was thrown.
5/14/2010 9:16 PM : lookForMedia2 Exception of type 'System.OutOfMemoryException' was thrown.
5/14/2010 9:16 PM : lookForMedia2 Exception of type 'System.OutOfMemoryException' was thrown.
5/14/2010 9:16 PM : lookForMedia2 Exception of type 'System.OutOfMemoryException' was thrown.
5/14/2010 9:16 PM : lookForMedia2 Exception of type 'System.OutOfMemoryException' was thrown.
5/14/2010 9:16 PM : lookForMedia2 Exception of type 'System.OutOfMemoryException' was thrown.
5/14/2010 9:16 PM : lookForMedia2 Exception of type 'System.OutOfMemoryException' was thrown.
5/14/2010 9:16 PM : lookForMedia2 Exception of type 'System.OutOfMemoryException' was thrown.
5/14/2010 9:16 PM : lookForMedia2 Exception of type 'System.OutOfMemoryException' was thrown.
5/14/2010 9:16 PM : lookForMedia2 Exception of type 'System.OutOfMemoryException' was thrown.
5/14/2010 9:16 PM : lookForMedia2 Exception of type 'System.OutOfMemoryException' was thrown.
5/14/2010 9:16 PM : lookForMedia error: The operation has timed out
5/14/2010 9:16 PM : lookForMedia2 Exception of type 'System.OutOfMemoryException' was thrown.
5/14/2010 9:16 PM : lookForMedia2 Exception of type 'System.OutOfMemoryException' was thrown.
5/14/2010 9:16 PM : lookForMedia2 Exception of type 'System.OutOfMemoryException' was thrown.
5/14/2010 9:16 PM : lookForMedia2 Exception of type 'System.OutOfMemoryException' was thrown.
5/14/2010 9:16 PM : lookForMedia2 Exception of type 'System.OutOfMemoryException' was thrown.
5/14/2010 9:16 PM : lookForMedia2 Exception of type 'System.OutOfMemoryException' was thrown.
5/14/2010 9:16 PM : lookForMedia2 Exception of type 'System.OutOfMemoryException' was thrown.
5/14/2010 9:16 PM : lookForMedia2 Exception of type 'System.OutOfMemoryException' was thrown.
5/14/2010 9:16 PM : lookForMedia2 Exception of type 'System.OutOfMemoryException' was thrown.
5/14/2010 9:16 PM : tcMediaTypes.TabPages.clear() Object reference not set to an instance of an object.
5/14/2010 9:16 PM : lookForMedia error: The operation has timed out
5/14/2010 9:16 PM : lookForMedia error: The operation has timed out
5/14/2010 9:16 PM : lookForMedia error: The operation has timed out
5/14/2010 9:16 PM : lookForMedia error: The operation has timed out
5/14/2010 9:16 PM : lookForMedia error: The operation has timed out
5/14/2010 9:16 PM : lookForMedia error: The operation has timed out
5/14/2010 9:16 PM : lookForMedia error: The operation has timed out
5/14/2010 9:16 PM : lookForMedia2 The specified network name is no longer available.

5/14/2010 9:16 PM : lookForMedia2 The specified network name is no longer available.

5/14/2010 9:16 PM : lookForMedia2 The specified network name is no longer available.

5/14/2010 9:16 PM : lookForMedia2 The specified network name is no longer available.

5/14/2010 9:16 PM : lookForMedia2 The specified network name is no longer available.

5/14/2010 9:16 PM : lookForMedia2 The specified network name is no longer available.

5/14/2010 9:16 PM : lookForMedia2 The specified network name is no longer available.

5/14/2010 9:16 PM : lookForMedia2 The specified network name is no longer available.

5/14/2010 9:16 PM : lookForMedia2 The specified network name is no longer available.

5/14/2010 9:16 PM : lookForMedia2 The specified network name is no longer available.

5/14/2010 9:16 PM : lookForMedia2 The specified network name is no longer available.

5/14/2010 9:16 PM : lookForMedia2 The specified network name is no longer available.

5/14/2010 9:16 PM : lookForMedia2 The specified network name is no longer available.

5/14/2010 9:16 PM : lookForMedia2 The specified network name is no longer available.

5/14/2010 9:16 PM : lookForMedia2 The specified network name is no longer available.

5/14/2010 9:16 PM : lookForMedia2 The specified network name is no longer available.

5/14/2010 9:16 PM : lookForMedia2 The specified network name is no longer available.

5/14/2010 9:16 PM : lookForMedia2 The specified network name is no longer available.

5/14/2010 9:16 PM : lookForMedia2 The specified network name is no longer available.

5/14/2010 9:16 PM : lookForMedia error: The operation has timed out
5/14/2010 9:16 PM : lookForMedia error: The operation has timed out
5/14/2010 9:16 PM : lookForMedia error: The operation has timed out
5/14/2010 9:16 PM : lookForMedia error: The operation has timed out
5/14/2010 9:16 PM : lookForMedia error: The operation has timed out
5/14/2010 9:16 PM : lookForMedia error: The operation has timed out
5/14/2010 9:16 PM : lookForMedia error: The operation has timed out
5/14/2010 9:16 PM : lookForMedia error: The operation has timed out
5/14/2010 9:16 PM : lookForMedia error: The operation has timed out
5/14/2010 9:17 PM : lookForMedia2 Exception of type 'System.OutOfMemoryException' was thrown.
5/14/2010 9:17 PM : lookForMedia2 Exception of type 'System.OutOfMemoryException' was thrown.
5/14/2010 9:17 PM : lookForMedia2 Exception of type 'System.OutOfMemoryException' was thrown.
5/14/2010 9:17 PM : lookForMedia2 Exception of type 'System.OutOfMemoryException' was thrown.
5/14/2010 9:17 PM : lookForMedia2 Exception of type 'System.OutOfMemoryException' was thrown.
5/14/2010 9:17 PM : lookForMedia2 Exception of type 'System.OutOfMemoryException' was thrown.
5/14/2010 9:17 PM : lookForMedia2 Exception of type 'System.OutOfMemoryException' was thrown.
5/14/2010 9:17 PM : lookForMedia2 Exception of type 'System.OutOfMemoryException' was thrown.
5/14/2010 9:17 PM : lookForMedia2 Exception of type 'System.OutOfMemoryException' was thrown.
5/14/2010 9:17 PM : lookForMedia2 Exception of type 'System.OutOfMemoryException' was thrown.
5/14/2010 9:17 PM : lookForMedia2 Exception of type 'System.OutOfMemoryException' was thrown.
5/14/2010 9:17 PM : lookForMedia2 Exception of type 'System.OutOfMemoryException' was thrown.
5/14/2010 9:17 PM : lookForMedia2 Exception of type 'System.OutOfMemoryException' was thrown.
5/14/2010 9:17 PM : lookForMedia2 Exception of type 'System.OutOfMemoryException' was thrown.
5/14/2010 9:17 PM : lookForMedia error: The operation has timed out
5/14/2010 9:17 PM : lookForMedia error: The operation has timed out
5/14/2010 9:17 PM : lookForMedia2 Exception of type 'System.OutOfMemoryException' was thrown.
5/14/2010 9:17 PM : lookForMedia2 Exception of type 'System.OutOfMemoryException' was thrown.
5/14/2010 9:17 PM : lookForMedia2 Exception of type 'System.OutOfMemoryException' was thrown.
5/14/2010 9:17 PM : lookForMedia2 Exception of type 'System.OutOfMemoryException' was thrown.
5/14/2010 9:17 PM : lookForMedia2 Exception of type 'System.OutOfMemoryException' was thrown.
5/14/2010 9:17 PM : lookForMedia2 Exception of type 'System.OutOfMemoryException' was thrown.
5/14/2010 9:17 PM : lookForMedia2 Exception of type 'System.OutOfMemoryException' was thrown.
5/14/2010 9:17 PM : lookForMedia2 Exception of type 'System.OutOfMemoryException' was thrown.
5/14/2010 9:17 PM : lookForMedia2 Exception of type 'System.OutOfMemoryException' was thrown.
5/14/2010 9:17 PM : lookForMedia2 Exception of type 'System.OutOfMemoryException' was thrown.
5/14/2010 9:17 PM : lookForMedia2 Exception of type 'System.OutOfMemoryException' was thrown.
5/14/2010 9:17 PM : lookForMedia2 Exception of type 'System.OutOfMemoryException' was thrown.
5/14/2010 9:17 PM : lookForMedia2 Exception of type 'System.OutOfMemoryException' was thrown.
5/14/2010 9:17 PM : lookForMedia2 Exception of type 'System.OutOfMemoryException' was thrown.
5/14/2010 9:17 PM : lookForMedia2 Exception of type 'System.OutOfMemoryException' was thrown.
5/14/2010 9:17 PM : lookForMedia2 Exception of type 'System.OutOfMemoryException' was thrown.
5/14/2010 9:17 PM : lookForMedia2 Exception of type 'System.OutOfMemoryException' was thrown.
5/14/2010 9:17 PM : lookForMedia2 Exception of type 'System.OutOfMemoryException' was thrown.
5/14/2010 9:17 PM : lookForMedia2 Exception of type 'System.OutOfMemoryException' was thrown.
5/14/2010 9:17 PM : lookForMedia2 Exception of type 'System.OutOfMemoryException' was thrown.
5/14/2010 9:17 PM : lookForMedia2 Exception of type 'System.OutOfMemoryException' was thrown.
5/14/2010 9:17 PM : lookForMedia2 Exception of type 'System.OutOfMemoryException' was thrown.
5/14/2010 9:17 PM : lookForMedia2 Exception of type 'System.OutOfMemoryException' was thrown.
5/14/2010 9:17 PM : lookForMedia2 Exception of type 'System.OutOfMemoryException' was thrown.
5/14/2010 9:17 PM : lookForMedia2 Exception of type 'System.OutOfMemoryException' was thrown.
5/14/2010 9:17 PM : lookForMedia2 Exception of type 'System.OutOfMemoryException' was thrown.
5/14/2010 9:17 PM : lookForMedia2 Exception of type 'System.OutOfMemoryException' was thrown.
5/14/2010 9:17 PM : lookForMedia2 Exception of type 'System.OutOfMemoryException' was thrown.
5/14/2010 9:17 PM : lookForMedia2 Exception of type 'System.OutOfMemoryException' was thrown.
5/14/2010 9:17 PM : lookForMedia2 Exception of type 'System.OutOfMemoryException' was thrown.
5/14/2010 9:17 PM : lookForMedia2 Exception of type 'System.OutOfMemoryException' was thrown.
5/14/2010 9:17 PM : lookForMedia2 Exception of type 'System.OutOfMemoryException' was thrown.
5/14/2010 9:17 PM : lookForMedia2 Exception of type 'System.OutOfMemoryException' was thrown.
5/14/2010 9:17 PM : lookForMedia2 Exception of type 'System.OutOfMemoryException' was thrown.
5/14/2010 9:17 PM : lookForMedia2 Exception of type 'System.OutOfMemoryException' was thrown.
5/14/2010 9:17 PM : lookForMedia2 Exception of type 'System.OutOfMemoryException' was thrown.
5/14/2010 9:17 PM : lookForMedia2 Exception of type 'System.OutOfMemoryException' was thrown.
5/14/2010 9:17 PM : lookForMedia2 Exception of type 'System.OutOfMemoryException' was thrown.
5/14/2010 9:17 PM : lookForMedia2 Exception of type 'System.OutOfMemoryException' was thrown.
5/14/2010 9:17 PM : lookForMedia2 Exception of type 'System.OutOfMemoryException' was thrown.
5/14/2010 9:17 PM : lookForMedia2 Exception of type 'System.OutOfMemoryException' was thrown.
5/14/2010 9:17 PM : lookForMedia2 Exception of type 'System.OutOfMemoryException' was thrown.
5/14/2010 9:18 PM : lookForMedia2 Exception of type 'System.OutOfMemoryException' was thrown.
5/14/2010 9:18 PM : lookForMedia2 Exception of type 'System.OutOfMemoryException' was thrown.
5/14/2010 9:18 PM : lookForMedia2 Exception of type 'System.OutOfMemoryException' was thrown.
5/14/2010 9:18 PM : lookForMedia2 Exception of type 'System.OutOfMemoryException' was thrown.
5/14/2010 9:19 PM : lookForMedia2 Exception of type 'System.OutOfMemoryException' was thrown.
5/14/2010 9:19 PM : lookForMedia2 Exception of type 'System.OutOfMemoryException' was thrown.
5/14/2010 9:19 PM : lookForMedia2 Exception of type 'System.OutOfMemoryException' was thrown.
5/14/2010 9:19 PM : lookForMedia error: The operation has timed out
5/14/2010 9:20 PM : lookForMedia error: The operation has timed out
5/14/2010 9:20 PM : lookForMedia error: The operation has timed out
5/14/2010 9:20 PM : lookForMedia error: The operation has timed out
5/14/2010 9:20 PM : lookForMedia error: The operation has timed out
5/14/2010 9:20 PM : lookForMedia error: The operation has timed out
5/14/2010 9:20 PM : lookForMedia2 Exception of type 'System.OutOfMemoryException' was thrown.
5/14/2010 9:20 PM : lookForMedia error: The operation has timed out
5/14/2010 9:20 PM : lookForMedia error: The operation has timed out
5/14/2010 9:20 PM : lookForMedia error: The operation has timed out
5/14/2010 9:20 PM : lookForMedia error: The operation has timed out
5/14/2010 9:20 PM : lookForMedia error: The operation has timed out
5/14/2010 9:20 PM : lookForMedia error: The operation has timed out
5/14/2010 9:20 PM : lookForMedia error: The operation has timed out
5/14/2010 9:20 PM : lookForMedia2 Exception of type 'System.OutOfMemoryException' was thrown.
5/14/2010 9:20 PM : lookForMedia2 Exception of type 'System.OutOfMemoryException' was thrown.
5/14/2010 9:20 PM : lookForMedia2 Exception of type 'System.OutOfMemoryException' was thrown.
5/14/2010 9:20 PM : lookForMedia2 Exception of type 'System.OutOfMemoryException' was thrown.
5/14/2010 9:20 PM : lookForMedia2 Exception of type 'System.OutOfMemoryException' was thrown.
5/14/2010 9:20 PM : lookForMedia2 Exception of type 'System.OutOfMemoryException' was thrown.
5/14/2010 9:20 PM : lookForMedia2 Exception of type 'System.OutOfMemoryException' was thrown.
5/14/2010 9:20 PM : lookForMedia2 Exception of type 'System.OutOfMemoryException' was thrown.
5/14/2010 9:20 PM : lookForMedia2 Exception of type 'System.OutOfMemoryException' was thrown.
5/14/2010 9:20 PM : lookForMedia2 Exception of type 'System.OutOfMemoryException' was thrown.
5/14/2010 9:20 PM : lookForMedia2 Exception of type 'System.OutOfMemoryException' was thrown.
5/14/2010 9:20 PM : lookForMedia2 Exception of type 'System.OutOfMemoryException' was thrown.
5/14/2010 9:20 PM : lookForMedia2 Exception of type 'System.OutOfMemoryException' was thrown.
5/14/2010 9:20 PM : lookForMedia2 Exception of type 'System.OutOfMemoryException' was thrown.
5/14/2010 9:20 PM : lookForMedia2 Exception of type 'System.OutOfMemoryException' was thrown.
5/14/2010 9:20 PM : lookForMedia2 Exception of type 'System.OutOfMemoryException' was thrown.
5/14/2010 9:20 PM : lookForMedia2 Exception of type 'System.OutOfMemoryException' was thrown.
5/14/2010 9:20 PM : lookForMedia2 Exception of type 'System.OutOfMemoryException' was thrown.
5/14/2010 9:20 PM : lookForMedia2 Exception of type 'System.OutOfMemoryException' was thrown.
5/14/2010 9:20 PM : lookForMedia2 Exception of type 'System.OutOfMemoryException' was thrown.
5/14/2010 9:20 PM : lookForMedia2 Exception of type 'System.OutOfMemoryException' was thrown.
5/14/2010 9:20 PM : lookForMedia2 Exception of type 'System.OutOfMemoryException' was thrown.
5/14/2010 9:20 PM : lookForMedia2 Exception of type 'System.OutOfMemoryException' was thrown.
5/14/2010 9:20 PM : lookForMedia2 Exception of type 'System.OutOfMemoryException' was thrown.
5/14/2010 9:20 PM : lookForMedia2 Exception of type 'System.OutOfMemoryException' was thrown.
5/14/2010 9:20 PM : lookForMedia2 Exception of type 'System.OutOfMemoryException' was thrown.
5/14/2010 9:20 PM : lookForMedia2 Exception of type 'System.OutOfMemoryException' was thrown.
5/14/2010 9:20 PM : lookForMedia2 Exception of type 'System.OutOfMemoryException' was thrown.
5/14/2010 9:20 PM : lookForMedia2 Exception of type 'System.OutOfMemoryException' was thrown.
5/14/2010 9:20 PM : lookForMedia2 Exception of type 'System.OutOfMemoryException' was thrown.
5/14/2010 9:20 PM : lookForMedia2 Exception of type 'System.OutOfMemoryException' was thrown.
5/14/2010 9:20 PM : lookForMedia2 Exception of type 'System.OutOfMemoryException' was thrown.
5/14/2010 9:20 PM : lookForMedia2 Exception of type 'System.OutOfMemoryException' was thrown.
5/14/2010 9:20 PM : lookForMedia2 Exception of type 'System.OutOfMemoryException' was thrown.
5/14/2010 9:20 PM : lookForMedia2 Exception of type 'System.OutOfMemoryException' was thrown.
5/14/2010 9:20 PM : lookForMedia2 Exception of type 'System.OutOfMemoryException' was thrown.
5/14/2010 9:20 PM : lookForMedia2 Exception of type 'System.OutOfMemoryException' was thrown.
5/14/2010 9:20 PM : lookForMedia2 Exception of type 'System.OutOfMemoryException' was thrown.
5/14/2010 9:20 PM : lookForMedia2 Exception of type 'System.OutOfMemoryException' was thrown.
5/14/2010 9:20 PM : lookForMedia2 Exception of type 'System.OutOfMemoryException' was thrown.
5/14/2010 9:20 PM : lookForMedia2 Exception of type 'System.OutOfMemoryException' was thrown.
5/14/2010 9:20 PM : lookForMedia2 Exception of type 'System.OutOfMemoryException' was thrown.
5/14/2010 9:20 PM : lookForMedia2 Exception of type 'System.OutOfMemoryException' was thrown.
5/14/2010 9:20 PM : lookForMedia2 Exception of type 'System.OutOfMemoryException' was thrown.
5/14/2010 9:20 PM : lookForMedia2 Exception of type 'System.OutOfMemoryException' was thrown.
5/14/2010 9:20 PM : lookForMedia2 Exception of type 'System.OutOfMemoryException' was thrown.
5/14/2010 9:20 PM : lookForMedia2 Exception of type 'System.OutOfMemoryException' was thrown.
5/14/2010 9:20 PM : lookForMedia2 Exception of type 'System.OutOfMemoryException' was thrown.
5/14/2010 9:20 PM : lookForMedia2 Exception of type 'System.OutOfMemoryException' was thrown.
5/14/2010 9:20 PM : lookForMedia2 Exception of type 'System.OutOfMemoryException' was thrown.
5/14/2010 9:20 PM : lookForMedia2 Exception of type 'System.OutOfMemoryException' was thrown.
5/14/2010 9:20 PM : lookForMedia2 Exception of type 'System.OutOfMemoryException' was thrown.
5/14/2010 9:20 PM : lookForMedia2 Exception of type 'System.OutOfMemoryException' was thrown.
5/14/2010 9:20 PM : lookForMedia2 Exception of type 'System.OutOfMemoryException' was thrown.
5/14/2010 9:20 PM : lookForMedia2 Exception of type 'System.OutOfMemoryException' was thrown.
5/14/2010 9:20 PM : lookForMedia2 Exception of type 'System.OutOfMemoryException' was thrown.
5/14/2010 9:20 PM : lookForMedia2 Exception of type 'System.OutOfMemoryException' was thrown.
5/14/2010 9:20 PM : lookForMedia2 Exception of type 'System.OutOfMemoryException' was thrown.
5/14/2010 9:20 PM : lookForMedia2 Exception of type 'System.OutOfMemoryException' was thrown.
5/14/2010 9:20 PM : lookForMedia2 Exception of type 'System.OutOfMemoryException' was thrown.
5/14/2010 9:20 PM : lookForMedia2 Exception of type 'System.OutOfMemoryException' was thrown.
5/14/2010 9:20 PM : lookForMedia2 Exception of type 'System.OutOfMemoryException' was thrown.
5/14/2010 9:20 PM : lookForMedia2 Exception of type 'System.OutOfMemoryException' was thrown.
5/14/2010 9:20 PM : lookForMedia2 Exception of type 'System.OutOfMemoryException' was thrown.
5/14/2010 9:20 PM : lookForMedia2 Exception of type 'System.OutOfMemoryException' was thrown.
5/14/2010 9:20 PM : lookForMedia2 Exception of type 'System.OutOfMemoryException' was thrown.
5/14/2010 9:20 PM : lookForMedia2 Exception of type 'System.OutOfMemoryException' was thrown.
5/14/2010 9:20 PM : lookForMedia2 Exception of type 'System.OutOfMemoryException' was thrown.
5/14/2010 9:20 PM : lookForMedia2 Exception of type 'System.OutOfMemoryException' was thrown.
5/14/2010 9:21 PM : lookForMedia2 Exception of type 'System.OutOfMemoryException' was thrown.
5/14/2010 9:21 PM : lookForMedia2 Exception of type 'System.OutOfMemoryException' was thrown.
5/14/2010 9:21 PM : lookForMedia2 Exception of type 'System.OutOfMemoryException' was thrown.
5/14/2010 9:21 PM : lookForMedia2 Exception of type 'System.OutOfMemoryException' was thrown.
5/14/2010 9:21 PM : lookForMedia2 Exception of type 'System.OutOfMemoryException' was thrown.
5/14/2010 9:21 PM : lookForMedia2 Exception of type 'System.OutOfMemoryException' was thrown.
5/14/2010 9:21 PM : lookForMedia2 Exception of type 'System.OutOfMemoryException' was thrown.
5/14/2010 9:21 PM : lookForMedia2 Exception of type 'System.OutOfMemoryException' was thrown.
5/14/2010 9:21 PM : lookForMedia2 Exception of type 'System.OutOfMemoryException' was thrown.
5/14/2010 9:21 PM : lookForMedia2 Exception of type 'System.OutOfMemoryException' was thrown.
5/14/2010 9:21 PM : lookForMedia2 Exception of type 'System.OutOfMemoryException' was thrown.
5/14/2010 9:21 PM : lookForMedia2 Exception of type 'System.OutOfMemoryException' was thrown.
5/14/2010 9:21 PM : lookForMedia2 Exception of type 'System.OutOfMemoryException' was thrown.
5/14/2010 9:21 PM : lookForMedia2 Exception of type 'System.OutOfMemoryException' was thrown.
5/14/2010 9:21 PM : lookForMedia2 Exception of type 'System.OutOfMemoryException' was thrown.
5/14/2010 9:21 PM : lookForMedia2 Exception of type 'System.OutOfMemoryException' was thrown.
5/14/2010 9:21 PM : lookForMedia2 Exception of type 'System.OutOfMemoryException' was thrown.
5/14/2010 9:21 PM : lookForMedia2 Exception of type 'System.OutOfMemoryException' was thrown.
5/14/2010 9:21 PM : lookForMedia2 Exception of type 'System.OutOfMemoryException' was thrown.
5/14/2010 9:21 PM : lookForMedia2 Exception of type 'System.OutOfMemoryException' was thrown.
5/14/2010 9:21 PM : lookForMedia2 Exception of type 'System.OutOfMemoryException' was thrown.
5/14/2010 9:21 PM : lookForMedia2 Exception of type 'System.OutOfMemoryException' was thrown.
5/14/2010 9:21 PM : lookForMedia2 Exception of type 'System.OutOfMemoryException' was thrown.
5/14/2010 9:21 PM : lookForMedia2 Exception of type 'System.OutOfMemoryException' was thrown.
5/14/2010 9:21 PM : lookForMedia2 The specified network name is no longer available.

5/14/2010 9:21 PM : lookForMedia2 The specified network name is no longer available.

5/14/2010 9:21 PM : lookForMedia2 The specified network name is no longer available.

5/14/2010 9:21 PM : lookForMedia2 The specified network name is no longer available.

5/14/2010 9:21 PM : lookForMedia2 The specified network name is no longer available.

5/14/2010 9:21 PM : lookForMedia2 The specified network name is no longer available.

5/14/2010 9:21 PM : lookForMedia2 The specified network name is no longer available.

5/14/2010 9:21 PM : lookForMedia2 The specified network name is no longer available.

5/14/2010 9:21 PM : lookForMedia2 The specified network name is no longer available.

5/14/2010 9:21 PM : lookForMedia2 The specified network name is no longer available.

5/14/2010 9:21 PM : lookForMedia2 The specified network name is no longer available.

5/14/2010 9:21 PM : lookForMedia2 The specified network name is no longer available.

5/14/2010 9:21 PM : lookForMedia2 The specified network name is no longer available.

5/14/2010 9:21 PM : lookForMedia2 The specified network name is no longer available.

5/14/2010 9:21 PM : lookForMedia2 The specified network name is no longer available.

5/14/2010 9:21 PM : lookForMedia2 The specified network name is no longer available.

5/14/2010 9:21 PM : lookForMedia2 The specified network name is no longer available.

5/14/2010 9:21 PM : lookForMedia2 The specified network name is no longer available.

5/14/2010 9:21 PM : lookForMedia2 The specified network name is no longer available.

5/14/2010 9:21 PM : lookForMedia2 The specified network name is no longer available.

5/14/2010 9:21 PM : lookForMedia2 The specified network name is no longer available.

5/14/2010 9:21 PM : lookForMedia2 The specified network name is no longer available.

5/14/2010 9:21 PM : lookForMedia2 The specified network name is no longer available.

5/14/2010 9:21 PM : lookForMedia2 The specified network name is no longer available.

5/14/2010 9:21 PM : lookForMedia2 The specified network name is no longer available.

5/14/2010 9:21 PM : lookForMedia2 The specified network name is no longer available.

5/14/2010 9:21 PM : lookForMedia2 The specified network name is no longer available.

5/14/2010 9:21 PM : lookForMedia2 The specified network name is no longer available.

5/14/2010 9:21 PM : lookForMedia2 Exception of type 'System.OutOfMemoryException' was thrown.
5/14/2010 9:21 PM : lookForMedia2 Exception of type 'System.OutOfMemoryException' was thrown.
5/14/2010 9:21 PM : lookForMedia2 Exception of type 'System.OutOfMemoryException' was thrown.
5/14/2010 9:21 PM : lookForMedia2 Exception of type 'System.OutOfMemoryException' was thrown.
5/14/2010 9:21 PM : lookForMedia2 Exception of type 'System.OutOfMemoryException' was thrown.
5/14/2010 9:21 PM : lookForMedia2 Exception of type 'System.OutOfMemoryException' was thrown.
5/14/2010 9:22 PM : lookForMedia error: The operation has timed out
5/14/2010 9:22 PM : lookForMedia2 Exception of type 'System.OutOfMemoryException' was thrown.
5/14/2010 9:22 PM : lookForMedia2 Exception of type 'System.OutOfMemoryException' was thrown.
5/14/2010 9:22 PM : lookForMedia2 Exception of type 'System.OutOfMemoryException' was thrown.
5/14/2010 9:22 PM : lookForMedia2 Exception of type 'System.OutOfMemoryException' was thrown.
5/14/2010 9:22 PM : lookForMedia2 Exception of type 'System.OutOfMemoryException' was thrown.
5/14/2010 9:22 PM : lookForMedia2 Exception of type 'System.OutOfMemoryException' was thrown.
5/14/2010 9:22 PM : lookForMedia2 Exception of type 'System.OutOfMemoryException' was thrown.
5/14/2010 9:22 PM : lookForMedia2 Exception of type 'System.OutOfMemoryException' was thrown.
5/14/2010 9:22 PM : lookForMedia2 Exception of type 'System.OutOfMemoryException' was thrown.
5/14/2010 9:22 PM : lookForMedia2 Exception of type 'System.OutOfMemoryException' was thrown.
5/14/2010 9:22 PM : lookForMedia2 Exception of type 'System.OutOfMemoryException' was thrown.
5/14/2010 9:22 PM : lookForMedia2 Exception of type 'System.OutOfMemoryException' was thrown.
5/14/2010 9:22 PM : lookForMedia2 Exception of type 'System.OutOfMemoryException' was thrown.
5/14/2010 9:22 PM : lookForMedia2 Exception of type 'System.OutOfMemoryException' was thrown.
5/14/2010 9:22 PM : lookForMedia2 Exception of type 'System.OutOfMemoryException' was thrown.
5/14/2010 9:22 PM : lookForMedia2 Exception of type 'System.OutOfMemoryException' was thrown.
5/14/2010 9:22 PM : lookForMedia2 Exception of type 'System.OutOfMemoryException' was thrown.
5/14/2010 9:22 PM : lookForMedia2 Exception of type 'System.OutOfMemoryException' was thrown.
5/14/2010 9:22 PM : lookForMedia2 Exception of type 'System.OutOfMemoryException' was thrown.
5/14/2010 9:22 PM : lookForMedia2 Exception of type 'System.OutOfMemoryException' was thrown.
5/14/2010 9:22 PM : lookForMedia2 Exception of type 'System.OutOfMemoryException' was thrown.
5/14/2010 9:22 PM : lookForMedia error: The operation has timed out
5/14/2010 9:22 PM : lookForMedia2 Exception of type 'System.OutOfMemoryException' was thrown.
5/14/2010 9:22 PM : lookForMedia error: The operation has timed out
5/14/2010 9:22 PM : lookForMedia2 Exception of type 'System.OutOfMemoryException' was thrown.
5/14/2010 9:22 PM : lookForMedia error: The operation has timed out
5/14/2010 9:22 PM : lookForMedia2 Exception of type 'System.OutOfMemoryException' was thrown.
5/14/2010 9:22 PM : lookForMedia2 Exception of type 'System.OutOfMemoryException' was thrown.
5/14/2010 9:22 PM : lookForMedia2 Exception of type 'System.OutOfMemoryException' was thrown.
5/14/2010 9:22 PM : lookForMedia2 Exception of type 'System.OutOfMemoryException' was thrown.
5/14/2010 9:22 PM : lookForMedia2 Exception of type 'System.OutOfMemoryException' was thrown.
5/14/2010 9:22 PM : lookForMedia2 Exception of type 'System.OutOfMemoryException' was thrown.
5/14/2010 9:22 PM : lookForMedia2 Exception of type 'System.OutOfMemoryException' was thrown.
5/14/2010 9:22 PM : lookForMedia2 Exception of type 'System.OutOfMemoryException' was thrown.
5/14/2010 9:22 PM : lookForMedia2 Exception of type 'System.OutOfMemoryException' was thrown.
5/14/2010 9:22 PM : lookForMedia2 Exception of type 'System.OutOfMemoryException' was thrown.
5/14/2010 9:22 PM : lookForMedia2 Exception of type 'System.OutOfMemoryException' was thrown.
5/14/2010 9:22 PM : lookForMedia2 Exception of type 'System.OutOfMemoryException' was thrown.
5/14/2010 9:22 PM : lookForMedia2 Exception of type 'System.OutOfMemoryException' was thrown.
5/14/2010 9:22 PM : lookForMedia2 Exception of type 'System.OutOfMemoryException' was thrown.
5/14/2010 9:22 PM : lookForMedia2 Exception of type 'System.OutOfMemoryException' was thrown.
5/14/2010 9:22 PM : lookForMedia2 Exception of type 'System.OutOfMemoryException' was thrown.
5/14/2010 9:22 PM : lookForMedia2 Exception of type 'System.OutOfMemoryException' was thrown.
5/14/2010 9:22 PM : lookForMedia2 Exception of type 'System.OutOfMemoryException' was thrown.
5/14/2010 9:22 PM : lookForMedia2 Exception of type 'System.OutOfMemoryException' was thrown.
5/14/2010 9:22 PM : lookForMedia error: The operation has timed out
5/14/2010 9:22 PM : lookForMedia2 Exception of type 'System.OutOfMemoryException' was thrown.
5/14/2010 9:22 PM : lookForMedia2 Exception of type 'System.OutOfMemoryException' was thrown.
5/14/2010 9:22 PM : lookForMedia2 Exception of type 'System.OutOfMemoryException' was thrown.
5/14/2010 9:23 PM : lookForMedia2 Exception of type 'System.OutOfMemoryException' was thrown.
5/14/2010 9:23 PM : lookForMedia error: The operation has timed out
5/14/2010 9:23 PM : lookForMedia2 Exception of type 'System.OutOfMemoryException' was thrown.
5/14/2010 9:23 PM : lookForMedia2 Exception of type 'System.OutOfMemoryException' was thrown.
5/14/2010 9:23 PM : lookForMedia2 Exception of type 'System.OutOfMemoryException' was thrown.
5/14/2010 9:23 PM : lookForMedia2 Exception of type 'System.OutOfMemoryException' was thrown.
5/14/2010 9:23 PM : lookForMedia2 Exception of type 'System.OutOfMemoryException' was thrown.
5/14/2010 9:23 PM : lookForMedia2 Exception of type 'System.OutOfMemoryException' was thrown.
5/14/2010 9:23 PM : lookForMedia2 Exception of type 'System.OutOfMemoryException' was thrown.
5/14/2010 9:23 PM : lookForMedia2 Exception of type 'System.OutOfMemoryException' was thrown.
5/14/2010 9:24 PM : lookForMedia2 Exception of type 'System.OutOfMemoryException' was thrown.
5/14/2010 9:24 PM : lookForMedia2 Exception of type 'System.OutOfMemoryException' was thrown.
5/14/2010 9:24 PM : lookForMedia error: The operation has timed out
5/14/2010 9:24 PM : lookForMedia error: The operation has timed out
5/14/2010 9:24 PM : lookForMedia error: The operation has timed out
5/14/2010 9:24 PM : lookForMedia error: The operation has timed out
5/14/2010 9:24 PM : lookForMedia error: The operation has timed out
5/14/2010 9:24 PM : lookForMedia error: The operation has timed out
5/14/2010 9:24 PM : lookForMedia2 Exception of type 'System.OutOfMemoryException' was thrown.
5/14/2010 9:24 PM : lookForMedia error: The operation has timed out
5/14/2010 9:25 PM : lookForMedia error: The operation has timed out
5/14/2010 9:25 PM : lookForMedia error: The operation has timed out
5/14/2010 9:25 PM : lookForMedia error: The operation has timed out
5/14/2010 9:25 PM : lookForMedia2 Exception of type 'System.OutOfMemoryException' was thrown.
5/14/2010 9:25 PM : lookForMedia2 Exception of type 'System.OutOfMemoryException' was thrown.
5/14/2010 9:25 PM : lookForMedia2 Exception of type 'System.OutOfMemoryException' was thrown.
5/14/2010 9:25 PM : lookForMedia2 Exception of type 'System.OutOfMemoryException' was thrown.
5/14/2010 9:25 PM : lookForMedia2 Exception of type 'System.OutOfMemoryException' was thrown.
5/14/2010 9:25 PM : lookForMedia2 Exception of type 'System.OutOfMemoryException' was thrown.
5/14/2010 9:25 PM : lookForMedia2 Exception of type 'System.OutOfMemoryException' was thrown.
5/14/2010 9:25 PM : lookForMedia2 Exception of type 'System.OutOfMemoryException' was thrown.
5/14/2010 9:25 PM : lookForMedia2 Exception of type 'System.OutOfMemoryException' was thrown.
5/14/2010 9:25 PM : lookForMedia2 Exception of type 'System.OutOfMemoryException' was thrown.
5/14/2010 9:25 PM : lookForMedia2 Exception of type 'System.OutOfMemoryException' was thrown.
5/14/2010 9:25 PM : lookForMedia2 Exception of type 'System.OutOfMemoryException' was thrown.
5/14/2010 9:25 PM : lookForMedia2 Exception of type 'System.OutOfMemoryException' was thrown.
5/14/2010 9:25 PM : lookForMedia2 Exception of type 'System.OutOfMemoryException' was thrown.
5/14/2010 9:25 PM : lookForMedia2 Exception of type 'System.OutOfMemoryException' was thrown.
5/14/2010 9:25 PM : lookForMedia2 Exception of type 'System.OutOfMemoryException' was thrown.
5/14/2010 9:25 PM : lookForMedia2 Exception of type 'System.OutOfMemoryException' was thrown.
5/14/2010 9:25 PM : lookForMedia2 Exception of type 'System.OutOfMemoryException' was thrown.
5/14/2010 9:25 PM : lookForMedia2 Exception of type 'System.OutOfMemoryException' was thrown.
5/14/2010 9:25 PM : lookForMedia2 Exception of type 'System.OutOfMemoryException' was thrown.
5/14/2010 9:25 PM : lookForMedia2 Exception of type 'System.OutOfMemoryException' was thrown.
5/14/2010 9:25 PM : lookForMedia2 Exception of type 'System.OutOfMemoryException' was thrown.
5/14/2010 9:25 PM : lookForMedia2 Exception of type 'System.OutOfMemoryException' was thrown.
5/14/2010 9:25 PM : lookForMedia2 Exception of type 'System.OutOfMemoryException' was thrown.
5/14/2010 9:25 PM : lookForMedia2 Exception of type 'System.OutOfMemoryException' was thrown.
5/14/2010 9:25 PM : lookForMedia2 Exception of type 'System.OutOfMemoryException' was thrown.
5/14/2010 9:25 PM : lookForMedia2 Exception of type 'System.OutOfMemoryException' was thrown.
5/14/2010 9:25 PM : lookForMedia2 Exception of type 'System.OutOfMemoryException' was thrown.
5/14/2010 9:25 PM : lookForMedia2 Exception of type 'System.OutOfMemoryException' was thrown.
5/14/2010 9:25 PM : lookForMedia2 Exception of type 'System.OutOfMemoryException' was thrown.
5/14/2010 9:25 PM : lookForMedia2 Exception of type 'System.OutOfMemoryException' was thrown.
5/14/2010 9:25 PM : lookForMedia2 Exception of type 'System.OutOfMemoryException' was thrown.
5/14/2010 9:25 PM : lookForMedia2 Exception of type 'System.OutOfMemoryException' was thrown.
5/14/2010 9:25 PM : lookForMedia2 Exception of type 'System.OutOfMemoryException' was thrown.
5/14/2010 9:25 PM : lookForMedia2 Exception of type 'System.OutOfMemoryException' was thrown.
5/14/2010 9:25 PM : lookForMedia2 Exception of type 'System.OutOfMemoryException' was thrown.
5/14/2010 9:25 PM : lookForMedia2 Exception of type 'System.OutOfMemoryException' was thrown.
5/14/2010 9:25 PM : lookForMedia2 Exception of type 'System.OutOfMemoryException' was thrown.
5/14/2010 9:25 PM : lookForMedia2 Exception of type 'System.OutOfMemoryException' was thrown.
5/14/2010 9:25 PM : lookForMedia2 Exception of type 'System.OutOfMemoryException' was thrown.
5/14/2010 9:25 PM : lookForMedia2 Exception of type 'System.OutOfMemoryException' was thrown.
5/14/2010 9:25 PM : lookForMedia2 Exception of type 'System.OutOfMemoryException' was thrown.
5/14/2010 9:25 PM : lookForMedia2 Exception of type 'System.OutOfMemoryException' was thrown.
5/14/2010 9:25 PM : lookForMedia2 Exception of type 'System.OutOfMemoryException' was thrown.
5/14/2010 9:25 PM : lookForMedia2 Exception of type 'System.OutOfMemoryException' was thrown.
5/14/2010 9:25 PM : lookForMedia2 Exception of type 'System.OutOfMemoryException' was thrown.
5/14/2010 9:25 PM : lookForMedia2 Exception of type 'System.OutOfMemoryException' was thrown.
5/14/2010 9:25 PM : lookForMedia2 Exception of type 'System.OutOfMemoryException' was thrown.
5/14/2010 9:25 PM : lookForMedia2 Exception of type 'System.OutOfMemoryException' was thrown.
5/14/2010 9:25 PM : lookForMedia2 Exception of type 'System.OutOfMemoryException' was thrown.
5/14/2010 9:25 PM : lookForMedia2 Exception of type 'System.OutOfMemoryException' was thrown.
5/14/2010 9:25 PM : lookForMedia2 Exception of type 'System.OutOfMemoryException' was thrown.
5/14/2010 9:25 PM : lookForMedia2 Exception of type 'System.OutOfMemoryException' was thrown.
5/14/2010 9:25 PM : lookForMedia2 Exception of type 'System.OutOfMemoryException' was thrown.
5/14/2010 9:25 PM : lookForMedia2 Exception of type 'System.OutOfMemoryException' was thrown.
5/14/2010 9:25 PM : lookForMedia2 Exception of type 'System.OutOfMemoryException' was thrown.
5/14/2010 9:25 PM : lookForMedia2 Exception of type 'System.OutOfMemoryException' was thrown.
5/14/2010 9:25 PM : lookForMedia2 Exception of type 'System.OutOfMemoryException' was thrown.
5/14/2010 9:25 PM : lookForMedia2 Exception of type 'System.OutOfMemoryException' was thrown.
5/14/2010 9:25 PM : lookForMedia2 Exception of type 'System.OutOfMemoryException' was thrown.
5/14/2010 9:25 PM : lookForMedia2 Exception of type 'System.OutOfMemoryException' was thrown.
5/14/2010 9:25 PM : lookForMedia2 Exception of type 'System.OutOfMemoryException' was thrown.
5/14/2010 9:25 PM : lookForMedia2 Exception of type 'System.OutOfMemoryException' was thrown.
5/14/2010 9:25 PM : lookForMedia2 Exception of type 'System.OutOfMemoryException' was thrown.
5/14/2010 9:25 PM : lookForMedia2 Exception of type 'System.OutOfMemoryException' was thrown.
5/14/2010 9:25 PM : lookForMedia2 Exception of type 'System.OutOfMemoryException' was thrown.
5/14/2010 9:25 PM : lookForMedia2 Exception of type 'System.OutOfMemoryException' was thrown.
5/14/2010 9:25 PM : lookForMedia2 Exception of type 'System.OutOfMemoryException' was thrown.
5/14/2010 9:25 PM : lookForMedia2 Exception of type 'System.OutOfMemoryException' was thrown.
5/14/2010 9:25 PM : lookForMedia2 Exception of type 'System.OutOfMemoryException' was thrown.
5/14/2010 9:25 PM : lookForMedia2 Exception of type 'System.OutOfMemoryException' was thrown.
5/14/2010 9:25 PM : lookForMedia error: The operation has timed out
5/14/2010 9:25 PM : lookForMedia2 Exception of type 'System.OutOfMemoryException' was thrown.
5/14/2010 9:25 PM : lookForMedia2 Exception of type 'System.OutOfMemoryException' was thrown.
5/14/2010 9:25 PM : lookForMedia2 Exception of type 'System.OutOfMemoryException' was thrown.
5/14/2010 9:25 PM : lookForMedia2 Exception of type 'System.OutOfMemoryException' was thrown.
5/14/2010 9:25 PM : lookForMedia2 Exception of type 'System.OutOfMemoryException' was thrown.
5/14/2010 9:25 PM : lookForMedia2 Exception of type 'System.OutOfMemoryException' was thrown.
5/14/2010 9:25 PM : lookForMedia2 Exception of type 'System.OutOfMemoryException' was thrown.
5/14/2010 9:25 PM : lookForMedia2 Exception of type 'System.OutOfMemoryException' was thrown.
5/14/2010 9:25 PM : lookForMedia2 Exception of type 'System.OutOfMemoryException' was thrown.
5/14/2010 9:25 PM : lookForMedia2 Exception of type 'System.OutOfMemoryException' was thrown.
5/14/2010 9:25 PM : lookForMedia2 Exception of type 'System.OutOfMemoryException' was thrown.
5/14/2010 9:25 PM : lookForMedia2 Exception of type 'System.OutOfMemoryException' was thrown.
5/14/2010 9:25 PM : lookForMedia2 Exception of type 'System.OutOfMemoryException' was thrown.
5/14/2010 9:25 PM : lookForMedia2 Exception of type 'System.OutOfMemoryException' was thrown.
5/14/2010 9:25 PM : lookForMedia2 Exception of type 'System.OutOfMemoryException' was thrown.
5/14/2010 9:25 PM : lookForMedia2 Exception of type 'System.OutOfMemoryException' was thrown.
5/14/2010 9:25 PM : lookForMedia2 Exception of type 'System.OutOfMemoryException' was thrown.
5/14/2010 9:25 PM : lookForMedia2 Exception of type 'System.OutOfMemoryException' was thrown.
5/14/2010 9:25 PM : lookForMedia2 Exception of type 'System.OutOfMemoryException' was thrown.
5/14/2010 9:25 PM : lookForMedia2 Exception of type 'System.OutOfMemoryException' was thrown.
5/14/2010 9:25 PM : lookForMedia2 Exception of type 'System.OutOfMemoryException' was thrown.
5/14/2010 9:25 PM : lookForMedia2 Exception of type 'System.OutOfMemoryException' was thrown.
5/14/2010 9:25 PM : lookForMedia2 Exception of type 'System.OutOfMemoryException' was thrown.
5/14/2010 9:25 PM : lookForMedia2 Exception of type 'System.OutOfMemoryException' was thrown.
5/14/2010 9:25 PM : lookForMedia2 Exception of type 'System.OutOfMemoryException' was thrown.
5/14/2010 9:25 PM : lookForMedia2 Exception of type 'System.OutOfMemoryException' was thrown.
5/14/2010 9:25 PM : lookForMedia2 Exception of type 'System.OutOfMemoryException' was thrown.
5/14/2010 9:25 PM : lookForMedia2 Exception of type 'System.OutOfMemoryException' was thrown.
5/14/2010 9:25 PM : lookForMedia2 Exception of type 'System.OutOfMemoryException' was thrown.
5/14/2010 9:25 PM : lookForMedia2 Exception of type 'System.OutOfMemoryException' was thrown.
5/14/2010 9:25 PM : lookForMedia2 Exception of type 'System.OutOfMemoryException' was thrown.
5/14/2010 9:25 PM : lookForMedia2 Exception of type 'System.OutOfMemoryException' was thrown.
5/14/2010 9:25 PM : lookForMedia error: The operation has timed out
5/14/2010 9:25 PM : lookForMedia2 Exception of type 'System.OutOfMemoryException' was thrown.
5/14/2010 9:25 PM : lookForMedia2 Exception of type 'System.OutOfMemoryException' was thrown.
5/14/2010 9:25 PM : lookForMedia2 Exception of type 'System.OutOfMemoryException' was thrown.
5/14/2010 9:25 PM : lookForMedia2 Exception of type 'System.OutOfMemoryException' was thrown.
5/14/2010 9:25 PM : lookForMedia2 Exception of type 'System.OutOfMemoryException' was thrown.
5/14/2010 9:25 PM : lookForMedia2 Exception of type 'System.OutOfMemoryException' was thrown.
5/14/2010 9:25 PM : lookForMedia2 Exception of type 'System.OutOfMemoryException' was thrown.
5/14/2010 9:25 PM : lookForMedia2 Exception of type 'System.OutOfMemoryException' was thrown.
5/14/2010 9:25 PM : lookForMedia2 Exception of type 'System.OutOfMemoryException' was thrown.
5/14/2010 9:25 PM : lookForMedia error: The operation has timed out
5/14/2010 9:25 PM : lookForMedia error: The operation has timed out
5/14/2010 9:25 PM : lookForMedia2 Exception of type 'System.OutOfMemoryException' was thrown.
5/14/2010 9:25 PM : lookForMedia2 Exception of type 'System.OutOfMemoryException' was thrown.
5/14/2010 9:25 PM : lookForMedia2 Exception of type 'System.OutOfMemoryException' was thrown.
5/14/2010 9:25 PM : lookForMedia2 Exception of type 'System.OutOfMemoryException' was thrown.
5/14/2010 9:25 PM : lookForMedia2 Exception of type 'System.OutOfMemoryException' was thrown.
5/14/2010 9:25 PM : lookForMedia2 Exception of type 'System.OutOfMemoryException' was thrown.
5/14/2010 9:25 PM : lookForMedia2 Exception of type 'System.OutOfMemoryException' was thrown.
5/14/2010 9:25 PM : lookForMedia2 Exception of type 'System.OutOfMemoryException' was thrown.
5/14/2010 9:25 PM : lookForMedia2 Exception of type 'System.OutOfMemoryException' was thrown.
5/14/2010 9:25 PM : lookForMedia2 Exception of type 'System.OutOfMemoryException' was thrown.
5/14/2010 9:26 PM : lookForMedia2 Exception of type 'System.OutOfMemoryException' was thrown.
5/14/2010 9:27 PM : lookForMedia error: The operation has timed out
5/14/2010 9:27 PM : lookForMedia error: The operation has timed out
5/14/2010 9:27 PM : lookForMedia error: The operation has timed out
5/14/2010 9:27 PM : lookForMedia error: The operation has timed out
5/14/2010 9:27 PM : lookForMedia error: The operation has timed out
5/14/2010 9:27 PM : lookForMedia error: The operation has timed out
5/14/2010 9:27 PM : lookForMedia error: The operation has timed out
5/14/2010 9:27 PM : lookForMedia2 Exception of type 'System.OutOfMemoryException' was thrown.
5/14/2010 9:27 PM : lookForMedia error: The operation has timed out
5/14/2010 9:27 PM : lookForMedia error: The operation has timed out
5/14/2010 9:27 PM : lookForMedia error: The operation has timed out
5/14/2010 9:27 PM : lookForMedia error: The operation has timed out
5/14/2010 9:27 PM : lookForMedia error: The operation has timed out
5/14/2010 9:27 PM : lookForMedia error: The operation has timed out
5/14/2010 9:27 PM : lookForMedia error: The operation has timed out
5/14/2010 9:27 PM : lookForMedia error: The operation has timed out
5/14/2010 9:27 PM : lookForMedia error: The operation has timed out
5/14/2010 9:27 PM : lookForMedia error: The operation has timed out
5/14/2010 9:27 PM : lookForMedia2 Exception of type 'System.OutOfMemoryException' was thrown.
5/14/2010 9:27 PM : lookForMedia2 Exception of type 'System.OutOfMemoryException' was thrown.
5/14/2010 9:27 PM : lookForMedia2 Exception of type 'System.OutOfMemoryException' was thrown.
5/14/2010 9:27 PM : lookForMedia2 Exception of type 'System.OutOfMemoryException' was thrown.
5/14/2010 9:27 PM : lookForMedia2 Exception of type 'System.OutOfMemoryException' was thrown.
5/14/2010 9:27 PM : lookForMedia2 Exception of type 'System.OutOfMemoryException' was thrown.
5/14/2010 9:27 PM : lookForMedia2 Exception of type 'System.OutOfMemoryException' was thrown.
5/14/2010 9:27 PM : lookForMedia2 Exception of type 'System.OutOfMemoryException' was thrown.
5/14/2010 9:27 PM : lookForMedia2 Exception of type 'System.OutOfMemoryException' was thrown.
5/14/2010 9:27 PM : lookForMedia2 Exception of type 'System.OutOfMemoryException' was thrown.
5/14/2010 9:27 PM : lookForMedia2 Exception of type 'System.OutOfMemoryException' was thrown.
5/14/2010 9:27 PM : lookForMedia2 Exception of type 'System.OutOfMemoryException' was thrown.
5/14/2010 9:27 PM : lookForMedia2 Exception of type 'System.OutOfMemoryException' was thrown.
5/14/2010 9:27 PM : lookForMedia2 Exception of type 'System.OutOfMemoryException' was thrown.
5/14/2010 9:27 PM : lookForMedia2 Exception of type 'System.OutOfMemoryException' was thrown.
5/14/2010 9:27 PM : lookForMedia2 Exception of type 'System.OutOfMemoryException' was thrown.
5/14/2010 9:27 PM : lookForMedia2 Exception of type 'System.OutOfMemoryException' was thrown.
5/14/2010 9:27 PM : lookForMedia2 Exception of type 'System.OutOfMemoryException' was thrown.
5/14/2010 9:27 PM : lookForMedia2 Exception of type 'System.OutOfMemoryException' was thrown.
5/14/2010 9:27 PM : lookForMedia2 Exception of type 'System.OutOfMemoryException' was thrown.
5/14/2010 9:27 PM : lookForMedia2 Exception of type 'System.OutOfMemoryException' was thrown.
5/14/2010 9:27 PM : lookForMedia2 Exception of type 'System.OutOfMemoryException' was thrown.
5/14/2010 9:27 PM : lookForMedia2 Exception of type 'System.OutOfMemoryException' was thrown.
5/14/2010 9:28 PM : lookForMedia2 Exception of type 'System.OutOfMemoryException' was thrown.
5/14/2010 9:29 PM : lookForMedia2 Exception of type 'System.OutOfMemoryException' was thrown.
5/14/2010 9:29 PM : lookForMedia2 Exception of type 'System.OutOfMemoryException' was thrown.
5/14/2010 9:29 PM : lookForMedia2 Exception of type 'System.OutOfMemoryException' was thrown.
5/14/2010 9:29 PM : lookForMedia2 Exception of type 'System.OutOfMemoryException' was thrown.
5/14/2010 9:29 PM : lookForMedia2 Exception of type 'System.OutOfMemoryException' was thrown.
5/14/2010 9:29 PM : lookForMedia2 Exception of type 'System.OutOfMemoryException' was thrown.
5/14/2010 9:29 PM : lookForMedia2 Exception of type 'System.OutOfMemoryException' was thrown.
5/14/2010 9:29 PM : lookForMedia2 Exception of type 'System.OutOfMemoryException' was thrown.
5/14/2010 9:29 PM : lookForMedia2 Exception of type 'System.OutOfMemoryException' was thrown.
5/14/2010 9:29 PM : lookForMedia2 Exception of type 'System.OutOfMemoryException' was thrown.
5/14/2010 9:29 PM : lookForMedia2 Exception of type 'System.OutOfMemoryException' was thrown.
5/14/2010 9:29 PM : lookForMedia2 Exception of type 'System.OutOfMemoryException' was thrown.
5/14/2010 9:29 PM : lookForMedia2 Exception of type 'System.OutOfMemoryException' was thrown.
5/14/2010 9:29 PM : lookForMedia2 Exception of type 'System.OutOfMemoryException' was thrown.
5/14/2010 9:29 PM : lookForMedia2 Exception of type 'System.OutOfMemoryException' was thrown.
5/14/2010 9:29 PM : lookForMedia2 Exception of type 'System.OutOfMemoryException' was thrown.
5/14/2010 9:29 PM : lookForMedia2 Exception of type 'System.OutOfMemoryException' was thrown.
5/14/2010 9:29 PM : lookForMedia2 Exception of type 'System.OutOfMemoryException' was thrown.
5/14/2010 9:29 PM : lookForMedia2 Exception of type 'System.OutOfMemoryException' was thrown.
5/14/2010 9:29 PM : lookForMedia2 Exception of type 'System.OutOfMemoryException' was thrown.
5/14/2010 9:29 PM : lookForMedia2 Exception of type 'System.OutOfMemoryException' was thrown.
5/14/2010 9:29 PM : lookForMedia2 Exception of type 'System.OutOfMemoryException' was thrown.
5/14/2010 9:29 PM : lookForMedia2 Exception of type 'System.OutOfMemoryException' was thrown.
5/14/2010 9:29 PM : lookForMedia2 Exception of type 'System.OutOfMemoryException' was thrown.
5/14/2010 9:29 PM : lookForMedia2 Exception of type 'System.OutOfMemoryException' was thrown.
5/14/2010 9:29 PM : lookForMedia2 Exception of type 'System.OutOfMemoryException' was thrown.
5/14/2010 9:29 PM : lookForMedia2 Exception of type 'System.OutOfMemoryException' was thrown.
5/14/2010 9:29 PM : lookForMedia2 Exception of type 'System.OutOfMemoryException' was thrown.
5/14/2010 9:29 PM : lookForMedia2 Exception of type 'System.OutOfMemoryException' was thrown.
5/14/2010 9:29 PM : lookForMedia2 Exception of type 'System.OutOfMemoryException' was thrown.
5/14/2010 9:29 PM : lookForMedia2 Exception of type 'System.OutOfMemoryException' was thrown.
5/14/2010 9:29 PM : lookForMedia2 Exception of type 'System.OutOfMemoryException' was thrown.
5/14/2010 9:29 PM : lookForMedia2 Exception of type 'System.OutOfMemoryException' was thrown.
5/14/2010 9:29 PM : lookForMedia2 Exception of type 'System.OutOfMemoryException' was thrown.
5/14/2010 9:29 PM : lookForMedia2 Exception of type 'System.OutOfMemoryException' was thrown.
5/14/2010 9:29 PM : lookForMedia2 Exception of type 'System.OutOfMemoryException' was thrown.
5/14/2010 9:29 PM : lookForMedia error: The operation has timed out
5/14/2010 9:30 PM : lookForMedia error: The operation has timed out
5/14/2010 9:30 PM : lookForMedia error: The operation has timed out
5/14/2010 9:30 PM : lookForMedia error: The operation has timed out
5/14/2010 9:30 PM : lookForMedia error: The operation has timed out
5/14/2010 9:30 PM : lookForMedia error: The operation has timed out
5/14/2010 9:30 PM : lookForMedia error: The operation has timed out
5/14/2010 9:30 PM : lookForMedia error: The operation has timed out
5/14/2010 9:30 PM : lookForMedia2 Exception of type 'System.OutOfMemoryException' was thrown.
5/14/2010 9:30 PM : lookForMedia error: The operation has timed out
5/14/2010 9:30 PM : lookForMedia error: The operation has timed out
5/14/2010 9:30 PM : lookForMedia error: The operation has timed out
5/14/2010 9:30 PM : lookForMedia error: The operation has timed out
5/14/2010 9:30 PM : lookForMedia error: The operation has timed out
5/14/2010 9:30 PM : lookForMedia2 Exception of type 'System.OutOfMemoryException' was thrown.
5/14/2010 9:30 PM : lookForMedia error: The operation has timed out
5/14/2010 9:30 PM : lookForMedia error: The operation has timed out
5/14/2010 9:30 PM : lookForMedia2 Exception of type 'System.OutOfMemoryException' was thrown.
5/14/2010 9:30 PM : lookForMedia2 Exception of type 'System.OutOfMemoryException' was thrown.
5/14/2010 9:30 PM : lookForMedia2 Exception of type 'System.OutOfMemoryException' was thrown.
5/14/2010 9:30 PM : lookForMedia2 Exception of type 'System.OutOfMemoryException' was thrown.
5/14/2010 9:30 PM : lookForMedia2 Exception of type 'System.OutOfMemoryException' was thrown.
5/14/2010 9:30 PM : lookForMedia2 Exception of type 'System.OutOfMemoryException' was thrown.
5/14/2010 9:30 PM : lookForMedia2 Exception of type 'System.OutOfMemoryException' was thrown.
5/14/2010 9:30 PM : lookForMedia2 Exception of type 'System.OutOfMemoryException' was thrown.
5/14/2010 9:30 PM : lookForMedia2 Exception of type 'System.OutOfMemoryException' was thrown.
5/14/2010 9:30 PM : lookForMedia2 Exception of type 'System.OutOfMemoryException' was thrown.
5/14/2010 9:30 PM : lookForMedia2 Exception of type 'System.OutOfMemoryException' was thrown.
5/14/2010 9:30 PM : lookForMedia2 Exception of type 'System.OutOfMemoryException' was thrown.
5/14/2010 9:30 PM : lookForMedia2 Exception of type 'System.OutOfMemoryException' was thrown.
5/14/2010 9:30 PM : lookForMedia2 Exception of type 'System.OutOfMemoryException' was thrown.
5/14/2010 9:30 PM : lookForMedia2 Exception of type 'System.OutOfMemoryException' was thrown.
5/14/2010 9:30 PM : lookForMedia2 Exception of type 'System.OutOfMemoryException' was thrown.
5/14/2010 9:30 PM : lookForMedia2 Exception of type 'System.OutOfMemoryException' was thrown.
5/14/2010 9:30 PM : lookForMedia2 Exception of type 'System.OutOfMemoryException' was thrown.
5/14/2010 9:30 PM : lookForMedia2 Exception of type 'System.OutOfMemoryException' was thrown.
5/14/2010 9:30 PM : lookForMedia2 Exception of type 'System.OutOfMemoryException' was thrown.
5/14/2010 9:30 PM : lookForMedia2 Exception of type 'System.OutOfMemoryException' was thrown.
5/14/2010 9:30 PM : lookForMedia2 Exception of type 'System.OutOfMemoryException' was thrown.
5/14/2010 9:30 PM : lookForMedia2 Exception of type 'System.OutOfMemoryException' was thrown.
5/14/2010 9:30 PM : lookForMedia2 Exception of type 'System.OutOfMemoryException' was thrown.
5/14/2010 9:30 PM : lookForMedia2 Exception of type 'System.OutOfMemoryException' was thrown.
5/14/2010 9:30 PM : lookForMedia2 Exception of type 'System.OutOfMemoryException' was thrown.
5/14/2010 9:30 PM : lookForMedia2 Exception of type 'System.OutOfMemoryException' was thrown.
5/14/2010 9:30 PM : lookForMedia2 Exception of type 'System.OutOfMemoryException' was thrown.
5/14/2010 9:30 PM : lookForMedia2 Exception of type 'System.OutOfMemoryException' was thrown.
5/14/2010 9:30 PM : lookForMedia2 Exception of type 'System.OutOfMemoryException' was thrown.
5/14/2010 9:30 PM : lookForMedia2 Exception of type 'System.OutOfMemoryException' was thrown.
5/14/2010 9:30 PM : lookForMedia2 Exception of type 'System.OutOfMemoryException' was thrown.
5/14/2010 9:30 PM : lookForMedia2 Exception of type 'System.OutOfMemoryException' was thrown.
5/14/2010 9:30 PM : lookForMedia2 Exception of type 'System.OutOfMemoryException' was thrown.
5/14/2010 9:30 PM : lookForMedia2 Exception of type 'System.OutOfMemoryException' was thrown.
5/14/2010 9:30 PM : lookForMedia2 Exception of type 'System.OutOfMemoryException' was thrown.
5/14/2010 9:30 PM : lookForMedia2 Exception of type 'System.OutOfMemoryException' was thrown.
5/14/2010 9:30 PM : lookForMedia2 Exception of type 'System.OutOfMemoryException' was thrown.
5/14/2010 9:30 PM : lookForMedia2 Exception of type 'System.OutOfMemoryException' was thrown.
5/14/2010 9:30 PM : lookForMedia2 Exception of type 'System.OutOfMemoryException' was thrown.
5/14/2010 9:30 PM : lookForMedia2 Exception of type 'System.OutOfMemoryException' was thrown.
5/14/2010 9:30 PM : lookForMedia2 Exception of type 'System.OutOfMemoryException' was thrown.
5/14/2010 9:30 PM : lookForMedia2 Exception of type 'System.OutOfMemoryException' was thrown.
5/14/2010 9:30 PM : lookForMedia2 Exception of type 'System.OutOfMemoryException' was thrown.
5/14/2010 9:30 PM : lookForMedia2 Exception of type 'System.OutOfMemoryException' was thrown.
5/14/2010 9:30 PM : lookForMedia2 Exception of type 'System.OutOfMemoryException' was thrown.
5/14/2010 9:30 PM : lookForMedia2 Exception of type 'System.OutOfMemoryException' was thrown.
5/14/2010 9:30 PM : lookForMedia2 Exception of type 'System.OutOfMemoryException' was thrown.
5/14/2010 9:30 PM : lookForMedia2 Exception of type 'System.OutOfMemoryException' was thrown.
5/14/2010 9:30 PM : lookForMedia2 Exception of type 'System.OutOfMemoryException' was thrown.
5/14/2010 9:30 PM : lookForMedia2 Exception of type 'System.OutOfMemoryException' was thrown.
5/14/2010 9:30 PM : lookForMedia2 Exception of type 'System.OutOfMemoryException' was thrown.
5/14/2010 9:30 PM : lookForMedia2 Exception of type 'System.OutOfMemoryException' was thrown.
5/14/2010 9:30 PM : lookForMedia error: The operation has timed out
5/14/2010 9:31 PM : lookForMedia2 Exception of type 'System.OutOfMemoryException' was thrown.
5/14/2010 9:31 PM : lookForMedia error: The operation has timed out
5/14/2010 9:31 PM : lookForMedia error: The operation has timed out
5/14/2010 9:31 PM : lookForMedia2 Exception of type 'System.OutOfMemoryException' was thrown.
5/14/2010 9:31 PM : lookForMedia2 Exception of type 'System.OutOfMemoryException' was thrown.
5/14/2010 9:31 PM : lookForMedia2 Exception of type 'System.OutOfMemoryException' was thrown.
5/14/2010 9:31 PM : lookForMedia2 Exception of type 'System.OutOfMemoryException' was thrown.
5/14/2010 9:31 PM : lookForMedia2 Exception of type 'System.OutOfMemoryException' was thrown.
5/14/2010 9:31 PM : lookForMedia2 Exception of type 'System.OutOfMemoryException' was thrown.
5/14/2010 9:31 PM : lookForMedia2 Exception of type 'System.OutOfMemoryException' was thrown.
5/14/2010 9:31 PM : lookForMedia2 Exception of type 'System.OutOfMemoryException' was thrown.
5/14/2010 9:31 PM : lookForMedia2 Exception of type 'System.OutOfMemoryException' was thrown.
5/14/2010 9:31 PM : lookForMedia2 Exception of type 'System.OutOfMemoryException' was thrown.
5/14/2010 9:31 PM : lookForMedia2 Exception of type 'System.OutOfMemoryException' was thrown.
5/14/2010 9:31 PM : lookForMedia2 Exception of type 'System.OutOfMemoryException' was thrown.
5/14/2010 9:31 PM : lookForMedia2 Exception of type 'System.OutOfMemoryException' was thrown.
5/14/2010 9:31 PM : lookForMedia2 Exception of type 'System.OutOfMemoryException' was thrown.
5/14/2010 9:31 PM : lookForMedia2 Exception of type 'System.OutOfMemoryException' was thrown.
5/14/2010 9:31 PM : lookForMedia2 Exception of type 'System.OutOfMemoryException' was thrown.
5/14/2010 9:31 PM : lookForMedia2 Exception of type 'System.OutOfMemoryException' was thrown.
5/14/2010 9:31 PM : lookForMedia2 Exception of type 'System.OutOfMemoryException' was thrown.
5/14/2010 9:31 PM : lookForMedia2 Exception of type 'System.OutOfMemoryException' was thrown.
5/14/2010 9:31 PM : lookForMedia2 Exception of type 'System.OutOfMemoryException' was thrown.
5/14/2010 9:31 PM : lookForMedia2 Exception of type 'System.OutOfMemoryException' was thrown.
5/14/2010 9:31 PM : lookForMedia2 Exception of type 'System.OutOfMemoryException' was thrown.
5/14/2010 9:31 PM : lookForMedia2 Exception of type 'System.OutOfMemoryException' was thrown.
5/14/2010 9:31 PM : lookForMedia2 Exception of type 'System.OutOfMemoryException' was thrown.
5/14/2010 9:31 PM : lookForMedia2 Exception of type 'System.OutOfMemoryException' was thrown.
5/14/2010 9:31 PM : lookForMedia2 Exception of type 'System.OutOfMemoryException' was thrown.
5/14/2010 9:31 PM : lookForMedia2 Exception of type 'System.OutOfMemoryException' was thrown.
5/14/2010 9:31 PM : lookForMedia2 Exception of type 'System.OutOfMemoryException' was thrown.
5/14/2010 9:31 PM : lookForMedia2 Exception of type 'System.OutOfMemoryException' was thrown.
5/14/2010 9:31 PM : lookForMedia2 Exception of type 'System.OutOfMemoryException' was thrown.
5/14/2010 9:31 PM : lookForMedia2 Exception of type 'System.OutOfMemoryException' was thrown.
5/14/2010 9:31 PM : lookForMedia2 Exception of type 'System.OutOfMemoryException' was thrown.
5/14/2010 9:31 PM : lookForMedia2 Exception of type 'System.OutOfMemoryException' was thrown.
5/14/2010 9:31 PM : lookForMedia2 Exception of type 'System.OutOfMemoryException' was thrown.
5/14/2010 9:31 PM : lookForMedia2 Exception of type 'System.OutOfMemoryException' was thrown.
5/14/2010 9:31 PM : lookForMedia2 Exception of type 'System.OutOfMemoryException' was thrown.
5/14/2010 9:31 PM : lookForMedia2 Exception of type 'System.OutOfMemoryException' was thrown.
5/14/2010 9:31 PM : lookForMedia2 Exception of type 'System.OutOfMemoryException' was thrown.
5/14/2010 9:31 PM : lookForMedia2 Exception of type 'System.OutOfMemoryException' was thrown.
5/14/2010 9:31 PM : lookForMedia2 Exception of type 'System.OutOfMemoryException' was thrown.
5/14/2010 9:31 PM : lookForMedia2 Exception of type 'System.OutOfMemoryException' was thrown.
5/14/2010 9:31 PM : lookForMedia2 Exception of type 'System.OutOfMemoryException' was thrown.
5/14/2010 9:31 PM : lookForMedia2 Exception of type 'System.OutOfMemoryException' was thrown.
5/14/2010 9:31 PM : lookForMedia2 Exception of type 'System.OutOfMemoryException' was thrown.
5/14/2010 9:31 PM : lookForMedia2 Exception of type 'System.OutOfMemoryException' was thrown.
5/14/2010 9:31 PM : lookForMedia2 Exception of type 'System.OutOfMemoryException' was thrown.
5/14/2010 9:32 PM : lookForMedia2 Exception of type 'System.OutOfMemoryException' was thrown.
5/14/2010 9:32 PM : lookForMedia2 Exception of type 'System.OutOfMemoryException' was thrown.
5/14/2010 9:32 PM : lookForMedia2 Exception of type 'System.OutOfMemoryException' was thrown.
5/14/2010 9:32 PM : lookForMedia2 Exception of type 'System.OutOfMemoryException' was thrown.
5/14/2010 9:32 PM : lookForMedia2 Exception of type 'System.OutOfMemoryException' was thrown.
5/14/2010 9:33 PM : lookForMedia2 Exception of type 'System.OutOfMemoryException' was thrown.
5/14/2010 9:35 PM : lookForMedia2 Exception of type 'System.OutOfMemoryException' was thrown.
5/14/2010 9:35 PM : lookForMedia error: The operation has timed out
5/14/2010 9:35 PM : lookForMedia error: The operation has timed out
5/14/2010 9:35 PM : lookForMedia error: The operation has timed out
5/14/2010 9:35 PM : lookForMedia error: The operation has timed out
5/14/2010 9:35 PM : lookForMedia error: The operation has timed out
5/14/2010 9:35 PM : lookForMedia error: The operation has timed out
5/14/2010 9:35 PM : lookForMedia error: The operation has timed out
5/14/2010 9:35 PM : lookForMedia error: The operation has timed out
5/14/2010 9:35 PM : lookForMedia error: The operation has timed out
5/14/2010 9:35 PM : lookForMedia error: The operation has timed out
5/14/2010 9:35 PM : lookForMedia error: The operation has timed out
5/14/2010 9:35 PM : lookForMedia error: The operation has timed out
5/14/2010 9:35 PM : lookForMedia2 Exception of type 'System.OutOfMemoryException' was thrown.
5/14/2010 9:35 PM : lookForMedia error: The operation has timed out
5/14/2010 9:35 PM : lookForMedia error: The operation has timed out
5/14/2010 9:35 PM : lookForMedia error: The operation has timed out
5/14/2010 9:36 PM : lookForMedia error: The operation has timed out
5/14/2010 9:36 PM : lookForMedia error: The operation has timed out
5/14/2010 9:36 PM : lookForMedia error: The operation has timed out
5/14/2010 9:36 PM : lookForMedia2 Exception of type 'System.OutOfMemoryException' was thrown.
5/14/2010 9:37 PM : lookForMedia error: The operation has timed out
5/14/2010 9:37 PM : lookForMedia error: The operation has timed out
5/14/2010 9:37 PM : lookForMedia error: The operation has timed out
5/14/2010 9:37 PM : lookForMedia error: The operation has timed out
5/14/2010 9:37 PM : lookForMedia2 Exception of type 'System.OutOfMemoryException' was thrown.
5/14/2010 9:37 PM : lookForMedia2 Exception of type 'System.OutOfMemoryException' was thrown.
5/14/2010 9:37 PM : Speech is probably not installed Creating an instance of the COM component with CLSID {47206204-5ECA-11D2-960F-00C04F8EE628} from the IClassFactory failed due to the following error: 8004503a.
5/14/2010 9:37 PM : sctv file load: Object reference not set to an instance of an object.
5/14/2010 9:37 PM : sctv load character didn't load path: C:\Program Files\SCTech\SCTech - SCTV\config\speech\vocab\characters\wartnose.acs
5/14/2010 9:37 PM : sctv file load: Object reference not set to an instance of an object.
5/14/2010 9:38 PM : tcMediaTypes.TabPages.clear() Object reference not set to an instance of an object.
5/15/2010 4:46 AM : lookForMedia error: Index was out of range. Must be non-negative and less than the size of the collection.
Parameter name: index
5/15/2010 4:46 AM : lookForMedia error: Index was out of range. Must be non-negative and less than the size of the collection.
Parameter name: index
5/15/2010 4:46 AM : lookForMedia error: Index was out of range. Must be non-negative and less than the size of the collection.
Parameter name: index
5/15/2010 4:46 AM : lookForMedia error: The remote server returned an error: (404) Not Found.
5/15/2010 4:46 AM : lookForMedia error: Index was out of range. Must be non-negative and less than the size of the collection.
Parameter name: index
5/15/2010 4:46 AM : lookForMedia error: The remote server returned an error: (404) Not Found.
5/15/2010 4:46 AM : lookForMedia error: The path is not of a legal form.
5/15/2010 4:46 AM : lookForMedia error: The remote server returned an error: (404) Not Found.
5/15/2010 4:46 AM : lookForMedia error: Index was out of range. Must be non-negative and less than the size of the collection.
Parameter name: index
5/15/2010 4:46 AM : lookForMedia error: Index was out of range. Must be non-negative and less than the size of the collection.
Parameter name: index
5/15/2010 4:46 AM : lookForMedia error: The remote server returned an error: (404) Not Found.
5/15/2010 4:47 AM : lookForMedia error: The remote server returned an error: (404) Not Found.
5/15/2010 4:47 AM : lookForMedia error: Index was out of range. Must be non-negative and less than the size of the collection.
Parameter name: index
5/15/2010 4:47 AM : lookForMedia error: The remote server returned an error: (404) Not Found.
5/15/2010 4:47 AM : lookForMedia error: Index was out of range. Must be non-negative and less than the size of the collection.
Parameter name: index
5/15/2010 4:47 AM : lookForMedia error: Index was out of range. Must be non-negative and less than the size of the collection.
Parameter name: index
5/15/2010 4:47 AM : lookForMedia error: Index was out of range. Must be non-negative and less than the size of the collection.
Parameter name: index
5/15/2010 4:47 AM : lookForMedia error: Index was out of range. Must be non-negative and less than the size of the collection.
Parameter name: index
5/15/2010 4:47 AM : lookForMedia error: Index was out of range. Must be non-negative and less than the size of the collection.
Parameter name: index
5/15/2010 4:47 AM : lookForMedia error: Index was out of range. Must be non-negative and less than the size of the collection.
Parameter name: index
5/15/2010 4:47 AM : lookForMedia error: Index was out of range. Must be non-negative and less than the size of the collection.
Parameter name: index
5/15/2010 4:47 AM : lookForMedia error: The remote server returned an error: (404) Not Found.
5/15/2010 4:47 AM : lookForMedia error: Index was out of range. Must be non-negative and less than the size of the collection.
Parameter name: index
5/15/2010 4:47 AM : lookForMedia error: Index was out of range. Must be non-negative and less than the size of the collection.
Parameter name: index
5/15/2010 4:47 AM : lookForMedia error: Index was out of range. Must be non-negative and less than the size of the collection.
Parameter name: index
5/15/2010 4:48 AM : lookForMedia error: Index was out of range. Must be non-negative and less than the size of the collection.
Parameter name: index
5/15/2010 4:48 AM : lookForMedia error: Index was out of range. Must be non-negative and less than the size of the collection.
Parameter name: index
5/15/2010 4:48 AM : lookForMedia error: Index was out of range. Must be non-negative and less than the size of the collection.
Parameter name: index
5/15/2010 4:48 AM : lookForMedia error: Index was out of range. Must be non-negative and less than the size of the collection.
Parameter name: index
5/15/2010 4:48 AM : lookForMedia error: Index was out of range. Must be non-negative and less than the size of the collection.
Parameter name: index
5/15/2010 4:48 AM : lookForMedia error: Index was out of range. Must be non-negative and less than the size of the collection.
Parameter name: index
5/15/2010 4:48 AM : lookForMedia error: Index was out of range. Must be non-negative and less than the size of the collection.
Parameter name: index
5/15/2010 4:48 AM : lookForMedia error: Index was out of range. Must be non-negative and less than the size of the collection.
Parameter name: index
5/15/2010 4:48 AM : lookForMedia error: Index was out of range. Must be non-negative and less than the size of the collection.
Parameter name: index
5/15/2010 4:48 AM : lookForMedia error: Index was out of range. Must be non-negative and less than the size of the collection.
Parameter name: index
5/15/2010 4:48 AM : lookForMedia error: Index was out of range. Must be non-negative and less than the size of the collection.
Parameter name: index
5/15/2010 4:48 AM : lookForMedia error: Index was out of range. Must be non-negative and less than the size of the collection.
Parameter name: index
5/15/2010 4:48 AM : lookForMedia error: Index was out of range. Must be non-negative and less than the size of the collection.
Parameter name: index
5/15/2010 4:48 AM : lookForMedia error: Index was out of range. Must be non-negative and less than the size of the collection.
Parameter name: index
5/15/2010 4:48 AM : lookForMedia error: Index was out of range. Must be non-negative and less than the size of the collection.
Parameter name: index
5/15/2010 4:48 AM : lookForMedia error: Index was out of range. Must be non-negative and less than the size of the collection.
Parameter name: index
5/15/2010 4:48 AM : lookForMedia error: Index was out of range. Must be non-negative and less than the size of the collection.
Parameter name: index
5/15/2010 4:48 AM : lookForMedia error: Index was out of range. Must be non-negative and less than the size of the collection.
Parameter name: index
5/15/2010 4:48 AM : lookForMedia error: Index was out of range. Must be non-negative and less than the size of the collection.
Parameter name: index
5/15/2010 4:48 AM : lookForMedia error: Index was out of range. Must be non-negative and less than the size of the collection.
Parameter name: index
5/15/2010 4:48 AM : lookForMedia error: Index was out of range. Must be non-negative and less than the size of the collection.
Parameter name: index
5/15/2010 4:48 AM : lookForMedia error: Index was out of range. Must be non-negative and less than the size of the collection.
Parameter name: index
5/15/2010 4:48 AM : lookForMedia error: Index was out of range. Must be non-negative and less than the size of the collection.
Parameter name: index
5/15/2010 4:48 AM : lookForMedia error: Index was out of range. Must be non-negative and less than the size of the collection.
Parameter name: index
5/15/2010 4:48 AM : lookForMedia error: Index was out of range. Must be non-negative and less than the size of the collection.
Parameter name: index
5/15/2010 4:48 AM : lookForMedia error: Index was out of range. Must be non-negative and less than the size of the collection.
Parameter name: index
5/15/2010 4:48 AM : lookForMedia error: Index was out of range. Must be non-negative and less than the size of the collection.
Parameter name: index
5/15/2010 4:48 AM : lookForMedia error: Index was out of range. Must be non-negative and less than the size of the collection.
Parameter name: index
5/15/2010 4:48 AM : lookForMedia error: Index was out of range. Must be non-negative and less than the size of the collection.
Parameter name: index
5/15/2010 4:48 AM : lookForMedia error: Index was out of range. Must be non-negative and less than the size of the collection.
Parameter name: index
5/15/2010 4:48 AM : lookForMedia error: Index was out of range. Must be non-negative and less than the size of the collection.
Parameter name: index
5/15/2010 4:48 AM : lookForMedia error: Index was out of range. Must be non-negative and less than the size of the collection.
Parameter name: index
5/15/2010 4:48 AM : lookForMedia error: Index was out of range. Must be non-negative and less than the size of the collection.
Parameter name: index
5/15/2010 4:48 AM : lookForMedia error: Index was out of range. Must be non-negative and less than the size of the collection.
Parameter name: index
5/15/2010 4:48 AM : lookForMedia error: Index was out of range. Must be non-negative and less than the size of the collection.
Parameter name: index
5/15/2010 4:48 AM : lookForMedia error: Index was out of range. Must be non-negative and less than the size of the collection.
Parameter name: index
5/15/2010 4:48 AM : lookForMedia error: Index was out of range. Must be non-negative and less than the size of the collection.
Parameter name: index
5/15/2010 4:48 AM : lookForMedia error: Index was out of range. Must be non-negative and less than the size of the collection.
Parameter name: index
5/15/2010 4:49 AM : lookForMedia error: Index was out of range. Must be non-negative and less than the size of the collection.
Parameter name: index
5/15/2010 4:49 AM : lookForMedia error: Index was out of range. Must be non-negative and less than the size of the collection.
Parameter name: index
5/15/2010 4:49 AM : lookForMedia error: Index was out of range. Must be non-negative and less than the size of the collection.
Parameter name: index
5/15/2010 4:49 AM : lookForMedia error: Index was out of range. Must be non-negative and less than the size of the collection.
Parameter name: index
5/15/2010 4:49 AM : lookForMedia error: Index was out of range. Must be non-negative and less than the size of the collection.
Parameter name: index
5/15/2010 4:49 AM : lookForMedia error: Index was out of range. Must be non-negative and less than the size of the collection.
Parameter name: index
5/15/2010 4:49 AM : lookForMedia error: Index was out of range. Must be non-negative and less than the size of the collection.
Parameter name: index
5/15/2010 4:49 AM : lookForMedia error: Index was out of range. Must be non-negative and less than the size of the collection.
Parameter name: index
5/15/2010 4:49 AM : lookForMedia error: Index was out of range. Must be non-negative and less than the size of the collection.
Parameter name: index
5/15/2010 4:49 AM : lookForMedia error: Index was out of range. Must be non-negative and less than the size of the collection.
Parameter name: index
5/15/2010 4:49 AM : lookForMedia error: Index was out of range. Must be non-negative and less than the size of the collection.
Parameter name: index
5/15/2010 4:49 AM : lookForMedia error: Index was out of range. Must be non-negative and less than the size of the collection.
Parameter name: index
5/15/2010 4:49 AM : lookForMedia error: Index was out of range. Must be non-negative and less than the size of the collection.
Parameter name: index
5/15/2010 4:49 AM : lookForMedia error: Index was out of range. Must be non-negative and less than the size of the collection.
Parameter name: index
5/15/2010 4:49 AM : lookForMedia error: Index was out of range. Must be non-negative and less than the size of the collection.
Parameter name: index
5/15/2010 4:49 AM : lookForMedia error: Index was out of range. Must be non-negative and less than the size of the collection.
Parameter name: index
5/15/2010 4:49 AM : lookForMedia error: Index was out of range. Must be non-negative and less than the size of the collection.
Parameter name: index
5/15/2010 4:49 AM : lookForMedia error: Index was out of range. Must be non-negative and less than the size of the collection.
Parameter name: index
5/15/2010 4:49 AM : lookForMedia error: Index was out of range. Must be non-negative and less than the size of the collection.
Parameter name: index
5/15/2010 4:49 AM : lookForMedia error: Index was out of range. Must be non-negative and less than the size of the collection.
Parameter name: index
5/15/2010 4:49 AM : lookForMedia error: Index was out of range. Must be non-negative and less than the size of the collection.
Parameter name: index
5/15/2010 4:49 AM : lookForMedia error: Index was out of range. Must be non-negative and less than the size of the collection.
Parameter name: index
5/15/2010 4:49 AM : lookForMedia error: Index was out of range. Must be non-negative and less than the size of the collection.
Parameter name: index
5/15/2010 4:49 AM : lookForMedia error: Index was out of range. Must be non-negative and less than the size of the collection.
Parameter name: index
5/15/2010 4:49 AM : lookForMedia error: Index was out of range. Must be non-negative and less than the size of the collection.
Parameter name: index
5/15/2010 4:49 AM : lookForMedia error: Index was out of range. Must be non-negative and less than the size of the collection.
Parameter name: index
5/15/2010 4:49 AM : lookForMedia error: Index was out of range. Must be non-negative and less than the size of the collection.
Parameter name: index
5/15/2010 4:49 AM : lookForMedia error: Index was out of range. Must be non-negative and less than the size of the collection.
Parameter name: index
5/15/2010 4:49 AM : lookForMedia error: Index was out of range. Must be non-negative and less than the size of the collection.
Parameter name: index
5/15/2010 4:49 AM : lookForMedia error: Index was out of range. Must be non-negative and less than the size of the collection.
Parameter name: index
5/15/2010 4:49 AM : lookForMedia error: Index was out of range. Must be non-negative and less than the size of the collection.
Parameter name: index
5/15/2010 4:49 AM : lookForMedia error: Index was out of range. Must be non-negative and less than the size of the collection.
Parameter name: index
5/15/2010 4:49 AM : lookForMedia error: Index was out of range. Must be non-negative and less than the size of the collection.
Parameter name: index
5/15/2010 4:49 AM : lookForMedia error: Index was out of range. Must be non-negative and less than the size of the collection.
Parameter name: index
5/15/2010 4:49 AM : lookForMedia error: Index was out of range. Must be non-negative and less than the size of the collection.
Parameter name: index
5/15/2010 4:49 AM : lookForMedia error: Index was out of range. Must be non-negative and less than the size of the collection.
Parameter name: index
5/15/2010 4:49 AM : lookForMedia error: Index was out of range. Must be non-negative and less than the size of the collection.
Parameter name: index
5/15/2010 4:49 AM : lookForMedia error: Index was out of range. Must be non-negative and less than the size of the collection.
Parameter name: index
5/15/2010 4:49 AM : lookForMedia error: Index was out of range. Must be non-negative and less than the size of the collection.
Parameter name: index
5/15/2010 4:50 AM : lookForMedia error: Index was out of range. Must be non-negative and less than the size of the collection.
Parameter name: index
5/15/2010 4:50 AM : lookForMedia error: Index was out of range. Must be non-negative and less than the size of the collection.
Parameter name: index
5/15/2010 4:50 AM : lookForMedia error: Index was out of range. Must be non-negative and less than the size of the collection.
Parameter name: index
5/15/2010 4:50 AM : lookForMedia error: Index was out of range. Must be non-negative and less than the size of the collection.
Parameter name: index
5/15/2010 4:50 AM : lookForMedia error: Index was out of range. Must be non-negative and less than the size of the collection.
Parameter name: index
5/15/2010 4:50 AM : lookForMedia error: Index was out of range. Must be non-negative and less than the size of the collection.
Parameter name: index
5/15/2010 4:50 AM : lookForMedia error: Index was out of range. Must be non-negative and less than the size of the collection.
Parameter name: index
5/15/2010 4:50 AM : lookForMedia error: Index was out of range. Must be non-negative and less than the size of the collection.
Parameter name: index
5/15/2010 4:50 AM : lookForMedia error: Index was out of range. Must be non-negative and less than the size of the collection.
Parameter name: index
5/15/2010 4:50 AM : lookForMedia error: Index was out of range. Must be non-negative and less than the size of the collection.
Parameter name: index
5/15/2010 4:50 AM : lookForMedia error: Index was out of range. Must be non-negative and less than the size of the collection.
Parameter name: index
5/15/2010 4:50 AM : lookForMedia error: Index was out of range. Must be non-negative and less than the size of the collection.
Parameter name: index
5/15/2010 4:50 AM : lookForMedia error: Index was out of range. Must be non-negative and less than the size of the collection.
Parameter name: index
5/15/2010 4:50 AM : lookForMedia error: Index was out of range. Must be non-negative and less than the size of the collection.
Parameter name: index
5/15/2010 4:50 AM : lookForMedia error: Index was out of range. Must be non-negative and less than the size of the collection.
Parameter name: index
5/15/2010 4:50 AM : lookForMedia error: Index was out of range. Must be non-negative and less than the size of the collection.
Parameter name: index
5/15/2010 4:50 AM : lookForMedia error: Index was out of range. Must be non-negative and less than the size of the collection.
Parameter name: index
5/15/2010 4:50 AM : lookForMedia error: Index was out of range. Must be non-negative and less than the size of the collection.
Parameter name: index
5/15/2010 4:50 AM : lookForMedia error: Index was out of range. Must be non-negative and less than the size of the collection.
Parameter name: index
5/15/2010 4:50 AM : lookForMedia error: Index was out of range. Must be non-negative and less than the size of the collection.
Parameter name: index
5/15/2010 4:50 AM : lookForMedia error: Index was out of range. Must be non-negative and less than the size of the collection.
Parameter name: index
5/15/2010 4:50 AM : lookForMedia error: Index was out of range. Must be non-negative and less than the size of the collection.
Parameter name: index
5/15/2010 4:50 AM : lookForMedia error: Index was out of range. Must be non-negative and less than the size of the collection.
Parameter name: index
5/15/2010 4:50 AM : lookForMedia error: Index was out of range. Must be non-negative and less than the size of the collection.
Parameter name: index
5/15/2010 4:50 AM : lookForMedia error: Index was out of range. Must be non-negative and less than the size of the collection.
Parameter name: index
5/15/2010 4:50 AM : lookForMedia error: Index was out of range. Must be non-negative and less than the size of the collection.
Parameter name: index
5/15/2010 4:50 AM : lookForMedia error: Index was out of range. Must be non-negative and less than the size of the collection.
Parameter name: index
5/15/2010 4:50 AM : lookForMedia error: Index was out of range. Must be non-negative and less than the size of the collection.
Parameter name: index
5/15/2010 4:50 AM : lookForMedia error: Index was out of range. Must be non-negative and less than the size of the collection.
Parameter name: index
5/15/2010 4:50 AM : lookForMedia error: Index was out of range. Must be non-negative and less than the size of the collection.
Parameter name: index
5/15/2010 4:50 AM : lookForMedia error: Index was out of range. Must be non-negative and less than the size of the collection.
Parameter name: index
5/15/2010 4:50 AM : lookForMedia error: Index was out of range. Must be non-negative and less than the size of the collection.
Parameter name: index
5/15/2010 4:50 AM : lookForMedia error: Index was out of range. Must be non-negative and less than the size of the collection.
Parameter name: index
5/15/2010 4:50 AM : lookForMedia error: Index was out of range. Must be non-negative and less than the size of the collection.
Parameter name: index
5/15/2010 4:50 AM : lookForMedia error: Index was out of range. Must be non-negative and less than the size of the collection.
Parameter name: index
5/15/2010 4:50 AM : lookForMedia error: Index was out of range. Must be non-negative and less than the size of the collection.
Parameter name: index
5/15/2010 4:50 AM : lookForMedia error: Index was out of range. Must be non-negative and less than the size of the collection.
Parameter name: index
5/15/2010 4:50 AM : lookForMedia error: Index was out of range. Must be non-negative and less than the size of the collection.
Parameter name: index
5/15/2010 4:50 AM : lookForMedia error: Index was out of range. Must be non-negative and less than the size of the collection.
Parameter name: index
5/15/2010 4:50 AM : lookForMedia error: Index was out of range. Must be non-negative and less than the size of the collection.
Parameter name: index
5/15/2010 4:50 AM : lookForMedia error: Index was out of range. Must be non-negative and less than the size of the collection.
Parameter name: index
5/15/2010 4:50 AM : lookForMedia error: Index was out of range. Must be non-negative and less than the size of the collection.
Parameter name: index
5/15/2010 4:50 AM : lookForMedia error: Index was out of range. Must be non-negative and less than the size of the collection.
Parameter name: index
5/15/2010 4:50 AM : lookForMedia error: Index was out of range. Must be non-negative and less than the size of the collection.
Parameter name: index
5/15/2010 4:50 AM : lookForMedia error: Index was out of range. Must be non-negative and less than the size of the collection.
Parameter name: index
5/15/2010 4:50 AM : lookForMedia error: Index was out of range. Must be non-negative and less than the size of the collection.
Parameter name: index
5/15/2010 4:50 AM : lookForMedia error: Index was out of range. Must be non-negative and less than the size of the collection.
Parameter name: index
5/15/2010 4:50 AM : lookForMedia error: Index was out of range. Must be non-negative and less than the size of the collection.
Parameter name: index
5/15/2010 4:50 AM : lookForMedia error: Index was out of range. Must be non-negative and less than the size of the collection.
Parameter name: index
5/15/2010 4:50 AM : lookForMedia error: Index was out of range. Must be non-negative and less than the size of the collection.
Parameter name: index
5/15/2010 4:50 AM : lookForMedia error: Index was out of range. Must be non-negative and less than the size of the collection.
Parameter name: index
5/15/2010 4:50 AM : lookForMedia error: Index was out of range. Must be non-negative and less than the size of the collection.
Parameter name: index
5/15/2010 4:50 AM : lookForMedia error: Index was out of range. Must be non-negative and less than the size of the collection.
Parameter name: index
5/15/2010 4:50 AM : lookForMedia error: Index was out of range. Must be non-negative and less than the size of the collection.
Parameter name: index
5/15/2010 4:51 AM : lookForMedia error: Index was out of range. Must be non-negative and less than the size of the collection.
Parameter name: index
5/15/2010 4:51 AM : lookForMedia error: Index was out of range. Must be non-negative and less than the size of the collection.
Parameter name: index
5/15/2010 4:51 AM : lookForMedia error: Index was out of range. Must be non-negative and less than the size of the collection.
Parameter name: index
5/15/2010 4:51 AM : lookForMedia error: Index was out of range. Must be non-negative and less than the size of the collection.
Parameter name: index
5/15/2010 4:51 AM : lookForMedia error: Index was out of range. Must be non-negative and less than the size of the collection.
Parameter name: index
5/15/2010 4:55 AM : lookForMedia error: Index was out of range. Must be non-negative and less than the size of the collection.
Parameter name: index
5/15/2010 4:55 AM : lookForMedia error: Index was out of range. Must be non-negative and less than the size of the collection.
Parameter name: index
5/15/2010 4:55 AM : lookForMedia error: Index was out of range. Must be non-negative and less than the size of the collection.
Parameter name: index
5/15/2010 4:55 AM : lookForMedia error: Index was out of range. Must be non-negative and less than the size of the collection.
Parameter name: index
5/15/2010 4:55 AM : lookForMedia error: Index was out of range. Must be non-negative and less than the size of the collection.
Parameter name: index
5/15/2010 4:55 AM : lookForMedia error: Index was out of range. Must be non-negative and less than the size of the collection.
Parameter name: index
5/15/2010 4:55 AM : lookForMedia error: Index was out of range. Must be non-negative and less than the size of the collection.
Parameter name: index
5/15/2010 4:55 AM : lookForMedia error: Index was out of range. Must be non-negative and less than the size of the collection.
Parameter name: index
5/15/2010 4:55 AM : lookForMedia error: Index was out of range. Must be non-negative and less than the size of the collection.
Parameter name: index
5/15/2010 4:55 AM : lookForMedia error: Index was out of range. Must be non-negative and less than the size of the collection.
Parameter name: index
5/15/2010 4:56 AM : lookForMedia error: Index was out of range. Must be non-negative and less than the size of the collection.
Parameter name: index
5/15/2010 4:56 AM : lookForMedia error: Index was out of range. Must be non-negative and less than the size of the collection.
Parameter name: index
5/15/2010 4:56 AM : lookForMedia error: Index was out of range. Must be non-negative and less than the size of the collection.
Parameter name: index
5/15/2010 4:56 AM : lookForMedia error: The remote server returned an error: (404) Not Found.
5/15/2010 4:56 AM : lookForMedia error: Index was out of range. Must be non-negative and less than the size of the collection.
Parameter name: index
5/15/2010 4:56 AM : lookForMedia error: Index was out of range. Must be non-negative and less than the size of the collection.
Parameter name: index
5/15/2010 4:56 AM : lookForMedia error: Index was out of range. Must be non-negative and less than the size of the collection.
Parameter name: index
5/15/2010 4:57 AM : lookForMedia error: Index was out of range. Must be non-negative and less than the size of the collection.
Parameter name: index
5/15/2010 4:57 AM : lookForMedia error: Index was out of range. Must be non-negative and less than the size of the collection.
Parameter name: index
5/15/2010 4:57 AM : lookForMedia error: Index was out of range. Must be non-negative and less than the size of the collection.
Parameter name: index
5/15/2010 4:57 AM : lookForMedia error: Index was out of range. Must be non-negative and less than the size of the collection.
Parameter name: index
5/15/2010 4:57 AM : lookForMedia error: Index was out of range. Must be non-negative and less than the size of the collection.
Parameter name: index
5/15/2010 4:57 AM : lookForMedia error: Index was out of range. Must be non-negative and less than the size of the collection.
Parameter name: index
5/15/2010 4:57 AM : lookForMedia error: Index was out of range. Must be non-negative and less than the size of the collection.
Parameter name: index
5/15/2010 4:57 AM : lookForMedia error: Index was out of range. Must be non-negative and less than the size of the collection.
Parameter name: index
5/15/2010 4:57 AM : lookForMedia error: Index was out of range. Must be non-negative and less than the size of the collection.
Parameter name: index
5/15/2010 4:57 AM : lookForMedia error: Index was out of range. Must be non-negative and less than the size of the collection.
Parameter name: index
5/15/2010 4:57 AM : lookForMedia error: Index was out of range. Must be non-negative and less than the size of the collection.
Parameter name: index
5/15/2010 4:57 AM : lookForMedia error: The remote server returned an error: (404) Not Found.
5/15/2010 4:57 AM : lookForMedia error: Index was out of range. Must be non-negative and less than the size of the collection.
Parameter name: index
5/15/2010 4:57 AM : lookForMedia error: Index was out of range. Must be non-negative and less than the size of the collection.
Parameter name: index
5/15/2010 4:57 AM : lookForMedia error: Index was out of range. Must be non-negative and less than the size of the collection.
Parameter name: index
5/15/2010 4:57 AM : lookForMedia error: Index was out of range. Must be non-negative and less than the size of the collection.
Parameter name: index
5/15/2010 4:58 AM : lookForMedia error: Index was out of range. Must be non-negative and less than the size of the collection.
Parameter name: index
5/15/2010 4:58 AM : lookForMedia error: Index was out of range. Must be non-negative and less than the size of the collection.
Parameter name: index
5/15/2010 4:58 AM : lookForMedia error: Index was out of range. Must be non-negative and less than the size of the collection.
Parameter name: index
5/15/2010 4:58 AM : lookForMedia error: Index was out of range. Must be non-negative and less than the size of the collection.
Parameter name: index
5/15/2010 4:58 AM : lookForMedia error: Index was out of range. Must be non-negative and less than the size of the collection.
Parameter name: index
5/15/2010 4:58 AM : lookForMedia error: Index was out of range. Must be non-negative and less than the size of the collection.
Parameter name: index
5/15/2010 4:58 AM : lookForMedia error: Index was out of range. Must be non-negative and less than the size of the collection.
Parameter name: index
5/15/2010 4:58 AM : lookForMedia error: Index was out of range. Must be non-negative and less than the size of the collection.
Parameter name: index
5/15/2010 4:59 AM : lookForMedia error: Index was out of range. Must be non-negative and less than the size of the collection.
Parameter name: index
5/15/2010 4:59 AM : lookForMedia error: Index was out of range. Must be non-negative and less than the size of the collection.
Parameter name: index
5/15/2010 4:59 AM : lookForMedia error: Index was out of range. Must be non-negative and less than the size of the collection.
Parameter name: index
5/15/2010 4:59 AM : lookForMedia error: Index was out of range. Must be non-negative and less than the size of the collection.
Parameter name: index
5/15/2010 4:59 AM : lookForMedia error: Index was out of range. Must be non-negative and less than the size of the collection.
Parameter name: index
5/15/2010 4:59 AM : lookForMedia error: Index was out of range. Must be non-negative and less than the size of the collection.
Parameter name: index
5/15/2010 4:59 AM : lookForMedia error: Index was out of range. Must be non-negative and less than the size of the collection.
Parameter name: index
5/15/2010 5:00 AM : lookForMedia error: Index was out of range. Must be non-negative and less than the size of the collection.
Parameter name: index
5/15/2010 5:00 AM : lookForMedia error: Index was out of range. Must be non-negative and less than the size of the collection.
Parameter name: index
5/15/2010 5:00 AM : lookForMedia error: Index was out of range. Must be non-negative and less than the size of the collection.
Parameter name: index
5/15/2010 5:00 AM : lookForMedia error: Index was out of range. Must be non-negative and less than the size of the collection.
Parameter name: index
5/15/2010 5:00 AM : lookForMedia error: Index was out of range. Must be non-negative and less than the size of the collection.
Parameter name: index
5/15/2010 5:00 AM : lookForMedia error: Index was out of range. Must be non-negative and less than the size of the collection.
Parameter name: index
5/15/2010 5:00 AM : lookForMedia error: Index was out of range. Must be non-negative and less than the size of the collection.
Parameter name: index
5/15/2010 5:00 AM : lookForMedia error: Index was out of range. Must be non-negative and less than the size of the collection.
Parameter name: index
5/15/2010 5:00 AM : lookForMedia error: Index was out of range. Must be non-negative and less than the size of the collection.
Parameter name: index
5/15/2010 5:00 AM : lookForMedia error: Index was out of range. Must be non-negative and less than the size of the collection.
Parameter name: index
5/15/2010 5:00 AM : lookForMedia error: Index was out of range. Must be non-negative and less than the size of the collection.
Parameter name: index
5/15/2010 5:01 AM : lookForMedia error: Index was out of range. Must be non-negative and less than the size of the collection.
Parameter name: index
5/15/2010 5:01 AM : lookForMedia error: Index was out of range. Must be non-negative and less than the size of the collection.
Parameter name: index
5/15/2010 5:01 AM : lookForMedia error: Index was out of range. Must be non-negative and less than the size of the collection.
Parameter name: index
5/15/2010 5:01 AM : lookForMedia error: Index was out of range. Must be non-negative and less than the size of the collection.
Parameter name: index
5/15/2010 5:01 AM : lookForMedia error: The remote server returned an error: (404) Not Found.
5/15/2010 5:01 AM : lookForMedia error: Index was out of range. Must be non-negative and less than the size of the collection.
Parameter name: index
5/15/2010 5:01 AM : lookForMedia error: Index was out of range. Must be non-negative and less than the size of the collection.
Parameter name: index
5/15/2010 5:01 AM : lookForMedia error: Index was out of range. Must be non-negative and less than the size of the collection.
Parameter name: index
5/15/2010 5:01 AM : lookForMedia error: Index was out of range. Must be non-negative and less than the size of the collection.
Parameter name: index
5/15/2010 5:01 AM : lookForMedia error: Index was out of range. Must be non-negative and less than the size of the collection.
Parameter name: index
5/15/2010 5:01 AM : lookForMedia error: Index was out of range. Must be non-negative and less than the size of the collection.
Parameter name: index
5/15/2010 5:02 AM : lookForMedia error: The path is not of a legal form.
5/15/2010 5:02 AM : lookForMedia error: Index was out of range. Must be non-negative and less than the size of the collection.
Parameter name: index
5/15/2010 5:02 AM : lookForMedia error: Index was out of range. Must be non-negative and less than the size of the collection.
Parameter name: index
5/15/2010 5:02 AM : lookForMedia error: The remote server returned an error: (404) Not Found.
5/15/2010 5:02 AM : lookForMedia error: Index was out of range. Must be non-negative and less than the size of the collection.
Parameter name: index
5/15/2010 5:02 AM : lookForMedia error: Index was out of range. Must be non-negative and less than the size of the collection.
Parameter name: index
5/15/2010 5:02 AM : lookForMedia error: Index was out of range. Must be non-negative and less than the size of the collection.
Parameter name: index
5/15/2010 5:02 AM : lookForMedia error: Index was out of range. Must be non-negative and less than the size of the collection.
Parameter name: index
5/15/2010 5:02 AM : lookForMedia error: Index was out of range. Must be non-negative and less than the size of the collection.
Parameter name: index
5/15/2010 5:02 AM : lookForMedia error: Index was out of range. Must be non-negative and less than the size of the collection.
Parameter name: index
5/15/2010 5:02 AM : lookForMedia error: Index was out of range. Must be non-negative and less than the size of the collection.
Parameter name: index
5/15/2010 5:02 AM : lookForMedia error: Index was out of range. Must be non-negative and less than the size of the collection.
Parameter name: index
5/15/2010 5:02 AM : lookForMedia error: Index was out of range. Must be non-negative and less than the size of the collection.
Parameter name: index
5/15/2010 5:02 AM : lookForMedia error: Index was out of range. Must be non-negative and less than the size of the collection.
Parameter name: index
5/15/2010 5:02 AM : lookForMedia error: Index was out of range. Must be non-negative and less than the size of the collection.
Parameter name: index
5/15/2010 5:02 AM : lookForMedia error: The remote server returned an error: (404) Not Found.
5/15/2010 5:02 AM : lookForMedia error: Index was out of range. Must be non-negative and less than the size of the collection.
Parameter name: index
5/15/2010 5:02 AM : lookForMedia error: Index was out of range. Must be non-negative and less than the size of the collection.
Parameter name: index
5/15/2010 5:02 AM : lookForMedia error: Index was out of range. Must be non-negative and less than the size of the collection.
Parameter name: index
5/15/2010 5:02 AM : lookForMedia error: Index was out of range. Must be non-negative and less than the size of the collection.
Parameter name: index
5/15/2010 5:02 AM : lookForMedia error: Index was out of range. Must be non-negative and less than the size of the collection.
Parameter name: index
5/15/2010 5:03 AM : lookForMedia error: Index was out of range. Must be non-negative and less than the size of the collection.
Parameter name: index
5/15/2010 5:03 AM : lookForMedia error: Index was out of range. Must be non-negative and less than the size of the collection.
Parameter name: index
5/15/2010 5:03 AM : lookForMedia error: Index was out of range. Must be non-negative and less than the size of the collection.
Parameter name: index
5/15/2010 5:03 AM : lookForMedia error: Index was out of range. Must be non-negative and less than the size of the collection.
Parameter name: index
5/15/2010 5:03 AM : lookForMedia error: Index was out of range. Must be non-negative and less than the size of the collection.
Parameter name: index
5/15/2010 5:03 AM : lookForMedia error: Index was out of range. Must be non-negative and less than the size of the collection.
Parameter name: index
5/15/2010 5:03 AM : lookForMedia error: Index was out of range. Must be non-negative and less than the size of the collection.
Parameter name: index
5/15/2010 5:03 AM : lookForMedia error: Index was out of range. Must be non-negative and less than the size of the collection.
Parameter name: index
5/15/2010 5:03 AM : lookForMedia error: Index was out of range. Must be non-negative and less than the size of the collection.
Parameter name: index
5/15/2010 5:03 AM : lookForMedia error: Index was out of range. Must be non-negative and less than the size of the collection.
Parameter name: index
5/15/2010 5:03 AM : lookForMedia error: Index was out of range. Must be non-negative and less than the size of the collection.
Parameter name: index
5/15/2010 5:04 AM : lookForMedia error: Index was out of range. Must be non-negative and less than the size of the collection.
Parameter name: index
5/15/2010 5:04 AM : lookForMedia error: Index was out of range. Must be non-negative and less than the size of the collection.
Parameter name: index
5/15/2010 5:04 AM : lookForMedia error: Index was out of range. Must be non-negative and less than the size of the collection.
Parameter name: index
5/15/2010 5:04 AM : lookForMedia error: Index was out of range. Must be non-negative and less than the size of the collection.
Parameter name: index
5/15/2010 5:04 AM : lookForMedia error: Index was out of range. Must be non-negative and less than the size of the collection.
Parameter name: index
5/15/2010 5:04 AM : lookForMedia error: The remote server returned an error: (404) Not Found.
5/15/2010 5:04 AM : lookForMedia error: Index was out of range. Must be non-negative and less than the size of the collection.
Parameter name: index
5/15/2010 5:04 AM : lookForMedia error: The path is not of a legal form.
5/15/2010 5:04 AM : lookForMedia error: Index was out of range. Must be non-negative and less than the size of the collection.
Parameter name: index
5/15/2010 5:04 AM : lookForMedia error: Index was out of range. Must be non-negative and less than the size of the collection.
Parameter name: index
5/15/2010 5:04 AM : lookForMedia error: Index was out of range. Must be non-negative and less than the size of the collection.
Parameter name: index
5/15/2010 5:04 AM : lookForMedia error: Index was out of range. Must be non-negative and less than the size of the collection.
Parameter name: index
5/15/2010 5:04 AM : lookForMedia error: Index was out of range. Must be non-negative and less than the size of the collection.
Parameter name: index
5/15/2010 5:04 AM : lookForMedia error: Index was out of range. Must be non-negative and less than the size of the collection.
Parameter name: index
5/15/2010 5:05 AM : lookForMedia error: Index was out of range. Must be non-negative and less than the size of the collection.
Parameter name: index
5/15/2010 5:05 AM : lookForMedia error: Index was out of range. Must be non-negative and less than the size of the collection.
Parameter name: index
5/15/2010 5:05 AM : lookForMedia error: Index was out of range. Must be non-negative and less than the size of the collection.
Parameter name: index
5/15/2010 5:05 AM : lookForMedia error: Index was out of range. Must be non-negative and less than the size of the collection.
Parameter name: index
5/15/2010 5:05 AM : lookForMedia error: Index was out of range. Must be non-negative and less than the size of the collection.
Parameter name: index
5/15/2010 5:05 AM : lookForMedia error: Index was out of range. Must be non-negative and less than the size of the collection.
Parameter name: index
5/15/2010 5:05 AM : lookForMedia error: Index was out of range. Must be non-negative and less than the size of the collection.
Parameter name: index
5/15/2010 5:05 AM : lookForMedia error: Index was out of range. Must be non-negative and less than the size of the collection.
Parameter name: index
5/15/2010 5:05 AM : lookForMedia error: Index was out of range. Must be non-negative and less than the size of the collection.
Parameter name: index
5/15/2010 5:05 AM : lookForMedia error: Index was out of range. Must be non-negative and less than the size of the collection.
Parameter name: index
5/15/2010 5:05 AM : lookForMedia error: Index was out of range. Must be non-negative and less than the size of the collection.
Parameter name: index
5/15/2010 5:05 AM : lookForMedia error: Index was out of range. Must be non-negative and less than the size of the collection.
Parameter name: index
5/15/2010 5:05 AM : lookForMedia error: Index was out of range. Must be non-negative and less than the size of the collection.
Parameter name: index
5/15/2010 5:06 AM : lookForMedia error: Index was out of range. Must be non-negative and less than the size of the collection.
Parameter name: index
5/15/2010 5:06 AM : lookForMedia error: Index was out of range. Must be non-negative and less than the size of the collection.
Parameter name: index
5/15/2010 5:06 AM : lookForMedia error: Index was out of range. Must be non-negative and less than the size of the collection.
Parameter name: index
5/15/2010 5:06 AM : lookForMedia error: Index was out of range. Must be non-negative and less than the size of the collection.
Parameter name: index
5/15/2010 5:06 AM : lookForMedia error: Index was out of range. Must be non-negative and less than the size of the collection.
Parameter name: index
5/15/2010 5:06 AM : lookForMedia error: Index was out of range. Must be non-negative and less than the size of the collection.
Parameter name: index
5/15/2010 5:06 AM : lookForMedia error: Index was out of range. Must be non-negative and less than the size of the collection.
Parameter name: index
5/15/2010 5:06 AM : lookForMedia error: Index was out of range. Must be non-negative and less than the size of the collection.
Parameter name: index
5/15/2010 5:06 AM : lookForMedia error: Index was out of range. Must be non-negative and less than the size of the collection.
Parameter name: index
5/15/2010 5:06 AM : lookForMedia error: Index was out of range. Must be non-negative and less than the size of the collection.
Parameter name: index
5/15/2010 5:06 AM : lookForMedia error: Index was out of range. Must be non-negative and less than the size of the collection.
Parameter name: index
5/15/2010 5:06 AM : lookForMedia error: Index was out of range. Must be non-negative and less than the size of the collection.
Parameter name: index
5/15/2010 5:06 AM : lookForMedia error: Index was out of range. Must be non-negative and less than the size of the collection.
Parameter name: index
5/15/2010 5:07 AM : lookForMedia error: Index was out of range. Must be non-negative and less than the size of the collection.
Parameter name: index
5/15/2010 5:07 AM : lookForMedia error: Index was out of range. Must be non-negative and less than the size of the collection.
Parameter name: index
5/15/2010 5:07 AM : lookForMedia error: Index was out of range. Must be non-negative and less than the size of the collection.
Parameter name: index
5/15/2010 5:07 AM : lookForMedia error: Index was out of range. Must be non-negative and less than the size of the collection.
Parameter name: index
5/15/2010 5:07 AM : lookForMedia error: Index was out of range. Must be non-negative and less than the size of the collection.
Parameter name: index
5/15/2010 5:07 AM : lookForMedia error: Index was out of range. Must be non-negative and less than the size of the collection.
Parameter name: index
5/15/2010 5:07 AM : lookForMedia error: Index was out of range. Must be non-negative and less than the size of the collection.
Parameter name: index
5/15/2010 5:07 AM : lookForMedia error: The remote server returned an error: (404) Not Found.
5/15/2010 5:07 AM : lookForMedia error: Index was out of range. Must be non-negative and less than the size of the collection.
Parameter name: index
5/15/2010 5:07 AM : lookForMedia error: Index was out of range. Must be non-negative and less than the size of the collection.
Parameter name: index
5/15/2010 5:07 AM : lookForMedia error: The remote server returned an error: (404) Not Found.
5/15/2010 5:08 AM : lookForMedia error: Index was out of range. Must be non-negative and less than the size of the collection.
Parameter name: index
5/15/2010 5:08 AM : lookForMedia error: Index was out of range. Must be non-negative and less than the size of the collection.
Parameter name: index
5/15/2010 5:08 AM : lookForMedia error: Index was out of range. Must be non-negative and less than the size of the collection.
Parameter name: index
5/15/2010 5:08 AM : lookForMedia error: Index was out of range. Must be non-negative and less than the size of the collection.
Parameter name: index
5/15/2010 5:08 AM : lookForMedia error: Index was out of range. Must be non-negative and less than the size of the collection.
Parameter name: index
5/15/2010 5:08 AM : lookForMedia error: Index was out of range. Must be non-negative and less than the size of the collection.
Parameter name: index
5/15/2010 5:08 AM : lookForMedia error: Index was out of range. Must be non-negative and less than the size of the collection.
Parameter name: index
5/15/2010 5:08 AM : lookForMedia error: Index was out of range. Must be non-negative and less than the size of the collection.
Parameter name: index
5/15/2010 5:09 AM : lookForMedia error: The remote server returned an error: (404) Not Found.
5/15/2010 5:10 AM : lookForMedia error: Index was out of range. Must be non-negative and less than the size of the collection.
Parameter name: index
5/15/2010 5:10 AM : lookForMedia error: Index was out of range. Must be non-negative and less than the size of the collection.
Parameter name: index
5/15/2010 5:10 AM : lookForMedia error: Index was out of range. Must be non-negative and less than the size of the collection.
Parameter name: index
5/15/2010 5:10 AM : lookForMedia error: Index was out of range. Must be non-negative and less than the size of the collection.
Parameter name: index
5/15/2010 5:10 AM : lookForMedia error: Index was out of range. Must be non-negative and less than the size of the collection.
Parameter name: index
5/15/2010 5:10 AM : lookForMedia error: Index was out of range. Must be non-negative and less than the size of the collection.
Parameter name: index
5/15/2010 5:10 AM : lookForMedia error: Index was out of range. Must be non-negative and less than the size of the collection.
Parameter name: index
5/15/2010 5:10 AM : lookForMedia error: Index was out of range. Must be non-negative and less than the size of the collection.
Parameter name: index
5/15/2010 5:10 AM : lookForMedia error: Index was out of range. Must be non-negative and less than the size of the collection.
Parameter name: index
5/15/2010 5:10 AM : lookForMedia error: Index was out of range. Must be non-negative and less than the size of the collection.
Parameter name: index
5/15/2010 5:10 AM : lookForMedia error: Index was out of range. Must be non-negative and less than the size of the collection.
Parameter name: index
5/15/2010 5:10 AM : lookForMedia error: Index was out of range. Must be non-negative and less than the size of the collection.
Parameter name: index
5/15/2010 5:10 AM : lookForMedia error: Index was out of range. Must be non-negative and less than the size of the collection.
Parameter name: index
5/15/2010 5:10 AM : lookForMedia error: Index was out of range. Must be non-negative and less than the size of the collection.
Parameter name: index
5/15/2010 5:10 AM : lookForMedia error: Index was out of range. Must be non-negative and less than the size of the collection.
Parameter name: index
5/15/2010 5:10 AM : lookForMedia error: Index was out of range. Must be non-negative and less than the size of the collection.
Parameter name: index
5/15/2010 5:10 AM : lookForMedia error: Index was out of range. Must be non-negative and less than the size of the collection.
Parameter name: index
5/15/2010 5:10 AM : lookForMedia error: Index was out of range. Must be non-negative and less than the size of the collection.
Parameter name: index
5/15/2010 5:10 AM : lookForMedia error: Index was out of range. Must be non-negative and less than the size of the collection.
Parameter name: index
5/15/2010 5:10 AM : lookForMedia error: Index was out of range. Must be non-negative and less than the size of the collection.
Parameter name: index
5/15/2010 5:11 AM : lookForMedia error: Index was out of range. Must be non-negative and less than the size of the collection.
Parameter name: index
5/15/2010 5:11 AM : lookForMedia error: Index was out of range. Must be non-negative and less than the size of the collection.
Parameter name: index
5/15/2010 5:11 AM : lookForMedia error: Index was out of range. Must be non-negative and less than the size of the collection.
Parameter name: index
5/15/2010 5:11 AM : lookForMedia error: Index was out of range. Must be non-negative and less than the size of the collection.
Parameter name: index
5/15/2010 5:11 AM : lookForMedia error: Index was out of range. Must be non-negative and less than the size of the collection.
Parameter name: index
5/15/2010 5:11 AM : lookForMedia error: Index was out of range. Must be non-negative and less than the size of the collection.
Parameter name: index
5/15/2010 5:11 AM : lookForMedia error: The remote server returned an error: (404) Not Found.
5/15/2010 5:11 AM : lookForMedia error: Index was out of range. Must be non-negative and less than the size of the collection.
Parameter name: index
5/15/2010 5:11 AM : lookForMedia error: Index was out of range. Must be non-negative and less than the size of the collection.
Parameter name: index
5/15/2010 5:11 AM : lookForMedia error: Index was out of range. Must be non-negative and less than the size of the collection.
Parameter name: index
5/15/2010 5:11 AM : lookForMedia error: Index was out of range. Must be non-negative and less than the size of the collection.
Parameter name: index
5/15/2010 5:11 AM : lookForMedia error: Index was out of range. Must be non-negative and less than the size of the collection.
Parameter name: index
5/15/2010 5:11 AM : lookForMedia error: Index was out of range. Must be non-negative and less than the size of the collection.
Parameter name: index
5/15/2010 5:11 AM : lookForMedia error: Index was out of range. Must be non-negative and less than the size of the collection.
Parameter name: index
5/15/2010 5:11 AM : lookForMedia error: Index was out of range. Must be non-negative and less than the size of the collection.
Parameter name: index
5/15/2010 5:11 AM : lookForMedia error: Index was out of range. Must be non-negative and less than the size of the collection.
Parameter name: index
5/15/2010 5:11 AM : lookForMedia error: Index was out of range. Must be non-negative and less than the size of the collection.
Parameter name: index
5/15/2010 5:11 AM : lookForMedia error: Index was out of range. Must be non-negative and less than the size of the collection.
Parameter name: index
5/15/2010 5:11 AM : lookForMedia error: Index was out of range. Must be non-negative and less than the size of the collection.
Parameter name: index
5/15/2010 5:11 AM : lookForMedia error: Index was out of range. Must be non-negative and less than the size of the collection.
Parameter name: index
5/15/2010 5:11 AM : lookForMedia error: Index was out of range. Must be non-negative and less than the size of the collection.
Parameter name: index
5/15/2010 5:11 AM : lookForMedia error: Index was out of range. Must be non-negative and less than the size of the collection.
Parameter name: index
5/15/2010 5:12 AM : lookForMedia error: Index was out of range. Must be non-negative and less than the size of the collection.
Parameter name: index
5/15/2010 5:12 AM : lookForMedia error: Index was out of range. Must be non-negative and less than the size of the collection.
Parameter name: index
5/15/2010 5:12 AM : lookForMedia error: Index was out of range. Must be non-negative and less than the size of the collection.
Parameter name: index
5/15/2010 5:12 AM : lookForMedia error: Index was out of range. Must be non-negative and less than the size of the collection.
Parameter name: index
5/15/2010 5:12 AM : lookForMedia error: The remote server returned an error: (404) Not Found.
5/15/2010 5:12 AM : lookForMedia error: Index was out of range. Must be non-negative and less than the size of the collection.
Parameter name: index
5/15/2010 5:12 AM : lookForMedia error: Index was out of range. Must be non-negative and less than the size of the collection.
Parameter name: index
5/15/2010 5:12 AM : lookForMedia error: Index was out of range. Must be non-negative and less than the size of the collection.
Parameter name: index
5/15/2010 5:12 AM : lookForMedia error: Index was out of range. Must be non-negative and less than the size of the collection.
Parameter name: index
5/15/2010 5:12 AM : lookForMedia error: Index was out of range. Must be non-negative and less than the size of the collection.
Parameter name: index
5/15/2010 5:12 AM : lookForMedia error: Index was out of range. Must be non-negative and less than the size of the collection.
Parameter name: index
5/15/2010 5:13 AM : lookForMedia error: Index was out of range. Must be non-negative and less than the size of the collection.
Parameter name: index
5/15/2010 5:13 AM : lookForMedia error: Index was out of range. Must be non-negative and less than the size of the collection.
Parameter name: index
5/15/2010 5:13 AM : lookForMedia error: Index was out of range. Must be non-negative and less than the size of the collection.
Parameter name: index
5/15/2010 5:13 AM : lookForMedia error: Index was out of range. Must be non-negative and less than the size of the collection.
Parameter name: index
5/15/2010 5:13 AM : lookForMedia error: Index was out of range. Must be non-negative and less than the size of the collection.
Parameter name: index
5/15/2010 5:13 AM : lookForMedia error: Index was out of range. Must be non-negative and less than the size of the collection.
Parameter name: index
5/15/2010 5:13 AM : lookForMedia error: Index was out of range. Must be non-negative and less than the size of the collection.
Parameter name: index
5/15/2010 5:13 AM : lookForMedia error: Index was out of range. Must be non-negative and less than the size of the collection.
Parameter name: index
5/15/2010 5:13 AM : lookForMedia error: Index was out of range. Must be non-negative and less than the size of the collection.
Parameter name: index
5/15/2010 5:13 AM : lookForMedia error: Index was out of range. Must be non-negative and less than the size of the collection.
Parameter name: index
5/15/2010 5:13 AM : lookForMedia error: Index was out of range. Must be non-negative and less than the size of the collection.
Parameter name: index
5/15/2010 5:13 AM : lookForMedia error: Index was out of range. Must be non-negative and less than the size of the collection.
Parameter name: index
5/15/2010 5:13 AM : lookForMedia error: Index was out of range. Must be non-negative and less than the size of the collection.
Parameter name: index
5/15/2010 5:13 AM : lookForMedia error: The remote server returned an error: (404) Not Found.
5/15/2010 5:13 AM : lookForMedia error: Index was out of range. Must be non-negative and less than the size of the collection.
Parameter name: index
5/15/2010 5:13 AM : lookForMedia error: Index was out of range. Must be non-negative and less than the size of the collection.
Parameter name: index
5/15/2010 5:13 AM : lookForMedia error: Index was out of range. Must be non-negative and less than the size of the collection.
Parameter name: index
5/15/2010 5:13 AM : lookForMedia error: Index was out of range. Must be non-negative and less than the size of the collection.
Parameter name: index
5/15/2010 5:19 AM : lookForMedia error: Index was out of range. Must be non-negative and less than the size of the collection.
Parameter name: index
5/15/2010 5:19 AM : lookForMedia error: Index was out of range. Must be non-negative and less than the size of the collection.
Parameter name: index
5/15/2010 5:19 AM : lookForMedia error: Index was out of range. Must be non-negative and less than the size of the collection.
Parameter name: index
5/15/2010 5:19 AM : lookForMedia error: Index was out of range. Must be non-negative and less than the size of the collection.
Parameter name: index
5/15/2010 5:19 AM : lookForMedia error: Index was out of range. Must be non-negative and less than the size of the collection.
Parameter name: index
5/15/2010 5:19 AM : lookForMedia error: Index was out of range. Must be non-negative and less than the size of the collection.
Parameter name: index
5/15/2010 5:19 AM : lookForMedia error: Index was out of range. Must be non-negative and less than the size of the collection.
Parameter name: index
5/15/2010 5:19 AM : lookForMedia error: Index was out of range. Must be non-negative and less than the size of the collection.
Parameter name: index
5/15/2010 5:19 AM : lookForMedia error: Index was out of range. Must be non-negative and less than the size of the collection.
Parameter name: index
5/15/2010 5:19 AM : lookForMedia error: Index was out of range. Must be non-negative and less than the size of the collection.
Parameter name: index
5/15/2010 5:19 AM : lookForMedia error: Index was out of range. Must be non-negative and less than the size of the collection.
Parameter name: index
5/15/2010 5:19 AM : lookForMedia error: Index was out of range. Must be non-negative and less than the size of the collection.
Parameter name: index
5/15/2010 5:20 AM : lookForMedia error: Index was out of range. Must be non-negative and less than the size of the collection.
Parameter name: index
5/15/2010 5:20 AM : lookForMedia error: Index was out of range. Must be non-negative and less than the size of the collection.
Parameter name: index
5/15/2010 5:20 AM : lookForMedia error: Index was out of range. Must be non-negative and less than the size of the collection.
Parameter name: index
5/15/2010 5:20 AM : lookForMedia error: Index was out of range. Must be non-negative and less than the size of the collection.
Parameter name: index
5/15/2010 5:20 AM : lookForMedia error: Index was out of range. Must be non-negative and less than the size of the collection.
Parameter name: index
5/15/2010 5:20 AM : lookForMedia error: Index was out of range. Must be non-negative and less than the size of the collection.
Parameter name: index
5/15/2010 5:20 AM : lookForMedia error: Index was out of range. Must be non-negative and less than the size of the collection.
Parameter name: index
5/15/2010 5:20 AM : lookForMedia error: Index was out of range. Must be non-negative and less than the size of the collection.
Parameter name: index
5/15/2010 5:20 AM : lookForMedia error: Index was out of range. Must be non-negative and less than the size of the collection.
Parameter name: index
5/15/2010 5:20 AM : lookForMedia error: Index was out of range. Must be non-negative and less than the size of the collection.
Parameter name: index
5/15/2010 5:20 AM : lookForMedia error: Index was out of range. Must be non-negative and less than the size of the collection.
Parameter name: index
5/15/2010 5:20 AM : lookForMedia error: Index was out of range. Must be non-negative and less than the size of the collection.
Parameter name: index
5/15/2010 5:20 AM : lookForMedia error: Index was out of range. Must be non-negative and less than the size of the collection.
Parameter name: index
5/15/2010 5:20 AM : lookForMedia error: Index was out of range. Must be non-negative and less than the size of the collection.
Parameter name: index
5/15/2010 5:20 AM : lookForMedia error: Index was out of range. Must be non-negative and less than the size of the collection.
Parameter name: index
5/15/2010 5:20 AM : lookForMedia error: Index was out of range. Must be non-negative and less than the size of the collection.
Parameter name: index
5/15/2010 5:20 AM : lookForMedia error: Index was out of range. Must be non-negative and less than the size of the collection.
Parameter name: index
5/15/2010 5:20 AM : lookForMedia error: Index was out of range. Must be non-negative and less than the size of the collection.
Parameter name: index
5/15/2010 5:20 AM : lookForMedia error: Index was out of range. Must be non-negative and less than the size of the collection.
Parameter name: index
5/15/2010 5:20 AM : lookForMedia error: The remote server returned an error: (404) Not Found.
5/15/2010 5:21 AM : lookForMedia error: Index was out of range. Must be non-negative and less than the size of the collection.
Parameter name: index
5/15/2010 5:21 AM : lookForMedia error: Index was out of range. Must be non-negative and less than the size of the collection.
Parameter name: index
5/15/2010 5:21 AM : lookForMedia error: Index was out of range. Must be non-negative and less than the size of the collection.
Parameter name: index
5/15/2010 5:21 AM : lookForMedia error: Index was out of range. Must be non-negative and less than the size of the collection.
Parameter name: index
5/15/2010 5:21 AM : lookForMedia error: Index was out of range. Must be non-negative and less than the size of the collection.
Parameter name: index
5/15/2010 5:21 AM : lookForMedia error: Index was out of range. Must be non-negative and less than the size of the collection.
Parameter name: index
5/15/2010 5:21 AM : lookForMedia error: Index was out of range. Must be non-negative and less than the size of the collection.
Parameter name: index
5/15/2010 5:21 AM : lookForMedia error: Index was out of range. Must be non-negative and less than the size of the collection.
Parameter name: index
5/15/2010 5:21 AM : lookForMedia error: Index was out of range. Must be non-negative and less than the size of the collection.
Parameter name: index
5/15/2010 5:21 AM : lookForMedia error: Index was out of range. Must be non-negative and less than the size of the collection.
Parameter name: index
5/15/2010 5:21 AM : lookForMedia error: Index was out of range. Must be non-negative and less than the size of the collection.
Parameter name: index
5/15/2010 5:21 AM : lookForMedia error: Index was out of range. Must be non-negative and less than the size of the collection.
Parameter name: index
5/15/2010 5:21 AM : lookForMedia error: The remote server returned an error: (404) Not Found.
5/15/2010 5:21 AM : lookForMedia error: Index was out of range. Must be non-negative and less than the size of the collection.
Parameter name: index
5/15/2010 5:21 AM : lookForMedia error: Index was out of range. Must be non-negative and less than the size of the collection.
Parameter name: index
5/15/2010 5:21 AM : lookForMedia error: Index was out of range. Must be non-negative and less than the size of the collection.
Parameter name: index
5/15/2010 5:21 AM : lookForMedia error: Index was out of range. Must be non-negative and less than the size of the collection.
Parameter name: index
5/15/2010 5:22 AM : lookForMedia error: Index was out of range. Must be non-negative and less than the size of the collection.
Parameter name: index
5/15/2010 5:22 AM : lookForMedia error: Index was out of range. Must be non-negative and less than the size of the collection.
Parameter name: index
5/15/2010 5:22 AM : lookForMedia error: Index was out of range. Must be non-negative and less than the size of the collection.
Parameter name: index
5/15/2010 5:22 AM : lookForMedia error: Index was out of range. Must be non-negative and less than the size of the collection.
Parameter name: index
5/15/2010 5:22 AM : lookForMedia error: Index was out of range. Must be non-negative and less than the size of the collection.
Parameter name: index
5/15/2010 5:22 AM : lookForMedia error: The remote server returned an error: (404) Not Found.
5/15/2010 5:22 AM : lookForMedia error: Index was out of range. Must be non-negative and less than the size of the collection.
Parameter name: index
5/15/2010 5:22 AM : lookForMedia error: The remote server returned an error: (404) Not Found.
5/15/2010 5:22 AM : lookForMedia error: The remote server returned an error: (404) Not Found.
5/15/2010 5:22 AM : lookForMedia error: The remote server returned an error: (404) Not Found.
5/15/2010 5:22 AM : lookForMedia error: Index was out of range. Must be non-negative and less than the size of the collection.
Parameter name: index
5/15/2010 5:22 AM : lookForMedia error: Index was out of range. Must be non-negative and less than the size of the collection.
Parameter name: index
5/15/2010 5:22 AM : lookForMedia error: The remote server returned an error: (404) Not Found.
5/15/2010 5:22 AM : lookForMedia error: Index was out of range. Must be non-negative and less than the size of the collection.
Parameter name: index
5/15/2010 5:23 AM : lookForMedia error: Index was out of range. Must be non-negative and less than the size of the collection.
Parameter name: index
5/15/2010 5:23 AM : lookForMedia error: Index was out of range. Must be non-negative and less than the size of the collection.
Parameter name: index
5/15/2010 5:23 AM : lookForMedia error: Index was out of range. Must be non-negative and less than the size of the collection.
Parameter name: index
5/15/2010 5:23 AM : lookForMedia error: Index was out of range. Must be non-negative and less than the size of the collection.
Parameter name: index
5/15/2010 5:23 AM : lookForMedia error: Index was out of range. Must be non-negative and less than the size of the collection.
Parameter name: index
5/15/2010 5:23 AM : lookForMedia error: Index was out of range. Must be non-negative and less than the size of the collection.
Parameter name: index
5/15/2010 5:23 AM : lookForMedia error: Index was out of range. Must be non-negative and less than the size of the collection.
Parameter name: index
5/15/2010 5:23 AM : lookForMedia error: Index was out of range. Must be non-negative and less than the size of the collection.
Parameter name: index
5/15/2010 5:23 AM : lookForMedia error: Index was out of range. Must be non-negative and less than the size of the collection.
Parameter name: index
5/15/2010 5:23 AM : lookForMedia error: Index was out of range. Must be non-negative and less than the size of the collection.
Parameter name: index
5/15/2010 5:23 AM : lookForMedia error: The remote server returned an error: (404) Not Found.
5/15/2010 5:23 AM : lookForMedia error: The remote server returned an error: (404) Not Found.
5/15/2010 5:23 AM : lookForMedia error: Index was out of range. Must be non-negative and less than the size of the collection.
Parameter name: index
5/15/2010 5:23 AM : lookForMedia error: Index was out of range. Must be non-negative and less than the size of the collection.
Parameter name: index
5/15/2010 5:23 AM : lookForMedia error: Index was out of range. Must be non-negative and less than the size of the collection.
Parameter name: index
5/15/2010 5:23 AM : lookForMedia error: Index was out of range. Must be non-negative and less than the size of the collection.
Parameter name: index
5/15/2010 5:23 AM : lookForMedia error: Index was out of range. Must be non-negative and less than the size of the collection.
Parameter name: index
5/15/2010 5:23 AM : lookForMedia error: Index was out of range. Must be non-negative and less than the size of the collection.
Parameter name: index
5/15/2010 5:23 AM : lookForMedia error: Index was out of range. Must be non-negative and less than the size of the collection.
Parameter name: index
5/15/2010 5:23 AM : lookForMedia error: Index was out of range. Must be non-negative and less than the size of the collection.
Parameter name: index
5/15/2010 5:23 AM : lookForMedia error: Index was out of range. Must be non-negative and less than the size of the collection.
Parameter name: index
5/15/2010 5:23 AM : lookForMedia error: Index was out of range. Must be non-negative and less than the size of the collection.
Parameter name: index
5/15/2010 5:24 AM : lookForMedia error: Index was out of range. Must be non-negative and less than the size of the collection.
Parameter name: index
5/15/2010 5:24 AM : lookForMedia error: Index was out of range. Must be non-negative and less than the size of the collection.
Parameter name: index
5/15/2010 5:24 AM : lookForMedia error: Index was out of range. Must be non-negative and less than the size of the collection.
Parameter name: index
5/15/2010 8:04 AM : lookForMedia2 The file or directory is corrupted and unreadable.

5/15/2010 8:04 AM : lookForMedia2 The file or directory is corrupted and unreadable.

5/15/2010 8:04 AM : lookForMedia2 The file or directory is corrupted and unreadable.

5/15/2010 8:18 AM : Speech is probably not installed Creating an instance of the COM component with CLSID {47206204-5ECA-11D2-960F-00C04F8EE628} from the IClassFactory failed due to the following error: 8004503a.
5/15/2010 8:18 AM : sctv file load: Object reference not set to an instance of an object.
5/15/2010 8:18 AM : sctv load character didn't load path: C:\Program Files\SCTech\SCTech - SCTV\config\speech\vocab\characters\wartnose.acs
5/15/2010 8:19 AM : Speech is probably not installed Creating an instance of the COM component with CLSID {47206204-5ECA-11D2-960F-00C04F8EE628} from the IClassFactory failed due to the following error: 8004503a.
5/15/2010 8:19 AM : sctv file load: Object reference not set to an instance of an object.
5/15/2010 8:19 AM : sctv load character didn't load path: C:\Program Files\SCTech\SCTech - SCTV\config\speech\vocab\characters\wartnose.acs
5/15/2010 8:49 AM : Speech is probably not installed Creating an instance of the COM component with CLSID {47206204-5ECA-11D2-960F-00C04F8EE628} from the IClassFactory failed due to the following error: 8004503a.
5/15/2010 8:49 AM : sctv file load: Object reference not set to an instance of an object.
5/15/2010 8:49 AM : sctv load character didn't load path: C:\Program Files\SCTech\SCTech - SCTV\config\speech\vocab\characters\wartnose.acs
5/15/2010 8:49 AM : sctv file load: Object reference not set to an instance of an object.
5/15/2010 10:20 AM : Speech is probably not installed Creating an instance of the COM component with CLSID {47206204-5ECA-11D2-960F-00C04F8EE628} from the IClassFactory failed due to the following error: 8004503a.
5/15/2010 10:20 AM : sctv file load: Object reference not set to an instance of an object.
5/15/2010 10:20 AM : sctv load character didn't load path: C:\Program Files\SCTech\SCTech - SCTV\config\speech\vocab\characters\wartnose.acs
5/15/2010 10:20 AM : sctv file load: Object reference not set to an instance of an object.
5/15/2010 10:22 AM : sctv file load: Object reference not set to an instance of an object.
5/15/2010 10:22 AM : GetCategoryMedia System.Data.EvaluateException: Cannot find column [Crime].
   at System.Data.NameNode.Bind(DataTable table, List`1 list)
   at System.Data.BinaryNode.Bind(DataTable table, List`1 list)
   at System.Data.BinaryNode.Bind(DataTable table, List`1 list)
   at System.Data.BinaryNode.Bind(DataTable table, List`1 list)
   at System.Data.BinaryNode.Bind(DataTable table, List`1 list)
   at System.Data.BinaryNode.Bind(DataTable table, List`1 list)
   at System.Data.BinaryNode.Bind(DataTable table, List`1 list)
   at System.Data.BinaryNode.Bind(DataTable table, List`1 list)
   at System.Data.DataExpression.Bind(DataTable table)
   at System.Data.DataExpression..ctor(DataTable table, String expression, Type type)
   at System.Data.DataView.set_RowFilter(String value)
   at SCTVObjects.MediaHandler.GetCategoryMedia(String category, String startsWith, String mediaType)
5/15/2010 10:26 AM : stop error: Object reference not set to an instance of an object.
5/15/2010 10:26 AM : sctv file load: Object reference not set to an instance of an object.
5/15/2010 10:26 AM : GetCategoryMedia System.Data.EvaluateException: Cannot find column [Horror].
   at System.Data.NameNode.Bind(DataTable table, List`1 list)
   at System.Data.BinaryNode.Bind(DataTable table, List`1 list)
   at System.Data.BinaryNode.Bind(DataTable table, List`1 list)
   at System.Data.BinaryNode.Bind(DataTable table, List`1 list)
   at System.Data.BinaryNode.Bind(DataTable table, List`1 list)
   at System.Data.BinaryNode.Bind(DataTable table, List`1 list)
   at System.Data.DataExpression.Bind(DataTable table)
   at System.Data.DataExpression..ctor(DataTable table, String expression, Type type)
   at System.Data.DataView.set_RowFilter(String value)
   at SCTVObjects.MediaHandler.GetCategoryMedia(String category, String startsWith, String mediaType)
5/15/2010 10:27 AM : stop error: Object reference not set to an instance of an object.
5/15/2010 10:27 AM : sctv file load: Object reference not set to an instance of an object.
5/15/2010 10:27 AM : GetCategoryMedia System.Data.EvaluateException: Cannot find column [Comedy].
   at System.Data.NameNode.Bind(DataTable table, List`1 list)
   at System.Data.BinaryNode.Bind(DataTable table, List`1 list)
   at System.Data.BinaryNode.Bind(DataTable table, List`1 list)
   at System.Data.BinaryNode.Bind(DataTable table, List`1 list)
   at System.Data.BinaryNode.Bind(DataTable table, List`1 list)
   at System.Data.BinaryNode.Bind(DataTable table, List`1 list)
   at System.Data.BinaryNode.Bind(DataTable table, List`1 list)
   at System.Data.BinaryNode.Bind(DataTable table, List`1 list)
   at System.Data.DataExpression.Bind(DataTable table)
   at System.Data.DataExpression..ctor(DataTable table, String expression, Type type)
   at System.Data.DataView.set_RowFilter(String value)
   at SCTVObjects.MediaHandler.GetCategoryMedia(String category, String startsWith, String mediaType)
5/15/2010 1:54 PM : Speech is probably not installed Creating an instance of the COM component with CLSID {47206204-5ECA-11D2-960F-00C04F8EE628} from the IClassFactory failed due to the following error: 8004503a.
5/15/2010 1:54 PM : sctv file load: Object reference not set to an instance of an object.
5/15/2010 1:54 PM : sctv load character didn't load path: C:\Program Files\SCTech\SCTech - SCTV\config\speech\vocab\characters\wartnose.acs
5/15/2010 1:54 PM : sctv file load: Object reference not set to an instance of an object.
5/15/2010 8:49 PM : tcMediaTypes.TabPages.clear() Object reference not set to an instance of an object.
5/15/2010 8:52 PM : ---- Missing File : Media ----
5/15/2010 9:00 PM : ---- Missing File : Media ----
5/15/2010 9:18 PM : Speech is probably not installed Creating an instance of the COM component with CLSID {47206204-5ECA-11D2-960F-00C04F8EE628} from the IClassFactory failed due to the following error: 8004503a.
5/15/2010 9:18 PM : sctv file load: Object reference not set to an instance of an object.
5/15/2010 9:18 PM : sctv load character didn't load path: C:\Program Files\SCTech\SCTech - SCTV\config\speech\vocab\characters\wartnose.acs
5/15/2010 9:18 PM : sctv file load: Object reference not set to an instance of an object.
5/16/2010 1:21 PM : Speech is probably not installed Creating an instance of the COM component with CLSID {47206204-5ECA-11D2-960F-00C04F8EE628} from the IClassFactory failed due to the following error: 8004503a.
5/16/2010 1:21 PM : sctv file load: Object reference not set to an instance of an object.
5/16/2010 1:21 PM : sctv load character didn't load path: C:\Program Files\SCTech\SCTech - SCTV\config\speech\vocab\characters\wartnose.acs
5/16/2010 1:21 PM : sctv file load: Object reference not set to an instance of an object.
5/16/2010 1:47 PM : Speech is probably not installed Creating an instance of the COM component with CLSID {47206204-5ECA-11D2-960F-00C04F8EE628} from the IClassFactory failed due to the following error: 8004503a.
5/16/2010 1:47 PM : sctv file load: Object reference not set to an instance of an object.
5/16/2010 1:47 PM : sctv load character didn't load path: C:\Program Files\SCTech\SCTech - SCTV\config\speech\vocab\characters\wartnose.acs
5/16/2010 1:48 PM : sctv file load: Object reference not set to an instance of an object.
5/16/2010 4:03 PM : sctv file load: Object reference not set to an instance of an object.
5/16/2010 4:03 PM : GetCategoryMedia System.Data.EvaluateException: Cannot find column [Family].
   at System.Data.NameNode.Bind(DataTable table, List`1 list)
   at System.Data.BinaryNode.Bind(DataTable table, List`1 list)
   at System.Data.BinaryNode.Bind(DataTable table, List`1 list)
   at System.Data.BinaryNode.Bind(DataTable table, List`1 list)
   at System.Data.BinaryNode.Bind(DataTable table, List`1 list)
   at System.Data.BinaryNode.Bind(DataTable table, List`1 list)
   at System.Data.DataExpression.Bind(DataTable table)
   at System.Data.DataExpression..ctor(DataTable table, String expression, Type type)
   at System.Data.DataView.set_RowFilter(String value)
   at SCTVObjects.MediaHandler.GetCategoryMedia(String category, String startsWith, String mediaType)
5/16/2010 5:32 PM : SCTV - timerTick: Object reference not set to an instance of an object.
5/16/2010 5:32 PM : SCTV - timerTick: Object reference not set to an instance of an object.
5/16/2010 5:32 PM : SCTV - timerTick: Object reference not set to an instance of an object.
5/16/2010 5:32 PM : SCTV - timerTick: Object reference not set to an instance of an object.
5/16/2010 5:32 PM : SCTV - timerTick: Object reference not set to an instance of an object.
5/16/2010 5:32 PM : SCTV - timerTick: Object reference not set to an instance of an object.
5/16/2010 5:32 PM : SCTV - timerTick: Object reference not set to an instance of an object.
5/16/2010 5:32 PM : SCTV - timerTick: Object reference not set to an instance of an object.
5/16/2010 5:32 PM : SCTV - timerTick: Object reference not set to an instance of an object.
5/16/2010 5:32 PM : SCTV - timerTick: Object reference not set to an instance of an object.
5/16/2010 5:32 PM : SCTV - timerTick: Object reference not set to an instance of an object.
5/16/2010 5:32 PM : SCTV - timerTick: Object reference not set to an instance of an object.
5/16/2010 5:32 PM : SCTV - timerTick: Object reference not set to an instance of an object.
5/16/2010 5:32 PM : SCTV - timerTick: Object reference not set to an instance of an object.
5/16/2010 5:32 PM : SCTV - timerTick: Object reference not set to an instance of an object.
5/16/2010 5:32 PM : SCTV - timerTick: Object reference not set to an instance of an object.
5/16/2010 5:32 PM : SCTV - timerTick: Object reference not set to an instance of an object.
5/16/2010 5:32 PM : SCTV - timerTick: Object reference not set to an instance of an object.
5/16/2010 5:32 PM : SCTV - timerTick: Object reference not set to an instance of an object.
5/16/2010 5:32 PM : SCTV - timerTick: Object reference not set to an instance of an object.
5/16/2010 5:32 PM : SCTV - timerTick: Object reference not set to an instance of an object.
5/16/2010 5:32 PM : SCTV - timerTick: Object reference not set to an instance of an object.
5/16/2010 5:32 PM : SCTV - timerTick: Object reference not set to an instance of an object.
5/16/2010 5:32 PM : SCTV - timerTick: Object reference not set to an instance of an object.
5/16/2010 5:32 PM : SCTV - timerTick: Object reference not set to an instance of an object.
5/17/2010 9:05 AM : stop error: Object reference not set to an instance of an object.
5/17/2010 9:05 AM : sctv file load: Object reference not set to an instance of an object.
5/17/2010 9:05 AM : GetCategoryMedia System.Data.EvaluateException: Cannot find column [Family].
   at System.Data.NameNode.Bind(DataTable table, List`1 list)
   at System.Data.BinaryNode.Bind(DataTable table, List`1 list)
   at System.Data.BinaryNode.Bind(DataTable table, List`1 list)
   at System.Data.BinaryNode.Bind(DataTable table, List`1 list)
   at System.Data.BinaryNode.Bind(DataTable table, List`1 list)
   at System.Data.BinaryNode.Bind(DataTable table, List`1 list)
   at System.Data.DataExpression.Bind(DataTable table)
   at System.Data.DataExpression..ctor(DataTable table, String expression, Type type)
   at System.Data.DataView.set_RowFilter(String value)
   at SCTVObjects.MediaHandler.GetCategoryMedia(String category, String startsWith, String mediaType)
5/17/2010 2:54 PM : sctv file load: Object reference not set to an instance of an object.
5/17/2010 2:54 PM : GetCategoryMedia System.Data.EvaluateException: Cannot find column [Fantasy].
   at System.Data.NameNode.Bind(DataTable table, List`1 list)
   at System.Data.BinaryNode.Bind(DataTable table, List`1 list)
   at System.Data.BinaryNode.Bind(DataTable table, List`1 list)
   at System.Data.BinaryNode.Bind(DataTable table, List`1 list)
   at System.Data.BinaryNode.Bind(DataTable table, List`1 list)
   at System.Data.BinaryNode.Bind(DataTable table, List`1 list)
   at System.Data.BinaryNode.Bind(DataTable table, List`1 list)
   at System.Data.BinaryNode.Bind(DataTable table, List`1 list)
   at System.Data.DataExpression.Bind(DataTable table)
   at System.Data.DataExpression..ctor(DataTable table, String expression, Type type)
   at System.Data.DataView.set_RowFilter(String value)
   at SCTVObjects.MediaHandler.GetCategoryMedia(String category, String startsWith, String mediaType)
5/17/2010 2:56 PM : stop error: Object reference not set to an instance of an object.
5/17/2010 2:56 PM : sctv file load: Object reference not set to an instance of an object.
5/17/2010 2:56 PM : GetCategoryMedia System.Data.EvaluateException: Cannot find column [Fantasy].
   at System.Data.NameNode.Bind(DataTable table, List`1 list)
   at System.Data.BinaryNode.Bind(DataTable table, List`1 list)
   at System.Data.BinaryNode.Bind(DataTable table, List`1 list)
   at System.Data.BinaryNode.Bind(DataTable table, List`1 list)
   at System.Data.BinaryNode.Bind(DataTable table, List`1 list)
   at System.Data.BinaryNode.Bind(DataTable table, List`1 list)
   at System.Data.BinaryNode.Bind(DataTable table, List`1 list)
   at System.Data.BinaryNode.Bind(DataTable table, List`1 list)
   at System.Data.DataExpression.Bind(DataTable table)
   at System.Data.DataExpression..ctor(DataTable table, String expression, Type type)
   at System.Data.DataView.set_RowFilter(String value)
   at SCTVObjects.MediaHandler.GetCategoryMedia(String category, String startsWith, String mediaType)
5/17/2010 2:59 PM : Speech is probably not installed Creating an instance of the COM component with CLSID {47206204-5ECA-11D2-960F-00C04F8EE628} from the IClassFactory failed due to the following error: 8004503a.
5/17/2010 2:59 PM : sctv file load: Object reference not set to an instance of an object.
5/17/2010 2:59 PM : sctv load character didn't load path: C:\Program Files\SCTech\SCTech - SCTV\config\speech\vocab\characters\wartnose.acs
5/17/2010 2:59 PM : sctv file load: Object reference not set to an instance of an object.
5/17/2010 3:01 PM : sctv file load: Object reference not set to an instance of an object.
5/17/2010 3:01 PM : GetCategoryMedia System.Data.EvaluateException: Cannot find column [Fantasy].
   at System.Data.NameNode.Bind(DataTable table, List`1 list)
   at System.Data.BinaryNode.Bind(DataTable table, List`1 list)
   at System.Data.BinaryNode.Bind(DataTable table, List`1 list)
   at System.Data.BinaryNode.Bind(DataTable table, List`1 list)
   at System.Data.BinaryNode.Bind(DataTable table, List`1 list)
   at System.Data.BinaryNode.Bind(DataTable table, List`1 list)
   at System.Data.BinaryNode.Bind(DataTable table, List`1 list)
   at System.Data.BinaryNode.Bind(DataTable table, List`1 list)
   at System.Data.DataExpression.Bind(DataTable table)
   at System.Data.DataExpression..ctor(DataTable table, String expression, Type type)
   at System.Data.DataView.set_RowFilter(String value)
   at SCTVObjects.MediaHandler.GetCategoryMedia(String category, String startsWith, String mediaType)
5/17/2010 4:31 PM : didn't find mediaPlayer macro for: 46
5/17/2010 4:31 PM : didn't find mediaPlayer macro for: 46,35
5/17/2010 4:34 PM : Speech is probably not installed Creating an instance of the COM component with CLSID {47206204-5ECA-11D2-960F-00C04F8EE628} from the IClassFactory failed due to the following error: 8004503a.
5/17/2010 4:34 PM : sctv file load: Object reference not set to an instance of an object.
5/17/2010 4:34 PM : sctv load character didn't load path: C:\Program Files\SCTech\SCTech - SCTV\config\speech\vocab\characters\wartnose.acs
5/17/2010 4:34 PM : sctv file load: Object reference not set to an instance of an object.
5/17/2010 4:35 PM : tcMediaTypes.TabPages.clear() Object reference not set to an instance of an object.
5/17/2010 4:36 PM : lookForMedia2 The remote server returned an error: (404) Not Found.
5/17/2010 4:36 PM : lookForMedia error: The remote server returned an error: (404) Not Found.
5/17/2010 4:36 PM : lookForMedia2 The remote server returned an error: (404) Not Found.
5/17/2010 4:36 PM : lookForMedia2 The remote server returned an error: (404) Not Found.
5/17/2010 4:37 PM : lookForMedia error: The remote server returned an error: (404) Not Found.
5/17/2010 4:40 PM : lookForMedia2 The remote server returned an error: (404) Not Found.
5/17/2010 4:40 PM : lookForMedia error: The remote server returned an error: (404) Not Found.
5/17/2010 4:40 PM : lookForMedia error: The remote server returned an error: (404) Not Found.
5/17/2010 4:41 PM : lookForMedia error: The remote server returned an error: (404) Not Found.
5/17/2010 4:41 PM : lookForMedia error: The remote server returned an error: (404) Not Found.
5/17/2010 4:41 PM : lookForMedia error: The remote server returned an error: (404) Not Found.
5/17/2010 4:41 PM : lookForMedia error: The remote server returned an error: (404) Not Found.
5/17/2010 4:41 PM : lookForMedia error: The remote server returned an error: (404) Not Found.
5/17/2010 4:41 PM : lookForMedia error: The remote server returned an error: (404) Not Found.
5/17/2010 4:46 PM : lookForMedia error: The remote server returned an error: (404) Not Found.
5/17/2010 4:46 PM : lookForMedia error: The remote server returned an error: (404) Not Found.
